IQ-TREE multicore version 2.1.4-beta COVID-edition for Linux 64-bit built Jun 24 2021
Developed by Bui Quang Minh, James Barbetti, Nguyen Lam Tung,
Olga Chernomor, Heiko Schmidt, Dominik Schrempf, Michael Woodhams.

Host:    hpc-21-26.cm.cluster (AVX512, FMA3, 502 GB RAM)
Command: iqtree -s ../trees/nifH_500nodes/nifH_500nodes_clustered_rep_seq.trim -safe -m MFP -msub nuclear -T AUTO -ntmax 8 -B 1000 -alrt 1000
Seed:    346248 (Using SPRNG - Scalable Parallel Random Number Generator)
Time:    Mon Mar 30 11:26:11 2026
Kernel:  Safe AVX+FMA - auto-detect threads (8 CPU cores detected)

Reading alignment file ../trees/nifH_500nodes/nifH_500nodes_clustered_rep_seq.trim ... Fasta format detected
Alignment most likely contains protein sequences
Alignment has 504 sequences with 269 columns, 261 distinct patterns
234 parsimony-informative, 19 singleton sites, 16 constant sites
                          Gap/Ambiguity  Composition  p-value
   1  JAADGO010000050.1_15        0.00%    passed     75.93%
   2  JABLXR010000031.1_88        1.49%    passed     37.67%
   3  QBUN01000420.1_27           0.00%    passed     99.98%
   4  DUJX01000116.1_6            0.00%    passed     99.87%
   5  JAAXUL010000107.1_10        1.12%    passed     83.81%
   6  CP058705.1_3113             0.37%    passed     99.84%
   7  JACERV010000025.1_7         0.00%    passed    100.00%
   8  JAJXWP010000021.1_16        0.37%    passed     99.92%
   9  JAJXVO010000114.1_10        0.00%    passed     92.78%
  10  JAJXUE010000011.1_36        0.00%    passed     99.94%
  11  JAJYPS010000077.1_4         0.74%    passed     63.68%
  12  JAJZBP010000054.1_5         0.37%    passed     68.31%
  13  JAJZBN010000021.1_22        0.00%    passed     99.56%
  14  JAJZIM010000031.1_15        0.37%    passed     76.49%
  15  JAKAFS010000036.1_11        0.00%    passed     82.07%
  16  JAKARS010000017.1_1         0.37%    passed    100.00%
  17  JAPUES010000132.1_11        0.00%    passed     99.98%
  18  JANQJV010000411.1_7         0.37%    passed     78.36%
  19  JANQIY010000092.1_63        0.00%    passed     97.60%
  20  JANQQN010000557.1_17        0.00%    failed      0.39%
  21  JANQPP010000127.1_79        0.00%    passed     99.65%
  22  JAQQAM010000057.1_22        0.37%    passed     98.73%
  23  JAJRCP010000079.1_1         1.49%    passed     71.13%
  24  JAJRBZ010000082.1_21        1.49%    passed     91.61%
  25  JAJRBK010000063.1_4         1.49%    passed     77.83%
  26  JAQUWM010000014.1_27        0.00%    passed     98.93%
  27  JARLGU010000019.1_73        0.00%    passed     99.34%
  28  JARLGP010000117.1_15        1.12%    passed     36.80%
  29  JARLFY010000068.1_11        0.00%    passed     83.76%
  30  JAVDPD010000002.1_18        0.00%    passed     71.68%
  31  LT599017.1_836              0.00%    passed     76.43%
  32  FMTN01000009.1_120          0.00%    passed     99.88%
  33  FNUU01000004.1_121          0.00%    passed     99.16%
  34  FXYJ02000005.1_70           0.00%    passed     58.92%
  35  OMVJ01000012.1_54           0.00%    passed     94.12%
  36  OMYO01000017.1_30           0.00%    passed     98.99%
  37  UQRJ01000161.1_1            0.00%    passed     98.75%
  38  URPR01000011.1_8            2.23%    passed      9.68%
  39  CAAAFO010000111.1_43        0.74%    passed     50.61%
  40  NZ_APMH01000045.1_12        0.00%    passed     98.45%
  41  NZ_KB893046.1_39            0.00%    passed     98.04%
  42  NZ_AUIX01000009.1_99        0.37%    passed     94.78%
  43  NZ_KE386494.1_453           0.37%    passed     94.68%
  44  NZ_PPTR01000007.1_162       0.00%    passed     99.55%
  45  NZ_MCIA01000006.1_190       0.00%    passed     92.04%
  46  NZ_BEXT01000001.1_2734      0.00%    passed     99.71%
  47  NZ_RQPI01000001.1_951       0.00%    passed     50.98%
  48  NZ_AP018449.1_452           0.00%    passed     98.24%
  49  NZ_JACRGA010000027.1_68     0.37%    passed     17.21%
  50  NZ_NHSN01000005.1_21        0.00%    passed     94.09%
  51  NZ_FYDG01000041.1_5         1.12%    passed     56.71%
  52  NZ_CAADHO010000014.1_7      0.00%    passed     99.06%
  53  DAWO01000104.1_31           0.00%    passed     85.83%
  54  PEAK01000081.1_7            0.00%    passed     99.03%
  55  PKTU01000030.1_7            0.00%    passed     99.49%
  56  BDTI01000123.1_4            0.37%    passed     64.58%
  57  PLGI01000198.1_18           0.00%    passed     99.91%
  58  PLMF01000033.1_9            0.00%    passed     90.00%
  59  PLXX01000039.1_27           0.00%    passed     99.40%
  60  PMJN01000498.1_27           0.37%    passed     76.65%
  61  JACOUQ010000015.1_254       0.37%    passed     35.62%
  62  JACOUB010000010.1_11        0.37%    passed     99.93%
  63  JACPEP010000042.1_135       0.74%    passed     97.19%
  64  JACPEP010000042.1_136       0.37%    passed     89.59%
  65  JACQON010000018.1_39        1.86%    passed     79.81%
  66  JACQZB010000109.1_3         0.00%    passed     99.64%
  67  JACQYS010000027.1_36        0.00%    passed     99.86%
  68  JACQWU010000204.1_3         0.37%    passed     99.35%
  69  JACQTX010000099.1_3         1.12%    passed     68.03%
  70  JACRHL010000011.1_59        0.37%    passed     64.29%
  71  JACRDE010000486.1_5         0.00%    passed     99.96%
  72  JACQZP010000019.1_145       0.00%    passed     99.29%
  73  JACRDM010000046.1_13        0.00%    passed     88.88%
  74  JACRDC010000009.1_39        0.00%    passed     82.51%
  75  JACRLM010000031.1_15        0.00%    passed     86.92%
  76  NRRR01000002.1_121          0.00%    passed     99.08%
  77  CP064986.1_4218             0.00%    passed     73.79%
  78  JAMCVT010000152.1_2         0.00%    passed     99.28%
  79  JAMCWL010000089.1_6         0.00%    passed     98.53%
  80  JAILZL010000033.1_5         0.00%    passed     98.88%
  81  JACKMZ010000001.1_544       0.00%    passed     99.73%
  82  JAJRUS010000056.1_6         0.00%    passed     99.94%
  83  JAJRQC010000094.1_20        0.00%    passed     47.92%
  84  JAGXIR010000054.1_12        0.00%    passed     77.35%
  85  JAGXFQ010000025.1_8         0.00%    failed      1.58%
  86  JAILMY010000063.1_19        0.00%    passed     99.91%
  87  JANQAI010000003.1_210       0.37%    passed     99.50%
  88  JAISQM010000041.1_8         0.00%    passed     42.48%
  89  JAISQF010000002.1_76        0.00%    failed      4.82%
  90  JAISNN010000045.1_9         0.74%    passed     61.84%
  91  JAISMZ010000140.1_6         0.00%    passed     99.44%
  92  JAISMM010000064.1_5         0.00%    passed     99.50%
  93  JAISMF010000009.1_11        0.00%    passed     30.24%
  94  JAISLZ010000070.1_29        0.00%    passed     96.14%
  95  JAISLX010000131.1_5         0.00%    passed     39.87%
  96  JAITLC010000092.1_28        0.00%    passed     99.62%
  97  JAITLA010000250.1_12        0.00%    passed     65.61%
  98  JAITJW010000120.1_10        0.00%    passed     40.02%
  99  JAITII010000034.1_13        0.00%    passed     32.40%
 100  JAITHH010000037.1_2         0.00%    passed     96.08%
 101  PMIH01000288.1_16           0.37%    passed     99.79%
 102  PMIX01000254.1_39           0.00%    passed     99.94%
 103  PMMG01000005.1_13           0.00%    passed     11.04%
 104  PLTA01000007.1_16           0.37%    passed     96.07%
 105  PLTF01000106.1_9            0.00%    passed     62.10%
 106  PLTK01000099.1_1           26.39%    passed     20.13%
 107  PLSJ01000083.1_2           13.38%    passed     95.70%
 108  QIDP01000121.1_19           0.00%    passed     99.96%
 109  QIGD01000051.1_2            0.37%    passed     99.88%
 110  QJVM01000189.1_14           0.00%    passed     99.44%
 111  QKCP01000121.1_33           0.00%    passed     99.88%
 112  QKGW01000110.1_6            0.00%    passed     99.95%
 113  DNIT01000196.1_17           0.00%    passed     79.48%
 114  DNPQ01000338.1_8            0.00%    passed     51.60%
 115  DPJA01000039.1_229          0.00%    passed     99.21%
 116  QZIR01000026.1_3            0.00%    passed     80.07%
 117  JAGTRJ010000011.1_61        0.37%    passed     97.77%
 118  JADFDO010000016.1_17        1.49%    passed     69.67%
 119  JAFDVZ010000014.1_135       0.74%    passed     86.28%
 120  JAGYPB010000031.1_9         0.00%    passed     99.96%
 121  JAHDPL010000023.1_10        0.00%    passed     99.99%
 122  JAGYWI010000039.1_1         0.00%    passed     92.44%
 123  JAHIFE010000121.1_54        0.00%    passed     97.18%
 124  JAHRFX010000110.1_81        0.37%    passed     39.42%
 125  JAHHIA010000001.1_361       0.37%    passed     91.10%
 126  JAHHHH010000012.1_74        0.37%    passed     95.91%
 127  JAGVOW010000060.1_27        0.00%    passed     99.40%
 128  JAIHAR010000004.1_96        0.00%    passed     99.88%
 129  BNUH01000008.1_34           0.00%    passed     23.90%
 130  BNUX01000006.1_19           0.00%    passed     88.91%
 131  JAOZID010000010.1_660       0.37%    passed     99.45%
 132  JAPLST010000160.1_5         0.00%    passed     51.87%
 133  JAOAHQ010000035.1_29        0.00%    passed     98.85%
 134  JAOABH010000004.1_352       0.00%    passed     99.58%
 135  JAPMTS010000049.1_11        0.00%    passed     99.45%
 136  JALSPN010000227.1_3         0.00%    passed     91.17%
 137  JALSLT010000086.1_6         0.00%    passed     99.11%
 138  JALSKY010000089.1_7         0.00%    passed     89.89%
 139  JALUTR010000086.1_24        0.00%    passed     96.85%
 140  JALVYA010000080.1_4         0.00%    passed     66.10%
 141  JALWFG010000008.1_99        0.00%    passed     68.98%
 142  JAMOMT010000077.1_8         0.00%    passed     81.12%
 143  DAHWJX010000074.1_7         0.37%    passed     86.15%
 144  JAISZW010000069.1_1         0.00%    passed     10.01%
 145  JAITSS010000046.1_34        0.00%    failed      1.10%
 146  JAITSQ010000030.1_13        0.00%    passed     83.02%
 147  JAITRO010000137.1_17        0.00%    passed     32.64%
 148  JAITRL010000323.1_3         0.00%    passed     99.38%
 149  JAITRH010000051.1_13        0.00%    passed     99.32%
 150  JAITRD010000305.1_1         0.00%    passed     75.64%
 151  JAITPR010000059.1_49        0.37%    passed     91.48%
 152  JAITOZ010000183.1_9         0.00%    passed     88.69%
 153  JAITOU010000035.1_11        0.74%    passed     92.05%
 154  JAITOY010000038.1_83        0.00%    passed     88.22%
 155  JAITOY010000057.1_13        0.00%    passed      6.07%
 156  JAITOS010000156.1_2         0.00%    passed     99.44%
 157  JAITOS010000156.1_8         0.00%    passed     67.14%
 158  JAITOM010000270.1_4         0.00%    passed     16.56%
 159  JAITOF010000018.1_14        0.00%    passed     99.85%
 160  JAITOC010000047.1_7         0.00%    passed     83.04%
 161  JAISLQ010000072.1_47        0.00%    passed     99.86%
 162  JARLIO010000041.1_90        1.12%    passed     26.42%
 163  JARLIH010000002.1_20        0.00%    passed     97.18%
 164  JARLHR010000095.1_21        0.00%    passed     92.26%
 165  NC_005090.1_1301            0.00%    passed     81.03%
 166  NZ_GL891979.1_631           0.00%    passed     59.33%
 167  NC_015589.1_3474            0.00%    passed     99.98%
 168  NZ_KI912268.1_870           0.00%    passed    100.00%
 169  NZ_AKZI01000081.1_39        0.00%    passed     65.16%
 170  NZ_AEEA01000037.1_44        0.00%    passed     99.56%
 171  NC_018664.1_2187            0.00%    passed     62.59%
 172  NZ_AJLK01000109.1_10        0.37%    passed     70.49%
 173  NZ_NHSJ01000070.1_43        0.37%    passed     96.66%
 174  NZ_PVXQ01000001.1_146       1.49%    passed     92.48%
 175  NZ_QAAD01000014.1_51        0.00%    passed     91.80%
 176  NZ_QFWT01000003.1_71        0.00%    passed     72.30%
 177  NZ_QGDS01000004.1_53        0.00%    passed     99.96%
 178  NZ_QGMY01000009.1_81        0.37%    passed     72.26%
 179  NZ_QJTK01000019.1_7         0.37%    passed     99.68%
 180  JAAAPF010000227.1_13        0.37%    passed     97.47%
 181  JAAAOG010000158.1_6         0.37%    passed     87.30%
 182  VMEE01000076.1_33           0.00%    passed     99.47%
 183  JAAHHJ010000020.1_90        0.37%    passed     76.97%
 184  DUFD01000045.1_67           1.49%    passed     56.10%
 185  DUFA01000145.1_11           1.49%    passed     53.35%
 186  WOZJ01000062.1_15           0.37%    passed     84.84%
 187  WOYS01000013.1_11           0.74%    passed     50.23%
 188  JAABYK010000162.1_17        0.00%    passed     96.52%
 189  VEPM01000035.1_36           0.00%    passed     87.13%
 190  VEPN01000001.1_12           0.00%    passed      7.68%
 191  JAAUSQ010000036.1_6         0.74%    passed     99.90%
 192  JAAXQB010000082.1_3         0.00%    passed     95.30%
 193  JAAXZX010000029.1_1         0.00%    passed     48.06%
 194  JAAYHY010000160.1_66        0.00%    passed     86.44%
 195  CP070659.1_860              1.49%    passed     68.17%
 196  JAHLLK010000028.1_38        0.00%    passed     94.45%
 197  JACKIG010000013.1_96        0.37%    passed     56.51%
 198  JADZCD010000028.1_29        0.00%    passed     92.83%
 199  JAIORP010000047.1_28        0.00%    passed     90.64%
 200  JAJOKM010000070.1_8        17.47%    passed     76.52%
 201  JAJQIK010000043.1_83        0.00%    passed      7.81%
 202  JAJQEJ010000043.1_10        0.00%    passed     99.83%
 203  JAIPJC010000009.1_11        0.00%    passed     99.62%
 204  JAEZAV010000103.1_5         0.37%    passed     28.91%
 205  JAEYYB010000182.1_24        0.00%    passed     99.94%
 206  JAEZKS010000250.1_8         0.37%    passed     52.38%
 207  JAEZKP010000047.1_106       1.12%    passed     40.89%
 208  JAEZKE010000018.1_31        0.37%    passed     44.85%
 209  JAEZSL010000137.1_7         0.00%    passed     21.18%
 210  JAEYGM010000020.1_133       0.00%    passed     97.31%
 211  JAEXAS010000045.1_49        0.00%    passed     90.82%
 212  JAISKU010000109.1_8         0.00%    passed     99.86%
 213  JAISJT010000104.1_16        0.00%    passed     98.70%
 214  JAISJR010000017.1_15        0.00%    passed     50.65%
 215  JAISJM010000154.1_11        0.00%    passed     53.66%
 216  JAISJK010000083.1_7         0.00%    passed     38.12%
 217  JAISJC010000062.1_27        0.00%    passed     56.29%
 218  JAISFR010000090.1_14        0.00%    passed     99.92%
 219  JAISER010000050.1_6         0.00%    passed     72.94%
 220  JAISET010000274.1_17        0.00%    passed     58.46%
 221  JAISEQ010000437.1_16        0.00%    passed     68.14%
 222  JAISEK010000115.1_21        0.00%    passed     75.95%
 223  JAISED010000057.1_27        0.00%    passed     99.77%
 224  JAISED010000059.1_15        0.00%    passed     96.37%
 225  JAIRZX010000302.1_9         0.00%    passed     72.34%
 226  JAIRYI010000080.1_43        0.00%    passed     58.38%
 227  JAIRWR010000132.1_8         0.00%    passed     53.59%
 228  JAISZM010000126.1_9         0.00%    passed     93.53%
 229  JAISZE010000139.1_10        0.00%    passed     28.52%
 230  JAISZB010000292.1_11        0.00%    passed     99.87%
 231  JAISYP010000027.1_1         0.00%    passed     99.98%
 232  JAISXG010000037.1_7         0.00%    passed     40.69%
 233  JAISWI010000010.1_18        0.00%    passed     85.78%
 234  JAISUW010000020.1_18        1.12%    passed     72.89%
 235  JAISTD010000161.1_2         0.00%    passed     21.24%
 236  JAISTB010000027.1_33        0.00%    passed     55.08%
 237  JAISSA010000072.1_14        0.00%    passed     98.19%
 238  JAISRV010000303.1_7         0.00%    passed     36.78%
 239  JAISRZ010000156.1_9         0.00%    passed     26.90%
 240  JAISRB010000041.1_6         0.00%    passed     71.96%
 241  CANQKM010000003.1_62        0.00%    passed     97.46%
 242  CANRBP010000102.1_3         0.00%    passed     98.47%
 243  NC_000916.1_1523            0.00%    passed     55.81%
 244  NC_013665.1_923             1.49%    passed     99.27%
 245  NC_002936.3_1093            0.00%    passed     81.56%
 246  NC_009135.1_667             0.00%    passed     44.21%
 247  NC_009437.1_2544            0.00%    passed     93.52%
 248  NZ_MVDE01000017.1_12        0.00%    passed     72.67%
 249  NZ_WHNX01000037.1_13        0.00%    passed     99.65%
 250  NZ_WHYR01000032.1_12        0.00%    passed     99.01%
 251  NZ_JAABNO010000010.1_55     0.00%    passed     99.23%
 252  NZ_JAAEEH010000003.1_35     0.00%    passed     94.91%
 253  NZ_CP085041.1_1866          0.00%    passed     99.62%
 254  NZ_JAJNAL010000002.1_128    0.37%    failed      0.82%
 255  NZ_CP054699.1_2251          0.00%    passed     99.98%
 256  NZ_JAKZFT010000024.1_7      0.00%    passed     17.16%
 257  NZ_JAMXLY010000014.1_1      0.00%    passed     75.79%
 258  MGTJ01000180.1_11           0.00%    passed     99.88%
 259  MIAO01000074.1_30           0.00%    passed     99.95%
 260  MIAY01000010.1_75           0.00%    passed     99.68%
 261  MDDC01000003.1_36           0.00%    passed     89.39%
 262  LLYS01000005.1_139          0.00%    passed     99.80%
 263  MVQY01000165.1_35           0.00%    passed     74.78%
 264  DBMP01000016.1_3            0.00%    passed     89.99%
 265  DBMP01000017.1_58           0.00%    passed     34.28%
 266  DBMP01000029.1_90           0.00%    passed     99.95%
 267  DBTI01000098.1_20           0.00%    passed     99.95%
 268  DBUB01000010.1_153          0.37%    passed     98.38%
 269  DCSM01000168.1_13           0.37%    passed     99.91%
 270  DCUX01000015.1_14           0.37%    passed     77.60%
 271  DDKK01000010.1_70           0.00%    passed     99.82%
 272  DDUX01000054.1_23           0.00%    passed     98.86%
 273  JADJXQ010000026.1_55        0.37%    passed     79.26%
 274  JADJPE010000005.1_5303      0.00%    passed     87.22%
 275  JADHXD010000145.1_7         1.49%    passed     13.28%
 276  JAENZN010000005.1_115       0.00%    passed     98.08%
 277  JAENYV010000001.1_349       0.37%    passed     97.51%
 278  JAFGDQ010000034.1_1         0.00%    passed     96.14%
 279  JAFGRV010000395.1_22        0.74%    passed     99.92%
 280  JAFGWA010000028.1_15        0.00%    passed     99.52%
 281  JAEYHP010000122.1_5         0.00%    passed     84.80%
 282  JAEYOY010000035.1_5         0.00%    passed     52.68%
 283  JAEYON010000068.1_64        0.00%    passed     99.79%
 284  JAEZCA010000042.1_11        0.00%    passed     32.98%
 285  JAEZZO010000070.1_61        0.00%    passed     99.92%
 286  JAFAFU010000084.1_72        0.00%    passed     75.69%
 287  JAFABO010000021.1_2         0.00%    passed     95.08%
 288  JASEFH010000042.1_3         1.49%    passed     46.01%
 289  JASEER010000002.1_71        0.00%    passed     23.61%
 290  JASJDJ010000051.1_25        0.74%    passed     95.51%
 291  JASGMV010000058.1_1         0.00%    passed     98.29%
 292  JAJSZT010000040.1_16        0.00%    passed     88.79%
 293  CP128400.1_1730             0.37%    passed     99.90%
 294  CP128401.1_48               0.00%    passed     33.09%
 295  JASUSO010000003.1_35        0.37%    passed     32.92%
 296  CP130741.1_558              0.00%    passed     97.73%
 297  JAUWHP010000012.1_14        1.49%    passed     75.71%
 298  JAUWOH010000014.1_6         0.00%    passed     79.67%
 299  JAUXDR010000106.1_1         0.00%    passed     78.84%
 300  DAOUOW010000010.1_5         1.49%    passed     45.24%
 301  DAOWGI010000087.1_35        0.00%    passed     98.84%
 302  DAOWOF010000073.1_2         0.00%    passed     96.83%
 303  CAITNO010000037.1_65        0.00%    passed     50.34%
 304  CAITYL010000375.1_16        0.00%    passed     71.88%
 305  CAIUEN010000270.1_6         0.00%    passed     91.88%
 306  CAIWAN010000057.1_12        0.00%    passed     66.71%
 307  CAIYQO010000184.1_33        0.00%    passed     34.86%
 308  CAIYZD010000586.1_26        0.00%    passed     47.65%
 309  CAJBLH010000269.1_1         0.00%    passed    100.00%
 310  CAJOQA010000364.1_5        25.65%    passed     99.11%
 311  CAJVYN010000085.1_8         0.00%    passed     66.57%
 312  CAJVYJ010000038.1_11        0.00%    passed     86.67%
 313  NC_022444.1_1199            0.00%    passed     99.97%
 314  NZ_KI911559.1_3507          0.37%    passed     97.58%
 315  NZ_KI912098.1_112           0.37%    passed     99.46%
 316  NZ_HG917868.1_282           0.00%    passed     98.11%
 317  NZ_KK211376.1_65            0.37%    passed     16.61%
 318  DFBE01000048.1_3            0.00%    passed    100.00%
 319  DGTU01000141.1_1            2.23%    passed     94.42%
 320  DHBS01000007.1_83           0.00%    passed     99.99%
 321  DHIM01000379.1_25           0.00%    passed     27.90%
 322  DIXN01000004.1_67           0.00%    passed     98.38%
 323  DJVQ01000069.1_9            0.37%    passed     30.61%
 324  DKFP01000009.1_218          0.00%    passed     99.28%
 325  DLCK01000088.1_21           0.00%    passed     57.43%
 326  DAQG01000117.1_15           0.37%    passed     99.82%
 327  DASC01000118.1_8            0.00%    passed     94.00%
 328  DAWB01000028.1_11           0.00%    passed     48.84%
 329  DAKU01000064.1_8           13.01%    passed     99.92%
 330  DAQQ01000136.1_42           0.00%    passed     90.65%
 331  JACJRQ010000001.1_353       0.00%    passed     72.17%
 332  JACUTV010000115.1_6         0.00%    passed     75.81%
 333  JACUTP010000077.1_1         0.00%    passed     99.84%
 334  JACWAM010000126.1_6         0.00%    passed     99.20%
 335  SVFZ01000074.1_18           0.00%    passed     99.97%
 336  SUTR01000003.1_74           0.37%    passed      5.13%
 337  JADEWQ010000072.1_16        0.00%    passed     99.58%
 338  JADFVG010000194.1_7         1.49%    passed     64.42%
 339  JADFXV010000031.1_16        0.00%    passed     99.70%
 340  JADFXP010000003.1_30        0.00%    passed     99.99%
 341  JADFXD010000012.1_36        0.00%    passed     93.05%
 342  JADFWS010000059.1_8         0.00%    passed     99.82%
 343  DVDX01000023.1_44           0.37%    passed     95.38%
 344  WFOD01000145.1_9            0.00%    passed     99.07%
 345  WAQR01000070.1_6            0.37%    passed     99.61%
 346  JAATGG010000122.1_24        0.00%    passed     77.21%
 347  JAATFL010000018.1_6         0.37%    passed     20.74%
 348  WGNK01000004.1_132          0.37%    passed     94.78%
 349  JAKSDJ010000199.1_12        0.00%    passed     91.28%
 350  JAKVOB010000001.1_648       0.00%    passed     93.77%
 351  JAFLSP010000013.1_8         0.00%    passed     95.90%
 352  JAIUMY010000064.1_14        0.00%    passed     30.77%
 353  JAKIML020000098.1_75        0.00%    passed     99.40%
 354  JALNVF010000039.1_7         0.00%    passed     92.31%
 355  JAHFCR010000027.1_28        0.00%    passed     83.70%
 356  JAHFCR010000035.1_17        0.00%    passed     91.27%
 357  JAHFBZ010000078.1_7         0.37%    passed     50.68%
 358  JAEWHU010000308.1_6         0.00%    passed     15.33%
 359  JAQWFM010000010.1_18        0.00%    passed     88.87%
 360  JAQTTG010000005.1_204       0.00%    failed      2.54%
 361  JAQTSI010000028.1_17       10.78%    passed     99.92%
 362  JAQSYC010000031.1_14        0.00%    passed     63.85%
 363  JAJUHI010000155.1_2         0.00%    passed     19.79%
 364  JAKPSJ010000033.1_13        1.49%    passed     87.55%
 365  JARSSP010000058.1_43        0.00%    passed     99.68%
 366  JAOUFE010000039.1_17        0.00%    passed     99.98%
 367  LR778114.1_405              0.37%    passed     89.81%
 368  CAIJNL010000041.1_36        0.00%    passed     99.99%
 369  CAIMFA010000121.1_21        0.00%    passed     75.01%
 370  CAINND010000060.1_29        0.00%    passed     91.68%
 371  CAIOGM010000169.1_4         0.00%    passed     69.87%
 372  CAIRBT010000015.1_22        0.00%    passed     99.20%
 373  NZ_LATL02000154.1_15        0.37%    passed     99.29%
 374  NZ_LEKT01000060.1_16        0.00%    passed     98.74%
 375  NZ_JVDT01000116.1_11        0.37%    passed     93.46%
 376  NZ_LJIC01000011.1_22        1.12%    passed     38.38%
 377  NZ_CP061336.1_1822          0.00%    passed     89.89%
 378  NZ_VDMB01000009.1_15        0.00%    passed     97.62%
 379  NZ_VWRQ01000003.1_209       0.37%    passed     82.93%
 380  NZ_JAIOUQ010000003.1_642    0.00%    passed     74.91%
 381  NZ_BLAY01000018.1_39        0.37%    passed     72.57%
 382  NZ_JAJNKE010000063.1_2      0.00%    passed     27.60%
 383  NZ_JACIIZ010000017.1_147    0.37%    passed     87.03%
 384  NZ_CP060696.1_1960          0.00%    passed     99.09%
 385  NZ_WAKW01000012.1_25        0.00%    passed     72.65%
 386  NZ_WIQU01000016.1_97        0.00%    passed     99.55%
 387  NZ_CP133190.1_946           0.00%    passed     99.67%
 388  NZ_CP133264.1_2830          0.00%    passed     20.31%
 389  NZ_FNHB01000007.1_57        0.74%    passed     50.04%
 390  JH993797.1_1067             0.37%    passed     97.36%
 391  HG425166.1_129              0.00%    passed     12.49%
 392  JNJK01000002.1_267          0.00%    passed     99.96%
 393  JNKP01000004.1_19           0.00%    passed     99.54%
 394  LADR01000085.1_11           0.00%    passed     98.28%
 395  CP011392.1_604              0.00%    passed     84.69%
 396  LGFT01000081.1_1            0.37%    passed     99.46%
 397  MAEO01000128.1_17           0.00%    passed     49.03%
 398  MFNE01000038.1_27           0.00%    passed     94.17%
 399  JABDRL010000192.1_5         0.74%    passed     79.94%
 400  JAADIV010000184.1_7         0.00%    passed     94.40%
 401  JAITER010000053.1_6         0.00%    passed     98.81%
 402  JAITEE010000014.1_11        1.12%    failed      2.52%
 403  JAITDJ010000042.1_22        0.00%    failed      2.78%
 404  JAITDJ010000042.1_28        0.00%    passed     66.09%
 405  JAITCL010000088.1_24        0.00%    passed     98.20%
 406  JAITAY010000333.1_9         0.00%    passed     71.12%
 407  NC_009633.1_3534            0.00%    passed     99.70%
 408  NC_009635.1_1450            0.00%    passed     96.34%
 409  NC_010546.1_539             0.74%    passed     69.24%
 410  NC_010337.2_989             0.00%    passed     99.90%
 411  NC_011026.1_1869            0.00%    passed     85.18%
 412  NC_013216.1_986             0.00%    passed     98.39%
 413  NC_014410.1_1865            0.00%    passed     94.12%
 414  NC_014484.1_350             0.00%    passed     95.07%
 415  NC_014828.1_1561            0.00%    passed    100.00%
 416  NZ_LROS01000005.1_90        0.74%    passed      7.31%
 417  NZ_MAGO01000009.1_83        0.00%    passed     91.65%
 418  NZ_LWDV01000008.1_483       0.00%    passed     94.43%
 419  NZ_MJAT01000037.1_128       0.00%    passed     99.92%
 420  NZ_CP018335.1_1298          0.00%    passed     99.54%
 421  NZ_CP018335.1_2103          0.00%    passed     98.42%
 422  NZ_BDJL01000005.1_22        0.00%    passed     98.66%
 423  NZ_MZGX01000018.1_69        0.00%    passed     98.19%
 424  NZ_CP045508.1_2571          0.00%    passed     79.84%
 425  NZ_JAOTIF010000018.1_14     0.00%    passed     99.47%
 426  NZ_JAPRAT010000021.1_47     0.37%    passed     99.84%
 427  SGBC01000001.1_688          0.00%    passed     99.73%
 428  SCTZ01000123.1_12           5.95%    passed     88.90%
 429  SCTZ01000199.1_10           0.00%    passed     95.18%
 430  SLTJ01000006.1_15           0.00%    passed     77.94%
 431  SLTJ01000030.1_7            1.12%    passed     32.21%
 432  SLTJ01000030.1_8            0.74%    passed     26.48%
 433  SZYA01000008.1_8            2.97%    passed     98.15%
 434  SLDE01000172.1_4            0.00%    passed     99.52%
 435  SLCP01000177.1_20           0.00%    passed     96.47%
 436  REEM01000134.1_18           0.00%    passed     97.04%
 437  REDX01000195.1_9            0.00%    passed     49.86%
 438  VLTH01000002.1_2057         0.00%    passed     96.84%
 439  PYCK01000054.1_1            0.37%    passed     99.98%
 440  JAFUBZ010000017.1_49        0.00%    passed     99.21%
 441  JAFUBV010000177.1_1         0.37%    passed      5.27%
 442  JAGHYV010000095.1_3         0.37%    passed     95.08%
 443  JAGGAE010000039.1_3         0.00%    passed     73.16%
 444  JAGNSM010000017.1_22        0.00%    passed     99.88%
 445  JAEWGD010000040.1_37        0.00%    passed     33.21%
 446  JAEWCZ010000013.1_137       0.00%    passed     29.73%
 447  JAEWCZ010000032.1_90        0.37%    passed     11.94%
 448  JAEWCM010000105.1_3         0.00%    passed     33.91%
 449  JAEVZU010000051.1_11        0.37%    passed     31.10%
 450  JAEWUH010000073.1_5         0.00%    passed     98.73%
 451  JAEWSZ010000134.1_79        0.00%    passed     86.46%
 452  JAEWRL010000147.1_45        0.00%    passed     84.11%
 453  JAEXTK010000206.1_1         0.00%    passed     99.87%
 454  JAEYKI010000015.1_48        0.00%    passed     55.33%
 455  JAUXNY010000099.1_19        0.00%    passed     80.86%
 456  JAUPKQ010000238.1_4         1.12%    passed     19.62%
 457  JAUPKJ010000284.1_2         0.00%    passed     97.91%
 458  JAUPKJ010000290.1_7         0.00%    passed     88.80%
 459  JAIRWC010000010.1_8         0.00%    passed     49.01%
 460  JAIRSO010000082.1_1         0.00%    passed     61.28%
 461  JAIRRS010000071.1_5         0.00%    passed     63.47%
 462  JAIRPZ010000212.1_3         0.00%    passed     99.70%
 463  JAIRPP010000008.1_194       0.74%    passed     21.48%
 464  JAIRPE010000068.1_4         0.00%    passed     95.78%
 465  JAIRNQ010000098.1_2         0.00%    passed     76.02%
 466  JAIRNN010000224.1_4         0.00%    passed     99.87%
 467  JAIRLW010000088.1_4         0.00%    failed      5.00%
 468  CAKZLZ010000094.1_14        0.00%    passed     77.62%
 469  CALEGN010000204.1_7         0.00%    passed     54.41%
 470  CALELU010000006.1_59        0.00%    passed     99.89%
 471  CALCXE010000066.1_32        0.37%    passed     54.21%
 472  CALGLN010000124.1_27        0.00%    passed     96.45%
 473  CALGYL010000180.1_23        0.00%    passed     39.67%
 474  CAMJHQ010000006.1_17        0.37%    passed     94.51%
 475  CAMLDI010000045.1_16        0.37%    passed     99.85%
 476  NZ_JMKT01000002.1_27        0.00%    passed     99.73%
 477  NZ_JNLQ01000002.1_739       0.00%    passed     99.75%
 478  NZ_CP009288.1_2261          0.00%    passed     99.78%
 479  NZ_JYNO01000012.1_51        0.00%    passed     99.98%
 480  NZ_CP005974.1_2543          0.74%    passed     98.18%
 481  NZ_BAZG01000015.1_38        0.00%    passed     97.25%
 482  NZ_CP009503.1_860           0.37%    passed     99.86%
 483  NZ_SJFN01000007.1_48        0.00%    failed      0.07%
 484  NZ_SMGG01000003.1_743       0.00%    passed     99.22%
 485  NZ_SMGG01000004.1_639       0.00%    passed     52.78%
 486  NZ_SLUN01000019.1_21        0.00%    passed     99.51%
 487  NZ_PTQW01000022.1_86        0.00%    passed     99.96%
 488  NZ_QFFZ01000025.1_39        0.37%    passed     98.95%
 489  NZ_LXQB01000023.1_68        0.37%    passed     98.56%
 490  NZ_PGGK01000004.1_118       0.37%    passed     96.70%
 491  NZ_SPQQ01000003.1_20        0.00%    passed     42.60%
 492  NZ_CP046640.1_700           0.00%    passed     99.25%
 493  NZ_JAGINQ010000034.1_16     0.00%    passed     73.83%
 494  NZ_JAGAYD010000135.1_14    17.84%    passed     99.95%
 495  NZ_CP107254.1_579           0.00%    passed     21.84%
 496  NZ_JAJUIS010000005.1_176    8.18%    passed     96.51%
 497  NZ_JAKOAV010000020.1_52     0.00%    passed     99.94%
 498  NZ_FQXU01000006.1_177       0.00%    passed     99.87%
 499  NZ_FUXM01000011.1_31        0.00%    passed     99.58%
 500  WP_011746157.1              2.97%    passed     92.14%
 501  WP_007165005.1              5.20%    failed      4.28%
 502  WP_011142366.1              3.72%    passed     33.55%
 503  WP_011814420.1              4.83%    passed      6.27%
 504  WP_011619890.1              4.83%    passed     20.02%
****  TOTAL                       0.49%  11 sequences failed composition chi2 test (p-value<5%; df=19)


Create initial parsimony tree by phylogenetic likelihood library (PLL)... 0.265 seconds
Measuring multi-threading efficiency up to 8 CPU cores
Increase to 10 rounds for branch lengths
2 trees examined
Threads: 1 / Time: 8.502 sec / Speedup: 1.000 / Efficiency: 100% / LogL: -148600
Threads: 2 / Time: 4.682 sec / Speedup: 1.816 / Efficiency: 91% / LogL: -148600
Threads: 3 / Time: 3.377 sec / Speedup: 2.517 / Efficiency: 84% / LogL: -148600
Threads: 4 / Time: 2.787 sec / Speedup: 3.051 / Efficiency: 76% / LogL: -148600
Threads: 5 / Time: 2.472 sec / Speedup: 3.440 / Efficiency: 69% / LogL: -148600
Threads: 6 / Time: 2.140 sec / Speedup: 3.974 / Efficiency: 66% / LogL: -148600
Threads: 7 / Time: 2.039 sec / Speedup: 4.169 / Efficiency: 60% / LogL: -148600
Threads: 8 / Time: 1.936 sec / Speedup: 4.391 / Efficiency: 55% / LogL: -148600
BEST NUMBER OF THREADS: 8

Perform fast likelihood tree search using LG+I+G model...
Estimate model parameters (epsilon = 5.000)
Perform nearest neighbor interchange...
Estimate model parameters (epsilon = 1.000)
1. Initial log-likelihood: -84995.353
Optimal log-likelihood: -84995.100
Proportion of invariable sites: 0.059
Gamma shape alpha: 0.752
Parameters optimization took 1 rounds (0.316 sec)
Time for fast ML tree search: 3.832 seconds

NOTE: ModelFinder requires 222 MB RAM!
ModelFinder will test up to 260 protein models (sample size: 269) ...
 No. Model         -LnL         df  AIC          AICc         BIC
  1  LG            94686.511    1005 191383.022   2213443.022  194995.707
  2  LG+I          93922.604    1006 189857.207   2215941.207  193473.487
  3  LG+G4         85063.310    1006 172138.619   2198222.619  175754.899
  4  LG+I+G4       84995.102    1007 172004.205   2202116.205  175624.079
  5  LG+R2         87099.505    1007 176213.011   2206325.011  179832.885
  6  LG+R3         85630.708    1009 173279.416   2211459.416  176906.479
  7  LG+R4         85000.131    1011 172022.262   2218286.262  175656.515
  8  LG+R5         84695.329    1013 171416.658   2225780.658  175058.100
