IQ-TREE multicore version 2.1.4-beta COVID-edition for Linux 64-bit built Jun 24 2021
Developed by Bui Quang Minh, James Barbetti, Nguyen Lam Tung,
Olga Chernomor, Heiko Schmidt, Dominik Schrempf, Michael Woodhams.

Host:    hpc-23-21.cm.cluster (AVX512, FMA3, 187 GB RAM)
Command: iqtree -s ../HMM_seeds/nifDKENB.trim -safe -m MFP -msub nuclear -T AUTO -ntmax 8 -B 1000 -alrt 1000
Seed:    781569 (Using SPRNG - Scalable Parallel Random Number Generator)
Time:    Thu Jul 16 10:47:13 2026
Kernel:  Safe AVX+FMA - auto-detect threads (8 CPU cores detected)

Reading alignment file ../HMM_seeds/nifDKENB.trim ... Fasta format detected
Alignment most likely contains protein sequences
Alignment has 343 sequences with 438 columns, 438 distinct patterns
435 parsimony-informative, 2 singleton sites, 1 constant sites
WARNING: Some sequence names are changed as follows:
nifD|chd:Calhy_2140 -> nifD|chd_Calhy_2140
nifD|ckn:Calkro_2118 -> nifD|ckn_Calkro_2118
nifD|mfs:MFS40622_0041 -> nifD|mfs_MFS40622_0041
nifD|kva:Kvar_1602 -> nifD|kva_Kvar_1602
nifD|mmt:Metme_1461 -> nifD|mmt_Metme_1461
nifD|alv:Alvin_1880 -> nifD|alv_Alvin_1880
nifD|rhi:NGR_a00880 -> nifD|rhi_NGR_a00880
nifD|ret:RHE_PD00307 -> nifD|ret_RHE_PD00307
nifD|rle:pRL100161 -> nifD|rle_pRL100161
nifD|rru:Rru_A1394 -> nifD|rru_Rru_A1394
nifD|ant:Arnit_0047 -> nifD|ant_Arnit_0047
nifD|ppd:Ppro_3468 -> nifD|ppd_Ppro_3468
nifD|ckl:CKL_0370 -> nifD|ckl_CKL_0370
nifD|dru:Desru_3451 -> nifD|dru_Desru_3451
nifD|cya:CYA_1823 -> nifD|cya_CYA_1823
nifD|cyu:UCYN_06150 -> nifD|cyu_UCYN_06150
nifD|mmp:MMP0856 -> nifD|mmp_MMP0856
nifD|mel:Metbo_2415 -> nifD|mel_Metbo_2415
nifD|mel:Metbo_1182 -> nifD|mel_Metbo_1182
nifD|mel:Metbo_1818 -> nifD|mel_Metbo_1818
nifK|ckn:Calkro_2119 -> nifK|ckn_Calkro_2119
nifK|mfs:MFS40622_0035 -> nifK|mfs_MFS40622_0035
nifK|kva:Kvar_1601 -> nifK|kva_Kvar_1601
nifK|ttu:TERTU_1539 -> nifK|ttu_TERTU_1539
nifK|mca:MCA0231 -> nifK|mca_MCA0231
nifK|mmt:Metme_1462 -> nifK|mmt_Metme_1462
nifK|alv:Alvin_1879 -> nifK|alv_Alvin_1879
nifK|hha:Hhal_0272 -> nifK|hha_Hhal_0272
nifK|cti:pRALTA_0392 -> nifK|cti_pRALTA_0392
nifK|bvi:Bcep1808_6017 -> nifK|bvi_Bcep1808_6017
nifK|pna:Pnap_2343 -> nifK|pna_Pnap_2343
nifK|smd:Smed_6223 -> nifK|smd_Smed_6223
nifK|rhi:NGR_a00870 -> nifK|rhi_NGR_a00870
nifK|ret:RHE_PD00200 -> nifK|ret_RHE_PD00200
nifK|rle:pRL100160 -> nifK|rle_pRL100160
nifK|rlg:Rleg_4932 -> nifK|rlg_Rleg_4932
nifK|xau:Xaut_0090 -> nifK|xau_Xaut_0090
nifK|mno:Mnod_3994 -> nifK|mno_Mnod_3994
nifK|bid:Bind_0475 -> nifK|bid_Bind_0475
nifK|msl:Msil_3630 -> nifK|msl_Msil_3630
nifK|gdi:GDI0438 -> nifK|gdi_GDI0438
nifK|rru:Rru_A1392 -> nifK|rru_Rru_A1392
nifK|rce:RC1_3681 -> nifK|rce_RC1_3681
nifK|mag:amb1572 -> nifK|mag_amb1572
nifK|ant:Arnit_0046 -> nifK|ant_Arnit_0046
nifK|gsu:GSU2819 -> nifK|gsu_GSU2819
nifK|gme:Gmet_0664 -> nifK|gme_Gmet_0664
nifK|gur:Gura_1177 -> nifK|gur_Gura_1177
nifK|ppd:Ppro_3469 -> nifK|ppd_Ppro_3469
nifK|dvl:Dvul_3094 -> nifK|dvl_Dvul_3094
nifK|cbe:Cbei_2003 -> nifK|cbe_Cbei_2003
nifK|ckl:CKL_0372 -> nifK|ckl_CKL_0372
nifK|dhd:Dhaf_1051 -> nifK|dhd_Dhaf_1051
nifK|dru:Desru_3450 -> nifK|dru_Desru_3450
nifK|hmo:HM1_0864 -> nifK|hmo_HM1_0864
nifK|cya:CYA_1821 -> nifK|cya_CYA_1821
nifK|cyu:UCYN_06160 -> nifK|cyu_UCYN_06160
nifK|ter:Tery_4138 -> nifK|ter_Tery_4138
nifK|npu:Npun_R0390 -> nifK|npu_Npun_R0390
nifK|ava:Ava_4249 -> nifK|ava_Ava_4249
nifK|det:DET1154 -> nifK|det_DET1154
nifK|cpb:Cphamn1_1755 -> nifK|cpb_Cphamn1_1755
nifK|paa:Paes_1631 -> nifK|paa_Paes_1631
nifK|mae:Maeo_1430 -> nifK|mae_Maeo_1430
nifK|mel:Metbo_1816 -> nifK|mel_Metbo_1816
nifK|mba:Mbar_A1551 -> nifK|mba_Mbar_A1551
nifE|pao:Pat9b_4715 -> nifE|pao_Pat9b_4715
nifE|mmt:Metme_3080 -> nifE|mmt_Metme_3080
nifE|alv:Alvin_0903 -> nifE|alv_Alvin_0903
nifE|hha:Hhal_0263 -> nifE|hha_Hhal_0263
nifE|mop:Mesop_6390 -> nifE|mop_Mesop_6390
nifE|rle:pRL100159 -> nifE|rle_pRL100159
nifE|rsh:Rsph17029_2189 -> nifE|rsh_Rsph17029_2189
nifE|rru:Rru_A2286 -> nifE|rru_Rru_A2286
nifE|ant:Arnit_0073 -> nifE|ant_Arnit_0073
nifE|ppd:Ppro_3491 -> nifE|ppd_Ppro_3491
nifE|cte:CT1538 -> nifE|cte_CT1538
nifE|ckl:CKL_3076 -> nifE|ckl_CKL_3076
nifE|dru:Desru_3449 -> nifE|dru_Desru_3449
nifE|cyu:UCYN_06170 -> nifE|cyu_UCYN_06170
nifE|npu:Npun_F5904 -> nifE|npu_Npun_F5904
nifE|mel:Metbo_2413 -> nifE|mel_Metbo_2413
nifN|kva:Kvar_1597 -> nifN|kva_Kvar_1597
nifN|kpe:KPK_1708 -> nifN|kpe_KPK_1708
nifN|pao:Pat9b_4714 -> nifN|pao_Pat9b_4714
nifN|psa:PST_1334 -> nifN|psa_PST_1334
nifN|avn:Avin_01470 -> nifN|avn_Avin_01470
nifN|avn:Avin_02750 -> nifN|avn_Avin_02750
nifN|ttu:TERTU_1578 -> nifN|ttu_TERTU_1578
nifN|mca:MCA0234 -> nifN|mca_MCA0234
nifN|mmt:Metme_3081 -> nifN|mmt_Metme_3081
nifN|alv:Alvin_0904 -> nifN|alv_Alvin_0904
nifN|hha:Hhal_0264 -> nifN|hha_Hhal_0264
nifN|cti:pRALTA_0373 -> nifN|cti_pRALTA_0373
nifN|bvi:Bcep1808_6021 -> nifN|bvi_Bcep1808_6021
nifN|pna:Pnap_2324 -> nifN|pna_Pnap_2324
nifN|azo:azo0561 -> nifN|azo_azo0561
nifN|mlo:mlr5909 -> nifN|mlo_mlr5909
nifN|mci:Mesci_5813 -> nifN|mci_Mesci_5813
nifN|mop:Mesop_6389 -> nifN|mop_Mesop_6389
nifN|sme:SMa0873 -> nifN|sme_SMa0873
nifN|smd:Smed_6181 -> nifN|smd_Smed_6181
nifN|rhi:NGR_a01090 -> nifN|rhi_NGR_a01090
nifN|ret:RHE_PD00198 -> nifN|ret_RHE_PD00198
nifN|rle:pRL100158 -> nifN|rle_pRL100158
nifN|rlg:Rleg_4934 -> nifN|rlg_Rleg_4934
nifN|bja:blr1746 -> nifN|bja_blr1746
nifN|xau:Xaut_0092 -> nifN|xau_Xaut_0092
nifN|met:M446_3538 -> nifN|met_M446_3538
nifN|mno:Mnod_3992 -> nifN|mno_Mnod_3992
nifN|bid:Bind_0477 -> nifN|bid_Bind_0477
nifN|msl:Msil_3628 -> nifN|msl_Msil_3628
nifN|rcp:RCAP_rcc03279 -> nifN|rcp_RCAP_rcc03279
nifN|gdi:GDI0440 -> nifN|gdi_GDI0440
nifN|rru:Rru_A2285 -> nifN|rru_Rru_A2285
nifN|mag:amb1568 -> nifN|mag_amb1568
nifN|afr:AFE_1516 -> nifN|afr_AFE_1516
nifN|ant:Arnit_0068 -> nifN|ant_Arnit_0068
nifN|dvl:Dvul_3097 -> nifN|dvl_Dvul_3097
nifN|cte:CT1539 -> nifN|cte_CT1539
nifN|cpc:Cpar_1625 -> nifN|cpc_Cpar_1625
nifN|paa:Paes_1633 -> nifN|paa_Paes_1633
nifN|dhd:Dhaf_1053 -> nifN|dhd_Dhaf_1053
nifN|dru:Desru_3448 -> nifN|dru_Desru_3448
nifN|hmo:HM1_0862 -> nifN|hmo_HM1_0862
nifN|fal:FRAAL6809 -> nifN|fal_FRAAL6809
nifN|cya:CYA_1835 -> nifN|cya_CYA_1835
nifN|cyu:UCYN_06180 -> nifN|cyu_UCYN_06180
nifN|cyt:cce_0564 -> nifN|cyt_cce_0564
nifN|npu:Npun_R0387 -> nifN|npu_Npun_R0387
nifN|ava:Ava_3933 -> nifN|ava_Ava_3933
nifN|det:DET1152 -> nifN|det_DET1152
nifN|mba:Mbar_A0165 -> nifN|mba_Mbar_A0165

                                                           Gap/Ambiguity  Composition  p-value
   1  nifD|AAZ46163.1                                             11.64%    failed      2.56%
   2  nifD|ZP_00558850.1                                          11.42%    passed      9.45%
   3  nifD|BAB73398.1                                             10.73%    passed     65.76%
   4  nifD|CAD31325.1                                             11.42%    failed      3.74%
   5  nifD|AAB36877.1                                             11.19%    passed     75.93%
   6  nifD|CAE10458.1                                             11.19%    passed     49.34%
   7  nifD|AAX73206.2                                             13.24%    passed      6.27%
   8  nifD|NP_662420.1                                             9.82%    passed      6.78%
   9  nifD|AAS94437.1                                             10.50%    passed      5.96%
  10  nifD|AAW39637.1                                              9.82%    passed     44.24%
  11  nifD|ZP_00571857.1                                          11.19%    passed     70.17%
  12  nifD|chd_Calhy_2140                                         12.79%    passed     25.95%
  13  nifD|ckn_Calkro_2118                                        16.67%    failed      0.07%
  14  nifD|mfs_MFS40622_0041                                      15.98%    failed      0.00%
  15  nifD|kva_Kvar_1602                                          12.10%    passed     79.26%
  16  nifD|mmt_Metme_1461                                         11.42%    failed      1.33%
  17  nifD|alv_Alvin_1880                                         11.87%    failed      1.63%
  18  nifD|rhi_NGR_a00880                                         10.96%    failed      4.02%
  19  nifD|ret_RHE_PD00307                                        11.42%    failed      4.96%
  20  nifD|rle_pRL100161                                          11.42%    failed      3.26%
  21  nifD|rru_Rru_A1394                                          13.47%    passed     10.24%
  22  nifD|ant_Arnit_0047                                         10.96%    passed     22.23%
  23  nifD|ppd_Ppro_3468                                          12.10%    passed     22.91%
  24  nifD|ckl_CKL_0370                                           13.47%    failed      0.60%
  25  nifD|dru_Desru_3451                                         11.19%    passed     11.80%
  26  nifD|cya_CYA_1823                                           10.73%    passed     60.67%
  27  nifD|cyu_UCYN_06150                                         11.87%    passed     55.46%
  28  nifD|mmp_MMP0856                                            10.96%    failed      0.32%
  29  nifD|mel_Metbo_2415                                         11.19%    failed      0.22%
  30  nifD|mel_Metbo_1182                                         13.93%    failed      1.68%
  31  nifD|mel_Metbo_1818                                         13.47%    passed     19.34%
  32  nifD|WP_176067912.1                                         12.10%    passed     19.13%
  33  nifD|WP_248354942.1                                         12.10%    passed     18.83%
  34  nifD|WP_248343419.1                                         12.33%    passed     33.05%
  35  nifD|WP_216511060.1                                         11.87%    passed     50.36%
  36  nifD|WP_199385138.1                                         12.10%    passed     15.99%
  37  nifD|WP_151126557.1                                         12.10%    passed     25.24%
  38  nifD|O07642|reviewed|Nitrogenase                            11.87%    passed     26.86%
  39  nifD|O27605|reviewed|Nitrogenase                            11.42%    failed      3.07%
  40  nifD|P00467|reviewed|Nitrogenase                            10.96%    failed      4.27%
  41  nifD|P06662|reviewed|Nitrogenase                            11.42%    passed     29.57%
  42  nifD|P06769|reviewed|Nitrogenase                            10.96%    passed     13.78%
  43  nifD|P07328|reviewed|Nitrogenase                            11.42%    passed      5.65%
  44  nifD|P08717|reviewed|Nitrogenase                            13.01%    failed      0.20%
  45  nifD|P15332|reviewed|Nitrogenase                            14.61%    failed      4.50%
  46  nifD|P20620|reviewed|Nitrogenase                            12.79%    passed     33.90%
  47  nifD|P55170|reviewed|Nitrogenase                            10.05%    failed      1.18%
  48  nifD|P77874|reviewed|Nitrogenase                            10.96%    passed      7.21%
  49  nifD|Q00239|reviewed|Nitrogenase                            10.73%    passed     59.44%
  50  nifD|Q02452|reviewed|Nitrogenase                            14.16%    passed     78.41%
  51  nifD|Q07933|reviewed|Nitrogenase                            13.47%    passed      9.47%
  52  nifD|Q44045|reviewed|Nitrogenase                            11.64%    passed     27.12%
  53  nifD|Q46082|reviewed|Nitrogenase                            13.47%    passed      8.06%
  54  nifD|Q55029|reviewed|Nitrogenase                            11.87%    passed     40.43%
  55  nifD|WCL94824.1_Rhodopseudomonas_palustris_CGA009_nifD      11.19%    failed      1.07%
  56  nifD|AAM07249.1_Methanosarcina_acetivorans_C2A_nifD         10.27%    passed      5.67%
  57  nifD|AFA47585.1_Acetobacterium_woodii_DSM1030_nifD          11.42%    failed      1.56%
  58  nifD|WP_013419576.1_Rhodomicrobium_vannielii_nifD           11.42%    passed     21.68%
  59  nifD|WP_012103421.1_Clostridium_kluyveri_nifD               11.19%    passed     32.61%
  60  nifD|WP_071544379.1_Pseudodesulfovibrio_hydrargyri_nifD     10.05%    passed     11.89%
  61  nifD|WP_163302646.1_Desulfolutivibrio_sulfodismutans_nifD   10.05%    passed     16.42%
  62  nifD|WP_197957554.1_Desulfovibrio_sp_86_nifD                11.19%    passed     73.08%
  63  nifD|OAM91390.1_Opitutaceae_bacterium_TSB47_nifD            11.19%    passed     12.72%
  64  nifD|ADE84336.1_Rhodobacter_capsulatus_SB1003_nifD          10.96%    failed      3.13%
  65  nifD|WP_011388766.1_Rhodospirillum_rubrum_f11_nifD          11.19%    passed     18.88%
  66  nifD|WP_144570099.1_Azomonas_agilis_nifD                    11.42%    failed      0.67%
  67  nifD|WP_016919584.1_Methylocystis_parvus_nifD               10.96%    failed      1.75%
  68  nifD|WP_012536580.1_Acidithiobacillus_ferrooxidans_nifD     11.19%    passed     12.42%
  69  nifD|WP_015921036.1_Cereibacter_sphaeroides_nifD            11.42%    passed      8.88%
  70  nifD|WP_014239785.1_Azospirillum_baldaniorum_nifD           11.42%    passed     22.27%
  71  nifD|WP_110019777.1_Plasticicumulans_acidivorans_nifD       12.10%    passed      5.55%
  72  nifD|WP_074767884.1_Magnetospirillum_fulvum_nifD            11.42%    passed     68.72%
  73  nifD|WP_088521038.1_Rhodoblastus_acidophilus_nifD           10.96%    passed     10.26%
  74  nifK|WP_074767886.1_Magnetospirillum_fulvum_nifK             1.14%    passed     99.36%
  75  nifK|WP_088521039.1_Rhodoblastus_acidophilus_nifK            0.23%    passed     47.89%
  76  nifK|pdb|1G20|B                                              0.23%    passed     23.37%
  77  nifK|BAB73397.1                                              0.46%    passed     42.85%
  78  nifK|CAA60580.1                                              1.37%    passed      6.75%
  79  nifK|CAE10457.1                                              0.91%    passed     61.17%
  80  nifK|ZP_00571858.1                                           0.68%    failed      4.58%
  81  nifK|AAM72763.1                                              1.83%    passed     95.43%
  82  nifK|AAM07250.1                                              2.74%    passed     67.46%
  83  nifK|BAD95755.1                                              0.68%    passed     16.37%
  84  nifK|ZP_00801685.1                                           1.14%    passed      8.64%
  85  nifK|ckn_Calkro_2119                                         2.97%    failed      3.18%
  86  nifK|mfs_MFS40622_0035                                       2.97%    failed      4.61%
  87  nifK|kva_Kvar_1601                                           0.00%    passed      5.57%
  88  nifK|ttu_TERTU_1539                                          0.23%    failed      0.76%
  89  nifK|mca_MCA0231                                             0.23%    passed     73.77%
  90  nifK|mmt_Metme_1462                                          0.23%    failed      1.11%
  91  nifK|alv_Alvin_1879                                          0.23%    passed     18.49%
  92  nifK|hha_Hhal_0272                                           0.23%    passed     10.48%
  93  nifK|cti_pRALTA_0392                                         0.23%    passed     70.50%
  94  nifK|bvi_Bcep1808_6017                                       0.23%    passed     35.77%
  95  nifK|pna_Pnap_2343                                           0.23%    passed     74.39%
  96  nifK|smd_Smed_6223                                           0.46%    passed     83.39%
  97  nifK|rhi_NGR_a00870                                          0.46%    passed     45.34%
  98  nifK|ret_RHE_PD00200                                         0.46%    passed     92.67%
  99  nifK|rle_pRL100160                                           0.46%    passed     52.51%
 100  nifK|rlg_Rleg_4932                                           0.91%    passed     77.86%
 101  nifK|xau_Xaut_0090                                           0.23%    passed     85.50%
 102  nifK|mno_Mnod_3994                                           0.68%    passed     98.05%
 103  nifK|bid_Bind_0475                                           0.00%    passed     37.24%
 104  nifK|msl_Msil_3630                                           0.23%    passed     46.30%
 105  nifK|gdi_GDI0438                                             0.68%    passed     68.83%
 106  nifK|rru_Rru_A1392                                           2.74%    passed     83.65%
 107  nifK|rce_RC1_3681                                            0.68%    passed     97.34%
 108  nifK|mag_amb1572                                             1.14%    passed     98.41%
 109  nifK|ant_Arnit_0046                                          0.91%    passed     42.93%
 110  nifK|gsu_GSU2819                                             0.46%    passed     37.66%
 111  nifK|gme_Gmet_0664                                           0.46%    passed     63.36%
 112  nifK|gur_Gura_1177                                           0.68%    passed     21.11%
 113  nifK|ppd_Ppro_3469                                           0.68%    passed     54.02%
 114  nifK|dvl_Dvul_3094                                           1.60%    passed     35.29%
 115  nifK|cbe_Cbei_2003                                           2.51%    passed     15.81%
 116  nifK|ckl_CKL_0372                                            2.74%    passed     45.70%
 117  nifK|dhd_Dhaf_1051                                           1.60%    passed     31.85%
 118  nifK|dru_Desru_3450                                          2.28%    passed     69.92%
 119  nifK|hmo_HM1_0864                                            0.68%    passed     39.63%
 120  nifK|cya_CYA_1821                                            0.46%    passed     24.03%
 121  nifK|cyu_UCYN_06160                                          0.91%    passed     57.84%
 122  nifK|ter_Tery_4138                                           0.46%    passed     45.03%
 123  nifK|npu_Npun_R0390                                          0.46%    passed     44.24%
 124  nifK|ava_Ava_4249                                            0.46%    passed     67.30%
 125  nifK|det_DET1154                                             1.60%    passed     95.63%
 126  nifK|cpb_Cphamn1_1755                                        1.60%    passed     94.29%
 127  nifK|paa_Paes_1631                                           1.60%    passed     97.04%
 128  nifK|mae_Maeo_1430                                           2.74%    passed     48.91%
 129  nifK|mel_Metbo_1816                                          2.74%    passed     14.60%
 130  nifK|mba_Mbar_A1551                                          2.74%    passed     32.09%
 131  nifK|WP_176067914.1                                          0.46%    passed     32.01%
 132  nifK|WP_248354944.1                                          0.46%    passed     64.31%
 133  nifK|WP_248343420.1                                          0.46%    passed     23.28%
 134  nifK|WP_216511059.1                                          0.68%    passed     33.22%
 135  nifK|WP_199385139.1                                          0.46%    passed     18.11%
 136  nifK|WP_199388825.1                                          0.46%    passed     59.75%
 137  nifK|WP_183354768.1                                          0.68%    passed     21.94%
 138  nifK|WP_151126559.1                                          0.46%    passed     23.85%
 139  nifK|WP_136513242.1                                          0.68%    passed     40.40%
 140  nifK|GFO53951.1                                              0.46%    passed     40.95%
 141  nifK|O07643|reviewed|Nitrogenase                             0.46%    passed     65.35%
 142  nifK|O27606|reviewed|Nitrogenase                             3.42%    failed      0.02%
 143  nifK|O68952|reviewed|Nitrogenase                            26.26%    passed     94.33%
 144  nifK|P06122|reviewed|Nitrogenase                             1.14%    passed     76.77%
 145  nifK|P0CW53|reviewed|Nitrogenase                             2.97%    passed     18.90%
 146  nifK|P11347|reviewed|Nitrogenase                             1.83%    passed     40.69%
 147  nifK|P15052|reviewed|Nitrogenase                             0.46%    passed     60.89%
 148  nifK|P16267|reviewed|Nitrogenase                             2.74%    passed     77.20%
 149  nifK|P16856|reviewed|Nitrogenase                             1.60%    passed     95.37%
 150  nifK|P20621|reviewed|Nitrogenase                             0.23%    passed     96.83%
 151  nifK|P77875|reviewed|Nitrogenase                            33.79%    passed     89.40%
 152  nifK|P95296|reviewed|Nitrogenase                             3.42%    failed      0.98%
 153  nifK|Q07935|reviewed|Nitrogenase                             2.97%    passed     81.80%
 154  nifK|Q46084|reviewed|Nitrogenase                            31.96%    passed     36.75%
 155  nifK|Q55030|reviewed|Nitrogenase                             0.46%    passed     34.70%
 156  nifK|Q57118|reviewed|Nitrogenase                             0.46%    passed     53.29%
 157  nifK|Q57302|reviewed|Nitrogenase                             2.51%    passed     10.13%
 158  nifK|WCL94823.1_Rhodopseudomonas_palustris_CGA009_nifK       0.23%    passed     54.62%
 159  nifK|AFA47584.1_Acetobacterium_woodii_DSM1030_nifK           2.51%    passed     34.77%
 160  nifK|WP_013419577.1_Rhodomicrobium_vannielii_nifK            0.23%    passed     62.01%
 161  nifK|WP_012103420.1_Clostridium_kluyveri_nifK                2.51%    failed      2.11%
 162  nifK|WP_007374972.1_Kosakonia_radicincitans_nifK             0.00%    passed     14.75%
 163  nifK|WP_071544378.1_Pseudodesulfovibrio_hydrargyri_nifK      2.28%    passed     73.71%
 164  nifK|WP_163302645.1_Desulfolutivibrio_sulfodismutans_nifK    1.60%    passed     67.15%
 165  nifK|WP_179980744.1_Desulfovibrio_sp_86_nifK                 2.74%    passed     19.91%
 166  nifK|WP_173195634.1_Geobacter_sp_SVR_nifK                    0.46%    passed     58.62%
 167  nifK|OAM91383.1_Opitutaceae_bacterium_TSB47_nifK             2.05%    passed     89.77%
 168  nifK|ADE84335.1_Rhodobacter_capsulatus_SB1003_nifK           0.68%    passed     50.36%
 169  nifK|WP_011388767.1_Rhodospirillum_rubrum_f11_nifK           0.91%    passed     61.47%
 170  nifK|WP_144570100.1_Azomonas_agilis_nifK                     0.00%    passed     16.12%
 171  nifK|WP_016919585.1_Methylocystis_parvus_nifK                0.23%    passed     68.78%
 172  nifK|WP_012536579.1_Acidithiobacillus_ferrooxidans_nifK      0.23%    passed     65.03%
 173  nifK|WP_015921035.1_Cereibacter_sphaeroides_nifK             1.60%    passed     92.96%
 174  nifK|WP_014239784.1_Azospirillum_baldaniorum_nifK            0.23%    passed     92.79%
 175  nifK|WP_110019778.1_Plasticicumulans_acidivorans_nifK        0.23%    passed     15.82%
 176  nifE|YP_112768.1                                            10.96%    passed      6.41%
 177  nifE|NP_946723.1                                            12.79%    passed      8.12%
 178  nifE|NP_953850.1                                             8.45%    passed     66.10%
 179  nifE|NP_907556.1                                            11.64%    passed      6.19%
 180  nifE|ABA87573.1                                             11.19%    passed     82.84%
 181  nifE|NP_987978.1                                            11.87%    passed     14.77%
 182  nifE|NP_618771.1                                            13.24%    failed      1.60%
 183  nifE|AAW39639.1                                             13.24%    failed      1.19%
 184  nifE|NP_947693.1                                            12.56%    passed      7.93%
 185  nifE|NP_947708.1                                            12.56%    passed      5.04%
 186  nifE|AAC44383.1                                             13.24%    passed     32.02%
 187  nifE|NP_616158.1                                            12.79%    passed     33.31%
 188  nifE|NP_616561.1                                            14.84%    failed      1.44%
 189  nifE|CAA43133.1                                             16.89%    failed      0.00%
 190  nifE|ZP_00909155.1                                          12.33%    failed      4.54%
 191  nifE|ZP_00911913.1                                          13.24%    passed     10.14%
 192  nifE|pao_Pat9b_4715                                         12.10%    passed     21.37%
 193  nifE|mmt_Metme_3080                                         11.87%    passed     92.95%
 194  nifE|alv_Alvin_0903                                         12.10%    passed     34.19%
 195  nifE|hha_Hhal_0263                                          12.10%    failed      0.99%
 196  nifE|mop_Mesop_6390                                         11.19%    passed     90.33%
 197  nifE|rle_pRL100159                                          11.19%    passed     85.66%
 198  nifE|rsh_Rsph17029_2189                                      4.11%    failed      0.00%
 199  nifE|rru_Rru_A2286                                          11.64%    passed     64.01%
 200  nifE|ant_Arnit_0073                                         11.87%    failed      0.01%
 201  nifE|ppd_Ppro_3491                                           8.45%    passed     76.71%
 202  nifE|cte_CT1538                                             12.10%    failed      0.23%
 203  nifE|ckl_CKL_3076                                           14.38%    failed      0.05%
 204  nifE|dru_Desru_3449                                         14.38%    passed     29.20%
 205  nifE|cyu_UCYN_06170                                         11.19%    passed     14.12%
 206  nifE|npu_Npun_F5904                                         10.96%    failed      2.47%
 207  nifE|mel_Metbo_2413                                         13.01%    passed      8.01%
 208  nifE|WP_216511058.1                                         66.44%    passed     94.54%
 209  nifE|WP_149307526.1                                         66.44%    passed     98.67%
 210  nifE|WP_176067916.1                                         66.44%    passed     59.46%
 211  nifE|WP_248354946.1                                         66.44%    passed     92.48%
 212  nifE|WP_248343422.1                                         66.44%    passed     94.08%
 213  nifE|O07355|reviewed|Nitrogenase                            11.19%    passed     95.76%
 214  nifE|O27607|reviewed|Nitrogenase                            12.56%    passed     14.97%
 215  nifE|P08293|reviewed|Nitrogenase                            12.33%    passed     52.07%
 216  nifE|P08737|reviewed|Nitrogenase                            12.10%    failed      1.26%
 217  nifE|P10996|reviewed|Nitrogenase                            14.38%    failed      0.02%
 218  nifE|P19055|reviewed|Nitrogenase                            17.81%    failed      2.54%
 219  nifE|P26506|reviewed|Nitrogenase                            11.19%    passed     28.59%
 220  nifE|P51755|reviewed|Nitrogenase                            13.01%    passed     16.29%
 221  nifE|P55673|reviewed|Nitrogenase                            11.19%    passed     54.54%
 222  nifE|P95297|reviewed|Nitrogenase                            12.79%    failed      4.26%
 223  nifE|Q44144|reviewed|Nitrogenase                            10.96%    passed     69.48%
 224  nifE|Q92ZL2|reviewed|Nitrogenase                            11.19%    passed     51.21%
 225  nifE|Q98AP4|reviewed|Nitrogenase                            11.19%    passed     77.52%
 226  nifN|YP_112769.1                                             4.11%    passed     67.07%
 227  nifN|CAA35473.1                                              3.65%    failed      0.06%
 228  nifN|sp|P08738.1|NIFN_KLEPN                                  3.65%    failed      0.00%
 229  nifN|NP_106493.1                                             4.11%    passed     23.70%
 230  nifN|AAG27066.2                                              4.57%    failed      0.02%
 231  nifN|AAK51497.1                                              4.57%    failed      1.05%
 232  nifN|NP_485480.1                                             4.79%    passed     17.32%
 233  nifN|CAE10455.1                                              9.13%    passed     49.60%
 234  nifN|NP_946722.1                                             3.65%    failed      0.05%
 235  nifN|NP_949950.1                                             3.88%    passed     11.57%
 236  nifN|ZP_00208243.1                                           4.34%    failed      1.15%
 237  nifN|YP_163562.1                                             3.65%    passed     13.34%
 238  nifN|AAX73209.1                                              5.48%    failed      0.67%
 239  nifN|ZP_00551476.1                                           5.71%    passed     22.38%
 240  nifN|ZP_00558853.1                                           7.76%    failed      0.06%
 241  nifN|ZP_00571387.1                                           3.42%    failed      0.00%
 242  nifN|EAN30037.1                                              3.65%    passed      8.93%
 243  nifN|ZP_00671356.1                                          10.73%    passed     18.58%
 244  nifN|ABA87574.1                                              6.85%    passed      6.46%
 245  nifN|ABB30911.1                                              8.45%    passed     52.46%
 246  nifN|ZP_00917834.1                                           4.11%    failed      0.00%
 247  nifN|NP_947692.1                                             9.82%    failed      0.27%
 248  nifN|NP_616159.1                                            10.73%    passed     12.93%
 249  nifN|ZP_00911901.1                                          10.27%    failed      0.37%
 250  nifN|ZP_00909156.1                                          10.05%    passed      5.92%
 251  nifN|ZP_00911912.1                                          11.87%    failed      0.10%
 252  nifN|EAM95121.1                                             12.10%    passed     65.07%
 253  nifN|ZP_00810379.1                                          14.61%    failed      0.01%
 254  nifN|AAW39640.1                                              4.11%    passed      9.65%
 255  nifN|AAM72765.1                                              4.34%    passed     78.57%
 256  nifN|CAF30415.1                                              5.02%    passed     14.45%
 257  nifN|AAB86040.1                                              5.94%    failed      0.04%
 258  nifN|ZP_00801687.1                                           4.57%    failed      1.14%
 259  nifN|kva_Kvar_1597                                           3.65%    failed      0.00%
 260  nifN|kpe_KPK_1708                                            3.65%    failed      0.00%
 261  nifN|pao_Pat9b_4714                                          3.65%    failed      0.01%
 262  nifN|psa_PST_1334                                            3.65%    failed      0.00%
 263  nifN|avn_Avin_01470                                          3.65%    failed      0.01%
 264  nifN|avn_Avin_02750                                          3.88%    failed      0.00%
 265  nifN|ttu_TERTU_1578                                          2.74%    passed     36.72%
 266  nifN|mca_MCA0234                                             4.11%    passed     67.07%
 267  nifN|mmt_Metme_3081                                          3.42%    passed     15.72%
 268  nifN|alv_Alvin_0904                                          3.42%    failed      1.37%
 269  nifN|hha_Hhal_0264                                           3.20%    failed      0.00%
 270  nifN|cti_pRALTA_0373                                         5.02%    passed     30.33%
 271  nifN|bvi_Bcep1808_6021                                       4.79%    passed      5.25%
 272  nifN|pna_Pnap_2324                                           4.57%    passed     80.88%
 273  nifN|azo_azo0561                                             3.65%    failed      0.17%
 274  nifN|mlo_mlr5909                                             4.11%    passed     23.70%
 275  nifN|mci_Mesci_5813                                          4.11%    passed      7.77%
 276  nifN|mop_Mesop_6389                                          4.11%    passed      7.77%
 277  nifN|sme_SMa0873                                             4.11%    failed      2.67%
 278  nifN|smd_Smed_6181                                           4.11%    failed      3.42%
 279  nifN|rhi_NGR_a01090                                          4.11%    failed      3.44%
 280  nifN|ret_RHE_PD00198                                         4.11%    failed      1.77%
 281  nifN|rle_pRL100158                                           4.34%    passed     13.42%
 282  nifN|rlg_Rleg_4934                                           5.02%    failed      0.33%
 283  nifN|bja_blr1746                                             2.97%    passed     89.45%
 284  nifN|xau_Xaut_0092                                           2.97%    passed     63.90%
 285  nifN|met_M446_3538                                           4.11%    failed      0.00%
 286  nifN|mno_Mnod_3992                                           4.11%    failed      0.00%
 287  nifN|bid_Bind_0477                                           3.88%    passed     57.30%
 288  nifN|msl_Msil_3628                                           3.88%    passed     39.16%
 289  nifN|rcp_RCAP_rcc03279                                       3.65%    failed      0.02%
 290  nifN|gdi_GDI0440                                             3.88%    failed      0.51%
 291  nifN|rru_Rru_A2285                                           4.11%    failed      0.00%
 292  nifN|mag_amb1568                                             4.34%    failed      0.87%
 293  nifN|afr_AFE_1516                                            4.11%    passed     14.08%
 294  nifN|ant_Arnit_0068                                          5.94%    failed      0.16%
 295  nifN|dvl_Dvul_3097                                           4.57%    failed      0.03%
 296  nifN|cte_CT1539                                              4.34%    passed     78.57%
 297  nifN|cpc_Cpar_1625                                           4.34%    passed     87.60%
 298  nifN|paa_Paes_1633                                           3.42%    passed     71.64%
 299  nifN|dhd_Dhaf_1053                                           7.76%    failed      0.06%
 300  nifN|dru_Desru_3448                                          4.34%    passed     39.78%
 301  nifN|hmo_HM1_0862                                            7.08%    failed      0.26%
 302  nifN|fal_FRAAL6809                                           2.97%    failed      0.00%
 303  nifN|cya_CYA_1835                                            5.25%    failed      0.00%
 304  nifN|cyu_UCYN_06180                                          7.76%    failed      1.73%
 305  nifN|cyt_cce_0564                                            4.34%    failed      2.61%
 306  nifN|npu_Npun_R0387                                          4.79%    failed      2.40%
 307  nifN|ava_Ava_3933                                            4.79%    passed     12.93%
 308  nifN|det_DET1152                                             4.11%    passed      9.65%
 309  nifN|mba_Mbar_A0165                                          2.51%    passed      9.13%
 310  nifN|WP_216511058.1                                          6.85%    passed     75.15%
 311  nifN|WP_216499292.1                                          6.85%    passed     72.43%
 312  nifN|WP_199385140.1                                          6.85%    passed     85.87%
 313  nifN|WP_199395396.1                                          6.85%    passed     96.05%
 314  nifN|WP_199388824.1                                          6.85%    passed     93.68%
 315  nifN|WP_183354769.1                                          6.85%    passed     79.14%
 316  nifN|WP_183349975.1                                          6.85%    passed     92.79%
 317  nifN|WP_183358973.1                                          6.85%    passed     94.97%
 318  nifN|WP_151126433.1                                          6.85%    passed     60.13%
 319  nifN|WP_151155274.1                                          6.85%    passed     59.36%
 320  nifN|WP_149307526.1                                          6.85%    passed     57.18%
 321  nifN|WP_129125537.1                                          6.85%    passed     81.81%
 322  nifN|WP_136513243.1                                          6.85%    passed     82.49%
 323  nifN|WP_136525266.1                                          6.85%    passed     87.34%
 324  nifN|WP_135870023.1                                          6.85%    passed     76.65%
 325  nifN|WP_224982352.1                                          6.85%    passed     80.66%
 326  nifN|WP_216802051.1                                          6.85%    passed     84.02%
 327  nifN|WP_216791611.1                                          6.85%    passed     70.68%
 328  nifN|WP_176067916.1                                          6.85%    failed      0.00%
 329  nifN|WP_248354946.1                                          6.85%    failed      0.10%
 330  nifN|WP_248343422.1                                          6.85%    failed      0.73%
 331  nifN|O87627|reviewed|Nitrogenase                            11.64%    failed      0.01%
 332  nifN|P08738|reviewed|Nitrogenase                             3.65%    failed      0.00%
 333  nifN|P10336|reviewed|Nitrogenase                             3.65%    failed      0.01%
 334  nifN|P12781|reviewed|Nitrogenase                             4.11%    failed      2.67%
 335  nifN|P19077|reviewed|Nitrogenase                             3.65%    failed      0.06%
 336  nifN|P26507|reviewed|Nitrogenase                             2.97%    passed     89.45%
 337  nifN|P55674|reviewed|Nitrogenase                             4.11%    failed      3.44%
 338  nifN|Q44145|reviewed|Nitrogenase                             4.79%    passed     17.32%
 339  nifN|Q98AP3|reviewed|Nitrogenase                             4.11%    passed     23.70%
 340  nifN|WP_011320718.1                                         10.50%    passed     50.91%
 341  nifB|WP_012703541.1                                         25.34%    failed      3.70%
 342  nifB|WBF06325.1                                             53.65%    failed      2.98%
 343  nifB|WP_013066310.1                                         26.03%    failed      4.34%
WARNING: 6 sequences contain more than 50% gaps/ambiguity
****  TOTAL                                                        7.78%  103 sequences failed composition chi2 test (p-value<5%; df=19)
NOTE: nifN|ZP_00917834.1 is identical to nifE|rsh_Rsph17029_2189 but kept for subsequent analysis
NOTE: nifN|mca_MCA0234 is identical to nifN|YP_112769.1 but kept for subsequent analysis
NOTE: nifN|P19077|reviewed|Nitrogenase is identical to nifN|CAA35473.1 but kept for subsequent analysis
NOTE: nifN|P08738|reviewed|Nitrogenase is identical to nifN|sp|P08738.1|NIFN_KLEPN but kept for subsequent analysis
NOTE: nifN|mlo_mlr5909 is identical to nifN|NP_106493.1 but kept for subsequent analysis
NOTE: nifN|Q44145|reviewed|Nitrogenase is identical to nifN|NP_485480.1 but kept for subsequent analysis
NOTE: nifN|dhd_Dhaf_1053 is identical to nifN|ZP_00558853.1 but kept for subsequent analysis
NOTE: nifN|det_DET1152 is identical to nifN|AAW39640.1 but kept for subsequent analysis
NOTE: nifN|cte_CT1539 is identical to nifN|AAM72765.1 but kept for subsequent analysis
NOTE: nifN|mop_Mesop_6389 is identical to nifN|mci_Mesci_5813 but kept for subsequent analysis
NOTE: nifN|P12781|reviewed|Nitrogenase is identical to nifN|sme_SMa0873 but kept for subsequent analysis
NOTE: nifN|P55674|reviewed|Nitrogenase is identical to nifN|rhi_NGR_a01090 but kept for subsequent analysis
NOTE: nifN|P26507|reviewed|Nitrogenase is identical to nifN|bja_blr1746 but kept for subsequent analysis
NOTE: 1 identical sequences (see below) will be ignored for subsequent analysis
NOTE: nifN|Q98AP3|reviewed|Nitrogenase (identical to nifN|NP_106493.1) is ignored but added at the end
Alignment was printed to ../HMM_seeds/nifDKENB.trim.uniqueseq.phy

For your convenience alignment with unique sequences printed to ../HMM_seeds/nifDKENB.trim.uniqueseq.phy


Create initial parsimony tree by phylogenetic likelihood library (PLL)... 0.202 seconds
Measuring multi-threading efficiency up to 8 CPU cores
Increase to 10 rounds for branch lengths
2 trees examined
Threads: 1 / Time: 8.828 sec / Speedup: 1.000 / Efficiency: 100% / LogL: -280103
Threads: 2 / Time: 5.185 sec / Speedup: 1.703 / Efficiency: 85% / LogL: -280103
Threads: 3 / Time: 4.060 sec / Speedup: 2.174 / Efficiency: 72% / LogL: -280103
Threads: 4 / Time: 3.458 sec / Speedup: 2.553 / Efficiency: 64% / LogL: -280103
Threads: 5 / Time: 2.974 sec / Speedup: 2.969 / Efficiency: 59% / LogL: -280103
Threads: 6 / Time: 2.787 sec / Speedup: 3.168 / Efficiency: 53% / LogL: -280103
Threads: 7 / Time: 2.670 sec / Speedup: 3.307 / Efficiency: 47% / LogL: -280103
BEST NUMBER OF THREADS: 6

Perform fast likelihood tree search using LG+I+G model...
Estimate model parameters (epsilon = 5.000)
Perform nearest neighbor interchange...
Estimate model parameters (epsilon = 1.000)
1. Initial log-likelihood: -132372.823
Optimal log-likelihood: -132372.765
Proportion of invariable sites: 0.002
Gamma shape alpha: 2.037
Parameters optimization took 1 rounds (0.488 sec)
Time for fast ML tree search: 5.980 seconds

NOTE: ModelFinder requires 244 MB RAM!
ModelFinder will test up to 260 protein models (sample size: 438) ...
 No. Model         -LnL         df  AIC          AICc         BIC
  1  LG            136162.540   681 273687.080   1202571.080  276467.071
  2  LG+I          136092.096   682 273548.192   1205160.192  276332.265
  3  LG+G4         132393.390   682 266150.779   1197762.779  268934.853
  4  LG+I+G4       132372.757   683 266111.514   1200455.514  268899.669
  5  LG+R2         133379.548   683 268125.095   1202469.095  270913.251
  6  LG+R3         132552.133   685 266474.266   1206294.266  269270.586
  7  LG+R4         132438.509   687 266251.017   1211563.017  269055.502
  8  LG+R5         132288.800   689 265955.601   1216775.601  268768.250
  9  LG+R6         132238.755   691 265859.510   1222203.510  268680.323
 10  LG+R7         132223.797   693 265833.594   1227717.594  268662.572
 11  LG+R8         132213.683   695 265817.366   1233257.366  268654.508
 12  LG+R9         132212.277   697 265818.553   1238830.553  268663.860
 23  LG+F+R7       132163.334   712 265750.669   1281062.669  268657.209
 24  LG+F+R8       132153.699   714 265735.399   1286755.399  268650.103
 25  LG+F+R9       132152.524   716 265737.048   1292481.048  268659.917
 36  WAG+R7        133042.591   693 267471.182   1229355.182  270300.160
 37  WAG+R8        133038.287   695 267466.574   1234906.574  270303.716
 49  WAG+F+R7      132824.146   712 267072.292   1282384.292  269978.832
 50  WAG+F+R8      132822.159   714 267072.318   1288092.318  269987.023
 62  JTT+R7        134244.343   693 269874.686   1231758.686  272703.664
 63  JTT+R8        134227.688   695 269845.376   1237285.376  272682.519
 64  JTT+R9        134222.881   697 269839.762   1242851.762  272685.068
 75  JTT+F+R7      134286.394   712 269996.789   1285308.789  272903.329
 76  JTT+F+R8      134272.221   714 269972.441   1290992.441  272887.146
 77  JTT+F+R9      134269.123   716 269970.246   1296714.246  272893.114
 88  Q.pfam+R7     132217.930   693 265821.861   1227705.861  268650.838
 89  Q.pfam+R8     132209.964   695 265809.928   1233249.928  268647.071
 90  Q.pfam+R9     132208.911   697 265811.823   1238823.823  268657.129
101  Q.pfam+F+R7   132301.855   712 266027.710   1281339.710  268934.250
102  Q.pfam+F+R8   132293.626   714 266015.251   1287035.251  268929.956
103  Q.pfam+F+R9   132291.959   716 266015.917   1292759.917  268938.786
114  JTTDCMut+R7   134231.911   693 269849.823   1231733.823  272678.800
115  JTTDCMut+R8   134216.245   695 269822.490   1237262.490  272659.632
116  JTTDCMut+R9   134210.703   697 269815.406   1242827.406  272660.712
127  JTTDCMut+F+R7 134253.455   712 269930.909   1285242.909  272837.449
128  JTTDCMut+F+R8 134240.035   714 269908.071   1290928.071  272822.775
129  JTTDCMut+F+R9 134236.372   716 269904.744   1296648.744  272827.613
140  DCMut+R7      135540.907   693 272467.814   1234351.814  275296.791
141  DCMut+R8      135533.651   695 272457.302   1239897.302  275294.444
142  DCMut+R9      135522.240   697 272438.480   1245450.480  275283.787
153  DCMut+F+R7    135257.123   712 271938.247   1287250.247  274844.786
154  DCMut+F+R8    135248.816   714 271925.632   1292945.632  274840.336
155  DCMut+F+R9    135239.627   716 271911.253   1298655.253  274834.122
166  VT+R7         133446.451   693 268278.902   1230162.902  271107.879
167  VT+R8         133438.075   695 268266.150   1235706.150  271103.292
168  VT+R9         133434.958   697 268263.916   1241275.916  271109.223
179  VT+F+R7       133333.162   712 268090.324   1283402.324  270996.864
180  VT+F+R8       133326.610   714 268081.220   1289101.220  270995.924
181  VT+F+R9       133324.059   716 268080.118   1294824.118  271002.987
192  PMB+R7        133965.398   693 269316.796   1231200.796  272145.774
193  PMB+R8        133964.707   695 269319.413   1236759.413  272156.555
205  PMB+F+R7      133926.169   712 269276.337   1284588.337  272182.877
206  PMB+F+R8      133925.586   714 269279.173   1290299.173  272193.877
218  Blosum62+R7   133789.002   693 268964.004   1230848.004  271792.981
219  Blosum62+R8   133787.283   695 268964.566   1236404.566  271801.708
231  Blosum62+F+R7 133764.358   712 268952.716   1284264.716  271859.256
232  Blosum62+F+R8 133761.707   714 268951.414   1289971.414  271866.118
244  Dayhoff+R7    135538.293   693 272462.586   1234346.586  275291.563
245  Dayhoff+R8    135531.130   695 272452.261   1239892.261  275289.403
246  Dayhoff+R9    135519.565   697 272433.130   1245445.130  275278.436
257  Dayhoff+F+R7  135255.288   712 271934.576   1287246.576  274841.115
258  Dayhoff+F+R8  135247.250   714 271922.500   1292942.500  274837.204
259  Dayhoff+F+R9  135237.851   716 271907.701   1298651.701  274830.570
Akaike Information Criterion:           LG+F+R8
Corrected Akaike Information Criterion: LG+G4
Bayesian Information Criterion:         Q.pfam+R8
Best-fit model: Q.pfam+R8 chosen according to BIC

All model information printed to ../HMM_seeds/nifDKENB.trim.model.gz
CPU time for ModelFinder: 5420.303 seconds (1h:30m:20s)
Wall-clock time for ModelFinder: 923.756 seconds (0h:15m:23s)
Generating 1000 samples for ultrafast bootstrap (seed: 781569)...

NOTE: 196 MB RAM (0 GB) is required!
Estimate model parameters (epsilon = 0.100)
1. Initial log-likelihood: -132209.964
Optimal log-likelihood: -132209.952
Site proportion and rates:  (0.027,0.073) (0.091,0.254) (0.109,0.413) (0.285,0.699) (0.198,1.022) (0.091,1.357) (0.155,1.862) (0.044,2.628)
Parameters optimization took 1 rounds (2.991 sec)
Computing ML distances based on estimated model parameters...
Computing ML distances took 4.060644 sec (of wall-clock time) 22.917495 sec(of CPU time)
Computing RapidNJ tree took 22.017192 sec (of wall-clock time) 102.417822 sec (of CPU time)
Log-likelihood of RapidNJ tree: -133391.091
--------------------------------------------------------------------
|             INITIALIZING CANDIDATE TREE SET                      |
--------------------------------------------------------------------
Generating 98 parsimony trees... 18.783 second
Computing log-likelihood of 98 initial trees ... 28.065 seconds
Current best score: -132209.952

Do NNI search on 20 best initial trees
Estimate model parameters (epsilon = 0.100)
BETTER TREE FOUND at iteration 1: -132198.420
Estimate model parameters (epsilon = 0.100)
BETTER TREE FOUND at iteration 2: -132182.651
Iteration 10 / LogL: -132208.156 / Time: 0h:2m:12s
Iteration 20 / LogL: -132218.873 / Time: 0h:2m:53s
Finish initializing candidate tree set (20)
Current best tree score: -132182.651 / CPU time: 141.797
Number of iterations: 20
--------------------------------------------------------------------
|               OPTIMIZING CANDIDATE TREE SET                      |
--------------------------------------------------------------------
Estimate model parameters (epsilon = 0.100)
BETTER TREE FOUND at iteration 22: -132178.766
Iteration 30 / LogL: -132202.731 / Time: 0h:3m:59s (0h:12m:38s left)
Estimate model parameters (epsilon = 0.100)
BETTER TREE FOUND at iteration 32: -132174.419
Iteration 40 / LogL: -132198.564 / Time: 0h:5m:2s (0h:11m:53s left)
Iteration 50 / LogL: -132181.662 / Time: 0h:6m:0s (0h:10m:3s left)
Log-likelihood cutoff on original alignment: -132252.642
Estimate model parameters (epsilon = 0.100)
BETTER TREE FOUND at iteration 52: -132173.630
Iteration 60 / LogL: -132197.420 / Time: 0h:7m:7s (0h:11m:7s left)
Estimate model parameters (epsilon = 0.100)
BETTER TREE FOUND at iteration 68: -132170.526
Iteration 70 / LogL: -132204.306 / Time: 0h:8m:9s (0h:11m:35s left)
Iteration 80 / LogL: -132176.015 / Time: 0h:9m:9s (0h:10m:11s left)
Iteration 90 / LogL: -132174.764 / Time: 0h:10m:9s (0h:8m:54s left)
Iteration 100 / LogL: -132186.645 / Time: 0h:11m:8s (0h:7m:39s left)
Log-likelihood cutoff on original alignment: -132252.642
NOTE: Bootstrap correlation coefficient of split occurrence frequencies: 0.995
Iteration 110 / LogL: -132181.216 / Time: 0h:12m:10s (0h:10m:3s left)
Iteration 120 / LogL: -132176.089 / Time: 0h:13m:9s (0h:8m:50s left)
Iteration 130 / LogL: -132204.013 / Time: 0h:14m:9s (0h:7m:40s left)
Iteration 140 / LogL: -132186.879 / Time: 0h:15m:7s (0h:6m:31s left)
Iteration 150 / LogL: -132176.168 / Time: 0h:16m:6s (0h:5m:24s left)
Log-likelihood cutoff on original alignment: -132252.642
Estimate model parameters (epsilon = 0.100)
BETTER TREE FOUND at iteration 152: -132170.292
Iteration 160 / LogL: -132174.622 / Time: 0h:17m:13s (0h:9m:58s left)
Iteration 170 / LogL: -132217.669 / Time: 0h:18m:15s (0h:8m:51s left)
Iteration 180 / LogL: -132171.882 / Time: 0h:19m:16s (0h:7m:45s left)
Estimate model parameters (epsilon = 0.100)
BETTER TREE FOUND at iteration 182: -132169.041
Iteration 190 / LogL: -132204.954 / Time: 0h:20m:19s (0h:9m:53s left)
Iteration 200 / LogL: -132177.733 / Time: 0h:21m:16s (0h:8m:45s left)
Log-likelihood cutoff on original alignment: -132252.642
NOTE: Bootstrap correlation coefficient of split occurrence frequencies: 0.998
Iteration 210 / LogL: -132192.983 / Time: 0h:22m:20s (0h:9m:37s left)
Iteration 220 / LogL: -132174.598 / Time: 0h:23m:23s (0h:8m:32s left)
Iteration 230 / LogL: -132659.332 / Time: 0h:24m:29s (0h:7m:29s left)
Iteration 240 / LogL: -132227.542 / Time: 0h:25m:33s (0h:6m:25s left)
Iteration 250 / LogL: -132180.508 / Time: 0h:26m:38s (0h:5m:21s left)
Log-likelihood cutoff on original alignment: -132252.642
Iteration 260 / LogL: -132219.738 / Time: 0h:27m:45s (0h:4m:17s left)
Iteration 270 / LogL: -132182.632 / Time: 0h:28m:50s (0h:3m:12s left)
Iteration 280 / LogL: -132197.327 / Time: 0h:29m:48s (0h:2m:8s left)
TREE SEARCH COMPLETED AFTER 283 ITERATIONS / Time: 0h:30m:7s

--------------------------------------------------------------------
|                    FINALIZING TREE SEARCH                        |
--------------------------------------------------------------------
Performs final model parameters optimization
Estimate model parameters (epsilon = 0.010)
1. Initial log-likelihood: -132169.041
2. Current log-likelihood: -132169.028
Optimal log-likelihood: -132169.017
Site proportion and rates:  (0.028,0.072) (0.094,0.256) (0.109,0.422) (0.285,0.703) (0.207,1.036) (0.086,1.413) (0.150,1.881) (0.041,2.651)
Parameters optimization took 2 rounds (3.029 sec)
BEST SCORE FOUND : -132169.017

Testing tree branches by SH-like aLRT with 1000 replicates...
1.632 sec.
Creating bootstrap support values...
Split supports printed to NEXUS file ../HMM_seeds/nifDKENB.trim.splits.nex
Total tree length: 97.972

Total number of iterations: 283
CPU time used for tree search: 10455.994 sec (2h:54m:15s)
Wall-clock time used for tree search: 1776.156 sec (0h:29m:36s)
Total CPU time used: 10642.580 sec (2h:57m:22s)
Total wall-clock time used: 1813.360 sec (0h:30m:13s)

Computing bootstrap consensus tree...
Reading input file ../HMM_seeds/nifDKENB.trim.splits.nex...
342 taxa and 1161 splits.
Consensus tree written to ../HMM_seeds/nifDKENB.trim.contree
Reading input trees file ../HMM_seeds/nifDKENB.trim.contree
Log-likelihood of consensus tree: -132169.334

Analysis results written to: 
  IQ-TREE report:                ../HMM_seeds/nifDKENB.trim.iqtree
  Maximum-likelihood tree:       ../HMM_seeds/nifDKENB.trim.treefile
  Likelihood distances:          ../HMM_seeds/nifDKENB.trim.mldist

Ultrafast bootstrap approximation results written to:
  Split support values:          ../HMM_seeds/nifDKENB.trim.splits.nex
  Consensus tree:                ../HMM_seeds/nifDKENB.trim.contree
  Screen log file:               ../HMM_seeds/nifDKENB.trim.log

Date and Time: Thu Jul 16 11:32:54 2026
