=====================================================
Start Time  : Sun Jun 28 04:58:40 PM PDT 2026
Job ID/Name : 64650325 / gtdbtk
======================================================

[2026-06-28 16:58:40] ========== GTDB-Tk classification started ==========
[2026-06-28 16:58:40] Job ID/Name : 64650325 / gtdbtk
[2026-06-28 16:58:40] Node: hpc-25-03.cm.cluster, CPUs: 4, Mem: 20480MB
[2026-06-28 16:58:46] Activated conda env: /resnick/groups/enviromics/zahra/miniconda3/envs/microbeannotator
GB_GCA_000214705.1
GB_GCA_000383295.1
GB_GCA_000702545.1
GB_GCA_000953475.1
GB_GCA_001650175.1
GB_GCA_001800515.1
GB_GCA_001801105.1
GB_GCA_002009425.1
GB_GCA_002067405.1
GB_GCA_002067405.1
GB_GCA_002414145.1
GB_GCA_002434245.1
GB_GCA_002434245.1
GB_GCA_002434245.1
GB_GCA_002452855.1
GB_GCA_003058525.1
GB_GCA_003094555.1
GB_GCA_003142355.1
GB_GCA_003155465.1
GB_GCA_003511885.1
GB_GCA_003526065.1
GB_GCA_003676145.1
GB_GCA_003857395.1
GB_GCA_009026175.1
GB_GCA_009469685.1
GB_GCA_009910795.1
GB_GCA_009929485.1
GB_GCA_011391285.1
GB_GCA_011620645.1
GB_GCA_013036995.1
GB_GCA_013138705.1
GB_GCA_015232865.1
GB_GCA_016218905.1
GB_GCA_016278415.1
GB_GCA_016936255.1
GB_GCA_016937035.1
GB_GCA_017464045.1
GB_GCA_017520105.1
GB_GCA_017553635.1
GB_GCA_017861495.1
GB_GCA_018457135.1
GB_GCA_020061285.1
GB_GCA_020441225.1
GB_GCA_020444165.1
GB_GCA_021767745.1
GB_GCA_021778935.1
GB_GCA_021779415.1
GB_GCA_021784835.1
GB_GCA_021784995.1
GB_GCA_021789455.1
GB_GCA_021797365.1
GB_GCA_021799935.1
GB_GCA_021800745.1
GB_GCA_021802595.1
GB_GCA_021802595.1
GB_GCA_021812785.1
GB_GCA_021813595.1
GB_GCA_021836225.1
GB_GCA_021836625.1
GB_GCA_021836625.1
GB_GCA_022321485.1
GB_GCA_022361535.1
GB_GCA_022712835.1
GB_GCA_022837185.1
GB_GCA_022839045.1
GB_GCA_023381645.1
GB_GCA_023381645.1
GB_GCA_023381945.1
GB_GCA_023386955.1
GB_GCA_023399455.1
GB_GCA_023399455.1
GB_GCA_023407175.1
GB_GCA_023407175.1
GB_GCA_023407175.1
GB_GCA_023407175.1
GB_GCA_023412495.1
GB_GCA_023416335.1
GB_GCA_023424865.1
GB_GCA_023434855.1
GB_GCA_023441125.1
GB_GCA_023441125.1
GB_GCA_023441125.1
GB_GCA_023443625.1
GB_GCA_023443925.1
GB_GCA_023443925.1
GB_GCA_023443925.1
GB_GCA_024636215.1
GB_GCA_024690635.1
GB_GCA_024691105.1
GB_GCA_024695565.1
GB_GCA_024972775.1
GB_GCA_025997215.1
GB_GCA_026671195.1
GB_GCA_027335965.1
GB_GCA_027415455.1
GB_GCA_027864655.1
GB_GCA_028065135.1
GB_GCA_028683385.1
GB_GCA_028683735.1
GB_GCA_028683735.1
GB_GCA_028684915.1
GB_GCA_028694115.1
GB_GCA_029256645.1
GB_GCA_029553165.1
GB_GCA_029554345.1
GB_GCA_029556915.1
GB_GCA_029572965.1
GB_GCA_029778665.1
GB_GCA_029974875.1
GB_GCA_030064795.1
GB_GCA_030389965.1
GB_GCA_030389965.1
GB_GCA_030542965.1
GB_GCA_030604345.1
GB_GCA_030618205.1
GB_GCA_031269405.1
GB_GCA_031270875.1
GB_GCA_031277045.1
GB_GCA_031278025.1
GB_GCA_031278025.1
GB_GCA_031278145.1
GB_GCA_031278145.1
GB_GCA_031280065.1
GB_GCA_031283505.1
GB_GCA_031284275.1
GB_GCA_031288005.1
GB_GCA_031288005.1
GB_GCA_031288815.1
GB_GCA_031288815.1
GB_GCA_031290695.1
GB_GCA_031291415.1
GB_GCA_031292015.1
GB_GCA_031292015.1
GB_GCA_031292035.1
GB_GCA_031292145.1
GB_GCA_031292145.1
GB_GCA_031292255.1
GB_GCA_031292735.1
GB_GCA_031296915.1
GB_GCA_031296935.1
GB_GCA_900119535.1
GB_GCA_900313405.1
GB_GCA_900315105.1
GB_GCA_902780985.1
GB_GCA_902780985.1
GB_GCA_903927685.1
GB_GCA_913061185.1
GB_GCA_936914905.1
GB_GCA_937124525.1
GB_GCA_937141405.1
GB_GCA_937915285.1
GB_GCA_947169455.1
GB_GCA_947259685.1
RS_GCF_000015165.1
RS_GCF_000021325.1
RS_GCF_000023185.1
RS_GCF_000152145.1
RS_GCF_000226255.1
RS_GCF_000228725.2
RS_GCF_000262405.1
RS_GCF_000271845.1
RS_GCF_000317245.1
RS_GCF_000341615.1
RS_GCF_000375585.1
RS_GCF_000379165.1
RS_GCF_000417905.1
RS_GCF_000445445.1
RS_GCF_000447295.1
RS_GCF_000472665.1
RS_GCF_000513895.1
RS_GCF_000520735.1
RS_GCF_000613305.1
RS_GCF_000730165.1
RS_GCF_000740015.1
RS_GCF_000747665.1
RS_GCF_000935215.1
RS_GCF_000940995.1
RS_GCF_000955725.1
RS_GCF_000972705.2
RS_GCF_001076885.1
RS_GCF_001499735.1
RS_GCF_001866055.1
RS_GCF_001941975.1
RS_GCF_001955925.1
RS_GCF_002257705.1
RS_GCF_002270295.1
RS_GCF_002270295.1
RS_GCF_002367995.1
RS_GCF_002368175.1
RS_GCF_002600635.1
RS_GCF_002607855.1
RS_GCF_002847015.1
RS_GCF_003350035.1
RS_GCF_003432035.1
RS_GCF_003944755.1
RS_GCF_003952465.1
RS_GCF_004402045.1
RS_GCF_004791025.1
RS_GCF_004801855.1
RS_GCF_005063415.1
RS_GCF_005871085.1
RS_GCF_006519715.1
RS_GCF_007097545.1
RS_GCF_007290395.1
RS_GCF_008710095.1
RS_GCF_008710095.1
RS_GCF_008710135.1
RS_GCF_009725235.1
RS_GCF_013296325.1
RS_GCF_014859565.1
RS_GCF_015354335.1
RS_GCF_016106025.1
RS_GCF_016653415.1
RS_GCF_016865255.1
RS_GCF_017991995.1
RS_GCF_018861905.1
RS_GCF_019679435.1
RS_GCF_019805165.1
RS_GCF_020193575.1
RS_GCF_022024235.1
RS_GCF_023347575.1
RS_GCF_024684275.1
RS_GCF_024699075.1
RS_GCF_025946765.1
RS_GCF_030534315.1
RS_GCF_030651745.1
RS_GCF_900100495.1
RS_GCF_900101845.1
RS_GCF_900107275.1
RS_GCF_900129945.1
RS_GCF_900176355.1
RS_GCF_901905185.1
RS_GCF_903853455.1
RS_GCF_913063105.1
