=====================================================
Start Time  : Mon Jun 29 11:08:18 AM PDT 2026
Job ID/Name : 64666331 / pangenome
======================================================

[2026-06-29 11:08:18] ========== Microbeannotator for Pangenome Analysis started ==========
[2026-06-29 11:08:18] Job ID/Name : 64666331 / pangenome
[2026-06-29 11:08:18] Node: hpc-53-11.cm.cluster, CPUs: 32, Mem: 122880MB
[2026-06-29 11:08:25] Activated conda env: /resnick/groups/enviromics/zahra/miniconda3/envs/microbeannotator
[2026-06-29 11:08:25] Running Microbeannotator
Loading diamond/2.1.7-gcc-13.2.0-cfkl5pd
  Loading requirement: zlib-ng/2.1.3-gcc-13.2.0-jetnfwa
2026-06-29 11:08:32,366 [INFO]:  ---- This is MicrobeAnnotator v2.0.5 ---- 
2026-06-29 11:08:32,367 [INFO]: Validating user inputs
2026-06-29 11:08:32,555 [INFO]: Passed
2026-06-29 11:08:32,555 [INFO]: Processing 50 files. I will run 8 files in parallel with 4 threads per file.
2026-06-29 11:08:32,555 [INFO]: Running in no_plot mode. Skipping plotting KO summaries. 
2026-06-29 11:08:33,368 [INFO]: Searching proteins against KOfam profiles
2026-06-29 11:08:33,368 [INFO]: Parsing HMM profile metadata
2026-06-29 11:09:09,070 [INFO]: Filtering and saving results...
2026-06-29 11:09:09,140 [INFO]: Search against KOfam done!
2026-06-29 11:09:52,473 [INFO]: Filtering and saving results...
2026-06-29 11:09:52,571 [INFO]: Search against KOfam done!
2026-06-29 11:10:11,598 [INFO]: Filtering and saving results...
2026-06-29 11:10:11,632 [INFO]: Search against KOfam done!
2026-06-29 11:11:05,575 [INFO]: Filtering and saving results...
2026-06-29 11:11:05,659 [INFO]: Search against KOfam done!
2026-06-29 11:11:52,659 [INFO]: Filtering and saving results...
2026-06-29 11:11:52,747 [INFO]: Search against KOfam done!
2026-06-29 11:12:56,169 [INFO]: Filtering and saving results...
2026-06-29 11:12:56,247 [INFO]: Search against KOfam done!
2026-06-29 11:13:26,092 [INFO]: Filtering and saving results...
2026-06-29 11:13:26,156 [INFO]: Search against KOfam done!
2026-06-29 11:14:00,932 [INFO]: Filtering and saving results...
2026-06-29 11:14:01,050 [INFO]: Search against KOfam done!
2026-06-29 11:14:33,379 [INFO]: Filtering and saving results...
2026-06-29 11:14:33,456 [INFO]: Search against KOfam done!
2026-06-29 11:15:05,519 [INFO]: Filtering and saving results...
2026-06-29 11:15:05,588 [INFO]: Search against KOfam done!
2026-06-29 11:15:32,509 [INFO]: Filtering and saving results...
2026-06-29 11:15:32,566 [INFO]: Search against KOfam done!
2026-06-29 11:16:17,414 [INFO]: Filtering and saving results...
2026-06-29 11:16:17,466 [INFO]: Search against KOfam done!
2026-06-29 11:16:42,690 [INFO]: Filtering and saving results...
2026-06-29 11:16:42,743 [INFO]: Search against KOfam done!
2026-06-29 11:17:04,264 [INFO]: Filtering and saving results...
2026-06-29 11:17:04,300 [INFO]: Search against KOfam done!
2026-06-29 11:17:48,660 [INFO]: Filtering and saving results...
2026-06-29 11:17:48,759 [INFO]: Search against KOfam done!
2026-06-29 11:18:08,336 [INFO]: Filtering and saving results...
2026-06-29 11:18:08,374 [INFO]: Search against KOfam done!
2026-06-29 11:18:55,515 [INFO]: Filtering and saving results...
2026-06-29 11:18:55,600 [INFO]: Search against KOfam done!
2026-06-29 11:19:34,696 [INFO]: Filtering and saving results...
2026-06-29 11:19:34,770 [INFO]: Search against KOfam done!
2026-06-29 11:20:04,125 [INFO]: Filtering and saving results...
2026-06-29 11:20:04,192 [INFO]: Search against KOfam done!
2026-06-29 11:20:33,127 [INFO]: Filtering and saving results...
2026-06-29 11:20:33,183 [INFO]: Search against KOfam done!
2026-06-29 11:21:05,465 [INFO]: Filtering and saving results...
2026-06-29 11:21:05,540 [INFO]: Search against KOfam done!
2026-06-29 11:21:32,449 [INFO]: Filtering and saving results...
2026-06-29 11:21:32,513 [INFO]: Search against KOfam done!
2026-06-29 11:22:34,736 [INFO]: Filtering and saving results...
2026-06-29 11:22:34,843 [INFO]: Search against KOfam done!
2026-06-29 11:24:07,019 [INFO]: Filtering and saving results...
2026-06-29 11:24:07,168 [INFO]: Search against KOfam done!
2026-06-29 11:24:52,046 [INFO]: Filtering and saving results...
2026-06-29 11:24:52,110 [INFO]: Search against KOfam done!
2026-06-29 11:25:29,914 [INFO]: Filtering and saving results...
2026-06-29 11:25:30,000 [INFO]: Search against KOfam done!
2026-06-29 11:26:03,175 [INFO]: Filtering and saving results...
2026-06-29 11:26:03,227 [INFO]: Search against KOfam done!
2026-06-29 11:26:58,976 [INFO]: Filtering and saving results...
2026-06-29 11:26:59,077 [INFO]: Search against KOfam done!
2026-06-29 11:27:47,545 [INFO]: Filtering and saving results...
2026-06-29 11:27:47,629 [INFO]: Search against KOfam done!
2026-06-29 11:28:35,306 [INFO]: Filtering and saving results...
2026-06-29 11:28:35,400 [INFO]: Search against KOfam done!
2026-06-29 11:29:22,786 [INFO]: Filtering and saving results...
2026-06-29 11:29:22,868 [INFO]: Search against KOfam done!
2026-06-29 11:30:06,069 [INFO]: Filtering and saving results...
2026-06-29 11:30:06,145 [INFO]: Search against KOfam done!
2026-06-29 11:30:36,473 [INFO]: Filtering and saving results...
2026-06-29 11:30:36,543 [INFO]: Search against KOfam done!
2026-06-29 11:31:41,061 [INFO]: Filtering and saving results...
2026-06-29 11:31:41,181 [INFO]: Search against KOfam done!
2026-06-29 11:32:29,813 [INFO]: Filtering and saving results...
2026-06-29 11:32:29,885 [INFO]: Search against KOfam done!
2026-06-29 11:33:02,689 [INFO]: Filtering and saving results...
2026-06-29 11:33:02,757 [INFO]: Search against KOfam done!
2026-06-29 11:33:48,470 [INFO]: Filtering and saving results...
2026-06-29 11:33:48,589 [INFO]: Search against KOfam done!
2026-06-29 11:34:14,214 [INFO]: Filtering and saving results...
2026-06-29 11:34:14,281 [INFO]: Search against KOfam done!
2026-06-29 11:34:55,751 [INFO]: Filtering and saving results...
2026-06-29 11:34:55,822 [INFO]: Search against KOfam done!
2026-06-29 11:35:32,901 [INFO]: Filtering and saving results...
2026-06-29 11:35:32,972 [INFO]: Search against KOfam done!
2026-06-29 11:36:02,780 [INFO]: Filtering and saving results...
2026-06-29 11:36:02,839 [INFO]: Search against KOfam done!
2026-06-29 11:36:27,326 [INFO]: Filtering and saving results...
2026-06-29 11:36:27,392 [INFO]: Search against KOfam done!
2026-06-29 11:36:59,446 [INFO]: Filtering and saving results...
2026-06-29 11:36:59,513 [INFO]: Search against KOfam done!
2026-06-29 11:37:39,880 [INFO]: Filtering and saving results...
2026-06-29 11:37:39,953 [INFO]: Search against KOfam done!
2026-06-29 11:38:10,504 [INFO]: Filtering and saving results...
2026-06-29 11:38:10,566 [INFO]: Search against KOfam done!
2026-06-29 11:38:45,607 [INFO]: Filtering and saving results...
2026-06-29 11:38:45,676 [INFO]: Search against KOfam done!
2026-06-29 11:39:16,749 [INFO]: Filtering and saving results...
2026-06-29 11:39:16,814 [INFO]: Search against KOfam done!
2026-06-29 11:39:38,923 [INFO]: Filtering and saving results...
2026-06-29 11:39:38,989 [INFO]: Search against KOfam done!
2026-06-29 11:40:05,690 [INFO]: Filtering and saving results...
2026-06-29 11:40:05,754 [INFO]: Search against KOfam done!
2026-06-29 11:40:39,616 [INFO]: Filtering and saving results...
2026-06-29 11:40:39,690 [INFO]: Search against KOfam done!
2026-06-29 11:40:39,764 [INFO]: Searching proteins against Swissprot
2026-06-29 11:42:40,623 [INFO]: Extracting Swissprot annotation data
2026-06-29 11:56:39,046 [INFO]: Searching proteins against RefSeq
2026-06-29 14:00:48,343 [INFO]: Extracting RefSeq annotation data
2026-06-29 15:32:44,136 [INFO]: Searching proteins against Trembl
2026-06-29 17:41:19,473 [INFO]: Extracting Trembl annotation data
2026-06-29 17:41:20,150 [INFO]: Improving annotations by searching matches in other databases
2026-06-29 17:41:22,161 [INFO]: MicrobeAnnotator has finished succefully!
