=====================================================
Start Time  : Mon Jun 29 11:13:28 AM PDT 2026
Job ID/Name : 64666436 / pangenome
======================================================

[2026-06-29 11:13:28] ========== Microbeannotator for Pangenome Analysis started ==========
[2026-06-29 11:13:28] Job ID/Name : 64666436 / pangenome
[2026-06-29 11:13:28] Node: hpc-52-36.cm.cluster, CPUs: 32, Mem: 122880MB
[2026-06-29 11:13:35] Activated conda env: /resnick/groups/enviromics/zahra/miniconda3/envs/microbeannotator
[2026-06-29 11:13:35] Running Microbeannotator
Loading diamond/2.1.7-gcc-13.2.0-cfkl5pd
  Loading requirement: zlib-ng/2.1.3-gcc-13.2.0-jetnfwa
2026-06-29 11:13:40,998 [INFO]:  ---- This is MicrobeAnnotator v2.0.5 ---- 
2026-06-29 11:13:40,999 [INFO]: Validating user inputs
2026-06-29 11:13:41,126 [INFO]: Passed
2026-06-29 11:13:41,126 [INFO]: Processing 50 files. I will run 8 files in parallel with 4 threads per file.
2026-06-29 11:13:41,126 [INFO]: Running in no_plot mode. Skipping plotting KO summaries. 
2026-06-29 11:13:41,957 [INFO]: Searching proteins against KOfam profiles
2026-06-29 11:13:41,957 [INFO]: Parsing HMM profile metadata
2026-06-29 11:14:23,579 [INFO]: Filtering and saving results...
2026-06-29 11:14:23,698 [INFO]: Search against KOfam done!
2026-06-29 11:15:26,773 [INFO]: Filtering and saving results...
2026-06-29 11:15:26,866 [INFO]: Search against KOfam done!
2026-06-29 11:16:04,532 [INFO]: Filtering and saving results...
2026-06-29 11:16:04,613 [INFO]: Search against KOfam done!
2026-06-29 11:17:14,754 [INFO]: Filtering and saving results...
2026-06-29 11:17:14,912 [INFO]: Search against KOfam done!
2026-06-29 11:17:53,581 [INFO]: Filtering and saving results...
2026-06-29 11:17:53,645 [INFO]: Search against KOfam done!
2026-06-29 11:18:33,336 [INFO]: Filtering and saving results...
2026-06-29 11:18:33,423 [INFO]: Search against KOfam done!
2026-06-29 11:18:59,674 [INFO]: Filtering and saving results...
2026-06-29 11:18:59,734 [INFO]: Search against KOfam done!
2026-06-29 11:19:24,818 [INFO]: Filtering and saving results...
2026-06-29 11:19:24,885 [INFO]: Search against KOfam done!
2026-06-29 11:19:47,792 [INFO]: Filtering and saving results...
2026-06-29 11:19:47,846 [INFO]: Search against KOfam done!
2026-06-29 11:20:25,986 [INFO]: Filtering and saving results...
2026-06-29 11:20:26,066 [INFO]: Search against KOfam done!
2026-06-29 11:21:12,145 [INFO]: Filtering and saving results...
2026-06-29 11:21:12,230 [INFO]: Search against KOfam done!
2026-06-29 11:21:40,486 [INFO]: Filtering and saving results...
2026-06-29 11:21:40,527 [INFO]: Search against KOfam done!
2026-06-29 11:22:40,627 [INFO]: Filtering and saving results...
2026-06-29 11:22:40,698 [INFO]: Search against KOfam done!
2026-06-29 11:23:31,807 [INFO]: Filtering and saving results...
2026-06-29 11:23:31,914 [INFO]: Search against KOfam done!
2026-06-29 11:23:58,240 [INFO]: Filtering and saving results...
2026-06-29 11:23:58,288 [INFO]: Search against KOfam done!
2026-06-29 11:24:25,811 [INFO]: Filtering and saving results...
2026-06-29 11:24:25,861 [INFO]: Search against KOfam done!
2026-06-29 11:24:54,694 [INFO]: Filtering and saving results...
2026-06-29 11:24:54,767 [INFO]: Search against KOfam done!
2026-06-29 11:26:19,619 [INFO]: Filtering and saving results...
2026-06-29 11:26:19,764 [INFO]: Search against KOfam done!
2026-06-29 11:26:43,466 [INFO]: Filtering and saving results...
2026-06-29 11:26:43,515 [INFO]: Search against KOfam done!
2026-06-29 11:27:05,064 [INFO]: Filtering and saving results...
2026-06-29 11:27:05,105 [INFO]: Search against KOfam done!
2026-06-29 11:27:32,128 [INFO]: Filtering and saving results...
2026-06-29 11:27:32,185 [INFO]: Search against KOfam done!
2026-06-29 11:27:59,515 [INFO]: Filtering and saving results...
2026-06-29 11:27:59,572 [INFO]: Search against KOfam done!
2026-06-29 11:28:36,899 [INFO]: Filtering and saving results...
2026-06-29 11:28:36,959 [INFO]: Search against KOfam done!
2026-06-29 11:29:04,452 [INFO]: Filtering and saving results...
2026-06-29 11:29:04,515 [INFO]: Search against KOfam done!
2026-06-29 11:30:44,725 [INFO]: Filtering and saving results...
2026-06-29 11:30:44,862 [INFO]: Search against KOfam done!
2026-06-29 11:31:33,007 [INFO]: Filtering and saving results...
2026-06-29 11:31:33,118 [INFO]: Search against KOfam done!
2026-06-29 11:32:26,083 [INFO]: Filtering and saving results...
2026-06-29 11:32:26,227 [INFO]: Search against KOfam done!
2026-06-29 11:33:17,342 [INFO]: Filtering and saving results...
2026-06-29 11:33:17,523 [INFO]: Search against KOfam done!
2026-06-29 11:34:03,480 [INFO]: Filtering and saving results...
2026-06-29 11:34:03,590 [INFO]: Search against KOfam done!
2026-06-29 11:34:32,740 [INFO]: Filtering and saving results...
2026-06-29 11:34:32,799 [INFO]: Search against KOfam done!
2026-06-29 11:35:19,980 [INFO]: Filtering and saving results...
2026-06-29 11:35:20,072 [INFO]: Search against KOfam done!
2026-06-29 11:36:25,748 [INFO]: Filtering and saving results...
2026-06-29 11:36:25,880 [INFO]: Search against KOfam done!
2026-06-29 11:36:45,775 [INFO]: Filtering and saving results...
2026-06-29 11:36:45,828 [INFO]: Search against KOfam done!
2026-06-29 11:37:06,581 [INFO]: Filtering and saving results...
2026-06-29 11:37:06,635 [INFO]: Search against KOfam done!
2026-06-29 11:37:50,521 [INFO]: Filtering and saving results...
2026-06-29 11:37:50,606 [INFO]: Search against KOfam done!
2026-06-29 11:38:31,767 [INFO]: Filtering and saving results...
2026-06-29 11:38:31,861 [INFO]: Search against KOfam done!
2026-06-29 11:39:21,257 [INFO]: Filtering and saving results...
2026-06-29 11:39:21,338 [INFO]: Search against KOfam done!
2026-06-29 11:39:45,818 [INFO]: Filtering and saving results...
2026-06-29 11:39:45,869 [INFO]: Search against KOfam done!
2026-06-29 11:40:14,009 [INFO]: Filtering and saving results...
2026-06-29 11:40:14,074 [INFO]: Search against KOfam done!
2026-06-29 11:41:19,974 [INFO]: Filtering and saving results...
2026-06-29 11:41:20,094 [INFO]: Search against KOfam done!
2026-06-29 11:42:04,016 [INFO]: Filtering and saving results...
2026-06-29 11:42:04,110 [INFO]: Search against KOfam done!
2026-06-29 11:42:36,902 [INFO]: Filtering and saving results...
2026-06-29 11:42:36,975 [INFO]: Search against KOfam done!
2026-06-29 11:43:27,764 [INFO]: Filtering and saving results...
2026-06-29 11:43:27,852 [INFO]: Search against KOfam done!
2026-06-29 11:44:01,620 [INFO]: Filtering and saving results...
2026-06-29 11:44:01,702 [INFO]: Search against KOfam done!
2026-06-29 11:44:34,090 [INFO]: Filtering and saving results...
2026-06-29 11:44:34,162 [INFO]: Search against KOfam done!
2026-06-29 11:45:14,245 [INFO]: Filtering and saving results...
2026-06-29 11:45:14,314 [INFO]: Search against KOfam done!
2026-06-29 11:45:48,994 [INFO]: Filtering and saving results...
2026-06-29 11:45:49,064 [INFO]: Search against KOfam done!
2026-06-29 11:46:36,002 [INFO]: Filtering and saving results...
2026-06-29 11:46:36,087 [INFO]: Search against KOfam done!
2026-06-29 11:47:08,810 [INFO]: Filtering and saving results...
2026-06-29 11:47:08,877 [INFO]: Search against KOfam done!
2026-06-29 11:47:40,964 [INFO]: Filtering and saving results...
2026-06-29 11:47:41,022 [INFO]: Search against KOfam done!
2026-06-29 11:47:41,074 [INFO]: Searching proteins against Swissprot
2026-06-29 11:49:45,791 [INFO]: Extracting Swissprot annotation data
2026-06-29 11:57:39,102 [INFO]: Searching proteins against RefSeq
2026-06-29 14:08:31,368 [INFO]: Extracting RefSeq annotation data
2026-06-29 15:24:21,125 [INFO]: Searching proteins against Trembl
2026-06-29 17:40:48,143 [INFO]: Extracting Trembl annotation data
2026-06-29 17:40:48,540 [INFO]: Improving annotations by searching matches in other databases
2026-06-29 17:40:50,900 [INFO]: MicrobeAnnotator has finished succefully!
