=====================================================
Start Time  : Mon Jun 29 11:11:24 AM PDT 2026
Job ID/Name : 64666407 / pangenome
======================================================

[2026-06-29 11:11:24] ========== Microbeannotator for Pangenome Analysis started ==========
[2026-06-29 11:11:24] Job ID/Name : 64666407 / pangenome
[2026-06-29 11:11:24] Node: hpc-21-37.cm.cluster, CPUs: 32, Mem: 122880MB
[2026-06-29 11:11:28] Activated conda env: /resnick/groups/enviromics/zahra/miniconda3/envs/microbeannotator
[2026-06-29 11:11:28] Running Microbeannotator
Loading diamond/2.1.7-gcc-13.2.0-cfkl5pd
  Loading requirement: zlib-ng/2.1.3-gcc-13.2.0-jetnfwa
2026-06-29 11:11:32,725 [INFO]:  ---- This is MicrobeAnnotator v2.0.5 ---- 
2026-06-29 11:11:32,725 [INFO]: Validating user inputs
2026-06-29 11:11:32,910 [INFO]: Passed
2026-06-29 11:11:32,910 [INFO]: Processing 50 files. I will run 8 files in parallel with 4 threads per file.
2026-06-29 11:11:32,910 [INFO]: Running in no_plot mode. Skipping plotting KO summaries. 
2026-06-29 11:11:33,655 [INFO]: Searching proteins against KOfam profiles
2026-06-29 11:11:33,655 [INFO]: Parsing HMM profile metadata
2026-06-29 11:12:13,433 [INFO]: Filtering and saving results...
2026-06-29 11:12:13,498 [INFO]: Search against KOfam done!
2026-06-29 11:14:15,769 [INFO]: Filtering and saving results...
2026-06-29 11:14:15,890 [INFO]: Search against KOfam done!
2026-06-29 11:15:10,847 [INFO]: Filtering and saving results...
2026-06-29 11:15:10,905 [INFO]: Search against KOfam done!
2026-06-29 11:15:51,366 [INFO]: Filtering and saving results...
2026-06-29 11:15:51,417 [INFO]: Search against KOfam done!
2026-06-29 11:16:34,080 [INFO]: Filtering and saving results...
2026-06-29 11:16:34,136 [INFO]: Search against KOfam done!
2026-06-29 11:17:03,155 [INFO]: Filtering and saving results...
2026-06-29 11:17:03,209 [INFO]: Search against KOfam done!
2026-06-29 11:17:29,343 [INFO]: Filtering and saving results...
2026-06-29 11:17:29,379 [INFO]: Search against KOfam done!
2026-06-29 11:17:44,629 [INFO]: Filtering and saving results...
2026-06-29 11:17:44,651 [INFO]: Search against KOfam done!
2026-06-29 11:18:14,776 [INFO]: Filtering and saving results...
2026-06-29 11:18:14,821 [INFO]: Search against KOfam done!
2026-06-29 11:18:46,443 [INFO]: Filtering and saving results...
2026-06-29 11:18:46,488 [INFO]: Search against KOfam done!
2026-06-29 11:19:09,760 [INFO]: Filtering and saving results...
2026-06-29 11:19:09,798 [INFO]: Search against KOfam done!
2026-06-29 11:19:46,220 [INFO]: Filtering and saving results...
2026-06-29 11:19:46,279 [INFO]: Search against KOfam done!
2026-06-29 11:20:22,387 [INFO]: Filtering and saving results...
2026-06-29 11:20:22,452 [INFO]: Search against KOfam done!
2026-06-29 11:21:07,812 [INFO]: Filtering and saving results...
2026-06-29 11:21:07,881 [INFO]: Search against KOfam done!
2026-06-29 11:21:40,050 [INFO]: Filtering and saving results...
2026-06-29 11:21:40,101 [INFO]: Search against KOfam done!
2026-06-29 11:22:18,572 [INFO]: Filtering and saving results...
2026-06-29 11:22:18,628 [INFO]: Search against KOfam done!
2026-06-29 11:22:57,023 [INFO]: Filtering and saving results...
2026-06-29 11:22:57,089 [INFO]: Search against KOfam done!
2026-06-29 11:23:33,412 [INFO]: Filtering and saving results...
2026-06-29 11:23:33,469 [INFO]: Search against KOfam done!
2026-06-29 11:24:12,978 [INFO]: Filtering and saving results...
2026-06-29 11:24:13,030 [INFO]: Search against KOfam done!
2026-06-29 11:24:34,095 [INFO]: Filtering and saving results...
2026-06-29 11:24:34,129 [INFO]: Search against KOfam done!
2026-06-29 11:25:01,025 [INFO]: Filtering and saving results...
2026-06-29 11:25:01,071 [INFO]: Search against KOfam done!
2026-06-29 11:25:22,173 [INFO]: Filtering and saving results...
2026-06-29 11:25:22,214 [INFO]: Search against KOfam done!
2026-06-29 11:25:46,301 [INFO]: Filtering and saving results...
2026-06-29 11:25:46,346 [INFO]: Search against KOfam done!
2026-06-29 11:26:30,688 [INFO]: Filtering and saving results...
2026-06-29 11:26:30,755 [INFO]: Search against KOfam done!
2026-06-29 11:26:53,895 [INFO]: Filtering and saving results...
2026-06-29 11:26:53,937 [INFO]: Search against KOfam done!
2026-06-29 11:27:16,628 [INFO]: Filtering and saving results...
2026-06-29 11:27:16,664 [INFO]: Search against KOfam done!
2026-06-29 11:27:54,466 [INFO]: Filtering and saving results...
2026-06-29 11:27:54,528 [INFO]: Search against KOfam done!
2026-06-29 11:28:27,888 [INFO]: Filtering and saving results...
2026-06-29 11:28:27,946 [INFO]: Search against KOfam done!
2026-06-29 11:28:59,202 [INFO]: Filtering and saving results...
2026-06-29 11:28:59,250 [INFO]: Search against KOfam done!
2026-06-29 11:29:24,923 [INFO]: Filtering and saving results...
2026-06-29 11:29:24,962 [INFO]: Search against KOfam done!
2026-06-29 11:29:51,832 [INFO]: Filtering and saving results...
2026-06-29 11:29:51,876 [INFO]: Search against KOfam done!
2026-06-29 11:30:37,545 [INFO]: Filtering and saving results...
2026-06-29 11:30:37,611 [INFO]: Search against KOfam done!
2026-06-29 11:31:46,464 [INFO]: Filtering and saving results...
2026-06-29 11:31:46,621 [INFO]: Search against KOfam done!
2026-06-29 11:32:19,359 [INFO]: Filtering and saving results...
2026-06-29 11:32:19,424 [INFO]: Search against KOfam done!
2026-06-29 11:33:00,391 [INFO]: Filtering and saving results...
2026-06-29 11:33:00,465 [INFO]: Search against KOfam done!
2026-06-29 11:33:31,250 [INFO]: Filtering and saving results...
2026-06-29 11:33:31,315 [INFO]: Search against KOfam done!
2026-06-29 11:34:34,892 [INFO]: Filtering and saving results...
2026-06-29 11:34:34,997 [INFO]: Search against KOfam done!
2026-06-29 11:35:12,324 [INFO]: Filtering and saving results...
2026-06-29 11:35:12,387 [INFO]: Search against KOfam done!
2026-06-29 11:35:32,703 [INFO]: Filtering and saving results...
2026-06-29 11:35:32,729 [INFO]: Search against KOfam done!
2026-06-29 11:36:05,686 [INFO]: Filtering and saving results...
2026-06-29 11:36:05,737 [INFO]: Search against KOfam done!
2026-06-29 11:36:29,027 [INFO]: Filtering and saving results...
2026-06-29 11:36:29,060 [INFO]: Search against KOfam done!
2026-06-29 11:36:50,594 [INFO]: Filtering and saving results...
2026-06-29 11:36:50,631 [INFO]: Search against KOfam done!
2026-06-29 11:38:20,470 [INFO]: Filtering and saving results...
2026-06-29 11:38:20,603 [INFO]: Search against KOfam done!
2026-06-29 11:39:08,619 [INFO]: Filtering and saving results...
2026-06-29 11:39:08,677 [INFO]: Search against KOfam done!
2026-06-29 11:40:01,109 [INFO]: Filtering and saving results...
2026-06-29 11:40:01,175 [INFO]: Search against KOfam done!
2026-06-29 11:40:44,203 [INFO]: Filtering and saving results...
2026-06-29 11:40:44,261 [INFO]: Search against KOfam done!
2026-06-29 11:41:43,341 [INFO]: Filtering and saving results...
2026-06-29 11:41:43,426 [INFO]: Search against KOfam done!
2026-06-29 11:42:41,360 [INFO]: Filtering and saving results...
2026-06-29 11:42:41,487 [INFO]: Search against KOfam done!
2026-06-29 11:43:38,619 [INFO]: Filtering and saving results...
2026-06-29 11:43:38,702 [INFO]: Search against KOfam done!
2026-06-29 11:44:19,620 [INFO]: Filtering and saving results...
2026-06-29 11:44:19,690 [INFO]: Search against KOfam done!
2026-06-29 11:44:19,761 [INFO]: Searching proteins against Swissprot
2026-06-29 11:46:25,880 [INFO]: Extracting Swissprot annotation data
2026-06-29 11:53:13,108 [INFO]: Searching proteins against RefSeq
2026-06-29 13:57:35,841 [INFO]: Extracting RefSeq annotation data
2026-06-29 15:04:36,771 [INFO]: Searching proteins against Trembl
2026-06-29 17:13:37,752 [INFO]: Extracting Trembl annotation data
2026-06-29 17:13:38,196 [INFO]: Improving annotations by searching matches in other databases
2026-06-29 17:13:40,085 [INFO]: MicrobeAnnotator has finished succefully!
