=====================================================
Start Time  : Mon Jun 29 11:22:44 AM PDT 2026
Job ID/Name : 64666541 / pangenome
======================================================

[2026-06-29 11:22:44] ========== Microbeannotator for Pangenome Analysis started ==========
[2026-06-29 11:22:44] Job ID/Name : 64666541 / pangenome
[2026-06-29 11:22:44] Node: hpc-53-28.cm.cluster, CPUs: 32, Mem: 122880MB
[2026-06-29 11:22:51] Activated conda env: /resnick/groups/enviromics/zahra/miniconda3/envs/microbeannotator
[2026-06-29 11:22:51] Running Microbeannotator
Loading diamond/2.1.7-gcc-13.2.0-cfkl5pd
  Loading requirement: zlib-ng/2.1.3-gcc-13.2.0-jetnfwa
2026-06-29 11:22:56,978 [INFO]:  ---- This is MicrobeAnnotator v2.0.5 ---- 
2026-06-29 11:22:56,978 [INFO]: Validating user inputs
2026-06-29 11:22:57,142 [INFO]: Passed
2026-06-29 11:22:57,143 [INFO]: Processing 50 files. I will run 8 files in parallel with 4 threads per file.
2026-06-29 11:22:57,143 [INFO]: Running in no_plot mode. Skipping plotting KO summaries. 
2026-06-29 11:22:58,385 [INFO]: Searching proteins against KOfam profiles
2026-06-29 11:22:58,385 [INFO]: Parsing HMM profile metadata
2026-06-29 11:23:54,980 [INFO]: Filtering and saving results...
2026-06-29 11:23:55,094 [INFO]: Search against KOfam done!
2026-06-29 11:24:45,595 [INFO]: Filtering and saving results...
2026-06-29 11:24:45,700 [INFO]: Search against KOfam done!
2026-06-29 11:25:23,867 [INFO]: Filtering and saving results...
2026-06-29 11:25:23,928 [INFO]: Search against KOfam done!
2026-06-29 11:26:10,193 [INFO]: Filtering and saving results...
2026-06-29 11:26:10,285 [INFO]: Search against KOfam done!
2026-06-29 11:26:47,123 [INFO]: Filtering and saving results...
2026-06-29 11:26:47,202 [INFO]: Search against KOfam done!
2026-06-29 11:27:46,619 [INFO]: Filtering and saving results...
2026-06-29 11:27:46,747 [INFO]: Search against KOfam done!
2026-06-29 11:28:48,728 [INFO]: Filtering and saving results...
2026-06-29 11:28:48,859 [INFO]: Search against KOfam done!
2026-06-29 11:29:19,328 [INFO]: Filtering and saving results...
2026-06-29 11:29:19,381 [INFO]: Search against KOfam done!
2026-06-29 11:30:14,458 [INFO]: Filtering and saving results...
2026-06-29 11:30:14,644 [INFO]: Search against KOfam done!
2026-06-29 11:31:05,096 [INFO]: Filtering and saving results...
2026-06-29 11:31:05,195 [INFO]: Search against KOfam done!
2026-06-29 11:32:12,227 [INFO]: Filtering and saving results...
2026-06-29 11:32:12,338 [INFO]: Search against KOfam done!
2026-06-29 11:32:56,915 [INFO]: Filtering and saving results...
2026-06-29 11:32:57,000 [INFO]: Search against KOfam done!
2026-06-29 11:33:41,436 [INFO]: Filtering and saving results...
2026-06-29 11:33:41,520 [INFO]: Search against KOfam done!
2026-06-29 11:34:41,067 [INFO]: Filtering and saving results...
2026-06-29 11:34:41,168 [INFO]: Search against KOfam done!
2026-06-29 11:35:05,827 [INFO]: Filtering and saving results...
2026-06-29 11:35:05,880 [INFO]: Search against KOfam done!
2026-06-29 11:35:49,752 [INFO]: Filtering and saving results...
2026-06-29 11:35:49,834 [INFO]: Search against KOfam done!
2026-06-29 11:36:21,454 [INFO]: Filtering and saving results...
2026-06-29 11:36:21,507 [INFO]: Search against KOfam done!
2026-06-29 11:36:43,680 [INFO]: Filtering and saving results...
2026-06-29 11:36:43,742 [INFO]: Search against KOfam done!
2026-06-29 11:37:27,492 [INFO]: Filtering and saving results...
2026-06-29 11:37:27,579 [INFO]: Search against KOfam done!
2026-06-29 11:39:10,081 [INFO]: Filtering and saving results...
2026-06-29 11:39:10,238 [INFO]: Search against KOfam done!
2026-06-29 11:40:47,922 [INFO]: Filtering and saving results...
2026-06-29 11:40:48,096 [INFO]: Search against KOfam done!
2026-06-29 11:42:30,343 [INFO]: Filtering and saving results...
2026-06-29 11:42:30,573 [INFO]: Search against KOfam done!
2026-06-29 11:44:20,696 [INFO]: Filtering and saving results...
2026-06-29 11:44:20,862 [INFO]: Search against KOfam done!
2026-06-29 11:44:45,141 [INFO]: Filtering and saving results...
2026-06-29 11:44:45,188 [INFO]: Search against KOfam done!
2026-06-29 11:45:10,717 [INFO]: Filtering and saving results...
2026-06-29 11:45:10,759 [INFO]: Search against KOfam done!
2026-06-29 11:46:12,931 [INFO]: Filtering and saving results...
2026-06-29 11:46:13,047 [INFO]: Search against KOfam done!
2026-06-29 11:47:25,188 [INFO]: Filtering and saving results...
2026-06-29 11:47:25,406 [INFO]: Search against KOfam done!
2026-06-29 11:48:24,688 [INFO]: Filtering and saving results...
2026-06-29 11:48:24,792 [INFO]: Search against KOfam done!
2026-06-29 11:49:01,843 [INFO]: Filtering and saving results...
2026-06-29 11:49:01,906 [INFO]: Search against KOfam done!
2026-06-29 11:50:10,874 [INFO]: Filtering and saving results...
2026-06-29 11:50:11,116 [INFO]: Search against KOfam done!
2026-06-29 11:50:48,017 [INFO]: Filtering and saving results...
2026-06-29 11:50:48,110 [INFO]: Search against KOfam done!
2026-06-29 11:52:11,230 [INFO]: Filtering and saving results...
2026-06-29 11:52:11,404 [INFO]: Search against KOfam done!
2026-06-29 11:53:51,593 [INFO]: Filtering and saving results...
2026-06-29 11:53:51,761 [INFO]: Search against KOfam done!
2026-06-29 11:55:26,292 [INFO]: Filtering and saving results...
2026-06-29 11:55:26,458 [INFO]: Search against KOfam done!
2026-06-29 11:56:26,206 [INFO]: Filtering and saving results...
2026-06-29 11:56:26,369 [INFO]: Search against KOfam done!
2026-06-29 11:57:25,517 [INFO]: Filtering and saving results...
2026-06-29 11:57:25,644 [INFO]: Search against KOfam done!
2026-06-29 11:58:00,672 [INFO]: Filtering and saving results...
2026-06-29 11:58:00,729 [INFO]: Search against KOfam done!
2026-06-29 11:58:43,339 [INFO]: Filtering and saving results...
2026-06-29 11:58:43,452 [INFO]: Search against KOfam done!
2026-06-29 12:00:01,648 [INFO]: Filtering and saving results...
2026-06-29 12:00:01,833 [INFO]: Search against KOfam done!
2026-06-29 12:00:48,245 [INFO]: Filtering and saving results...
2026-06-29 12:00:48,329 [INFO]: Search against KOfam done!
2026-06-29 12:01:14,724 [INFO]: Filtering and saving results...
2026-06-29 12:01:14,780 [INFO]: Search against KOfam done!
2026-06-29 12:02:18,027 [INFO]: Filtering and saving results...
2026-06-29 12:02:18,173 [INFO]: Search against KOfam done!
2026-06-29 12:03:14,538 [INFO]: Filtering and saving results...
2026-06-29 12:03:14,648 [INFO]: Search against KOfam done!
2026-06-29 12:03:56,266 [INFO]: Filtering and saving results...
2026-06-29 12:03:56,393 [INFO]: Search against KOfam done!
2026-06-29 12:04:33,213 [INFO]: Filtering and saving results...
2026-06-29 12:04:33,293 [INFO]: Search against KOfam done!
2026-06-29 12:06:03,217 [INFO]: Filtering and saving results...
2026-06-29 12:06:03,410 [INFO]: Search against KOfam done!
2026-06-29 12:07:00,836 [INFO]: Filtering and saving results...
2026-06-29 12:07:00,966 [INFO]: Search against KOfam done!
2026-06-29 12:07:31,162 [INFO]: Filtering and saving results...
2026-06-29 12:07:31,243 [INFO]: Search against KOfam done!
2026-06-29 12:09:14,067 [INFO]: Filtering and saving results...
2026-06-29 12:09:14,282 [INFO]: Search against KOfam done!
2026-06-29 12:10:46,863 [INFO]: Filtering and saving results...
2026-06-29 12:10:47,120 [INFO]: Search against KOfam done!
2026-06-29 12:10:47,625 [INFO]: Searching proteins against Swissprot
2026-06-29 12:12:41,403 [INFO]: Extracting Swissprot annotation data
2026-06-29 12:21:15,765 [INFO]: Searching proteins against RefSeq
2026-06-29 14:39:38,837 [INFO]: Extracting RefSeq annotation data
2026-06-29 16:07:12,805 [INFO]: Searching proteins against Trembl
2026-06-29 18:32:53,111 [INFO]: Extracting Trembl annotation data
2026-06-29 18:32:53,630 [INFO]: Improving annotations by searching matches in other databases
2026-06-29 18:32:56,496 [INFO]: MicrobeAnnotator has finished succefully!
