=====================================================
Start Time  : Mon Jun 29 11:12:57 AM PDT 2026
Job ID/Name : 64666424 / pangenome
======================================================

[2026-06-29 11:12:57] ========== Microbeannotator for Pangenome Analysis started ==========
[2026-06-29 11:12:57] Job ID/Name : 64666424 / pangenome
[2026-06-29 11:12:57] Node: hpc-34-08.cm.cluster, CPUs: 32, Mem: 122880MB
[2026-06-29 11:13:01] Activated conda env: /resnick/groups/enviromics/zahra/miniconda3/envs/microbeannotator
[2026-06-29 11:13:01] Running Microbeannotator
Loading diamond/2.1.7-gcc-13.2.0-cfkl5pd
  Loading requirement: zlib-ng/2.1.3-gcc-13.2.0-jetnfwa
2026-06-29 11:13:05,144 [INFO]:  ---- This is MicrobeAnnotator v2.0.5 ---- 
2026-06-29 11:13:05,145 [INFO]: Validating user inputs
2026-06-29 11:13:05,331 [INFO]: Passed
2026-06-29 11:13:05,332 [INFO]: Processing 50 files. I will run 8 files in parallel with 4 threads per file.
2026-06-29 11:13:05,332 [INFO]: Running in no_plot mode. Skipping plotting KO summaries. 
2026-06-29 11:13:06,053 [INFO]: Searching proteins against KOfam profiles
2026-06-29 11:13:06,053 [INFO]: Parsing HMM profile metadata
2026-06-29 11:13:34,997 [INFO]: Filtering and saving results...
2026-06-29 11:13:35,062 [INFO]: Search against KOfam done!
2026-06-29 11:14:02,263 [INFO]: Filtering and saving results...
2026-06-29 11:14:02,334 [INFO]: Search against KOfam done!
2026-06-29 11:14:29,268 [INFO]: Filtering and saving results...
2026-06-29 11:14:29,319 [INFO]: Search against KOfam done!
2026-06-29 11:14:58,123 [INFO]: Filtering and saving results...
2026-06-29 11:14:58,191 [INFO]: Search against KOfam done!
2026-06-29 11:15:28,612 [INFO]: Filtering and saving results...
2026-06-29 11:15:28,653 [INFO]: Search against KOfam done!
2026-06-29 11:16:01,142 [INFO]: Filtering and saving results...
2026-06-29 11:16:01,208 [INFO]: Search against KOfam done!
2026-06-29 11:16:32,419 [INFO]: Filtering and saving results...
2026-06-29 11:16:32,476 [INFO]: Search against KOfam done!
2026-06-29 11:16:55,961 [INFO]: Filtering and saving results...
2026-06-29 11:16:56,015 [INFO]: Search against KOfam done!
2026-06-29 11:17:33,036 [INFO]: Filtering and saving results...
2026-06-29 11:17:33,105 [INFO]: Search against KOfam done!
2026-06-29 11:17:59,844 [INFO]: Filtering and saving results...
2026-06-29 11:17:59,880 [INFO]: Search against KOfam done!
2026-06-29 11:18:22,020 [INFO]: Filtering and saving results...
2026-06-29 11:18:22,061 [INFO]: Search against KOfam done!
2026-06-29 11:18:49,703 [INFO]: Filtering and saving results...
2026-06-29 11:18:49,745 [INFO]: Search against KOfam done!
2026-06-29 11:19:14,063 [INFO]: Filtering and saving results...
2026-06-29 11:19:14,131 [INFO]: Search against KOfam done!
2026-06-29 11:19:40,465 [INFO]: Filtering and saving results...
2026-06-29 11:19:40,536 [INFO]: Search against KOfam done!
2026-06-29 11:20:10,606 [INFO]: Filtering and saving results...
2026-06-29 11:20:10,858 [INFO]: Search against KOfam done!
2026-06-29 11:20:39,685 [INFO]: Filtering and saving results...
2026-06-29 11:20:39,751 [INFO]: Search against KOfam done!
2026-06-29 11:21:08,974 [INFO]: Filtering and saving results...
2026-06-29 11:21:09,039 [INFO]: Search against KOfam done!
2026-06-29 11:21:34,835 [INFO]: Filtering and saving results...
2026-06-29 11:21:34,873 [INFO]: Search against KOfam done!
2026-06-29 11:22:01,385 [INFO]: Filtering and saving results...
2026-06-29 11:22:01,500 [INFO]: Search against KOfam done!
2026-06-29 11:22:28,912 [INFO]: Filtering and saving results...
2026-06-29 11:22:28,969 [INFO]: Search against KOfam done!
2026-06-29 11:22:53,296 [INFO]: Filtering and saving results...
2026-06-29 11:22:53,385 [INFO]: Search against KOfam done!
2026-06-29 11:23:21,146 [INFO]: Filtering and saving results...
2026-06-29 11:23:21,219 [INFO]: Search against KOfam done!
2026-06-29 11:23:44,893 [INFO]: Filtering and saving results...
2026-06-29 11:23:44,940 [INFO]: Search against KOfam done!
2026-06-29 11:24:10,490 [INFO]: Filtering and saving results...
2026-06-29 11:24:10,548 [INFO]: Search against KOfam done!
2026-06-29 11:24:34,459 [INFO]: Filtering and saving results...
2026-06-29 11:24:34,514 [INFO]: Search against KOfam done!
2026-06-29 11:24:58,553 [INFO]: Filtering and saving results...
2026-06-29 11:24:58,598 [INFO]: Search against KOfam done!
2026-06-29 11:25:42,988 [INFO]: Filtering and saving results...
2026-06-29 11:25:43,049 [INFO]: Search against KOfam done!
2026-06-29 11:26:03,044 [INFO]: Filtering and saving results...
2026-06-29 11:26:03,076 [INFO]: Search against KOfam done!
2026-06-29 11:26:33,167 [INFO]: Filtering and saving results...
2026-06-29 11:26:33,240 [INFO]: Search against KOfam done!
2026-06-29 11:27:27,555 [INFO]: Filtering and saving results...
2026-06-29 11:27:27,663 [INFO]: Search against KOfam done!
2026-06-29 11:28:04,398 [INFO]: Filtering and saving results...
2026-06-29 11:28:04,471 [INFO]: Search against KOfam done!
2026-06-29 11:28:39,734 [INFO]: Filtering and saving results...
2026-06-29 11:28:39,816 [INFO]: Search against KOfam done!
2026-06-29 11:29:26,445 [INFO]: Filtering and saving results...
2026-06-29 11:29:26,587 [INFO]: Search against KOfam done!
2026-06-29 11:30:00,894 [INFO]: Filtering and saving results...
2026-06-29 11:30:00,965 [INFO]: Search against KOfam done!
2026-06-29 11:30:23,345 [INFO]: Filtering and saving results...
2026-06-29 11:30:23,407 [INFO]: Search against KOfam done!
2026-06-29 11:30:50,379 [INFO]: Filtering and saving results...
2026-06-29 11:30:50,429 [INFO]: Search against KOfam done!
2026-06-29 11:31:26,210 [INFO]: Filtering and saving results...
2026-06-29 11:31:26,296 [INFO]: Search against KOfam done!
2026-06-29 11:32:14,614 [INFO]: Filtering and saving results...
2026-06-29 11:32:14,717 [INFO]: Search against KOfam done!
2026-06-29 11:32:41,891 [INFO]: Filtering and saving results...
2026-06-29 11:32:41,931 [INFO]: Search against KOfam done!
2026-06-29 11:33:17,697 [INFO]: Filtering and saving results...
2026-06-29 11:33:17,782 [INFO]: Search against KOfam done!
2026-06-29 11:33:59,308 [INFO]: Filtering and saving results...
2026-06-29 11:33:59,405 [INFO]: Search against KOfam done!
2026-06-29 11:34:26,746 [INFO]: Filtering and saving results...
2026-06-29 11:34:26,805 [INFO]: Search against KOfam done!
2026-06-29 11:34:55,876 [INFO]: Filtering and saving results...
2026-06-29 11:34:55,931 [INFO]: Search against KOfam done!
2026-06-29 11:35:22,238 [INFO]: Filtering and saving results...
2026-06-29 11:35:22,287 [INFO]: Search against KOfam done!
2026-06-29 11:35:49,494 [INFO]: Filtering and saving results...
2026-06-29 11:35:49,553 [INFO]: Search against KOfam done!
2026-06-29 11:36:31,507 [INFO]: Filtering and saving results...
2026-06-29 11:36:31,565 [INFO]: Search against KOfam done!
2026-06-29 11:36:57,961 [INFO]: Filtering and saving results...
2026-06-29 11:36:58,001 [INFO]: Search against KOfam done!
2026-06-29 11:37:33,548 [INFO]: Filtering and saving results...
2026-06-29 11:37:33,616 [INFO]: Search against KOfam done!
2026-06-29 11:38:36,767 [INFO]: Filtering and saving results...
2026-06-29 11:38:36,886 [INFO]: Search against KOfam done!
2026-06-29 11:39:19,011 [INFO]: Filtering and saving results...
2026-06-29 11:39:19,080 [INFO]: Search against KOfam done!
2026-06-29 11:39:19,143 [INFO]: Searching proteins against Swissprot
2026-06-29 11:41:23,218 [INFO]: Extracting Swissprot annotation data
2026-06-29 11:48:35,767 [INFO]: Searching proteins against RefSeq
2026-06-29 13:52:09,726 [INFO]: Extracting RefSeq annotation data
2026-06-29 14:46:53,603 [INFO]: Searching proteins against Trembl
2026-06-29 16:50:36,588 [INFO]: Extracting Trembl annotation data
2026-06-29 16:50:37,212 [INFO]: Improving annotations by searching matches in other databases
2026-06-29 16:50:39,278 [INFO]: MicrobeAnnotator has finished succefully!
