=====================================================
Start Time  : Mon Jun 29 11:12:26 AM PDT 2026
Job ID/Name : 64666418 / pangenome
======================================================

[2026-06-29 11:12:26] ========== Microbeannotator for Pangenome Analysis started ==========
[2026-06-29 11:12:26] Job ID/Name : 64666418 / pangenome
[2026-06-29 11:12:26] Node: hpc-52-01.cm.cluster, CPUs: 32, Mem: 122880MB
[2026-06-29 11:12:29] Activated conda env: /resnick/groups/enviromics/zahra/miniconda3/envs/microbeannotator
[2026-06-29 11:12:29] Running Microbeannotator
Loading diamond/2.1.7-gcc-13.2.0-cfkl5pd
  Loading requirement: zlib-ng/2.1.3-gcc-13.2.0-jetnfwa
2026-06-29 11:12:31,888 [INFO]:  ---- This is MicrobeAnnotator v2.0.5 ---- 
2026-06-29 11:12:31,888 [INFO]: Validating user inputs
2026-06-29 11:12:31,971 [INFO]: Passed
2026-06-29 11:12:31,972 [INFO]: Processing 50 files. I will run 8 files in parallel with 4 threads per file.
2026-06-29 11:12:31,972 [INFO]: Running in no_plot mode. Skipping plotting KO summaries. 
2026-06-29 11:12:32,603 [INFO]: Searching proteins against KOfam profiles
2026-06-29 11:12:32,603 [INFO]: Parsing HMM profile metadata
2026-06-29 11:13:04,618 [INFO]: Filtering and saving results...
2026-06-29 11:13:04,679 [INFO]: Search against KOfam done!
2026-06-29 11:13:29,704 [INFO]: Filtering and saving results...
2026-06-29 11:13:29,772 [INFO]: Search against KOfam done!
2026-06-29 11:13:54,967 [INFO]: Filtering and saving results...
2026-06-29 11:13:55,083 [INFO]: Search against KOfam done!
2026-06-29 11:14:12,595 [INFO]: Filtering and saving results...
2026-06-29 11:14:12,627 [INFO]: Search against KOfam done!
2026-06-29 11:14:37,483 [INFO]: Filtering and saving results...
2026-06-29 11:14:37,536 [INFO]: Search against KOfam done!
2026-06-29 11:15:01,833 [INFO]: Filtering and saving results...
2026-06-29 11:15:01,861 [INFO]: Search against KOfam done!
2026-06-29 11:15:24,245 [INFO]: Filtering and saving results...
2026-06-29 11:15:24,299 [INFO]: Search against KOfam done!
2026-06-29 11:15:46,380 [INFO]: Filtering and saving results...
2026-06-29 11:15:46,420 [INFO]: Search against KOfam done!
2026-06-29 11:16:07,453 [INFO]: Filtering and saving results...
2026-06-29 11:16:07,486 [INFO]: Search against KOfam done!
2026-06-29 11:16:34,175 [INFO]: Filtering and saving results...
2026-06-29 11:16:34,218 [INFO]: Search against KOfam done!
2026-06-29 11:16:50,826 [INFO]: Filtering and saving results...
2026-06-29 11:16:50,866 [INFO]: Search against KOfam done!
2026-06-29 11:17:06,818 [INFO]: Filtering and saving results...
2026-06-29 11:17:06,851 [INFO]: Search against KOfam done!
2026-06-29 11:17:37,262 [INFO]: Filtering and saving results...
2026-06-29 11:17:37,390 [INFO]: Search against KOfam done!
2026-06-29 11:17:59,661 [INFO]: Filtering and saving results...
2026-06-29 11:17:59,697 [INFO]: Search against KOfam done!
2026-06-29 11:18:25,841 [INFO]: Filtering and saving results...
2026-06-29 11:18:25,903 [INFO]: Search against KOfam done!
2026-06-29 11:18:45,375 [INFO]: Filtering and saving results...
2026-06-29 11:18:45,421 [INFO]: Search against KOfam done!
2026-06-29 11:19:11,093 [INFO]: Filtering and saving results...
2026-06-29 11:19:11,121 [INFO]: Search against KOfam done!
2026-06-29 11:19:29,833 [INFO]: Filtering and saving results...
2026-06-29 11:19:29,868 [INFO]: Search against KOfam done!
2026-06-29 11:19:57,253 [INFO]: Filtering and saving results...
2026-06-29 11:19:57,316 [INFO]: Search against KOfam done!
2026-06-29 11:20:19,252 [INFO]: Filtering and saving results...
2026-06-29 11:20:19,290 [INFO]: Search against KOfam done!
2026-06-29 11:20:49,469 [INFO]: Filtering and saving results...
2026-06-29 11:20:49,526 [INFO]: Search against KOfam done!
2026-06-29 11:21:06,329 [INFO]: Filtering and saving results...
2026-06-29 11:21:06,373 [INFO]: Search against KOfam done!
2026-06-29 11:21:23,211 [INFO]: Filtering and saving results...
2026-06-29 11:21:23,263 [INFO]: Search against KOfam done!
2026-06-29 11:21:42,974 [INFO]: Filtering and saving results...
2026-06-29 11:21:43,020 [INFO]: Search against KOfam done!
2026-06-29 11:22:04,792 [INFO]: Filtering and saving results...
2026-06-29 11:22:04,846 [INFO]: Search against KOfam done!
2026-06-29 11:22:29,671 [INFO]: Filtering and saving results...
2026-06-29 11:22:29,738 [INFO]: Search against KOfam done!
2026-06-29 11:22:52,626 [INFO]: Filtering and saving results...
2026-06-29 11:22:52,659 [INFO]: Search against KOfam done!
2026-06-29 11:23:12,936 [INFO]: Filtering and saving results...
2026-06-29 11:23:13,001 [INFO]: Search against KOfam done!
2026-06-29 11:23:58,575 [INFO]: Filtering and saving results...
2026-06-29 11:23:58,644 [INFO]: Search against KOfam done!
2026-06-29 11:24:18,042 [INFO]: Filtering and saving results...
2026-06-29 11:24:18,087 [INFO]: Search against KOfam done!
2026-06-29 11:24:48,885 [INFO]: Filtering and saving results...
2026-06-29 11:24:48,959 [INFO]: Search against KOfam done!
2026-06-29 11:25:35,690 [INFO]: Filtering and saving results...
2026-06-29 11:25:35,766 [INFO]: Search against KOfam done!
2026-06-29 11:26:51,034 [INFO]: Filtering and saving results...
2026-06-29 11:26:51,226 [INFO]: Search against KOfam done!
2026-06-29 11:27:34,373 [INFO]: Filtering and saving results...
2026-06-29 11:27:34,469 [INFO]: Search against KOfam done!
2026-06-29 11:28:40,123 [INFO]: Filtering and saving results...
2026-06-29 11:28:40,278 [INFO]: Search against KOfam done!
2026-06-29 11:29:11,083 [INFO]: Filtering and saving results...
2026-06-29 11:29:11,154 [INFO]: Search against KOfam done!
2026-06-29 11:30:24,321 [INFO]: Filtering and saving results...
2026-06-29 11:30:24,462 [INFO]: Search against KOfam done!
2026-06-29 11:31:02,373 [INFO]: Filtering and saving results...
2026-06-29 11:31:02,461 [INFO]: Search against KOfam done!
2026-06-29 11:31:56,382 [INFO]: Filtering and saving results...
2026-06-29 11:31:56,508 [INFO]: Search against KOfam done!
2026-06-29 11:33:14,426 [INFO]: Filtering and saving results...
2026-06-29 11:33:14,547 [INFO]: Search against KOfam done!
2026-06-29 11:34:07,543 [INFO]: Filtering and saving results...
2026-06-29 11:34:07,637 [INFO]: Search against KOfam done!
2026-06-29 11:35:05,010 [INFO]: Filtering and saving results...
2026-06-29 11:35:05,124 [INFO]: Search against KOfam done!
2026-06-29 11:35:46,093 [INFO]: Filtering and saving results...
2026-06-29 11:35:46,212 [INFO]: Search against KOfam done!
2026-06-29 11:36:24,000 [INFO]: Filtering and saving results...
2026-06-29 11:36:24,127 [INFO]: Search against KOfam done!
2026-06-29 11:37:13,555 [INFO]: Filtering and saving results...
2026-06-29 11:37:13,652 [INFO]: Search against KOfam done!
2026-06-29 11:37:43,102 [INFO]: Filtering and saving results...
2026-06-29 11:37:43,169 [INFO]: Search against KOfam done!
2026-06-29 11:38:40,465 [INFO]: Filtering and saving results...
2026-06-29 11:38:40,548 [INFO]: Search against KOfam done!
2026-06-29 11:39:28,865 [INFO]: Filtering and saving results...
2026-06-29 11:39:28,977 [INFO]: Search against KOfam done!
2026-06-29 11:40:08,470 [INFO]: Filtering and saving results...
2026-06-29 11:40:08,528 [INFO]: Search against KOfam done!
2026-06-29 11:40:48,367 [INFO]: Filtering and saving results...
2026-06-29 11:40:48,464 [INFO]: Search against KOfam done!
2026-06-29 11:40:48,531 [INFO]: Searching proteins against Swissprot
2026-06-29 11:42:40,281 [INFO]: Extracting Swissprot annotation data
2026-06-29 11:52:11,719 [INFO]: Searching proteins against RefSeq
2026-06-29 13:49:57,952 [INFO]: Extracting RefSeq annotation data
2026-06-29 14:42:22,584 [INFO]: Searching proteins against Trembl
2026-06-29 16:52:06,415 [INFO]: Extracting Trembl annotation data
2026-06-29 16:52:06,985 [INFO]: Improving annotations by searching matches in other databases
2026-06-29 16:52:09,198 [INFO]: MicrobeAnnotator has finished succefully!
