=====================================================
Start Time  : Mon Jun 29 11:15:01 AM PDT 2026
Job ID/Name : 64666455 / pangenome
======================================================

[2026-06-29 11:15:01] ========== Microbeannotator for Pangenome Analysis started ==========
[2026-06-29 11:15:01] Job ID/Name : 64666455 / pangenome
[2026-06-29 11:15:01] Node: hpc-34-34.cm.cluster, CPUs: 32, Mem: 122880MB
[2026-06-29 11:15:09] Activated conda env: /resnick/groups/enviromics/zahra/miniconda3/envs/microbeannotator
[2026-06-29 11:15:09] Running Microbeannotator
Loading diamond/2.1.7-gcc-13.2.0-cfkl5pd
  Loading requirement: zlib-ng/2.1.3-gcc-13.2.0-jetnfwa
2026-06-29 11:15:16,077 [INFO]:  ---- This is MicrobeAnnotator v2.0.5 ---- 
2026-06-29 11:15:16,078 [INFO]: Validating user inputs
2026-06-29 11:15:16,217 [INFO]: Passed
2026-06-29 11:15:16,217 [INFO]: Processing 50 files. I will run 8 files in parallel with 4 threads per file.
2026-06-29 11:15:16,217 [INFO]: Running in no_plot mode. Skipping plotting KO summaries. 
2026-06-29 11:15:17,319 [INFO]: Searching proteins against KOfam profiles
2026-06-29 11:15:17,319 [INFO]: Parsing HMM profile metadata
2026-06-29 11:17:10,055 [INFO]: Filtering and saving results...
2026-06-29 11:17:10,369 [INFO]: Search against KOfam done!
2026-06-29 11:17:59,817 [INFO]: Filtering and saving results...
2026-06-29 11:17:59,949 [INFO]: Search against KOfam done!
2026-06-29 11:18:41,046 [INFO]: Filtering and saving results...
2026-06-29 11:18:41,160 [INFO]: Search against KOfam done!
2026-06-29 11:19:30,352 [INFO]: Filtering and saving results...
2026-06-29 11:19:30,460 [INFO]: Search against KOfam done!
2026-06-29 11:20:36,208 [INFO]: Filtering and saving results...
2026-06-29 11:20:36,397 [INFO]: Search against KOfam done!
2026-06-29 11:21:12,893 [INFO]: Filtering and saving results...
2026-06-29 11:21:12,997 [INFO]: Search against KOfam done!
2026-06-29 11:21:36,974 [INFO]: Filtering and saving results...
2026-06-29 11:21:37,030 [INFO]: Search against KOfam done!
2026-06-29 11:22:17,738 [INFO]: Filtering and saving results...
2026-06-29 11:22:17,846 [INFO]: Search against KOfam done!
2026-06-29 11:23:01,655 [INFO]: Filtering and saving results...
2026-06-29 11:23:01,761 [INFO]: Search against KOfam done!
2026-06-29 11:23:51,244 [INFO]: Filtering and saving results...
2026-06-29 11:23:51,374 [INFO]: Search against KOfam done!
2026-06-29 11:24:30,437 [INFO]: Filtering and saving results...
2026-06-29 11:24:30,537 [INFO]: Search against KOfam done!
2026-06-29 11:25:12,324 [INFO]: Filtering and saving results...
2026-06-29 11:25:12,410 [INFO]: Search against KOfam done!
2026-06-29 11:25:39,065 [INFO]: Filtering and saving results...
2026-06-29 11:25:39,110 [INFO]: Search against KOfam done!
2026-06-29 11:26:05,506 [INFO]: Filtering and saving results...
2026-06-29 11:26:05,576 [INFO]: Search against KOfam done!
2026-06-29 11:27:13,969 [INFO]: Filtering and saving results...
2026-06-29 11:27:14,206 [INFO]: Search against KOfam done!
2026-06-29 11:27:46,311 [INFO]: Filtering and saving results...
2026-06-29 11:27:46,414 [INFO]: Search against KOfam done!
2026-06-29 11:28:18,907 [INFO]: Filtering and saving results...
2026-06-29 11:28:18,961 [INFO]: Search against KOfam done!
2026-06-29 11:29:07,438 [INFO]: Filtering and saving results...
2026-06-29 11:29:07,586 [INFO]: Search against KOfam done!
2026-06-29 11:29:26,037 [INFO]: Filtering and saving results...
2026-06-29 11:29:26,082 [INFO]: Search against KOfam done!
2026-06-29 11:30:08,149 [INFO]: Filtering and saving results...
2026-06-29 11:30:08,232 [INFO]: Search against KOfam done!
2026-06-29 11:31:18,970 [INFO]: Filtering and saving results...
2026-06-29 11:31:19,160 [INFO]: Search against KOfam done!
2026-06-29 11:31:56,225 [INFO]: Filtering and saving results...
2026-06-29 11:31:56,301 [INFO]: Search against KOfam done!
2026-06-29 11:32:36,707 [INFO]: Filtering and saving results...
2026-06-29 11:32:36,800 [INFO]: Search against KOfam done!
2026-06-29 11:33:20,473 [INFO]: Filtering and saving results...
2026-06-29 11:33:20,572 [INFO]: Search against KOfam done!
2026-06-29 11:34:02,170 [INFO]: Filtering and saving results...
2026-06-29 11:34:02,350 [INFO]: Search against KOfam done!
2026-06-29 11:35:19,621 [INFO]: Filtering and saving results...
2026-06-29 11:35:19,827 [INFO]: Search against KOfam done!
2026-06-29 11:37:46,620 [INFO]: Filtering and saving results...
2026-06-29 11:37:46,769 [INFO]: Search against KOfam done!
2026-06-29 11:38:45,624 [INFO]: Filtering and saving results...
2026-06-29 11:38:45,777 [INFO]: Search against KOfam done!
2026-06-29 11:40:19,844 [INFO]: Filtering and saving results...
2026-06-29 11:40:20,001 [INFO]: Search against KOfam done!
2026-06-29 11:41:03,509 [INFO]: Filtering and saving results...
2026-06-29 11:41:03,587 [INFO]: Search against KOfam done!
2026-06-29 11:41:30,422 [INFO]: Filtering and saving results...
2026-06-29 11:41:30,520 [INFO]: Search against KOfam done!
2026-06-29 11:42:43,713 [INFO]: Filtering and saving results...
2026-06-29 11:42:43,859 [INFO]: Search against KOfam done!
2026-06-29 11:43:26,399 [INFO]: Filtering and saving results...
2026-06-29 11:43:26,504 [INFO]: Search against KOfam done!
2026-06-29 11:44:10,533 [INFO]: Filtering and saving results...
2026-06-29 11:44:10,663 [INFO]: Search against KOfam done!
2026-06-29 11:44:52,662 [INFO]: Filtering and saving results...
2026-06-29 11:44:52,752 [INFO]: Search against KOfam done!
2026-06-29 11:45:38,775 [INFO]: Filtering and saving results...
2026-06-29 11:45:38,884 [INFO]: Search against KOfam done!
2026-06-29 11:46:02,401 [INFO]: Filtering and saving results...
2026-06-29 11:46:02,434 [INFO]: Search against KOfam done!
2026-06-29 11:46:29,983 [INFO]: Filtering and saving results...
2026-06-29 11:46:30,029 [INFO]: Search against KOfam done!
2026-06-29 11:47:03,295 [INFO]: Filtering and saving results...
2026-06-29 11:47:03,378 [INFO]: Search against KOfam done!
2026-06-29 11:47:34,971 [INFO]: Filtering and saving results...
2026-06-29 11:47:35,038 [INFO]: Search against KOfam done!
2026-06-29 11:48:10,004 [INFO]: Filtering and saving results...
2026-06-29 11:48:10,067 [INFO]: Search against KOfam done!
2026-06-29 11:48:38,835 [INFO]: Filtering and saving results...
2026-06-29 11:48:38,910 [INFO]: Search against KOfam done!
2026-06-29 11:49:12,542 [INFO]: Filtering and saving results...
2026-06-29 11:49:12,673 [INFO]: Search against KOfam done!
2026-06-29 11:49:44,643 [INFO]: Filtering and saving results...
2026-06-29 11:49:44,716 [INFO]: Search against KOfam done!
2026-06-29 11:50:16,111 [INFO]: Filtering and saving results...
2026-06-29 11:50:16,170 [INFO]: Search against KOfam done!
2026-06-29 11:51:24,154 [INFO]: Filtering and saving results...
2026-06-29 11:51:24,237 [INFO]: Search against KOfam done!
2026-06-29 11:51:58,705 [INFO]: Filtering and saving results...
2026-06-29 11:51:58,789 [INFO]: Search against KOfam done!
2026-06-29 11:52:23,043 [INFO]: Filtering and saving results...
2026-06-29 11:52:23,103 [INFO]: Search against KOfam done!
2026-06-29 11:54:16,854 [INFO]: Filtering and saving results...
2026-06-29 11:54:17,072 [INFO]: Search against KOfam done!
2026-06-29 11:54:42,964 [INFO]: Filtering and saving results...
2026-06-29 11:54:43,016 [INFO]: Search against KOfam done!
2026-06-29 11:54:43,081 [INFO]: Searching proteins against Swissprot
2026-06-29 11:56:38,563 [INFO]: Extracting Swissprot annotation data
2026-06-29 12:03:09,972 [INFO]: Searching proteins against RefSeq
2026-06-29 14:12:48,963 [INFO]: Extracting RefSeq annotation data
2026-06-29 15:37:12,027 [INFO]: Searching proteins against Trembl
2026-06-29 17:58:27,899 [INFO]: Extracting Trembl annotation data
2026-06-29 17:58:28,428 [INFO]: Improving annotations by searching matches in other databases
2026-06-29 17:58:31,609 [INFO]: MicrobeAnnotator has finished succefully!
