=====================================================
Start Time  : Mon Jun 29 11:18:06 AM PDT 2026
Job ID/Name : 64666506 / pangenome
======================================================

[2026-06-29 11:18:06] ========== Microbeannotator for Pangenome Analysis started ==========
[2026-06-29 11:18:06] Job ID/Name : 64666506 / pangenome
[2026-06-29 11:18:06] Node: hpc-34-17.cm.cluster, CPUs: 32, Mem: 122880MB
[2026-06-29 11:18:10] Activated conda env: /resnick/groups/enviromics/zahra/miniconda3/envs/microbeannotator
[2026-06-29 11:18:10] Running Microbeannotator
Loading diamond/2.1.7-gcc-13.2.0-cfkl5pd
  Loading requirement: zlib-ng/2.1.3-gcc-13.2.0-jetnfwa
2026-06-29 11:18:12,245 [INFO]:  ---- This is MicrobeAnnotator v2.0.5 ---- 
2026-06-29 11:18:12,246 [INFO]: Validating user inputs
2026-06-29 11:18:12,405 [INFO]: Passed
2026-06-29 11:18:12,405 [INFO]: Processing 50 files. I will run 8 files in parallel with 4 threads per file.
2026-06-29 11:18:12,405 [INFO]: Running in no_plot mode. Skipping plotting KO summaries. 
2026-06-29 11:18:13,155 [INFO]: Searching proteins against KOfam profiles
2026-06-29 11:18:13,155 [INFO]: Parsing HMM profile metadata
2026-06-29 11:19:37,644 [INFO]: Filtering and saving results...
2026-06-29 11:19:37,827 [INFO]: Search against KOfam done!
2026-06-29 11:20:07,321 [INFO]: Filtering and saving results...
2026-06-29 11:20:07,380 [INFO]: Search against KOfam done!
2026-06-29 11:20:49,709 [INFO]: Filtering and saving results...
2026-06-29 11:20:49,785 [INFO]: Search against KOfam done!
2026-06-29 11:21:20,861 [INFO]: Filtering and saving results...
2026-06-29 11:21:20,948 [INFO]: Search against KOfam done!
2026-06-29 11:21:50,752 [INFO]: Filtering and saving results...
2026-06-29 11:21:50,825 [INFO]: Search against KOfam done!
2026-06-29 11:22:45,255 [INFO]: Filtering and saving results...
2026-06-29 11:22:45,358 [INFO]: Search against KOfam done!
2026-06-29 11:23:12,525 [INFO]: Filtering and saving results...
2026-06-29 11:23:12,587 [INFO]: Search against KOfam done!
2026-06-29 11:23:46,096 [INFO]: Filtering and saving results...
2026-06-29 11:23:46,163 [INFO]: Search against KOfam done!
2026-06-29 11:24:17,430 [INFO]: Filtering and saving results...
2026-06-29 11:24:17,501 [INFO]: Search against KOfam done!
2026-06-29 11:25:11,345 [INFO]: Filtering and saving results...
2026-06-29 11:25:11,474 [INFO]: Search against KOfam done!
2026-06-29 11:26:01,236 [INFO]: Filtering and saving results...
2026-06-29 11:26:01,340 [INFO]: Search against KOfam done!
2026-06-29 11:27:32,283 [INFO]: Filtering and saving results...
2026-06-29 11:27:32,455 [INFO]: Search against KOfam done!
2026-06-29 11:28:18,161 [INFO]: Filtering and saving results...
2026-06-29 11:28:18,263 [INFO]: Search against KOfam done!
2026-06-29 11:28:54,924 [INFO]: Filtering and saving results...
2026-06-29 11:28:54,982 [INFO]: Search against KOfam done!
2026-06-29 11:29:38,278 [INFO]: Filtering and saving results...
2026-06-29 11:29:38,368 [INFO]: Search against KOfam done!
2026-06-29 11:30:54,582 [INFO]: Filtering and saving results...
2026-06-29 11:30:54,789 [INFO]: Search against KOfam done!
2026-06-29 11:31:21,648 [INFO]: Filtering and saving results...
2026-06-29 11:31:21,695 [INFO]: Search against KOfam done!
2026-06-29 11:32:14,599 [INFO]: Filtering and saving results...
2026-06-29 11:32:14,792 [INFO]: Search against KOfam done!
2026-06-29 11:33:20,542 [INFO]: Filtering and saving results...
2026-06-29 11:33:20,662 [INFO]: Search against KOfam done!
2026-06-29 11:34:18,597 [INFO]: Filtering and saving results...
2026-06-29 11:34:18,710 [INFO]: Search against KOfam done!
2026-06-29 11:35:07,826 [INFO]: Filtering and saving results...
2026-06-29 11:35:07,953 [INFO]: Search against KOfam done!
2026-06-29 11:36:06,143 [INFO]: Filtering and saving results...
2026-06-29 11:36:06,332 [INFO]: Search against KOfam done!
2026-06-29 11:36:30,469 [INFO]: Filtering and saving results...
2026-06-29 11:36:30,514 [INFO]: Search against KOfam done!
2026-06-29 11:37:03,899 [INFO]: Filtering and saving results...
2026-06-29 11:37:03,998 [INFO]: Search against KOfam done!
2026-06-29 11:37:36,214 [INFO]: Filtering and saving results...
2026-06-29 11:37:36,279 [INFO]: Search against KOfam done!
2026-06-29 11:38:06,836 [INFO]: Filtering and saving results...
2026-06-29 11:38:06,915 [INFO]: Search against KOfam done!
2026-06-29 11:38:47,928 [INFO]: Filtering and saving results...
2026-06-29 11:38:48,018 [INFO]: Search against KOfam done!
2026-06-29 11:39:40,158 [INFO]: Filtering and saving results...
2026-06-29 11:39:40,257 [INFO]: Search against KOfam done!
2026-06-29 11:40:31,406 [INFO]: Filtering and saving results...
2026-06-29 11:40:31,500 [INFO]: Search against KOfam done!
2026-06-29 11:41:07,863 [INFO]: Filtering and saving results...
2026-06-29 11:41:07,947 [INFO]: Search against KOfam done!
2026-06-29 11:42:44,669 [INFO]: Filtering and saving results...
2026-06-29 11:42:44,912 [INFO]: Search against KOfam done!
2026-06-29 11:43:30,397 [INFO]: Filtering and saving results...
2026-06-29 11:43:30,500 [INFO]: Search against KOfam done!
2026-06-29 11:44:25,642 [INFO]: Filtering and saving results...
2026-06-29 11:44:25,739 [INFO]: Search against KOfam done!
2026-06-29 11:45:18,311 [INFO]: Filtering and saving results...
2026-06-29 11:45:18,400 [INFO]: Search against KOfam done!
2026-06-29 11:45:58,906 [INFO]: Filtering and saving results...
2026-06-29 11:45:58,974 [INFO]: Search against KOfam done!
2026-06-29 11:46:44,860 [INFO]: Filtering and saving results...
2026-06-29 11:46:44,944 [INFO]: Search against KOfam done!
2026-06-29 11:47:16,304 [INFO]: Filtering and saving results...
2026-06-29 11:47:16,377 [INFO]: Search against KOfam done!
2026-06-29 11:47:44,142 [INFO]: Filtering and saving results...
2026-06-29 11:47:44,206 [INFO]: Search against KOfam done!
2026-06-29 11:48:16,377 [INFO]: Filtering and saving results...
2026-06-29 11:48:16,454 [INFO]: Search against KOfam done!
2026-06-29 11:48:56,503 [INFO]: Filtering and saving results...
2026-06-29 11:48:56,570 [INFO]: Search against KOfam done!
2026-06-29 11:49:33,588 [INFO]: Filtering and saving results...
2026-06-29 11:49:33,675 [INFO]: Search against KOfam done!
2026-06-29 11:50:28,695 [INFO]: Filtering and saving results...
2026-06-29 11:50:28,774 [INFO]: Search against KOfam done!
2026-06-29 11:51:06,454 [INFO]: Filtering and saving results...
2026-06-29 11:51:06,569 [INFO]: Search against KOfam done!
2026-06-29 11:51:50,730 [INFO]: Filtering and saving results...
2026-06-29 11:51:50,797 [INFO]: Search against KOfam done!
2026-06-29 11:52:23,902 [INFO]: Filtering and saving results...
2026-06-29 11:52:23,961 [INFO]: Search against KOfam done!
2026-06-29 11:52:56,413 [INFO]: Filtering and saving results...
2026-06-29 11:52:56,464 [INFO]: Search against KOfam done!
2026-06-29 11:53:33,377 [INFO]: Filtering and saving results...
2026-06-29 11:53:33,437 [INFO]: Search against KOfam done!
2026-06-29 11:54:10,650 [INFO]: Filtering and saving results...
2026-06-29 11:54:10,743 [INFO]: Search against KOfam done!
2026-06-29 11:54:45,690 [INFO]: Filtering and saving results...
2026-06-29 11:54:45,801 [INFO]: Search against KOfam done!
2026-06-29 11:55:09,566 [INFO]: Filtering and saving results...
2026-06-29 11:55:09,613 [INFO]: Search against KOfam done!
2026-06-29 11:55:09,652 [INFO]: Searching proteins against Swissprot
2026-06-29 11:57:15,164 [INFO]: Extracting Swissprot annotation data
2026-06-29 12:03:17,694 [INFO]: Searching proteins against RefSeq
2026-06-29 14:04:14,433 [INFO]: Extracting RefSeq annotation data
2026-06-29 15:29:09,764 [INFO]: Searching proteins against Trembl
2026-06-29 17:37:52,823 [INFO]: Extracting Trembl annotation data
2026-06-29 17:37:53,323 [INFO]: Improving annotations by searching matches in other databases
2026-06-29 17:37:56,260 [INFO]: MicrobeAnnotator has finished succefully!
