=====================================================
Start Time  : Mon Jun 29 11:08:48 AM PDT 2026
Job ID/Name : 64666335 / pangenome
======================================================

[2026-06-29 11:08:48] ========== Microbeannotator for Pangenome Analysis started ==========
[2026-06-29 11:08:48] Job ID/Name : 64666335 / pangenome
[2026-06-29 11:08:48] Node: hpc-34-10.cm.cluster, CPUs: 32, Mem: 122880MB
[2026-06-29 11:08:56] Activated conda env: /resnick/groups/enviromics/zahra/miniconda3/envs/microbeannotator
[2026-06-29 11:08:56] Running Microbeannotator
Loading diamond/2.1.7-gcc-13.2.0-cfkl5pd
  Loading requirement: zlib-ng/2.1.3-gcc-13.2.0-jetnfwa
2026-06-29 11:09:03,090 [INFO]:  ---- This is MicrobeAnnotator v2.0.5 ---- 
2026-06-29 11:09:03,091 [INFO]: Validating user inputs
2026-06-29 11:09:03,193 [INFO]: Passed
2026-06-29 11:09:03,193 [INFO]: Processing 50 files. I will run 8 files in parallel with 4 threads per file.
2026-06-29 11:09:03,194 [INFO]: Running in no_plot mode. Skipping plotting KO summaries. 
2026-06-29 11:09:03,987 [INFO]: Searching proteins against KOfam profiles
2026-06-29 11:09:03,987 [INFO]: Parsing HMM profile metadata
2026-06-29 11:09:32,035 [INFO]: Filtering and saving results...
2026-06-29 11:09:32,191 [INFO]: Search against KOfam done!
2026-06-29 11:10:02,665 [INFO]: Filtering and saving results...
2026-06-29 11:10:02,743 [INFO]: Search against KOfam done!
2026-06-29 11:10:42,650 [INFO]: Filtering and saving results...
2026-06-29 11:10:42,714 [INFO]: Search against KOfam done!
2026-06-29 11:11:37,537 [INFO]: Filtering and saving results...
2026-06-29 11:11:37,654 [INFO]: Search against KOfam done!
2026-06-29 11:12:26,979 [INFO]: Filtering and saving results...
2026-06-29 11:12:27,057 [INFO]: Search against KOfam done!
2026-06-29 11:13:13,934 [INFO]: Filtering and saving results...
2026-06-29 11:13:14,018 [INFO]: Search against KOfam done!
2026-06-29 11:13:42,317 [INFO]: Filtering and saving results...
2026-06-29 11:13:42,392 [INFO]: Search against KOfam done!
2026-06-29 11:14:13,559 [INFO]: Filtering and saving results...
2026-06-29 11:14:13,629 [INFO]: Search against KOfam done!
2026-06-29 11:14:30,066 [INFO]: Filtering and saving results...
2026-06-29 11:14:30,119 [INFO]: Search against KOfam done!
2026-06-29 11:15:08,019 [INFO]: Filtering and saving results...
2026-06-29 11:15:08,097 [INFO]: Search against KOfam done!
2026-06-29 11:15:50,820 [INFO]: Filtering and saving results...
2026-06-29 11:15:50,875 [INFO]: Search against KOfam done!
2026-06-29 11:16:19,618 [INFO]: Filtering and saving results...
2026-06-29 11:16:19,683 [INFO]: Search against KOfam done!
2026-06-29 11:16:52,824 [INFO]: Filtering and saving results...
2026-06-29 11:16:52,896 [INFO]: Search against KOfam done!
2026-06-29 11:17:27,186 [INFO]: Filtering and saving results...
2026-06-29 11:17:27,250 [INFO]: Search against KOfam done!
2026-06-29 11:18:05,020 [INFO]: Filtering and saving results...
2026-06-29 11:18:05,089 [INFO]: Search against KOfam done!
2026-06-29 11:18:30,099 [INFO]: Filtering and saving results...
2026-06-29 11:18:30,149 [INFO]: Search against KOfam done!
2026-06-29 11:18:52,261 [INFO]: Filtering and saving results...
2026-06-29 11:18:52,333 [INFO]: Search against KOfam done!
2026-06-29 11:19:12,594 [INFO]: Filtering and saving results...
2026-06-29 11:19:12,651 [INFO]: Search against KOfam done!
2026-06-29 11:19:31,794 [INFO]: Filtering and saving results...
2026-06-29 11:19:31,832 [INFO]: Search against KOfam done!
2026-06-29 11:19:54,301 [INFO]: Filtering and saving results...
2026-06-29 11:19:54,357 [INFO]: Search against KOfam done!
2026-06-29 11:20:27,280 [INFO]: Filtering and saving results...
2026-06-29 11:20:27,347 [INFO]: Search against KOfam done!
2026-06-29 11:20:49,290 [INFO]: Filtering and saving results...
2026-06-29 11:20:49,339 [INFO]: Search against KOfam done!
2026-06-29 11:21:17,818 [INFO]: Filtering and saving results...
2026-06-29 11:21:17,858 [INFO]: Search against KOfam done!
2026-06-29 11:21:40,126 [INFO]: Filtering and saving results...
2026-06-29 11:21:40,187 [INFO]: Search against KOfam done!
2026-06-29 11:22:05,440 [INFO]: Filtering and saving results...
2026-06-29 11:22:05,488 [INFO]: Search against KOfam done!
2026-06-29 11:22:28,743 [INFO]: Filtering and saving results...
2026-06-29 11:22:28,792 [INFO]: Search against KOfam done!
2026-06-29 11:23:12,728 [INFO]: Filtering and saving results...
2026-06-29 11:23:12,796 [INFO]: Search against KOfam done!
2026-06-29 11:23:38,418 [INFO]: Filtering and saving results...
2026-06-29 11:23:38,462 [INFO]: Search against KOfam done!
2026-06-29 11:24:19,293 [INFO]: Filtering and saving results...
2026-06-29 11:24:19,362 [INFO]: Search against KOfam done!
2026-06-29 11:25:50,973 [INFO]: Filtering and saving results...
2026-06-29 11:25:51,113 [INFO]: Search against KOfam done!
2026-06-29 11:26:10,793 [INFO]: Filtering and saving results...
2026-06-29 11:26:10,816 [INFO]: Search against KOfam done!
2026-06-29 11:26:33,694 [INFO]: Filtering and saving results...
2026-06-29 11:26:33,738 [INFO]: Search against KOfam done!
2026-06-29 11:26:53,848 [INFO]: Filtering and saving results...
2026-06-29 11:26:53,888 [INFO]: Search against KOfam done!
2026-06-29 11:27:16,220 [INFO]: Filtering and saving results...
2026-06-29 11:27:16,271 [INFO]: Search against KOfam done!
2026-06-29 11:27:32,728 [INFO]: Filtering and saving results...
2026-06-29 11:27:32,774 [INFO]: Search against KOfam done!
2026-06-29 11:28:01,813 [INFO]: Filtering and saving results...
2026-06-29 11:28:01,886 [INFO]: Search against KOfam done!
2026-06-29 11:28:24,566 [INFO]: Filtering and saving results...
2026-06-29 11:28:24,635 [INFO]: Search against KOfam done!
2026-06-29 11:28:46,804 [INFO]: Filtering and saving results...
2026-06-29 11:28:46,845 [INFO]: Search against KOfam done!
2026-06-29 11:29:13,810 [INFO]: Filtering and saving results...
2026-06-29 11:29:13,874 [INFO]: Search against KOfam done!
2026-06-29 11:29:41,656 [INFO]: Filtering and saving results...
2026-06-29 11:29:41,787 [INFO]: Search against KOfam done!
2026-06-29 11:30:03,300 [INFO]: Filtering and saving results...
2026-06-29 11:30:03,353 [INFO]: Search against KOfam done!
2026-06-29 11:30:27,977 [INFO]: Filtering and saving results...
2026-06-29 11:30:28,026 [INFO]: Search against KOfam done!
2026-06-29 11:30:55,547 [INFO]: Filtering and saving results...
2026-06-29 11:30:55,608 [INFO]: Search against KOfam done!
2026-06-29 11:31:23,369 [INFO]: Filtering and saving results...
2026-06-29 11:31:23,432 [INFO]: Search against KOfam done!
2026-06-29 11:31:44,675 [INFO]: Filtering and saving results...
2026-06-29 11:31:44,730 [INFO]: Search against KOfam done!
2026-06-29 11:32:13,847 [INFO]: Filtering and saving results...
2026-06-29 11:32:13,916 [INFO]: Search against KOfam done!
2026-06-29 11:32:53,088 [INFO]: Filtering and saving results...
2026-06-29 11:32:53,148 [INFO]: Search against KOfam done!
2026-06-29 11:33:38,915 [INFO]: Filtering and saving results...
2026-06-29 11:33:38,985 [INFO]: Search against KOfam done!
2026-06-29 11:34:07,116 [INFO]: Filtering and saving results...
2026-06-29 11:34:07,180 [INFO]: Search against KOfam done!
2026-06-29 11:34:31,804 [INFO]: Filtering and saving results...
2026-06-29 11:34:31,860 [INFO]: Search against KOfam done!
2026-06-29 11:34:31,902 [INFO]: Searching proteins against Swissprot
2026-06-29 11:36:40,394 [INFO]: Extracting Swissprot annotation data
2026-06-29 11:37:58,859 [INFO]: Searching proteins against RefSeq
2026-06-29 13:48:39,002 [INFO]: Extracting RefSeq annotation data
2026-06-29 14:27:56,191 [INFO]: Searching proteins against Trembl
2026-06-29 16:42:35,239 [INFO]: Extracting Trembl annotation data
2026-06-29 16:42:35,700 [INFO]: Improving annotations by searching matches in other databases
2026-06-29 16:42:37,909 [INFO]: MicrobeAnnotator has finished succefully!
