=====================================================
Start Time  : Mon Jun 29 11:18:06 AM PDT 2026
Job ID/Name : 64666508 / pangenome
======================================================

[2026-06-29 11:18:06] ========== Microbeannotator for Pangenome Analysis started ==========
[2026-06-29 11:18:06] Job ID/Name : 64666508 / pangenome
[2026-06-29 11:18:06] Node: hpc-53-12.cm.cluster, CPUs: 32, Mem: 122880MB
[2026-06-29 11:18:12] Activated conda env: /resnick/groups/enviromics/zahra/miniconda3/envs/microbeannotator
[2026-06-29 11:18:12] Running Microbeannotator
Loading diamond/2.1.7-gcc-13.2.0-cfkl5pd
  Loading requirement: zlib-ng/2.1.3-gcc-13.2.0-jetnfwa
2026-06-29 11:18:17,822 [INFO]:  ---- This is MicrobeAnnotator v2.0.5 ---- 
2026-06-29 11:18:17,823 [INFO]: Validating user inputs
2026-06-29 11:18:17,952 [INFO]: Passed
2026-06-29 11:18:17,953 [INFO]: Processing 50 files. I will run 8 files in parallel with 4 threads per file.
2026-06-29 11:18:17,953 [INFO]: Running in no_plot mode. Skipping plotting KO summaries. 
2026-06-29 11:18:18,786 [INFO]: Searching proteins against KOfam profiles
2026-06-29 11:18:18,786 [INFO]: Parsing HMM profile metadata
2026-06-29 11:19:30,584 [INFO]: Filtering and saving results...
2026-06-29 11:19:30,705 [INFO]: Search against KOfam done!
2026-06-29 11:20:15,565 [INFO]: Filtering and saving results...
2026-06-29 11:20:15,653 [INFO]: Search against KOfam done!
2026-06-29 11:21:00,017 [INFO]: Filtering and saving results...
2026-06-29 11:21:00,106 [INFO]: Search against KOfam done!
2026-06-29 11:21:49,211 [INFO]: Filtering and saving results...
2026-06-29 11:21:49,297 [INFO]: Search against KOfam done!
2026-06-29 11:22:18,671 [INFO]: Filtering and saving results...
2026-06-29 11:22:18,729 [INFO]: Search against KOfam done!
2026-06-29 11:22:46,095 [INFO]: Filtering and saving results...
2026-06-29 11:22:46,169 [INFO]: Search against KOfam done!
2026-06-29 11:23:54,859 [INFO]: Filtering and saving results...
2026-06-29 11:23:55,000 [INFO]: Search against KOfam done!
2026-06-29 11:24:27,456 [INFO]: Filtering and saving results...
2026-06-29 11:24:27,534 [INFO]: Search against KOfam done!
2026-06-29 11:25:29,451 [INFO]: Filtering and saving results...
2026-06-29 11:25:29,557 [INFO]: Search against KOfam done!
2026-06-29 11:26:28,191 [INFO]: Filtering and saving results...
2026-06-29 11:26:28,337 [INFO]: Search against KOfam done!
2026-06-29 11:27:44,240 [INFO]: Filtering and saving results...
2026-06-29 11:27:44,383 [INFO]: Search against KOfam done!
2026-06-29 11:28:18,324 [INFO]: Filtering and saving results...
2026-06-29 11:28:18,390 [INFO]: Search against KOfam done!
2026-06-29 11:28:48,865 [INFO]: Filtering and saving results...
2026-06-29 11:28:48,921 [INFO]: Search against KOfam done!
2026-06-29 11:29:53,749 [INFO]: Filtering and saving results...
2026-06-29 11:29:53,855 [INFO]: Search against KOfam done!
2026-06-29 11:30:27,698 [INFO]: Filtering and saving results...
2026-06-29 11:30:27,787 [INFO]: Search against KOfam done!
2026-06-29 11:31:15,257 [INFO]: Filtering and saving results...
2026-06-29 11:31:15,353 [INFO]: Search against KOfam done!
2026-06-29 11:32:19,580 [INFO]: Filtering and saving results...
2026-06-29 11:32:19,728 [INFO]: Search against KOfam done!
2026-06-29 11:32:43,104 [INFO]: Filtering and saving results...
2026-06-29 11:32:43,153 [INFO]: Search against KOfam done!
2026-06-29 11:33:29,581 [INFO]: Filtering and saving results...
2026-06-29 11:33:29,672 [INFO]: Search against KOfam done!
2026-06-29 11:35:25,962 [INFO]: Filtering and saving results...
2026-06-29 11:35:26,109 [INFO]: Search against KOfam done!
2026-06-29 11:36:26,624 [INFO]: Filtering and saving results...
2026-06-29 11:36:26,744 [INFO]: Search against KOfam done!
2026-06-29 11:37:36,476 [INFO]: Filtering and saving results...
2026-06-29 11:37:36,631 [INFO]: Search against KOfam done!
2026-06-29 11:38:39,980 [INFO]: Filtering and saving results...
2026-06-29 11:38:40,099 [INFO]: Search against KOfam done!
2026-06-29 11:39:54,884 [INFO]: Filtering and saving results...
2026-06-29 11:39:55,024 [INFO]: Search against KOfam done!
2026-06-29 11:40:39,281 [INFO]: Filtering and saving results...
2026-06-29 11:40:39,371 [INFO]: Search against KOfam done!
2026-06-29 11:42:14,993 [INFO]: Filtering and saving results...
2026-06-29 11:42:15,167 [INFO]: Search against KOfam done!
2026-06-29 11:42:36,953 [INFO]: Filtering and saving results...
2026-06-29 11:42:37,002 [INFO]: Search against KOfam done!
2026-06-29 11:43:19,135 [INFO]: Filtering and saving results...
2026-06-29 11:43:19,232 [INFO]: Search against KOfam done!
2026-06-29 11:44:19,373 [INFO]: Filtering and saving results...
2026-06-29 11:44:19,504 [INFO]: Search against KOfam done!
2026-06-29 11:45:04,616 [INFO]: Filtering and saving results...
2026-06-29 11:45:04,705 [INFO]: Search against KOfam done!
2026-06-29 11:46:08,737 [INFO]: Filtering and saving results...
2026-06-29 11:46:08,839 [INFO]: Search against KOfam done!
2026-06-29 11:47:24,809 [INFO]: Filtering and saving results...
2026-06-29 11:47:24,938 [INFO]: Search against KOfam done!
2026-06-29 11:48:49,103 [INFO]: Filtering and saving results...
2026-06-29 11:48:49,275 [INFO]: Search against KOfam done!
2026-06-29 11:50:06,437 [INFO]: Filtering and saving results...
2026-06-29 11:50:06,554 [INFO]: Search against KOfam done!
2026-06-29 11:51:21,909 [INFO]: Filtering and saving results...
2026-06-29 11:51:22,041 [INFO]: Search against KOfam done!
2026-06-29 11:52:51,588 [INFO]: Filtering and saving results...
2026-06-29 11:52:51,713 [INFO]: Search against KOfam done!
2026-06-29 11:53:39,767 [INFO]: Filtering and saving results...
2026-06-29 11:53:39,852 [INFO]: Search against KOfam done!
2026-06-29 11:54:50,335 [INFO]: Filtering and saving results...
2026-06-29 11:54:50,468 [INFO]: Search against KOfam done!
2026-06-29 11:55:36,879 [INFO]: Filtering and saving results...
2026-06-29 11:55:36,952 [INFO]: Search against KOfam done!
2026-06-29 11:56:30,154 [INFO]: Filtering and saving results...
2026-06-29 11:56:30,245 [INFO]: Search against KOfam done!
2026-06-29 11:57:51,244 [INFO]: Filtering and saving results...
2026-06-29 11:57:51,328 [INFO]: Search against KOfam done!
2026-06-29 11:58:56,184 [INFO]: Filtering and saving results...
2026-06-29 11:58:56,251 [INFO]: Search against KOfam done!
2026-06-29 11:59:37,196 [INFO]: Filtering and saving results...
2026-06-29 11:59:37,293 [INFO]: Search against KOfam done!
2026-06-29 12:00:23,166 [INFO]: Filtering and saving results...
2026-06-29 12:00:23,243 [INFO]: Search against KOfam done!
2026-06-29 12:01:09,759 [INFO]: Filtering and saving results...
2026-06-29 12:01:09,833 [INFO]: Search against KOfam done!
2026-06-29 12:01:46,599 [INFO]: Filtering and saving results...
2026-06-29 12:01:46,662 [INFO]: Search against KOfam done!
2026-06-29 12:03:05,761 [INFO]: Filtering and saving results...
2026-06-29 12:03:05,915 [INFO]: Search against KOfam done!
2026-06-29 12:03:49,016 [INFO]: Filtering and saving results...
2026-06-29 12:03:49,108 [INFO]: Search against KOfam done!
2026-06-29 12:04:30,500 [INFO]: Filtering and saving results...
2026-06-29 12:04:30,583 [INFO]: Search against KOfam done!
2026-06-29 12:05:34,590 [INFO]: Filtering and saving results...
2026-06-29 12:05:34,673 [INFO]: Search against KOfam done!
2026-06-29 12:05:34,778 [INFO]: Searching proteins against Swissprot
2026-06-29 12:07:49,994 [INFO]: Extracting Swissprot annotation data
2026-06-29 12:14:40,709 [INFO]: Searching proteins against RefSeq
2026-06-29 14:44:03,970 [INFO]: Extracting RefSeq annotation data
2026-06-29 16:00:52,142 [INFO]: Searching proteins against Trembl
2026-06-29 18:21:28,628 [INFO]: Extracting Trembl annotation data
2026-06-29 18:21:29,017 [INFO]: Improving annotations by searching matches in other databases
2026-06-29 18:21:34,210 [INFO]: MicrobeAnnotator has finished succefully!
