=====================================================
Start Time  : Mon Jun 29 11:17:04 AM PDT 2026
Job ID/Name : 64666486 / pangenome
======================================================

[2026-06-29 11:17:04] ========== Microbeannotator for Pangenome Analysis started ==========
[2026-06-29 11:17:04] Job ID/Name : 64666486 / pangenome
[2026-06-29 11:17:04] Node: hpc-54-01.cm.cluster, CPUs: 32, Mem: 122880MB
[2026-06-29 11:17:10] Activated conda env: /resnick/groups/enviromics/zahra/miniconda3/envs/microbeannotator
[2026-06-29 11:17:10] Running Microbeannotator
Loading diamond/2.1.7-gcc-13.2.0-cfkl5pd
  Loading requirement: zlib-ng/2.1.3-gcc-13.2.0-jetnfwa
2026-06-29 11:17:15,154 [INFO]:  ---- This is MicrobeAnnotator v2.0.5 ---- 
2026-06-29 11:17:15,154 [INFO]: Validating user inputs
2026-06-29 11:17:15,297 [INFO]: Passed
2026-06-29 11:17:15,298 [INFO]: Processing 50 files. I will run 8 files in parallel with 4 threads per file.
2026-06-29 11:17:15,298 [INFO]: Running in no_plot mode. Skipping plotting KO summaries. 
2026-06-29 11:17:16,408 [INFO]: Searching proteins against KOfam profiles
2026-06-29 11:17:16,408 [INFO]: Parsing HMM profile metadata
2026-06-29 11:18:21,004 [INFO]: Filtering and saving results...
2026-06-29 11:18:21,131 [INFO]: Search against KOfam done!
2026-06-29 11:19:45,599 [INFO]: Filtering and saving results...
2026-06-29 11:19:45,797 [INFO]: Search against KOfam done!
2026-06-29 11:20:31,151 [INFO]: Filtering and saving results...
2026-06-29 11:20:31,246 [INFO]: Search against KOfam done!
2026-06-29 11:21:20,776 [INFO]: Filtering and saving results...
2026-06-29 11:21:20,867 [INFO]: Search against KOfam done!
2026-06-29 11:21:58,880 [INFO]: Filtering and saving results...
2026-06-29 11:21:58,962 [INFO]: Search against KOfam done!
2026-06-29 11:22:44,757 [INFO]: Filtering and saving results...
2026-06-29 11:22:44,852 [INFO]: Search against KOfam done!
2026-06-29 11:24:06,088 [INFO]: Filtering and saving results...
2026-06-29 11:24:06,261 [INFO]: Search against KOfam done!
2026-06-29 11:25:35,129 [INFO]: Filtering and saving results...
2026-06-29 11:25:35,313 [INFO]: Search against KOfam done!
2026-06-29 11:26:55,035 [INFO]: Filtering and saving results...
2026-06-29 11:26:55,224 [INFO]: Search against KOfam done!
2026-06-29 11:28:13,244 [INFO]: Filtering and saving results...
2026-06-29 11:28:13,395 [INFO]: Search against KOfam done!
2026-06-29 11:29:36,452 [INFO]: Filtering and saving results...
2026-06-29 11:29:36,614 [INFO]: Search against KOfam done!
2026-06-29 11:30:20,649 [INFO]: Filtering and saving results...
2026-06-29 11:30:20,766 [INFO]: Search against KOfam done!
2026-06-29 11:31:33,830 [INFO]: Filtering and saving results...
2026-06-29 11:31:33,965 [INFO]: Search against KOfam done!
2026-06-29 11:32:13,248 [INFO]: Filtering and saving results...
2026-06-29 11:32:13,335 [INFO]: Search against KOfam done!
2026-06-29 11:33:29,758 [INFO]: Filtering and saving results...
2026-06-29 11:33:29,969 [INFO]: Search against KOfam done!
2026-06-29 11:34:26,106 [INFO]: Filtering and saving results...
2026-06-29 11:34:26,227 [INFO]: Search against KOfam done!
2026-06-29 11:34:47,392 [INFO]: Filtering and saving results...
2026-06-29 11:34:47,418 [INFO]: Search against KOfam done!
2026-06-29 11:35:36,649 [INFO]: Filtering and saving results...
2026-06-29 11:35:36,729 [INFO]: Search against KOfam done!
2026-06-29 11:36:17,065 [INFO]: Filtering and saving results...
2026-06-29 11:36:17,142 [INFO]: Search against KOfam done!
2026-06-29 11:36:57,800 [INFO]: Filtering and saving results...
2026-06-29 11:36:57,856 [INFO]: Search against KOfam done!
2026-06-29 11:37:49,087 [INFO]: Filtering and saving results...
2026-06-29 11:37:49,190 [INFO]: Search against KOfam done!
2026-06-29 11:38:15,629 [INFO]: Filtering and saving results...
2026-06-29 11:38:15,686 [INFO]: Search against KOfam done!
2026-06-29 11:38:43,820 [INFO]: Filtering and saving results...
2026-06-29 11:38:43,883 [INFO]: Search against KOfam done!
2026-06-29 11:39:27,839 [INFO]: Filtering and saving results...
2026-06-29 11:39:27,926 [INFO]: Search against KOfam done!
2026-06-29 11:40:03,190 [INFO]: Filtering and saving results...
2026-06-29 11:40:03,243 [INFO]: Search against KOfam done!
2026-06-29 11:40:36,168 [INFO]: Filtering and saving results...
2026-06-29 11:40:36,224 [INFO]: Search against KOfam done!
2026-06-29 11:41:52,789 [INFO]: Filtering and saving results...
2026-06-29 11:41:52,982 [INFO]: Search against KOfam done!
2026-06-29 11:42:33,772 [INFO]: Filtering and saving results...
2026-06-29 11:42:33,864 [INFO]: Search against KOfam done!
2026-06-29 11:43:15,084 [INFO]: Filtering and saving results...
2026-06-29 11:43:15,179 [INFO]: Search against KOfam done!
2026-06-29 11:44:17,422 [INFO]: Filtering and saving results...
2026-06-29 11:44:17,541 [INFO]: Search against KOfam done!
2026-06-29 11:45:07,879 [INFO]: Filtering and saving results...
2026-06-29 11:45:07,990 [INFO]: Search against KOfam done!
2026-06-29 11:46:09,862 [INFO]: Filtering and saving results...
2026-06-29 11:46:09,977 [INFO]: Search against KOfam done!
2026-06-29 11:46:43,968 [INFO]: Filtering and saving results...
2026-06-29 11:46:44,043 [INFO]: Search against KOfam done!
2026-06-29 11:47:18,399 [INFO]: Filtering and saving results...
2026-06-29 11:47:18,454 [INFO]: Search against KOfam done!
2026-06-29 11:47:57,248 [INFO]: Filtering and saving results...
2026-06-29 11:47:57,325 [INFO]: Search against KOfam done!
2026-06-29 11:49:21,226 [INFO]: Filtering and saving results...
2026-06-29 11:49:21,415 [INFO]: Search against KOfam done!
2026-06-29 11:50:26,783 [INFO]: Filtering and saving results...
2026-06-29 11:50:26,875 [INFO]: Search against KOfam done!
2026-06-29 11:51:34,310 [INFO]: Filtering and saving results...
2026-06-29 11:51:34,466 [INFO]: Search against KOfam done!
2026-06-29 11:52:10,443 [INFO]: Filtering and saving results...
2026-06-29 11:52:10,500 [INFO]: Search against KOfam done!
2026-06-29 11:52:51,596 [INFO]: Filtering and saving results...
2026-06-29 11:52:51,668 [INFO]: Search against KOfam done!
2026-06-29 11:54:32,020 [INFO]: Filtering and saving results...
2026-06-29 11:54:32,242 [INFO]: Search against KOfam done!
2026-06-29 11:55:17,553 [INFO]: Filtering and saving results...
2026-06-29 11:55:17,638 [INFO]: Search against KOfam done!
2026-06-29 11:56:22,870 [INFO]: Filtering and saving results...
2026-06-29 11:56:22,961 [INFO]: Search against KOfam done!
2026-06-29 11:57:37,859 [INFO]: Filtering and saving results...
2026-06-29 11:57:38,028 [INFO]: Search against KOfam done!
2026-06-29 11:58:46,446 [INFO]: Filtering and saving results...
2026-06-29 11:58:46,617 [INFO]: Search against KOfam done!
2026-06-29 11:59:54,728 [INFO]: Filtering and saving results...
2026-06-29 11:59:54,888 [INFO]: Search against KOfam done!
2026-06-29 12:00:41,124 [INFO]: Filtering and saving results...
2026-06-29 12:00:41,207 [INFO]: Search against KOfam done!
2026-06-29 12:01:29,493 [INFO]: Filtering and saving results...
2026-06-29 12:01:29,570 [INFO]: Search against KOfam done!
2026-06-29 12:01:57,772 [INFO]: Filtering and saving results...
2026-06-29 12:01:57,822 [INFO]: Search against KOfam done!
2026-06-29 12:02:42,094 [INFO]: Filtering and saving results...
2026-06-29 12:02:42,181 [INFO]: Search against KOfam done!
2026-06-29 12:02:42,276 [INFO]: Searching proteins against Swissprot
2026-06-29 12:04:42,526 [INFO]: Extracting Swissprot annotation data
2026-06-29 12:17:21,027 [INFO]: Searching proteins against RefSeq
2026-06-29 14:36:53,020 [INFO]: Extracting RefSeq annotation data
2026-06-29 16:07:25,434 [INFO]: Searching proteins against Trembl
2026-06-29 18:35:36,448 [INFO]: Extracting Trembl annotation data
2026-06-29 18:35:36,809 [INFO]: Improving annotations by searching matches in other databases
2026-06-29 18:35:39,244 [INFO]: MicrobeAnnotator has finished succefully!
