=====================================================
Start Time  : Mon Jun 29 11:07:46 AM PDT 2026
Job ID/Name : 64666324 / pangenome
======================================================

[2026-06-29 11:07:46] ========== Microbeannotator for Pangenome Analysis started ==========
[2026-06-29 11:07:46] Job ID/Name : 64666324 / pangenome
[2026-06-29 11:07:46] Node: hpc-34-11.cm.cluster, CPUs: 32, Mem: 122880MB
[2026-06-29 11:07:53] Activated conda env: /resnick/groups/enviromics/zahra/miniconda3/envs/microbeannotator
[2026-06-29 11:07:53] Running Microbeannotator
Loading diamond/2.1.7-gcc-13.2.0-cfkl5pd
  Loading requirement: zlib-ng/2.1.3-gcc-13.2.0-jetnfwa
2026-06-29 11:07:58,952 [INFO]:  ---- This is MicrobeAnnotator v2.0.5 ---- 
2026-06-29 11:07:58,953 [INFO]: Validating user inputs
2026-06-29 11:07:59,059 [INFO]: Passed
2026-06-29 11:07:59,060 [INFO]: Processing 50 files. I will run 8 files in parallel with 4 threads per file.
2026-06-29 11:07:59,060 [INFO]: Running in no_plot mode. Skipping plotting KO summaries. 
2026-06-29 11:07:59,938 [INFO]: Searching proteins against KOfam profiles
2026-06-29 11:07:59,938 [INFO]: Parsing HMM profile metadata
2026-06-29 11:08:34,952 [INFO]: Filtering and saving results...
2026-06-29 11:08:35,046 [INFO]: Search against KOfam done!
2026-06-29 11:09:11,765 [INFO]: Filtering and saving results...
2026-06-29 11:09:11,835 [INFO]: Search against KOfam done!
2026-06-29 11:09:38,630 [INFO]: Filtering and saving results...
2026-06-29 11:09:38,692 [INFO]: Search against KOfam done!
2026-06-29 11:10:09,849 [INFO]: Filtering and saving results...
2026-06-29 11:10:09,890 [INFO]: Search against KOfam done!
2026-06-29 11:10:38,540 [INFO]: Filtering and saving results...
2026-06-29 11:10:38,603 [INFO]: Search against KOfam done!
2026-06-29 11:11:10,165 [INFO]: Filtering and saving results...
2026-06-29 11:11:10,241 [INFO]: Search against KOfam done!
2026-06-29 11:11:27,329 [INFO]: Filtering and saving results...
2026-06-29 11:11:27,381 [INFO]: Search against KOfam done!
2026-06-29 11:12:46,028 [INFO]: Filtering and saving results...
2026-06-29 11:12:46,123 [INFO]: Search against KOfam done!
2026-06-29 11:13:34,623 [INFO]: Filtering and saving results...
2026-06-29 11:13:34,690 [INFO]: Search against KOfam done!
2026-06-29 11:14:08,963 [INFO]: Filtering and saving results...
2026-06-29 11:14:09,007 [INFO]: Search against KOfam done!
2026-06-29 11:14:28,446 [INFO]: Filtering and saving results...
2026-06-29 11:14:28,495 [INFO]: Search against KOfam done!
2026-06-29 11:14:48,738 [INFO]: Filtering and saving results...
2026-06-29 11:14:48,784 [INFO]: Search against KOfam done!
2026-06-29 11:15:16,415 [INFO]: Filtering and saving results...
2026-06-29 11:15:16,457 [INFO]: Search against KOfam done!
2026-06-29 11:15:36,300 [INFO]: Filtering and saving results...
2026-06-29 11:15:36,334 [INFO]: Search against KOfam done!
2026-06-29 11:15:57,317 [INFO]: Filtering and saving results...
2026-06-29 11:15:57,362 [INFO]: Search against KOfam done!
2026-06-29 11:16:18,534 [INFO]: Filtering and saving results...
2026-06-29 11:16:18,563 [INFO]: Search against KOfam done!
2026-06-29 11:16:39,434 [INFO]: Filtering and saving results...
2026-06-29 11:16:39,468 [INFO]: Search against KOfam done!
2026-06-29 11:17:06,818 [INFO]: Filtering and saving results...
2026-06-29 11:17:06,877 [INFO]: Search against KOfam done!
2026-06-29 11:17:28,906 [INFO]: Filtering and saving results...
2026-06-29 11:17:28,955 [INFO]: Search against KOfam done!
2026-06-29 11:17:47,413 [INFO]: Filtering and saving results...
2026-06-29 11:17:47,437 [INFO]: Search against KOfam done!
2026-06-29 11:18:10,640 [INFO]: Filtering and saving results...
2026-06-29 11:18:10,672 [INFO]: Search against KOfam done!
2026-06-29 11:18:34,149 [INFO]: Filtering and saving results...
2026-06-29 11:18:34,212 [INFO]: Search against KOfam done!
2026-06-29 11:19:08,163 [INFO]: Filtering and saving results...
2026-06-29 11:19:08,205 [INFO]: Search against KOfam done!
2026-06-29 11:19:26,941 [INFO]: Filtering and saving results...
2026-06-29 11:19:26,982 [INFO]: Search against KOfam done!
2026-06-29 11:19:49,154 [INFO]: Filtering and saving results...
2026-06-29 11:19:49,194 [INFO]: Search against KOfam done!
2026-06-29 11:20:22,010 [INFO]: Filtering and saving results...
2026-06-29 11:20:22,089 [INFO]: Search against KOfam done!
2026-06-29 11:20:50,972 [INFO]: Filtering and saving results...
2026-06-29 11:20:51,036 [INFO]: Search against KOfam done!
2026-06-29 11:22:00,986 [INFO]: Filtering and saving results...
2026-06-29 11:22:01,087 [INFO]: Search against KOfam done!
2026-06-29 11:22:50,382 [INFO]: Filtering and saving results...
2026-06-29 11:22:50,464 [INFO]: Search against KOfam done!
2026-06-29 11:23:29,529 [INFO]: Filtering and saving results...
2026-06-29 11:23:29,604 [INFO]: Search against KOfam done!
2026-06-29 11:24:47,771 [INFO]: Filtering and saving results...
2026-06-29 11:24:47,893 [INFO]: Search against KOfam done!
2026-06-29 11:25:47,646 [INFO]: Filtering and saving results...
2026-06-29 11:25:47,785 [INFO]: Search against KOfam done!
2026-06-29 11:26:23,512 [INFO]: Filtering and saving results...
2026-06-29 11:26:23,586 [INFO]: Search against KOfam done!
2026-06-29 11:27:06,966 [INFO]: Filtering and saving results...
2026-06-29 11:27:07,062 [INFO]: Search against KOfam done!
2026-06-29 11:27:39,627 [INFO]: Filtering and saving results...
2026-06-29 11:27:39,698 [INFO]: Search against KOfam done!
2026-06-29 11:28:33,227 [INFO]: Filtering and saving results...
2026-06-29 11:28:33,335 [INFO]: Search against KOfam done!
2026-06-29 11:29:17,099 [INFO]: Filtering and saving results...
2026-06-29 11:29:17,171 [INFO]: Search against KOfam done!
2026-06-29 11:29:51,811 [INFO]: Filtering and saving results...
2026-06-29 11:29:51,874 [INFO]: Search against KOfam done!
2026-06-29 11:30:34,596 [INFO]: Filtering and saving results...
2026-06-29 11:30:34,684 [INFO]: Search against KOfam done!
2026-06-29 11:31:22,369 [INFO]: Filtering and saving results...
2026-06-29 11:31:22,453 [INFO]: Search against KOfam done!
2026-06-29 11:31:47,151 [INFO]: Filtering and saving results...
2026-06-29 11:31:47,211 [INFO]: Search against KOfam done!
2026-06-29 11:32:12,066 [INFO]: Filtering and saving results...
2026-06-29 11:32:12,099 [INFO]: Search against KOfam done!
2026-06-29 11:32:38,894 [INFO]: Filtering and saving results...
2026-06-29 11:32:38,985 [INFO]: Search against KOfam done!
2026-06-29 11:33:11,242 [INFO]: Filtering and saving results...
2026-06-29 11:33:11,303 [INFO]: Search against KOfam done!
2026-06-29 11:34:46,531 [INFO]: Filtering and saving results...
2026-06-29 11:34:46,681 [INFO]: Search against KOfam done!
2026-06-29 11:35:38,754 [INFO]: Filtering and saving results...
2026-06-29 11:35:38,863 [INFO]: Search against KOfam done!
2026-06-29 11:36:06,272 [INFO]: Filtering and saving results...
2026-06-29 11:36:06,328 [INFO]: Search against KOfam done!
2026-06-29 11:36:31,858 [INFO]: Filtering and saving results...
2026-06-29 11:36:31,901 [INFO]: Search against KOfam done!
2026-06-29 11:37:12,559 [INFO]: Filtering and saving results...
2026-06-29 11:37:12,637 [INFO]: Search against KOfam done!
2026-06-29 11:37:39,869 [INFO]: Filtering and saving results...
2026-06-29 11:37:39,938 [INFO]: Search against KOfam done!
2026-06-29 11:37:39,997 [INFO]: Searching proteins against Swissprot
2026-06-29 11:39:49,487 [INFO]: Extracting Swissprot annotation data
2026-06-29 11:42:43,208 [INFO]: Searching proteins against RefSeq
2026-06-29 13:55:14,103 [INFO]: Extracting RefSeq annotation data
2026-06-29 14:50:37,309 [INFO]: Searching proteins against Trembl
2026-06-29 17:11:03,851 [INFO]: Extracting Trembl annotation data
2026-06-29 17:11:04,265 [INFO]: Improving annotations by searching matches in other databases
2026-06-29 17:11:06,660 [INFO]: MicrobeAnnotator has finished succefully!
