=====================================================
Start Time  : Mon Jun 29 11:08:48 AM PDT 2026
Job ID/Name : 64666337 / pangenome
======================================================

[2026-06-29 11:08:48] ========== Microbeannotator for Pangenome Analysis started ==========
[2026-06-29 11:08:48] Job ID/Name : 64666337 / pangenome
[2026-06-29 11:08:48] Node: hpc-52-37.cm.cluster, CPUs: 32, Mem: 122880MB
[2026-06-29 11:08:56] Activated conda env: /resnick/groups/enviromics/zahra/miniconda3/envs/microbeannotator
[2026-06-29 11:08:56] Running Microbeannotator
Loading diamond/2.1.7-gcc-13.2.0-cfkl5pd
  Loading requirement: zlib-ng/2.1.3-gcc-13.2.0-jetnfwa
2026-06-29 11:09:01,908 [INFO]:  ---- This is MicrobeAnnotator v2.0.5 ---- 
2026-06-29 11:09:01,909 [INFO]: Validating user inputs
2026-06-29 11:09:02,096 [INFO]: Passed
2026-06-29 11:09:02,096 [INFO]: Processing 50 files. I will run 8 files in parallel with 4 threads per file.
2026-06-29 11:09:02,096 [INFO]: Running in no_plot mode. Skipping plotting KO summaries. 
2026-06-29 11:09:03,004 [INFO]: Searching proteins against KOfam profiles
2026-06-29 11:09:03,005 [INFO]: Parsing HMM profile metadata
2026-06-29 11:09:40,220 [INFO]: Filtering and saving results...
2026-06-29 11:09:40,428 [INFO]: Search against KOfam done!
2026-06-29 11:10:07,839 [INFO]: Filtering and saving results...
2026-06-29 11:10:07,889 [INFO]: Search against KOfam done!
2026-06-29 11:10:30,074 [INFO]: Filtering and saving results...
2026-06-29 11:10:30,129 [INFO]: Search against KOfam done!
2026-06-29 11:11:20,909 [INFO]: Filtering and saving results...
2026-06-29 11:11:21,010 [INFO]: Search against KOfam done!
2026-06-29 11:12:06,969 [INFO]: Filtering and saving results...
2026-06-29 11:12:07,063 [INFO]: Search against KOfam done!
2026-06-29 11:12:55,825 [INFO]: Filtering and saving results...
2026-06-29 11:12:55,876 [INFO]: Search against KOfam done!
2026-06-29 11:13:16,394 [INFO]: Filtering and saving results...
2026-06-29 11:13:16,462 [INFO]: Search against KOfam done!
2026-06-29 11:13:55,716 [INFO]: Filtering and saving results...
2026-06-29 11:13:55,802 [INFO]: Search against KOfam done!
2026-06-29 11:14:36,178 [INFO]: Filtering and saving results...
2026-06-29 11:14:36,245 [INFO]: Search against KOfam done!
2026-06-29 11:15:14,571 [INFO]: Filtering and saving results...
2026-06-29 11:15:14,641 [INFO]: Search against KOfam done!
2026-06-29 11:15:47,166 [INFO]: Filtering and saving results...
2026-06-29 11:15:47,241 [INFO]: Search against KOfam done!
2026-06-29 11:16:18,669 [INFO]: Filtering and saving results...
2026-06-29 11:16:18,731 [INFO]: Search against KOfam done!
2026-06-29 11:17:02,037 [INFO]: Filtering and saving results...
2026-06-29 11:17:02,139 [INFO]: Search against KOfam done!
2026-06-29 11:18:01,883 [INFO]: Filtering and saving results...
2026-06-29 11:18:02,013 [INFO]: Search against KOfam done!
2026-06-29 11:18:55,645 [INFO]: Filtering and saving results...
2026-06-29 11:18:55,764 [INFO]: Search against KOfam done!
2026-06-29 11:19:21,369 [INFO]: Filtering and saving results...
2026-06-29 11:19:21,438 [INFO]: Search against KOfam done!
2026-06-29 11:20:32,236 [INFO]: Filtering and saving results...
2026-06-29 11:20:32,329 [INFO]: Search against KOfam done!
2026-06-29 11:21:03,929 [INFO]: Filtering and saving results...
2026-06-29 11:21:03,996 [INFO]: Search against KOfam done!
2026-06-29 11:21:30,037 [INFO]: Filtering and saving results...
2026-06-29 11:21:30,063 [INFO]: Search against KOfam done!
2026-06-29 11:22:32,015 [INFO]: Filtering and saving results...
2026-06-29 11:22:32,104 [INFO]: Search against KOfam done!
2026-06-29 11:23:36,953 [INFO]: Filtering and saving results...
2026-06-29 11:23:37,038 [INFO]: Search against KOfam done!
2026-06-29 11:24:48,668 [INFO]: Filtering and saving results...
2026-06-29 11:24:48,851 [INFO]: Search against KOfam done!
2026-06-29 11:25:09,121 [INFO]: Filtering and saving results...
2026-06-29 11:25:09,180 [INFO]: Search against KOfam done!
2026-06-29 11:25:36,203 [INFO]: Filtering and saving results...
2026-06-29 11:25:36,279 [INFO]: Search against KOfam done!
2026-06-29 11:26:15,659 [INFO]: Filtering and saving results...
2026-06-29 11:26:15,743 [INFO]: Search against KOfam done!
2026-06-29 11:26:56,437 [INFO]: Filtering and saving results...
2026-06-29 11:26:56,532 [INFO]: Search against KOfam done!
2026-06-29 11:27:37,560 [INFO]: Filtering and saving results...
2026-06-29 11:27:37,646 [INFO]: Search against KOfam done!
2026-06-29 11:28:26,876 [INFO]: Filtering and saving results...
2026-06-29 11:28:26,984 [INFO]: Search against KOfam done!
2026-06-29 11:28:57,127 [INFO]: Filtering and saving results...
2026-06-29 11:28:57,179 [INFO]: Search against KOfam done!
2026-06-29 11:29:33,262 [INFO]: Filtering and saving results...
2026-06-29 11:29:33,352 [INFO]: Search against KOfam done!
2026-06-29 11:30:41,435 [INFO]: Filtering and saving results...
2026-06-29 11:30:41,553 [INFO]: Search against KOfam done!
2026-06-29 11:31:14,532 [INFO]: Filtering and saving results...
2026-06-29 11:31:14,609 [INFO]: Search against KOfam done!
2026-06-29 11:32:04,518 [INFO]: Filtering and saving results...
2026-06-29 11:32:04,617 [INFO]: Search against KOfam done!
2026-06-29 11:32:57,346 [INFO]: Filtering and saving results...
2026-06-29 11:32:57,442 [INFO]: Search against KOfam done!
2026-06-29 11:33:35,024 [INFO]: Filtering and saving results...
2026-06-29 11:33:35,099 [INFO]: Search against KOfam done!
2026-06-29 11:34:18,901 [INFO]: Filtering and saving results...
2026-06-29 11:34:18,995 [INFO]: Search against KOfam done!
2026-06-29 11:35:02,340 [INFO]: Filtering and saving results...
2026-06-29 11:35:02,436 [INFO]: Search against KOfam done!
2026-06-29 11:35:35,357 [INFO]: Filtering and saving results...
2026-06-29 11:35:35,482 [INFO]: Search against KOfam done!
2026-06-29 11:36:46,275 [INFO]: Filtering and saving results...
2026-06-29 11:36:46,406 [INFO]: Search against KOfam done!
2026-06-29 11:37:51,120 [INFO]: Filtering and saving results...
2026-06-29 11:37:51,299 [INFO]: Search against KOfam done!
2026-06-29 11:38:30,957 [INFO]: Filtering and saving results...
2026-06-29 11:38:31,031 [INFO]: Search against KOfam done!
2026-06-29 11:39:11,117 [INFO]: Filtering and saving results...
2026-06-29 11:39:11,197 [INFO]: Search against KOfam done!
2026-06-29 11:39:53,095 [INFO]: Filtering and saving results...
2026-06-29 11:39:53,156 [INFO]: Search against KOfam done!
2026-06-29 11:40:28,075 [INFO]: Filtering and saving results...
2026-06-29 11:40:28,141 [INFO]: Search against KOfam done!
2026-06-29 11:40:58,863 [INFO]: Filtering and saving results...
2026-06-29 11:40:58,919 [INFO]: Search against KOfam done!
2026-06-29 11:41:38,706 [INFO]: Filtering and saving results...
2026-06-29 11:41:38,791 [INFO]: Search against KOfam done!
2026-06-29 11:42:06,340 [INFO]: Filtering and saving results...
2026-06-29 11:42:06,417 [INFO]: Search against KOfam done!
2026-06-29 11:42:42,028 [INFO]: Filtering and saving results...
2026-06-29 11:42:42,093 [INFO]: Search against KOfam done!
2026-06-29 11:43:19,988 [INFO]: Filtering and saving results...
2026-06-29 11:43:20,072 [INFO]: Search against KOfam done!
2026-06-29 11:43:57,880 [INFO]: Filtering and saving results...
2026-06-29 11:43:57,931 [INFO]: Search against KOfam done!
2026-06-29 11:43:58,035 [INFO]: Searching proteins against Swissprot
2026-06-29 11:46:02,193 [INFO]: Extracting Swissprot annotation data
2026-06-29 11:52:22,920 [INFO]: Searching proteins against RefSeq
2026-06-29 13:54:24,172 [INFO]: Extracting RefSeq annotation data
2026-06-29 14:50:35,780 [INFO]: Searching proteins against Trembl
2026-06-29 17:07:14,598 [INFO]: Extracting Trembl annotation data
2026-06-29 17:07:15,060 [INFO]: Improving annotations by searching matches in other databases
2026-06-29 17:07:17,495 [INFO]: MicrobeAnnotator has finished succefully!
