=====================================================
Start Time  : Mon Jun 29 11:17:09 AM PDT 2026
Job ID/Name : 64666485 / pangenome
======================================================

[2026-06-29 11:17:09] ========== Microbeannotator for Pangenome Analysis started ==========
[2026-06-29 11:17:09] Job ID/Name : 64666485 / pangenome
[2026-06-29 11:17:09] Node: hpc-19-17.cm.cluster, CPUs: 32, Mem: 122880MB
[2026-06-29 11:17:12] Activated conda env: /resnick/groups/enviromics/zahra/miniconda3/envs/microbeannotator
[2026-06-29 11:17:12] Running Microbeannotator
Loading diamond/2.1.7-gcc-13.2.0-cfkl5pd
  Loading requirement: zlib-ng/2.1.3-gcc-13.2.0-jetnfwa
2026-06-29 11:17:14,098 [INFO]:  ---- This is MicrobeAnnotator v2.0.5 ---- 
2026-06-29 11:17:14,098 [INFO]: Validating user inputs
2026-06-29 11:17:14,214 [INFO]: Passed
2026-06-29 11:17:14,214 [INFO]: Processing 50 files. I will run 8 files in parallel with 4 threads per file.
2026-06-29 11:17:14,214 [INFO]: Running in no_plot mode. Skipping plotting KO summaries. 
2026-06-29 11:17:14,887 [INFO]: Searching proteins against KOfam profiles
2026-06-29 11:17:14,887 [INFO]: Parsing HMM profile metadata
2026-06-29 11:17:59,719 [INFO]: Filtering and saving results...
2026-06-29 11:17:59,802 [INFO]: Search against KOfam done!
2026-06-29 11:19:02,451 [INFO]: Filtering and saving results...
2026-06-29 11:19:02,569 [INFO]: Search against KOfam done!
2026-06-29 11:20:05,427 [INFO]: Filtering and saving results...
2026-06-29 11:20:05,598 [INFO]: Search against KOfam done!
2026-06-29 11:20:58,364 [INFO]: Filtering and saving results...
2026-06-29 11:20:58,451 [INFO]: Search against KOfam done!
2026-06-29 11:21:32,672 [INFO]: Filtering and saving results...
2026-06-29 11:21:32,728 [INFO]: Search against KOfam done!
2026-06-29 11:22:07,675 [INFO]: Filtering and saving results...
2026-06-29 11:22:07,735 [INFO]: Search against KOfam done!
2026-06-29 11:22:58,975 [INFO]: Filtering and saving results...
2026-06-29 11:22:59,081 [INFO]: Search against KOfam done!
2026-06-29 11:24:18,661 [INFO]: Filtering and saving results...
2026-06-29 11:24:18,796 [INFO]: Search against KOfam done!
2026-06-29 11:25:07,212 [INFO]: Filtering and saving results...
2026-06-29 11:25:07,289 [INFO]: Search against KOfam done!
2026-06-29 11:25:47,803 [INFO]: Filtering and saving results...
2026-06-29 11:25:47,867 [INFO]: Search against KOfam done!
2026-06-29 11:26:27,433 [INFO]: Filtering and saving results...
2026-06-29 11:26:27,509 [INFO]: Search against KOfam done!
2026-06-29 11:27:04,612 [INFO]: Filtering and saving results...
2026-06-29 11:27:04,679 [INFO]: Search against KOfam done!
2026-06-29 11:27:32,548 [INFO]: Filtering and saving results...
2026-06-29 11:27:32,595 [INFO]: Search against KOfam done!
2026-06-29 11:28:45,216 [INFO]: Filtering and saving results...
2026-06-29 11:28:45,324 [INFO]: Search against KOfam done!
2026-06-29 11:29:54,027 [INFO]: Filtering and saving results...
2026-06-29 11:29:54,165 [INFO]: Search against KOfam done!
2026-06-29 11:30:49,289 [INFO]: Filtering and saving results...
2026-06-29 11:30:49,367 [INFO]: Search against KOfam done!
2026-06-29 11:31:42,332 [INFO]: Filtering and saving results...
2026-06-29 11:31:42,409 [INFO]: Search against KOfam done!
2026-06-29 11:32:44,048 [INFO]: Filtering and saving results...
2026-06-29 11:32:44,164 [INFO]: Search against KOfam done!
2026-06-29 11:33:30,064 [INFO]: Filtering and saving results...
2026-06-29 11:33:30,135 [INFO]: Search against KOfam done!
2026-06-29 11:34:29,284 [INFO]: Filtering and saving results...
2026-06-29 11:34:29,344 [INFO]: Search against KOfam done!
2026-06-29 11:35:33,539 [INFO]: Filtering and saving results...
2026-06-29 11:35:33,663 [INFO]: Search against KOfam done!
2026-06-29 11:36:27,023 [INFO]: Filtering and saving results...
2026-06-29 11:36:27,194 [INFO]: Search against KOfam done!
2026-06-29 11:37:10,417 [INFO]: Filtering and saving results...
2026-06-29 11:37:10,493 [INFO]: Search against KOfam done!
2026-06-29 11:38:11,556 [INFO]: Filtering and saving results...
2026-06-29 11:38:11,669 [INFO]: Search against KOfam done!
2026-06-29 11:39:04,398 [INFO]: Filtering and saving results...
2026-06-29 11:39:04,484 [INFO]: Search against KOfam done!
2026-06-29 11:40:15,983 [INFO]: Filtering and saving results...
2026-06-29 11:40:16,115 [INFO]: Search against KOfam done!
2026-06-29 11:41:22,293 [INFO]: Filtering and saving results...
2026-06-29 11:41:22,418 [INFO]: Search against KOfam done!
2026-06-29 11:41:38,787 [INFO]: Filtering and saving results...
2026-06-29 11:41:38,806 [INFO]: Search against KOfam done!
2026-06-29 11:42:37,387 [INFO]: Filtering and saving results...
2026-06-29 11:42:37,496 [INFO]: Search against KOfam done!
2026-06-29 11:43:59,298 [INFO]: Filtering and saving results...
2026-06-29 11:43:59,442 [INFO]: Search against KOfam done!
2026-06-29 11:44:31,093 [INFO]: Filtering and saving results...
2026-06-29 11:44:31,216 [INFO]: Search against KOfam done!
2026-06-29 11:45:01,596 [INFO]: Filtering and saving results...
2026-06-29 11:45:01,655 [INFO]: Search against KOfam done!
2026-06-29 11:45:34,102 [INFO]: Filtering and saving results...
2026-06-29 11:45:34,168 [INFO]: Search against KOfam done!
2026-06-29 11:46:08,518 [INFO]: Filtering and saving results...
2026-06-29 11:46:08,581 [INFO]: Search against KOfam done!
2026-06-29 11:47:34,812 [INFO]: Filtering and saving results...
2026-06-29 11:47:34,962 [INFO]: Search against KOfam done!
2026-06-29 11:48:30,148 [INFO]: Filtering and saving results...
2026-06-29 11:48:30,219 [INFO]: Search against KOfam done!
2026-06-29 11:49:35,787 [INFO]: Filtering and saving results...
2026-06-29 11:49:35,907 [INFO]: Search against KOfam done!
2026-06-29 11:50:33,152 [INFO]: Filtering and saving results...
2026-06-29 11:50:33,242 [INFO]: Search against KOfam done!
2026-06-29 11:51:09,165 [INFO]: Filtering and saving results...
2026-06-29 11:51:09,226 [INFO]: Search against KOfam done!
2026-06-29 11:52:17,884 [INFO]: Filtering and saving results...
2026-06-29 11:52:18,027 [INFO]: Search against KOfam done!
2026-06-29 11:52:52,697 [INFO]: Filtering and saving results...
2026-06-29 11:52:52,762 [INFO]: Search against KOfam done!
2026-06-29 11:53:40,962 [INFO]: Filtering and saving results...
2026-06-29 11:53:41,064 [INFO]: Search against KOfam done!
2026-06-29 11:54:09,916 [INFO]: Filtering and saving results...
2026-06-29 11:54:09,968 [INFO]: Search against KOfam done!
2026-06-29 11:54:44,912 [INFO]: Filtering and saving results...
2026-06-29 11:54:44,967 [INFO]: Search against KOfam done!
2026-06-29 11:55:24,223 [INFO]: Filtering and saving results...
2026-06-29 11:55:24,288 [INFO]: Search against KOfam done!
2026-06-29 11:56:05,120 [INFO]: Filtering and saving results...
2026-06-29 11:56:05,194 [INFO]: Search against KOfam done!
2026-06-29 11:56:35,946 [INFO]: Filtering and saving results...
2026-06-29 11:56:36,000 [INFO]: Search against KOfam done!
2026-06-29 11:57:19,275 [INFO]: Filtering and saving results...
2026-06-29 11:57:19,346 [INFO]: Search against KOfam done!
2026-06-29 11:58:06,305 [INFO]: Filtering and saving results...
2026-06-29 11:58:06,401 [INFO]: Search against KOfam done!
2026-06-29 11:58:35,308 [INFO]: Filtering and saving results...
2026-06-29 11:58:35,355 [INFO]: Search against KOfam done!
2026-06-29 11:58:35,415 [INFO]: Searching proteins against Swissprot
2026-06-29 12:00:35,214 [INFO]: Extracting Swissprot annotation data
2026-06-29 12:12:21,802 [INFO]: Searching proteins against RefSeq
2026-06-29 14:18:57,682 [INFO]: Extracting RefSeq annotation data
2026-06-29 16:03:38,802 [INFO]: Searching proteins against Trembl
2026-06-29 18:13:17,811 [INFO]: Extracting Trembl annotation data
2026-06-29 18:13:18,233 [INFO]: Improving annotations by searching matches in other databases
2026-06-29 18:13:20,068 [INFO]: MicrobeAnnotator has finished succefully!
