=====================================================
Start Time  : Mon Jun 29 11:09:50 AM PDT 2026
Job ID/Name : 64666348 / pangenome
======================================================

[2026-06-29 11:09:50] ========== Microbeannotator for Pangenome Analysis started ==========
[2026-06-29 11:09:50] Job ID/Name : 64666348 / pangenome
[2026-06-29 11:09:51] Node: hpc-53-09.cm.cluster, CPUs: 32, Mem: 122880MB
[2026-06-29 11:09:58] Activated conda env: /resnick/groups/enviromics/zahra/miniconda3/envs/microbeannotator
[2026-06-29 11:09:58] Running Microbeannotator
Loading diamond/2.1.7-gcc-13.2.0-cfkl5pd
  Loading requirement: zlib-ng/2.1.3-gcc-13.2.0-jetnfwa
2026-06-29 11:10:04,228 [INFO]:  ---- This is MicrobeAnnotator v2.0.5 ---- 
2026-06-29 11:10:04,228 [INFO]: Validating user inputs
2026-06-29 11:10:04,421 [INFO]: Passed
2026-06-29 11:10:04,422 [INFO]: Processing 50 files. I will run 8 files in parallel with 4 threads per file.
2026-06-29 11:10:04,422 [INFO]: Running in no_plot mode. Skipping plotting KO summaries. 
2026-06-29 11:10:05,405 [INFO]: Searching proteins against KOfam profiles
2026-06-29 11:10:05,405 [INFO]: Parsing HMM profile metadata
2026-06-29 11:10:56,259 [INFO]: Filtering and saving results...
2026-06-29 11:10:56,355 [INFO]: Search against KOfam done!
2026-06-29 11:11:47,770 [INFO]: Filtering and saving results...
2026-06-29 11:11:47,875 [INFO]: Search against KOfam done!
2026-06-29 11:12:27,271 [INFO]: Filtering and saving results...
2026-06-29 11:12:27,337 [INFO]: Search against KOfam done!
2026-06-29 11:13:41,555 [INFO]: Filtering and saving results...
2026-06-29 11:13:41,676 [INFO]: Search against KOfam done!
2026-06-29 11:14:14,402 [INFO]: Filtering and saving results...
2026-06-29 11:14:14,453 [INFO]: Search against KOfam done!
2026-06-29 11:14:46,808 [INFO]: Filtering and saving results...
2026-06-29 11:14:46,861 [INFO]: Search against KOfam done!
2026-06-29 11:15:38,101 [INFO]: Filtering and saving results...
2026-06-29 11:15:38,200 [INFO]: Search against KOfam done!
2026-06-29 11:16:14,242 [INFO]: Filtering and saving results...
2026-06-29 11:16:14,310 [INFO]: Search against KOfam done!
2026-06-29 11:17:07,093 [INFO]: Filtering and saving results...
2026-06-29 11:17:07,177 [INFO]: Search against KOfam done!
2026-06-29 11:18:05,437 [INFO]: Filtering and saving results...
2026-06-29 11:18:05,537 [INFO]: Search against KOfam done!
2026-06-29 11:18:39,132 [INFO]: Filtering and saving results...
2026-06-29 11:18:39,209 [INFO]: Search against KOfam done!
2026-06-29 11:19:03,715 [INFO]: Filtering and saving results...
2026-06-29 11:19:03,767 [INFO]: Search against KOfam done!
2026-06-29 11:19:31,128 [INFO]: Filtering and saving results...
2026-06-29 11:19:31,166 [INFO]: Search against KOfam done!
2026-06-29 11:20:09,942 [INFO]: Filtering and saving results...
2026-06-29 11:20:10,027 [INFO]: Search against KOfam done!
2026-06-29 11:20:48,271 [INFO]: Filtering and saving results...
2026-06-29 11:20:48,345 [INFO]: Search against KOfam done!
2026-06-29 11:21:31,867 [INFO]: Filtering and saving results...
2026-06-29 11:21:31,945 [INFO]: Search against KOfam done!
2026-06-29 11:22:18,063 [INFO]: Filtering and saving results...
2026-06-29 11:22:18,143 [INFO]: Search against KOfam done!
2026-06-29 11:22:47,956 [INFO]: Filtering and saving results...
2026-06-29 11:22:48,017 [INFO]: Search against KOfam done!
2026-06-29 11:23:16,817 [INFO]: Filtering and saving results...
2026-06-29 11:23:16,881 [INFO]: Search against KOfam done!
2026-06-29 11:23:53,616 [INFO]: Filtering and saving results...
2026-06-29 11:23:53,672 [INFO]: Search against KOfam done!
2026-06-29 11:24:50,718 [INFO]: Filtering and saving results...
2026-06-29 11:24:50,816 [INFO]: Search against KOfam done!
2026-06-29 11:25:44,361 [INFO]: Filtering and saving results...
2026-06-29 11:25:44,455 [INFO]: Search against KOfam done!
2026-06-29 11:26:30,001 [INFO]: Filtering and saving results...
2026-06-29 11:26:30,062 [INFO]: Search against KOfam done!
2026-06-29 11:27:08,969 [INFO]: Filtering and saving results...
2026-06-29 11:27:09,050 [INFO]: Search against KOfam done!
2026-06-29 11:27:41,697 [INFO]: Filtering and saving results...
2026-06-29 11:27:41,777 [INFO]: Search against KOfam done!
2026-06-29 11:28:51,658 [INFO]: Filtering and saving results...
2026-06-29 11:28:51,783 [INFO]: Search against KOfam done!
2026-06-29 11:29:14,025 [INFO]: Filtering and saving results...
2026-06-29 11:29:14,048 [INFO]: Search against KOfam done!
2026-06-29 11:29:37,263 [INFO]: Filtering and saving results...
2026-06-29 11:29:37,306 [INFO]: Search against KOfam done!
2026-06-29 11:30:18,195 [INFO]: Filtering and saving results...
2026-06-29 11:30:18,274 [INFO]: Search against KOfam done!
2026-06-29 11:30:54,846 [INFO]: Filtering and saving results...
2026-06-29 11:30:54,970 [INFO]: Search against KOfam done!
2026-06-29 11:31:38,859 [INFO]: Filtering and saving results...
2026-06-29 11:31:38,947 [INFO]: Search against KOfam done!
2026-06-29 11:32:29,153 [INFO]: Filtering and saving results...
2026-06-29 11:32:29,233 [INFO]: Search against KOfam done!
2026-06-29 11:33:06,173 [INFO]: Filtering and saving results...
2026-06-29 11:33:06,244 [INFO]: Search against KOfam done!
2026-06-29 11:33:27,369 [INFO]: Filtering and saving results...
2026-06-29 11:33:27,395 [INFO]: Search against KOfam done!
2026-06-29 11:33:52,369 [INFO]: Filtering and saving results...
2026-06-29 11:33:52,425 [INFO]: Search against KOfam done!
2026-06-29 11:34:32,805 [INFO]: Filtering and saving results...
2026-06-29 11:34:32,886 [INFO]: Search against KOfam done!
2026-06-29 11:35:46,032 [INFO]: Filtering and saving results...
2026-06-29 11:35:46,126 [INFO]: Search against KOfam done!
2026-06-29 11:38:07,499 [INFO]: Filtering and saving results...
2026-06-29 11:38:07,668 [INFO]: Search against KOfam done!
2026-06-29 11:39:10,640 [INFO]: Filtering and saving results...
2026-06-29 11:39:10,733 [INFO]: Search against KOfam done!
2026-06-29 11:40:11,499 [INFO]: Filtering and saving results...
2026-06-29 11:40:11,610 [INFO]: Search against KOfam done!
2026-06-29 11:41:43,246 [INFO]: Filtering and saving results...
2026-06-29 11:41:43,396 [INFO]: Search against KOfam done!
2026-06-29 11:43:26,712 [INFO]: Filtering and saving results...
2026-06-29 11:43:26,913 [INFO]: Search against KOfam done!
2026-06-29 11:45:20,281 [INFO]: Filtering and saving results...
2026-06-29 11:45:20,428 [INFO]: Search against KOfam done!
2026-06-29 11:46:43,175 [INFO]: Filtering and saving results...
2026-06-29 11:46:43,283 [INFO]: Search against KOfam done!
2026-06-29 11:48:52,571 [INFO]: Filtering and saving results...
2026-06-29 11:48:52,702 [INFO]: Search against KOfam done!
2026-06-29 11:49:37,051 [INFO]: Filtering and saving results...
2026-06-29 11:49:37,156 [INFO]: Search against KOfam done!
2026-06-29 11:50:05,703 [INFO]: Filtering and saving results...
2026-06-29 11:50:05,764 [INFO]: Search against KOfam done!
2026-06-29 11:50:50,220 [INFO]: Filtering and saving results...
2026-06-29 11:50:50,293 [INFO]: Search against KOfam done!
2026-06-29 11:51:06,155 [INFO]: Filtering and saving results...
2026-06-29 11:51:06,172 [INFO]: Search against KOfam done!
2026-06-29 11:52:00,147 [INFO]: Filtering and saving results...
2026-06-29 11:52:00,225 [INFO]: Search against KOfam done!
2026-06-29 11:52:00,304 [INFO]: Searching proteins against Swissprot
2026-06-29 11:54:02,938 [INFO]: Extracting Swissprot annotation data
2026-06-29 12:01:22,205 [INFO]: Searching proteins against RefSeq
2026-06-29 14:09:33,137 [INFO]: Extracting RefSeq annotation data
2026-06-29 15:40:53,409 [INFO]: Searching proteins against Trembl
2026-06-29 17:52:54,055 [INFO]: Extracting Trembl annotation data
2026-06-29 17:52:54,527 [INFO]: Improving annotations by searching matches in other databases
2026-06-29 17:52:56,537 [INFO]: MicrobeAnnotator has finished succefully!
