=====================================================
Start Time  : Mon Jun 29 11:13:28 AM PDT 2026
Job ID/Name : 64666439 / pangenome
======================================================

[2026-06-29 11:13:28] ========== Microbeannotator for Pangenome Analysis started ==========
[2026-06-29 11:13:28] Job ID/Name : 64666439 / pangenome
[2026-06-29 11:13:28] Node: hpc-20-32.cm.cluster, CPUs: 32, Mem: 122880MB
[2026-06-29 11:13:32] Activated conda env: /resnick/groups/enviromics/zahra/miniconda3/envs/microbeannotator
[2026-06-29 11:13:32] Running Microbeannotator
Loading diamond/2.1.7-gcc-13.2.0-cfkl5pd
  Loading requirement: zlib-ng/2.1.3-gcc-13.2.0-jetnfwa
2026-06-29 11:13:37,158 [INFO]:  ---- This is MicrobeAnnotator v2.0.5 ---- 
2026-06-29 11:13:37,159 [INFO]: Validating user inputs
2026-06-29 11:13:37,345 [INFO]: Passed
2026-06-29 11:13:37,345 [INFO]: Processing 50 files. I will run 8 files in parallel with 4 threads per file.
2026-06-29 11:13:37,346 [INFO]: Running in no_plot mode. Skipping plotting KO summaries. 
2026-06-29 11:13:38,121 [INFO]: Searching proteins against KOfam profiles
2026-06-29 11:13:38,121 [INFO]: Parsing HMM profile metadata
2026-06-29 11:13:54,957 [INFO]: Filtering and saving results...
2026-06-29 11:13:54,980 [INFO]: Search against KOfam done!
2026-06-29 11:14:32,294 [INFO]: Filtering and saving results...
2026-06-29 11:14:32,358 [INFO]: Search against KOfam done!
2026-06-29 11:15:48,577 [INFO]: Filtering and saving results...
2026-06-29 11:15:48,711 [INFO]: Search against KOfam done!
2026-06-29 11:16:37,375 [INFO]: Filtering and saving results...
2026-06-29 11:16:37,469 [INFO]: Search against KOfam done!
2026-06-29 11:17:33,946 [INFO]: Filtering and saving results...
2026-06-29 11:17:34,053 [INFO]: Search against KOfam done!
2026-06-29 11:17:46,532 [INFO]: Filtering and saving results...
2026-06-29 11:17:46,549 [INFO]: Search against KOfam done!
2026-06-29 11:18:37,612 [INFO]: Filtering and saving results...
2026-06-29 11:18:37,687 [INFO]: Search against KOfam done!
2026-06-29 11:20:06,920 [INFO]: Filtering and saving results...
2026-06-29 11:20:07,047 [INFO]: Search against KOfam done!
2026-06-29 11:20:36,044 [INFO]: Filtering and saving results...
2026-06-29 11:20:36,071 [INFO]: Search against KOfam done!
2026-06-29 11:20:53,407 [INFO]: Filtering and saving results...
2026-06-29 11:20:53,437 [INFO]: Search against KOfam done!
2026-06-29 11:21:16,678 [INFO]: Filtering and saving results...
2026-06-29 11:21:16,717 [INFO]: Search against KOfam done!
2026-06-29 11:21:49,819 [INFO]: Filtering and saving results...
2026-06-29 11:21:49,881 [INFO]: Search against KOfam done!
2026-06-29 11:22:33,025 [INFO]: Filtering and saving results...
2026-06-29 11:22:33,103 [INFO]: Search against KOfam done!
2026-06-29 11:23:13,312 [INFO]: Filtering and saving results...
2026-06-29 11:23:13,376 [INFO]: Search against KOfam done!
2026-06-29 11:23:56,804 [INFO]: Filtering and saving results...
2026-06-29 11:23:56,880 [INFO]: Search against KOfam done!
2026-06-29 11:24:25,090 [INFO]: Filtering and saving results...
2026-06-29 11:24:25,134 [INFO]: Search against KOfam done!
2026-06-29 11:24:55,085 [INFO]: Filtering and saving results...
2026-06-29 11:24:55,136 [INFO]: Search against KOfam done!
2026-06-29 11:25:56,909 [INFO]: Filtering and saving results...
2026-06-29 11:25:56,976 [INFO]: Search against KOfam done!
2026-06-29 11:26:53,518 [INFO]: Filtering and saving results...
2026-06-29 11:26:53,615 [INFO]: Search against KOfam done!
2026-06-29 11:28:32,280 [INFO]: Filtering and saving results...
2026-06-29 11:28:32,490 [INFO]: Search against KOfam done!
2026-06-29 11:29:20,293 [INFO]: Filtering and saving results...
2026-06-29 11:29:20,352 [INFO]: Search against KOfam done!
2026-06-29 11:30:04,061 [INFO]: Filtering and saving results...
2026-06-29 11:30:04,131 [INFO]: Search against KOfam done!
2026-06-29 11:30:45,357 [INFO]: Filtering and saving results...
2026-06-29 11:30:45,447 [INFO]: Search against KOfam done!
2026-06-29 11:31:13,893 [INFO]: Filtering and saving results...
2026-06-29 11:31:13,941 [INFO]: Search against KOfam done!
2026-06-29 11:32:56,312 [INFO]: Filtering and saving results...
2026-06-29 11:32:56,453 [INFO]: Search against KOfam done!
2026-06-29 11:33:45,283 [INFO]: Filtering and saving results...
2026-06-29 11:33:45,358 [INFO]: Search against KOfam done!
2026-06-29 11:34:13,214 [INFO]: Filtering and saving results...
2026-06-29 11:34:13,264 [INFO]: Search against KOfam done!
2026-06-29 11:34:29,816 [INFO]: Filtering and saving results...
2026-06-29 11:34:29,835 [INFO]: Search against KOfam done!
2026-06-29 11:35:01,587 [INFO]: Filtering and saving results...
2026-06-29 11:35:01,642 [INFO]: Search against KOfam done!
2026-06-29 11:35:46,473 [INFO]: Filtering and saving results...
2026-06-29 11:35:46,538 [INFO]: Search against KOfam done!
2026-06-29 11:36:15,750 [INFO]: Filtering and saving results...
2026-06-29 11:36:15,800 [INFO]: Search against KOfam done!
2026-06-29 11:37:12,288 [INFO]: Filtering and saving results...
2026-06-29 11:37:12,374 [INFO]: Search against KOfam done!
2026-06-29 11:38:11,894 [INFO]: Filtering and saving results...
2026-06-29 11:38:11,966 [INFO]: Search against KOfam done!
2026-06-29 11:38:53,367 [INFO]: Filtering and saving results...
2026-06-29 11:38:53,442 [INFO]: Search against KOfam done!
2026-06-29 11:39:08,917 [INFO]: Filtering and saving results...
2026-06-29 11:39:08,941 [INFO]: Search against KOfam done!
2026-06-29 11:39:23,856 [INFO]: Filtering and saving results...
2026-06-29 11:39:23,877 [INFO]: Search against KOfam done!
2026-06-29 11:40:13,863 [INFO]: Filtering and saving results...
2026-06-29 11:40:13,942 [INFO]: Search against KOfam done!
2026-06-29 11:40:40,266 [INFO]: Filtering and saving results...
2026-06-29 11:40:40,303 [INFO]: Search against KOfam done!
2026-06-29 11:41:34,584 [INFO]: Filtering and saving results...
2026-06-29 11:41:34,663 [INFO]: Search against KOfam done!
2026-06-29 11:42:36,407 [INFO]: Filtering and saving results...
2026-06-29 11:42:36,485 [INFO]: Search against KOfam done!
2026-06-29 11:42:56,940 [INFO]: Filtering and saving results...
2026-06-29 11:42:56,973 [INFO]: Search against KOfam done!
2026-06-29 11:44:02,513 [INFO]: Filtering and saving results...
2026-06-29 11:44:02,710 [INFO]: Search against KOfam done!
2026-06-29 11:44:30,216 [INFO]: Filtering and saving results...
2026-06-29 11:44:30,263 [INFO]: Search against KOfam done!
2026-06-29 11:44:49,926 [INFO]: Filtering and saving results...
2026-06-29 11:44:49,957 [INFO]: Search against KOfam done!
2026-06-29 11:45:38,063 [INFO]: Filtering and saving results...
2026-06-29 11:45:38,145 [INFO]: Search against KOfam done!
2026-06-29 11:46:20,891 [INFO]: Filtering and saving results...
2026-06-29 11:46:20,961 [INFO]: Search against KOfam done!
2026-06-29 11:47:47,473 [INFO]: Filtering and saving results...
2026-06-29 11:47:47,611 [INFO]: Search against KOfam done!
2026-06-29 11:48:48,641 [INFO]: Filtering and saving results...
2026-06-29 11:48:48,735 [INFO]: Search against KOfam done!
2026-06-29 11:49:31,642 [INFO]: Filtering and saving results...
2026-06-29 11:49:31,705 [INFO]: Search against KOfam done!
2026-06-29 11:49:58,329 [INFO]: Filtering and saving results...
2026-06-29 11:49:58,369 [INFO]: Search against KOfam done!
2026-06-29 11:49:58,413 [INFO]: Searching proteins against Swissprot
2026-06-29 11:51:59,915 [INFO]: Extracting Swissprot annotation data
2026-06-29 12:00:07,733 [INFO]: Searching proteins against RefSeq
2026-06-29 14:20:55,947 [INFO]: Extracting RefSeq annotation data
2026-06-29 15:41:31,078 [INFO]: Searching proteins against Trembl
2026-06-29 18:03:52,627 [INFO]: Extracting Trembl annotation data
2026-06-29 18:03:53,110 [INFO]: Improving annotations by searching matches in other databases
2026-06-29 18:03:54,985 [INFO]: MicrobeAnnotator has finished succefully!
