=====================================================
Start Time  : Mon Jun 29 11:08:18 AM PDT 2026
Job ID/Name : 64666327 / pangenome
======================================================

[2026-06-29 11:08:18] ========== Microbeannotator for Pangenome Analysis started ==========
[2026-06-29 11:08:18] Job ID/Name : 64666327 / pangenome
[2026-06-29 11:08:18] Node: hpc-53-19.cm.cluster, CPUs: 32, Mem: 122880MB
[2026-06-29 11:08:25] Activated conda env: /resnick/groups/enviromics/zahra/miniconda3/envs/microbeannotator
[2026-06-29 11:08:25] Running Microbeannotator
Loading diamond/2.1.7-gcc-13.2.0-cfkl5pd
  Loading requirement: zlib-ng/2.1.3-gcc-13.2.0-jetnfwa
2026-06-29 11:08:32,003 [INFO]:  ---- This is MicrobeAnnotator v2.0.5 ---- 
2026-06-29 11:08:32,004 [INFO]: Validating user inputs
2026-06-29 11:08:32,112 [INFO]: Passed
2026-06-29 11:08:32,112 [INFO]: Processing 50 files. I will run 8 files in parallel with 4 threads per file.
2026-06-29 11:08:32,112 [INFO]: Running in no_plot mode. Skipping plotting KO summaries. 
2026-06-29 11:08:32,968 [INFO]: Searching proteins against KOfam profiles
2026-06-29 11:08:32,969 [INFO]: Parsing HMM profile metadata
2026-06-29 11:09:00,989 [INFO]: Filtering and saving results...
2026-06-29 11:09:01,054 [INFO]: Search against KOfam done!
2026-06-29 11:09:35,026 [INFO]: Filtering and saving results...
2026-06-29 11:09:35,114 [INFO]: Search against KOfam done!
2026-06-29 11:10:06,302 [INFO]: Filtering and saving results...
2026-06-29 11:10:06,356 [INFO]: Search against KOfam done!
2026-06-29 11:10:42,242 [INFO]: Filtering and saving results...
2026-06-29 11:10:42,322 [INFO]: Search against KOfam done!
2026-06-29 11:10:59,572 [INFO]: Filtering and saving results...
2026-06-29 11:10:59,622 [INFO]: Search against KOfam done!
2026-06-29 11:11:25,560 [INFO]: Filtering and saving results...
2026-06-29 11:11:25,626 [INFO]: Search against KOfam done!
2026-06-29 11:12:00,951 [INFO]: Filtering and saving results...
2026-06-29 11:12:01,003 [INFO]: Search against KOfam done!
2026-06-29 11:12:32,412 [INFO]: Filtering and saving results...
2026-06-29 11:12:32,470 [INFO]: Search against KOfam done!
2026-06-29 11:13:00,672 [INFO]: Filtering and saving results...
2026-06-29 11:13:00,737 [INFO]: Search against KOfam done!
2026-06-29 11:13:33,082 [INFO]: Filtering and saving results...
2026-06-29 11:13:33,153 [INFO]: Search against KOfam done!
2026-06-29 11:14:26,304 [INFO]: Filtering and saving results...
2026-06-29 11:14:26,407 [INFO]: Search against KOfam done!
2026-06-29 11:15:08,252 [INFO]: Filtering and saving results...
2026-06-29 11:15:08,413 [INFO]: Search against KOfam done!
2026-06-29 11:15:44,999 [INFO]: Filtering and saving results...
2026-06-29 11:15:45,071 [INFO]: Search against KOfam done!
2026-06-29 11:16:16,233 [INFO]: Filtering and saving results...
2026-06-29 11:16:16,308 [INFO]: Search against KOfam done!
2026-06-29 11:16:47,366 [INFO]: Filtering and saving results...
2026-06-29 11:16:47,447 [INFO]: Search against KOfam done!
2026-06-29 11:17:19,980 [INFO]: Filtering and saving results...
2026-06-29 11:17:20,039 [INFO]: Search against KOfam done!
2026-06-29 11:17:47,363 [INFO]: Filtering and saving results...
2026-06-29 11:17:47,408 [INFO]: Search against KOfam done!
2026-06-29 11:18:16,419 [INFO]: Filtering and saving results...
2026-06-29 11:18:16,490 [INFO]: Search against KOfam done!
2026-06-29 11:18:50,492 [INFO]: Filtering and saving results...
2026-06-29 11:18:50,573 [INFO]: Search against KOfam done!
2026-06-29 11:19:29,670 [INFO]: Filtering and saving results...
2026-06-29 11:19:29,753 [INFO]: Search against KOfam done!
2026-06-29 11:19:58,009 [INFO]: Filtering and saving results...
2026-06-29 11:19:58,056 [INFO]: Search against KOfam done!
2026-06-29 11:20:39,919 [INFO]: Filtering and saving results...
2026-06-29 11:20:40,007 [INFO]: Search against KOfam done!
2026-06-29 11:21:17,564 [INFO]: Filtering and saving results...
2026-06-29 11:21:17,634 [INFO]: Search against KOfam done!
2026-06-29 11:21:53,910 [INFO]: Filtering and saving results...
2026-06-29 11:21:53,980 [INFO]: Search against KOfam done!
2026-06-29 11:22:22,072 [INFO]: Filtering and saving results...
2026-06-29 11:22:22,120 [INFO]: Search against KOfam done!
2026-06-29 11:22:57,293 [INFO]: Filtering and saving results...
2026-06-29 11:22:57,373 [INFO]: Search against KOfam done!
2026-06-29 11:23:25,081 [INFO]: Filtering and saving results...
2026-06-29 11:23:25,141 [INFO]: Search against KOfam done!
2026-06-29 11:23:41,323 [INFO]: Filtering and saving results...
2026-06-29 11:23:41,371 [INFO]: Search against KOfam done!
2026-06-29 11:24:09,754 [INFO]: Filtering and saving results...
2026-06-29 11:24:09,820 [INFO]: Search against KOfam done!
2026-06-29 11:24:48,533 [INFO]: Filtering and saving results...
2026-06-29 11:24:48,603 [INFO]: Search against KOfam done!
2026-06-29 11:25:31,886 [INFO]: Filtering and saving results...
2026-06-29 11:25:31,962 [INFO]: Search against KOfam done!
2026-06-29 11:26:02,483 [INFO]: Filtering and saving results...
2026-06-29 11:26:02,577 [INFO]: Search against KOfam done!
2026-06-29 11:26:50,367 [INFO]: Filtering and saving results...
2026-06-29 11:26:50,461 [INFO]: Search against KOfam done!
2026-06-29 11:27:13,319 [INFO]: Filtering and saving results...
2026-06-29 11:27:13,373 [INFO]: Search against KOfam done!
2026-06-29 11:27:56,352 [INFO]: Filtering and saving results...
2026-06-29 11:27:56,453 [INFO]: Search against KOfam done!
2026-06-29 11:28:43,807 [INFO]: Filtering and saving results...
2026-06-29 11:28:43,911 [INFO]: Search against KOfam done!
2026-06-29 11:29:13,211 [INFO]: Filtering and saving results...
2026-06-29 11:29:13,275 [INFO]: Search against KOfam done!
2026-06-29 11:30:10,726 [INFO]: Filtering and saving results...
2026-06-29 11:30:10,819 [INFO]: Search against KOfam done!
2026-06-29 11:30:56,886 [INFO]: Filtering and saving results...
2026-06-29 11:30:56,969 [INFO]: Search against KOfam done!
2026-06-29 11:31:22,381 [INFO]: Filtering and saving results...
2026-06-29 11:31:22,446 [INFO]: Search against KOfam done!
2026-06-29 11:31:45,305 [INFO]: Filtering and saving results...
2026-06-29 11:31:45,348 [INFO]: Search against KOfam done!
2026-06-29 11:32:33,130 [INFO]: Filtering and saving results...
2026-06-29 11:32:33,223 [INFO]: Search against KOfam done!
2026-06-29 11:32:57,663 [INFO]: Filtering and saving results...
2026-06-29 11:32:57,702 [INFO]: Search against KOfam done!
2026-06-29 11:33:16,282 [INFO]: Filtering and saving results...
2026-06-29 11:33:16,341 [INFO]: Search against KOfam done!
2026-06-29 11:33:36,389 [INFO]: Filtering and saving results...
2026-06-29 11:33:36,428 [INFO]: Search against KOfam done!
2026-06-29 11:34:08,485 [INFO]: Filtering and saving results...
2026-06-29 11:34:08,555 [INFO]: Search against KOfam done!
2026-06-29 11:34:38,730 [INFO]: Filtering and saving results...
2026-06-29 11:34:38,798 [INFO]: Search against KOfam done!
2026-06-29 11:35:10,722 [INFO]: Filtering and saving results...
2026-06-29 11:35:10,785 [INFO]: Search against KOfam done!
2026-06-29 11:35:47,323 [INFO]: Filtering and saving results...
2026-06-29 11:35:47,390 [INFO]: Search against KOfam done!
2026-06-29 11:36:32,082 [INFO]: Filtering and saving results...
2026-06-29 11:36:32,168 [INFO]: Search against KOfam done!
2026-06-29 11:36:32,240 [INFO]: Searching proteins against Swissprot
2026-06-29 11:38:39,058 [INFO]: Extracting Swissprot annotation data
2026-06-29 11:40:01,681 [INFO]: Searching proteins against RefSeq
2026-06-29 13:52:41,714 [INFO]: Extracting RefSeq annotation data
2026-06-29 14:36:48,277 [INFO]: Searching proteins against Trembl
2026-06-29 16:54:29,522 [INFO]: Extracting Trembl annotation data
2026-06-29 16:54:29,961 [INFO]: Improving annotations by searching matches in other databases
2026-06-29 16:54:32,216 [INFO]: MicrobeAnnotator has finished succefully!
