=====================================================
Start Time  : Mon Jun 29 11:13:28 AM PDT 2026
Job ID/Name : 64666437 / pangenome
======================================================

[2026-06-29 11:13:28] ========== Microbeannotator for Pangenome Analysis started ==========
[2026-06-29 11:13:28] Job ID/Name : 64666437 / pangenome
[2026-06-29 11:13:28] Node: hpc-54-32.cm.cluster, CPUs: 32, Mem: 122880MB
[2026-06-29 11:13:35] Activated conda env: /resnick/groups/enviromics/zahra/miniconda3/envs/microbeannotator
[2026-06-29 11:13:35] Running Microbeannotator
Loading diamond/2.1.7-gcc-13.2.0-cfkl5pd
  Loading requirement: zlib-ng/2.1.3-gcc-13.2.0-jetnfwa
2026-06-29 11:13:40,467 [INFO]:  ---- This is MicrobeAnnotator v2.0.5 ---- 
2026-06-29 11:13:40,468 [INFO]: Validating user inputs
2026-06-29 11:13:40,646 [INFO]: Passed
2026-06-29 11:13:40,646 [INFO]: Processing 50 files. I will run 8 files in parallel with 4 threads per file.
2026-06-29 11:13:40,647 [INFO]: Running in no_plot mode. Skipping plotting KO summaries. 
2026-06-29 11:13:41,270 [INFO]: Searching proteins against KOfam profiles
2026-06-29 11:13:41,271 [INFO]: Parsing HMM profile metadata
2026-06-29 11:14:19,632 [INFO]: Filtering and saving results...
2026-06-29 11:14:19,693 [INFO]: Search against KOfam done!
2026-06-29 11:14:58,519 [INFO]: Filtering and saving results...
2026-06-29 11:14:58,602 [INFO]: Search against KOfam done!
2026-06-29 11:15:53,599 [INFO]: Filtering and saving results...
2026-06-29 11:15:53,719 [INFO]: Search against KOfam done!
2026-06-29 11:16:39,579 [INFO]: Filtering and saving results...
2026-06-29 11:16:39,687 [INFO]: Search against KOfam done!
2026-06-29 11:17:14,867 [INFO]: Filtering and saving results...
2026-06-29 11:17:14,939 [INFO]: Search against KOfam done!
2026-06-29 11:17:34,405 [INFO]: Filtering and saving results...
2026-06-29 11:17:34,439 [INFO]: Search against KOfam done!
2026-06-29 11:18:05,972 [INFO]: Filtering and saving results...
2026-06-29 11:18:06,036 [INFO]: Search against KOfam done!
2026-06-29 11:18:38,070 [INFO]: Filtering and saving results...
2026-06-29 11:18:38,142 [INFO]: Search against KOfam done!
2026-06-29 11:19:05,240 [INFO]: Filtering and saving results...
2026-06-29 11:19:05,302 [INFO]: Search against KOfam done!
2026-06-29 11:19:43,366 [INFO]: Filtering and saving results...
2026-06-29 11:19:43,415 [INFO]: Search against KOfam done!
2026-06-29 11:20:10,129 [INFO]: Filtering and saving results...
2026-06-29 11:20:10,189 [INFO]: Search against KOfam done!
2026-06-29 11:20:51,965 [INFO]: Filtering and saving results...
2026-06-29 11:20:52,051 [INFO]: Search against KOfam done!
2026-06-29 11:21:30,491 [INFO]: Filtering and saving results...
2026-06-29 11:21:30,580 [INFO]: Search against KOfam done!
2026-06-29 11:22:05,980 [INFO]: Filtering and saving results...
2026-06-29 11:22:06,059 [INFO]: Search against KOfam done!
2026-06-29 11:22:32,530 [INFO]: Filtering and saving results...
2026-06-29 11:22:32,565 [INFO]: Search against KOfam done!
2026-06-29 11:22:58,936 [INFO]: Filtering and saving results...
2026-06-29 11:22:58,995 [INFO]: Search against KOfam done!
2026-06-29 11:23:43,287 [INFO]: Filtering and saving results...
2026-06-29 11:23:43,373 [INFO]: Search against KOfam done!
2026-06-29 11:24:31,757 [INFO]: Filtering and saving results...
2026-06-29 11:24:31,857 [INFO]: Search against KOfam done!
2026-06-29 11:25:12,663 [INFO]: Filtering and saving results...
2026-06-29 11:25:12,749 [INFO]: Search against KOfam done!
2026-06-29 11:26:49,246 [INFO]: Filtering and saving results...
2026-06-29 11:26:49,391 [INFO]: Search against KOfam done!
2026-06-29 11:27:14,420 [INFO]: Filtering and saving results...
2026-06-29 11:27:14,481 [INFO]: Search against KOfam done!
2026-06-29 11:27:45,139 [INFO]: Filtering and saving results...
2026-06-29 11:27:45,198 [INFO]: Search against KOfam done!
2026-06-29 11:28:11,070 [INFO]: Filtering and saving results...
2026-06-29 11:28:11,129 [INFO]: Search against KOfam done!
2026-06-29 11:28:34,479 [INFO]: Filtering and saving results...
2026-06-29 11:28:34,537 [INFO]: Search against KOfam done!
2026-06-29 11:29:08,666 [INFO]: Filtering and saving results...
2026-06-29 11:29:08,735 [INFO]: Search against KOfam done!
2026-06-29 11:29:38,164 [INFO]: Filtering and saving results...
2026-06-29 11:29:38,235 [INFO]: Search against KOfam done!
2026-06-29 11:30:09,171 [INFO]: Filtering and saving results...
2026-06-29 11:30:09,253 [INFO]: Search against KOfam done!
2026-06-29 11:30:30,628 [INFO]: Filtering and saving results...
2026-06-29 11:30:30,683 [INFO]: Search against KOfam done!
2026-06-29 11:31:01,723 [INFO]: Filtering and saving results...
2026-06-29 11:31:01,793 [INFO]: Search against KOfam done!
2026-06-29 11:31:27,637 [INFO]: Filtering and saving results...
2026-06-29 11:31:27,690 [INFO]: Search against KOfam done!
2026-06-29 11:31:53,285 [INFO]: Filtering and saving results...
2026-06-29 11:31:53,427 [INFO]: Search against KOfam done!
2026-06-29 11:32:18,185 [INFO]: Filtering and saving results...
2026-06-29 11:32:18,245 [INFO]: Search against KOfam done!
2026-06-29 11:32:55,222 [INFO]: Filtering and saving results...
2026-06-29 11:32:55,278 [INFO]: Search against KOfam done!
2026-06-29 11:33:26,887 [INFO]: Filtering and saving results...
2026-06-29 11:33:26,947 [INFO]: Search against KOfam done!
2026-06-29 11:33:47,601 [INFO]: Filtering and saving results...
2026-06-29 11:33:47,649 [INFO]: Search against KOfam done!
2026-06-29 11:34:17,504 [INFO]: Filtering and saving results...
2026-06-29 11:34:17,565 [INFO]: Search against KOfam done!
2026-06-29 11:34:43,694 [INFO]: Filtering and saving results...
2026-06-29 11:34:43,754 [INFO]: Search against KOfam done!
2026-06-29 11:35:12,742 [INFO]: Filtering and saving results...
2026-06-29 11:35:12,803 [INFO]: Search against KOfam done!
2026-06-29 11:35:41,003 [INFO]: Filtering and saving results...
2026-06-29 11:35:41,069 [INFO]: Search against KOfam done!
2026-06-29 11:36:06,561 [INFO]: Filtering and saving results...
2026-06-29 11:36:06,599 [INFO]: Search against KOfam done!
2026-06-29 11:36:35,605 [INFO]: Filtering and saving results...
2026-06-29 11:36:35,652 [INFO]: Search against KOfam done!
2026-06-29 11:37:06,293 [INFO]: Filtering and saving results...
2026-06-29 11:37:06,352 [INFO]: Search against KOfam done!
2026-06-29 11:37:33,454 [INFO]: Filtering and saving results...
2026-06-29 11:37:33,496 [INFO]: Search against KOfam done!
2026-06-29 11:38:01,994 [INFO]: Filtering and saving results...
2026-06-29 11:38:02,055 [INFO]: Search against KOfam done!
2026-06-29 11:38:29,754 [INFO]: Filtering and saving results...
2026-06-29 11:38:29,819 [INFO]: Search against KOfam done!
2026-06-29 11:39:08,566 [INFO]: Filtering and saving results...
2026-06-29 11:39:08,632 [INFO]: Search against KOfam done!
2026-06-29 11:39:43,974 [INFO]: Filtering and saving results...
2026-06-29 11:39:44,041 [INFO]: Search against KOfam done!
2026-06-29 11:40:16,594 [INFO]: Filtering and saving results...
2026-06-29 11:40:16,651 [INFO]: Search against KOfam done!
2026-06-29 11:40:53,163 [INFO]: Filtering and saving results...
2026-06-29 11:40:53,235 [INFO]: Search against KOfam done!
2026-06-29 11:41:23,873 [INFO]: Filtering and saving results...
2026-06-29 11:41:23,971 [INFO]: Search against KOfam done!
2026-06-29 11:41:24,034 [INFO]: Searching proteins against Swissprot
2026-06-29 11:43:24,519 [INFO]: Extracting Swissprot annotation data
2026-06-29 11:48:56,176 [INFO]: Searching proteins against RefSeq
2026-06-29 13:54:55,452 [INFO]: Extracting RefSeq annotation data
2026-06-29 14:30:21,253 [INFO]: Searching proteins against Trembl
2026-06-29 16:44:12,789 [INFO]: Extracting Trembl annotation data
2026-06-29 16:44:13,258 [INFO]: Improving annotations by searching matches in other databases
2026-06-29 16:44:15,475 [INFO]: MicrobeAnnotator has finished succefully!
