=====================================================
Start Time  : Mon Jun 29 11:18:37 AM PDT 2026
Job ID/Name : 64666514 / pangenome
======================================================

[2026-06-29 11:18:37] ========== Microbeannotator for Pangenome Analysis started ==========
[2026-06-29 11:18:37] Job ID/Name : 64666514 / pangenome
[2026-06-29 11:18:37] Node: hpc-34-37.cm.cluster, CPUs: 32, Mem: 122880MB
[2026-06-29 11:18:44] Activated conda env: /resnick/groups/enviromics/zahra/miniconda3/envs/microbeannotator
[2026-06-29 11:18:44] Running Microbeannotator
Loading diamond/2.1.7-gcc-13.2.0-cfkl5pd
  Loading requirement: zlib-ng/2.1.3-gcc-13.2.0-jetnfwa
2026-06-29 11:18:49,902 [INFO]:  ---- This is MicrobeAnnotator v2.0.5 ---- 
2026-06-29 11:18:49,903 [INFO]: Validating user inputs
2026-06-29 11:18:50,010 [INFO]: Passed
2026-06-29 11:18:50,010 [INFO]: Processing 50 files. I will run 8 files in parallel with 4 threads per file.
2026-06-29 11:18:50,010 [INFO]: Running in no_plot mode. Skipping plotting KO summaries. 
2026-06-29 11:18:50,824 [INFO]: Searching proteins against KOfam profiles
2026-06-29 11:18:50,825 [INFO]: Parsing HMM profile metadata
2026-06-29 11:19:29,687 [INFO]: Filtering and saving results...
2026-06-29 11:19:29,771 [INFO]: Search against KOfam done!
2026-06-29 11:20:04,543 [INFO]: Filtering and saving results...
2026-06-29 11:20:04,614 [INFO]: Search against KOfam done!
2026-06-29 11:20:38,688 [INFO]: Filtering and saving results...
2026-06-29 11:20:38,770 [INFO]: Search against KOfam done!
2026-06-29 11:21:53,976 [INFO]: Filtering and saving results...
2026-06-29 11:21:54,146 [INFO]: Search against KOfam done!
2026-06-29 11:23:00,344 [INFO]: Filtering and saving results...
2026-06-29 11:23:00,481 [INFO]: Search against KOfam done!
2026-06-29 11:23:46,083 [INFO]: Filtering and saving results...
2026-06-29 11:23:46,260 [INFO]: Search against KOfam done!
2026-06-29 11:24:33,111 [INFO]: Filtering and saving results...
2026-06-29 11:24:33,284 [INFO]: Search against KOfam done!
2026-06-29 11:25:19,405 [INFO]: Filtering and saving results...
2026-06-29 11:25:19,498 [INFO]: Search against KOfam done!
2026-06-29 11:25:59,699 [INFO]: Filtering and saving results...
2026-06-29 11:25:59,786 [INFO]: Search against KOfam done!
2026-06-29 11:26:44,922 [INFO]: Filtering and saving results...
2026-06-29 11:26:45,013 [INFO]: Search against KOfam done!
2026-06-29 11:27:48,214 [INFO]: Filtering and saving results...
2026-06-29 11:27:48,302 [INFO]: Search against KOfam done!
2026-06-29 11:28:34,336 [INFO]: Filtering and saving results...
2026-06-29 11:28:34,403 [INFO]: Search against KOfam done!
2026-06-29 11:29:15,289 [INFO]: Filtering and saving results...
2026-06-29 11:29:15,348 [INFO]: Search against KOfam done!
2026-06-29 11:30:07,240 [INFO]: Filtering and saving results...
2026-06-29 11:30:07,336 [INFO]: Search against KOfam done!
2026-06-29 11:30:49,842 [INFO]: Filtering and saving results...
2026-06-29 11:30:49,938 [INFO]: Search against KOfam done!
2026-06-29 11:31:26,301 [INFO]: Filtering and saving results...
2026-06-29 11:31:26,373 [INFO]: Search against KOfam done!
2026-06-29 11:32:01,153 [INFO]: Filtering and saving results...
2026-06-29 11:32:01,219 [INFO]: Search against KOfam done!
2026-06-29 11:32:27,955 [INFO]: Filtering and saving results...
2026-06-29 11:32:28,031 [INFO]: Search against KOfam done!
2026-06-29 11:33:11,291 [INFO]: Filtering and saving results...
2026-06-29 11:33:11,392 [INFO]: Search against KOfam done!
2026-06-29 11:34:11,136 [INFO]: Filtering and saving results...
2026-06-29 11:34:11,268 [INFO]: Search against KOfam done!
2026-06-29 11:35:03,617 [INFO]: Filtering and saving results...
2026-06-29 11:35:03,711 [INFO]: Search against KOfam done!
2026-06-29 11:35:54,300 [INFO]: Filtering and saving results...
2026-06-29 11:35:54,423 [INFO]: Search against KOfam done!
2026-06-29 11:36:57,342 [INFO]: Filtering and saving results...
2026-06-29 11:36:57,443 [INFO]: Search against KOfam done!
2026-06-29 11:37:36,854 [INFO]: Filtering and saving results...
2026-06-29 11:37:36,940 [INFO]: Search against KOfam done!
2026-06-29 11:38:38,515 [INFO]: Filtering and saving results...
2026-06-29 11:38:38,658 [INFO]: Search against KOfam done!
2026-06-29 11:39:12,794 [INFO]: Filtering and saving results...
2026-06-29 11:39:12,865 [INFO]: Search against KOfam done!
2026-06-29 11:39:46,316 [INFO]: Filtering and saving results...
2026-06-29 11:39:46,380 [INFO]: Search against KOfam done!
2026-06-29 11:40:25,757 [INFO]: Filtering and saving results...
2026-06-29 11:40:25,816 [INFO]: Search against KOfam done!
2026-06-29 11:41:10,453 [INFO]: Filtering and saving results...
2026-06-29 11:41:10,559 [INFO]: Search against KOfam done!
2026-06-29 11:42:00,604 [INFO]: Filtering and saving results...
2026-06-29 11:42:00,772 [INFO]: Search against KOfam done!
2026-06-29 11:42:55,675 [INFO]: Filtering and saving results...
2026-06-29 11:42:55,761 [INFO]: Search against KOfam done!
2026-06-29 11:43:46,144 [INFO]: Filtering and saving results...
2026-06-29 11:43:46,233 [INFO]: Search against KOfam done!
2026-06-29 11:45:13,116 [INFO]: Filtering and saving results...
2026-06-29 11:45:13,250 [INFO]: Search against KOfam done!
2026-06-29 11:46:37,816 [INFO]: Filtering and saving results...
2026-06-29 11:46:38,004 [INFO]: Search against KOfam done!
2026-06-29 11:47:56,029 [INFO]: Filtering and saving results...
2026-06-29 11:47:56,161 [INFO]: Search against KOfam done!
2026-06-29 11:49:17,308 [INFO]: Filtering and saving results...
2026-06-29 11:49:17,421 [INFO]: Search against KOfam done!
2026-06-29 11:51:01,734 [INFO]: Filtering and saving results...
2026-06-29 11:51:01,868 [INFO]: Search against KOfam done!
2026-06-29 11:52:46,804 [INFO]: Filtering and saving results...
2026-06-29 11:52:46,941 [INFO]: Search against KOfam done!
2026-06-29 11:54:04,142 [INFO]: Filtering and saving results...
2026-06-29 11:54:04,280 [INFO]: Search against KOfam done!
2026-06-29 11:55:50,238 [INFO]: Filtering and saving results...
2026-06-29 11:55:51,846 [INFO]: Search against KOfam done!
2026-06-29 11:56:55,353 [INFO]: Filtering and saving results...
2026-06-29 11:56:55,458 [INFO]: Search against KOfam done!
2026-06-29 11:57:43,121 [INFO]: Filtering and saving results...
2026-06-29 11:57:43,200 [INFO]: Search against KOfam done!
2026-06-29 11:58:39,504 [INFO]: Filtering and saving results...
2026-06-29 11:58:39,631 [INFO]: Search against KOfam done!
2026-06-29 11:59:34,068 [INFO]: Filtering and saving results...
2026-06-29 11:59:34,178 [INFO]: Search against KOfam done!
2026-06-29 12:00:23,612 [INFO]: Filtering and saving results...
2026-06-29 12:00:23,698 [INFO]: Search against KOfam done!
2026-06-29 12:02:39,122 [INFO]: Filtering and saving results...
2026-06-29 12:02:39,276 [INFO]: Search against KOfam done!
2026-06-29 12:03:21,708 [INFO]: Filtering and saving results...
2026-06-29 12:03:21,792 [INFO]: Search against KOfam done!
2026-06-29 12:04:32,727 [INFO]: Filtering and saving results...
2026-06-29 12:04:32,873 [INFO]: Search against KOfam done!
2026-06-29 12:05:22,713 [INFO]: Filtering and saving results...
2026-06-29 12:05:22,806 [INFO]: Search against KOfam done!
2026-06-29 12:06:53,375 [INFO]: Filtering and saving results...
2026-06-29 12:06:53,477 [INFO]: Search against KOfam done!
2026-06-29 12:06:53,732 [INFO]: Searching proteins against Swissprot
2026-06-29 12:09:00,051 [INFO]: Extracting Swissprot annotation data
2026-06-29 12:15:44,113 [INFO]: Searching proteins against RefSeq
2026-06-29 14:50:01,718 [INFO]: Extracting RefSeq annotation data
2026-06-29 15:51:54,464 [INFO]: Searching proteins against Trembl
2026-06-29 18:19:19,986 [INFO]: Extracting Trembl annotation data
2026-06-29 18:19:20,642 [INFO]: Improving annotations by searching matches in other databases
2026-06-29 18:19:24,782 [INFO]: MicrobeAnnotator has finished succefully!
