=====================================================
Start Time  : Mon Jun 29 11:20:41 AM PDT 2026
Job ID/Name : 64666526 / pangenome
======================================================

[2026-06-29 11:20:41] ========== Microbeannotator for Pangenome Analysis started ==========
[2026-06-29 11:20:41] Job ID/Name : 64666526 / pangenome
[2026-06-29 11:20:41] Node: hpc-34-01.cm.cluster, CPUs: 32, Mem: 122880MB
[2026-06-29 11:20:47] Activated conda env: /resnick/groups/enviromics/zahra/miniconda3/envs/microbeannotator
[2026-06-29 11:20:47] Running Microbeannotator
Loading diamond/2.1.7-gcc-13.2.0-cfkl5pd
  Loading requirement: zlib-ng/2.1.3-gcc-13.2.0-jetnfwa
2026-06-29 11:20:52,471 [INFO]:  ---- This is MicrobeAnnotator v2.0.5 ---- 
2026-06-29 11:20:52,471 [INFO]: Validating user inputs
2026-06-29 11:20:52,634 [INFO]: Passed
2026-06-29 11:20:52,634 [INFO]: Processing 50 files. I will run 8 files in parallel with 4 threads per file.
2026-06-29 11:20:52,634 [INFO]: Running in no_plot mode. Skipping plotting KO summaries. 
2026-06-29 11:20:53,813 [INFO]: Searching proteins against KOfam profiles
2026-06-29 11:20:53,814 [INFO]: Parsing HMM profile metadata
2026-06-29 11:21:41,009 [INFO]: Filtering and saving results...
2026-06-29 11:21:41,118 [INFO]: Search against KOfam done!
2026-06-29 11:22:45,707 [INFO]: Filtering and saving results...
2026-06-29 11:22:45,879 [INFO]: Search against KOfam done!
2026-06-29 11:23:51,507 [INFO]: Filtering and saving results...
2026-06-29 11:23:51,668 [INFO]: Search against KOfam done!
2026-06-29 11:24:17,218 [INFO]: Filtering and saving results...
2026-06-29 11:24:17,289 [INFO]: Search against KOfam done!
2026-06-29 11:24:52,751 [INFO]: Filtering and saving results...
2026-06-29 11:24:52,834 [INFO]: Search against KOfam done!
2026-06-29 11:25:29,245 [INFO]: Filtering and saving results...
2026-06-29 11:25:29,333 [INFO]: Search against KOfam done!
2026-06-29 11:25:59,669 [INFO]: Filtering and saving results...
2026-06-29 11:25:59,735 [INFO]: Search against KOfam done!
2026-06-29 11:26:57,486 [INFO]: Filtering and saving results...
2026-06-29 11:26:57,597 [INFO]: Search against KOfam done!
2026-06-29 11:28:16,798 [INFO]: Filtering and saving results...
2026-06-29 11:28:16,962 [INFO]: Search against KOfam done!
2026-06-29 11:29:33,718 [INFO]: Filtering and saving results...
2026-06-29 11:29:33,966 [INFO]: Search against KOfam done!
2026-06-29 11:30:46,700 [INFO]: Filtering and saving results...
2026-06-29 11:30:46,867 [INFO]: Search against KOfam done!
2026-06-29 11:31:38,347 [INFO]: Filtering and saving results...
2026-06-29 11:31:38,461 [INFO]: Search against KOfam done!
2026-06-29 11:32:08,131 [INFO]: Filtering and saving results...
2026-06-29 11:32:08,189 [INFO]: Search against KOfam done!
2026-06-29 11:33:26,476 [INFO]: Filtering and saving results...
2026-06-29 11:33:26,577 [INFO]: Search against KOfam done!
2026-06-29 11:34:15,404 [INFO]: Filtering and saving results...
2026-06-29 11:34:15,500 [INFO]: Search against KOfam done!
2026-06-29 11:35:51,553 [INFO]: Filtering and saving results...
2026-06-29 11:35:51,708 [INFO]: Search against KOfam done!
2026-06-29 11:36:44,285 [INFO]: Filtering and saving results...
2026-06-29 11:36:44,421 [INFO]: Search against KOfam done!
2026-06-29 11:37:25,414 [INFO]: Filtering and saving results...
2026-06-29 11:37:25,488 [INFO]: Search against KOfam done!
2026-06-29 11:37:55,895 [INFO]: Filtering and saving results...
2026-06-29 11:37:55,962 [INFO]: Search against KOfam done!
2026-06-29 11:38:40,405 [INFO]: Filtering and saving results...
2026-06-29 11:38:40,519 [INFO]: Search against KOfam done!
2026-06-29 11:39:13,570 [INFO]: Filtering and saving results...
2026-06-29 11:39:13,652 [INFO]: Search against KOfam done!
2026-06-29 11:39:51,837 [INFO]: Filtering and saving results...
2026-06-29 11:39:51,927 [INFO]: Search against KOfam done!
2026-06-29 11:40:23,073 [INFO]: Filtering and saving results...
2026-06-29 11:40:23,167 [INFO]: Search against KOfam done!
2026-06-29 11:41:47,226 [INFO]: Filtering and saving results...
2026-06-29 11:41:47,371 [INFO]: Search against KOfam done!
2026-06-29 11:42:16,756 [INFO]: Filtering and saving results...
2026-06-29 11:42:16,814 [INFO]: Search against KOfam done!
2026-06-29 11:43:01,114 [INFO]: Filtering and saving results...
2026-06-29 11:43:01,235 [INFO]: Search against KOfam done!
2026-06-29 11:43:47,928 [INFO]: Filtering and saving results...
2026-06-29 11:43:48,011 [INFO]: Search against KOfam done!
2026-06-29 11:44:26,156 [INFO]: Filtering and saving results...
2026-06-29 11:44:26,221 [INFO]: Search against KOfam done!
2026-06-29 11:45:34,730 [INFO]: Filtering and saving results...
2026-06-29 11:45:34,884 [INFO]: Search against KOfam done!
2026-06-29 11:46:14,008 [INFO]: Filtering and saving results...
2026-06-29 11:46:14,111 [INFO]: Search against KOfam done!
2026-06-29 11:47:04,862 [INFO]: Filtering and saving results...
2026-06-29 11:47:04,983 [INFO]: Search against KOfam done!
2026-06-29 11:48:33,262 [INFO]: Filtering and saving results...
2026-06-29 11:48:33,435 [INFO]: Search against KOfam done!
2026-06-29 11:49:16,457 [INFO]: Filtering and saving results...
2026-06-29 11:49:16,573 [INFO]: Search against KOfam done!
2026-06-29 11:49:53,794 [INFO]: Filtering and saving results...
2026-06-29 11:49:53,869 [INFO]: Search against KOfam done!
2026-06-29 11:51:28,159 [INFO]: Filtering and saving results...
2026-06-29 11:51:28,314 [INFO]: Search against KOfam done!
2026-06-29 11:53:15,902 [INFO]: Filtering and saving results...
2026-06-29 11:53:16,048 [INFO]: Search against KOfam done!
2026-06-29 11:54:09,100 [INFO]: Filtering and saving results...
2026-06-29 11:54:09,193 [INFO]: Search against KOfam done!
2026-06-29 11:55:32,080 [INFO]: Filtering and saving results...
2026-06-29 11:55:32,224 [INFO]: Search against KOfam done!
2026-06-29 11:57:08,029 [INFO]: Filtering and saving results...
2026-06-29 11:57:08,180 [INFO]: Search against KOfam done!
2026-06-29 11:58:29,510 [INFO]: Filtering and saving results...
2026-06-29 11:58:29,650 [INFO]: Search against KOfam done!
2026-06-29 11:59:31,984 [INFO]: Filtering and saving results...
2026-06-29 11:59:32,106 [INFO]: Search against KOfam done!
2026-06-29 12:00:21,399 [INFO]: Filtering and saving results...
2026-06-29 12:00:21,480 [INFO]: Search against KOfam done!
2026-06-29 12:01:34,742 [INFO]: Filtering and saving results...
2026-06-29 12:01:34,860 [INFO]: Search against KOfam done!
2026-06-29 12:03:18,112 [INFO]: Filtering and saving results...
2026-06-29 12:03:18,282 [INFO]: Search against KOfam done!
2026-06-29 12:03:44,083 [INFO]: Filtering and saving results...
2026-06-29 12:03:44,147 [INFO]: Search against KOfam done!
2026-06-29 12:04:21,101 [INFO]: Filtering and saving results...
2026-06-29 12:04:21,198 [INFO]: Search against KOfam done!
2026-06-29 12:04:53,210 [INFO]: Filtering and saving results...
2026-06-29 12:04:53,284 [INFO]: Search against KOfam done!
2026-06-29 12:05:27,741 [INFO]: Filtering and saving results...
2026-06-29 12:05:27,818 [INFO]: Search against KOfam done!
2026-06-29 12:07:08,379 [INFO]: Filtering and saving results...
2026-06-29 12:07:08,563 [INFO]: Search against KOfam done!
2026-06-29 12:07:58,159 [INFO]: Filtering and saving results...
2026-06-29 12:07:58,271 [INFO]: Search against KOfam done!
2026-06-29 12:07:58,390 [INFO]: Searching proteins against Swissprot
2026-06-29 12:10:04,677 [INFO]: Extracting Swissprot annotation data
2026-06-29 12:19:58,976 [INFO]: Searching proteins against RefSeq
2026-06-29 14:42:43,233 [INFO]: Extracting RefSeq annotation data
2026-06-29 16:08:19,650 [INFO]: Searching proteins against Trembl
2026-06-29 18:38:59,846 [INFO]: Extracting Trembl annotation data
2026-06-29 18:39:00,404 [INFO]: Improving annotations by searching matches in other databases
2026-06-29 18:39:03,508 [INFO]: MicrobeAnnotator has finished succefully!
