=====================================================
Start Time  : Mon Jun 29 11:16:33 AM PDT 2026
Job ID/Name : 64666476 / pangenome
======================================================

[2026-06-29 11:16:33] ========== Microbeannotator for Pangenome Analysis started ==========
[2026-06-29 11:16:33] Job ID/Name : 64666476 / pangenome
[2026-06-29 11:16:33] Node: hpc-54-09.cm.cluster, CPUs: 32, Mem: 122880MB
[2026-06-29 11:16:38] Activated conda env: /resnick/groups/enviromics/zahra/miniconda3/envs/microbeannotator
[2026-06-29 11:16:38] Running Microbeannotator
Loading diamond/2.1.7-gcc-13.2.0-cfkl5pd
  Loading requirement: zlib-ng/2.1.3-gcc-13.2.0-jetnfwa
2026-06-29 11:16:41,977 [INFO]:  ---- This is MicrobeAnnotator v2.0.5 ---- 
2026-06-29 11:16:41,977 [INFO]: Validating user inputs
2026-06-29 11:16:42,164 [INFO]: Passed
2026-06-29 11:16:42,164 [INFO]: Processing 50 files. I will run 8 files in parallel with 4 threads per file.
2026-06-29 11:16:42,164 [INFO]: Running in no_plot mode. Skipping plotting KO summaries. 
2026-06-29 11:16:43,202 [INFO]: Searching proteins against KOfam profiles
2026-06-29 11:16:43,202 [INFO]: Parsing HMM profile metadata
2026-06-29 11:17:38,726 [INFO]: Filtering and saving results...
2026-06-29 11:17:38,840 [INFO]: Search against KOfam done!
2026-06-29 11:18:44,810 [INFO]: Filtering and saving results...
2026-06-29 11:18:44,975 [INFO]: Search against KOfam done!
2026-06-29 11:20:03,181 [INFO]: Filtering and saving results...
2026-06-29 11:20:03,363 [INFO]: Search against KOfam done!
2026-06-29 11:21:09,776 [INFO]: Filtering and saving results...
2026-06-29 11:21:09,937 [INFO]: Search against KOfam done!
2026-06-29 11:22:25,575 [INFO]: Filtering and saving results...
2026-06-29 11:22:25,699 [INFO]: Search against KOfam done!
2026-06-29 11:23:35,107 [INFO]: Filtering and saving results...
2026-06-29 11:23:35,222 [INFO]: Search against KOfam done!
2026-06-29 11:24:17,713 [INFO]: Filtering and saving results...
2026-06-29 11:24:17,803 [INFO]: Search against KOfam done!
2026-06-29 11:24:50,061 [INFO]: Filtering and saving results...
2026-06-29 11:24:50,132 [INFO]: Search against KOfam done!
2026-06-29 11:25:27,946 [INFO]: Filtering and saving results...
2026-06-29 11:25:28,025 [INFO]: Search against KOfam done!
2026-06-29 11:26:28,017 [INFO]: Filtering and saving results...
2026-06-29 11:26:28,113 [INFO]: Search against KOfam done!
2026-06-29 11:27:30,209 [INFO]: Filtering and saving results...
2026-06-29 11:27:30,347 [INFO]: Search against KOfam done!
2026-06-29 11:28:37,320 [INFO]: Filtering and saving results...
2026-06-29 11:28:37,436 [INFO]: Search against KOfam done!
2026-06-29 11:29:40,749 [INFO]: Filtering and saving results...
2026-06-29 11:29:40,850 [INFO]: Search against KOfam done!
2026-06-29 11:30:45,040 [INFO]: Filtering and saving results...
2026-06-29 11:30:45,178 [INFO]: Search against KOfam done!
2026-06-29 11:31:53,390 [INFO]: Filtering and saving results...
2026-06-29 11:31:53,611 [INFO]: Search against KOfam done!
2026-06-29 11:33:07,314 [INFO]: Filtering and saving results...
2026-06-29 11:33:07,439 [INFO]: Search against KOfam done!
2026-06-29 11:34:02,472 [INFO]: Filtering and saving results...
2026-06-29 11:34:02,588 [INFO]: Search against KOfam done!
2026-06-29 11:34:40,258 [INFO]: Filtering and saving results...
2026-06-29 11:34:40,322 [INFO]: Search against KOfam done!
2026-06-29 11:35:26,892 [INFO]: Filtering and saving results...
2026-06-29 11:35:26,964 [INFO]: Search against KOfam done!
2026-06-29 11:35:57,231 [INFO]: Filtering and saving results...
2026-06-29 11:35:57,295 [INFO]: Search against KOfam done!
2026-06-29 11:38:07,227 [INFO]: Filtering and saving results...
2026-06-29 11:38:07,367 [INFO]: Search against KOfam done!
2026-06-29 11:39:47,583 [INFO]: Filtering and saving results...
2026-06-29 11:39:47,767 [INFO]: Search against KOfam done!
2026-06-29 11:40:36,113 [INFO]: Filtering and saving results...
2026-06-29 11:40:36,181 [INFO]: Search against KOfam done!
2026-06-29 11:41:07,928 [INFO]: Filtering and saving results...
2026-06-29 11:41:08,012 [INFO]: Search against KOfam done!
2026-06-29 11:41:32,627 [INFO]: Filtering and saving results...
2026-06-29 11:41:32,667 [INFO]: Search against KOfam done!
2026-06-29 11:42:01,490 [INFO]: Filtering and saving results...
2026-06-29 11:42:01,534 [INFO]: Search against KOfam done!
2026-06-29 11:43:11,587 [INFO]: Filtering and saving results...
2026-06-29 11:43:11,715 [INFO]: Search against KOfam done!
2026-06-29 11:44:26,701 [INFO]: Filtering and saving results...
2026-06-29 11:44:26,843 [INFO]: Search against KOfam done!
2026-06-29 11:45:36,678 [INFO]: Filtering and saving results...
2026-06-29 11:45:36,815 [INFO]: Search against KOfam done!
2026-06-29 11:46:46,854 [INFO]: Filtering and saving results...
2026-06-29 11:46:47,085 [INFO]: Search against KOfam done!
2026-06-29 11:47:42,392 [INFO]: Filtering and saving results...
2026-06-29 11:47:42,506 [INFO]: Search against KOfam done!
2026-06-29 11:48:28,734 [INFO]: Filtering and saving results...
2026-06-29 11:48:28,804 [INFO]: Search against KOfam done!
2026-06-29 11:49:38,068 [INFO]: Filtering and saving results...
2026-06-29 11:49:38,300 [INFO]: Search against KOfam done!
2026-06-29 11:50:06,646 [INFO]: Filtering and saving results...
2026-06-29 11:50:06,712 [INFO]: Search against KOfam done!
2026-06-29 11:50:30,415 [INFO]: Filtering and saving results...
2026-06-29 11:50:30,461 [INFO]: Search against KOfam done!
2026-06-29 11:51:02,862 [INFO]: Filtering and saving results...
2026-06-29 11:51:02,923 [INFO]: Search against KOfam done!
2026-06-29 11:51:41,270 [INFO]: Filtering and saving results...
2026-06-29 11:51:41,333 [INFO]: Search against KOfam done!
2026-06-29 11:53:03,367 [INFO]: Filtering and saving results...
2026-06-29 11:53:03,463 [INFO]: Search against KOfam done!
2026-06-29 11:53:55,850 [INFO]: Filtering and saving results...
2026-06-29 11:53:55,961 [INFO]: Search against KOfam done!
2026-06-29 11:54:56,135 [INFO]: Filtering and saving results...
2026-06-29 11:54:56,257 [INFO]: Search against KOfam done!
2026-06-29 11:55:56,912 [INFO]: Filtering and saving results...
2026-06-29 11:55:57,007 [INFO]: Search against KOfam done!
2026-06-29 11:56:36,739 [INFO]: Filtering and saving results...
2026-06-29 11:56:36,806 [INFO]: Search against KOfam done!
2026-06-29 11:57:46,132 [INFO]: Filtering and saving results...
2026-06-29 11:57:46,247 [INFO]: Search against KOfam done!
2026-06-29 11:58:23,325 [INFO]: Filtering and saving results...
2026-06-29 11:58:23,400 [INFO]: Search against KOfam done!
2026-06-29 11:58:48,430 [INFO]: Filtering and saving results...
2026-06-29 11:58:48,477 [INFO]: Search against KOfam done!
2026-06-29 11:59:44,103 [INFO]: Filtering and saving results...
2026-06-29 11:59:44,192 [INFO]: Search against KOfam done!
2026-06-29 12:00:44,165 [INFO]: Filtering and saving results...
2026-06-29 12:00:44,293 [INFO]: Search against KOfam done!
2026-06-29 12:01:43,361 [INFO]: Filtering and saving results...
2026-06-29 12:01:43,474 [INFO]: Search against KOfam done!
2026-06-29 12:02:29,446 [INFO]: Filtering and saving results...
2026-06-29 12:02:29,524 [INFO]: Search against KOfam done!
2026-06-29 12:03:12,052 [INFO]: Filtering and saving results...
2026-06-29 12:03:12,120 [INFO]: Search against KOfam done!
2026-06-29 12:03:12,203 [INFO]: Searching proteins against Swissprot
2026-06-29 12:05:18,056 [INFO]: Extracting Swissprot annotation data
2026-06-29 12:19:00,663 [INFO]: Searching proteins against RefSeq
2026-06-29 14:23:06,225 [INFO]: Extracting RefSeq annotation data
2026-06-29 16:08:09,003 [INFO]: Searching proteins against Trembl
2026-06-29 18:19:05,782 [INFO]: Extracting Trembl annotation data
2026-06-29 18:19:06,253 [INFO]: Improving annotations by searching matches in other databases
2026-06-29 18:19:08,944 [INFO]: MicrobeAnnotator has finished succefully!
