=====================================================
Start Time  : Mon Jun 29 11:09:50 AM PDT 2026
Job ID/Name : 64666349 / pangenome
======================================================

[2026-06-29 11:09:50] ========== Microbeannotator for Pangenome Analysis started ==========
[2026-06-29 11:09:50] Job ID/Name : 64666349 / pangenome
[2026-06-29 11:09:51] Node: hpc-53-09.cm.cluster, CPUs: 32, Mem: 122880MB
[2026-06-29 11:09:58] Activated conda env: /resnick/groups/enviromics/zahra/miniconda3/envs/microbeannotator
[2026-06-29 11:09:58] Running Microbeannotator
Loading diamond/2.1.7-gcc-13.2.0-cfkl5pd
  Loading requirement: zlib-ng/2.1.3-gcc-13.2.0-jetnfwa
2026-06-29 11:10:04,228 [INFO]:  ---- This is MicrobeAnnotator v2.0.5 ---- 
2026-06-29 11:10:04,228 [INFO]: Validating user inputs
2026-06-29 11:10:04,422 [INFO]: Passed
2026-06-29 11:10:04,422 [INFO]: Processing 50 files. I will run 8 files in parallel with 4 threads per file.
2026-06-29 11:10:04,422 [INFO]: Running in no_plot mode. Skipping plotting KO summaries. 
2026-06-29 11:10:05,330 [INFO]: Searching proteins against KOfam profiles
2026-06-29 11:10:05,331 [INFO]: Parsing HMM profile metadata
2026-06-29 11:11:18,045 [INFO]: Filtering and saving results...
2026-06-29 11:11:18,193 [INFO]: Search against KOfam done!
2026-06-29 11:11:37,641 [INFO]: Filtering and saving results...
2026-06-29 11:11:37,694 [INFO]: Search against KOfam done!
2026-06-29 11:12:03,739 [INFO]: Filtering and saving results...
2026-06-29 11:12:03,806 [INFO]: Search against KOfam done!
2026-06-29 11:12:28,232 [INFO]: Filtering and saving results...
2026-06-29 11:12:28,283 [INFO]: Search against KOfam done!
2026-06-29 11:12:57,526 [INFO]: Filtering and saving results...
2026-06-29 11:12:57,589 [INFO]: Search against KOfam done!
2026-06-29 11:13:46,901 [INFO]: Filtering and saving results...
2026-06-29 11:13:46,994 [INFO]: Search against KOfam done!
2026-06-29 11:14:08,815 [INFO]: Filtering and saving results...
2026-06-29 11:14:08,866 [INFO]: Search against KOfam done!
2026-06-29 11:14:39,894 [INFO]: Filtering and saving results...
2026-06-29 11:14:39,952 [INFO]: Search against KOfam done!
2026-06-29 11:15:16,469 [INFO]: Filtering and saving results...
2026-06-29 11:15:16,545 [INFO]: Search against KOfam done!
2026-06-29 11:15:43,939 [INFO]: Filtering and saving results...
2026-06-29 11:15:44,040 [INFO]: Search against KOfam done!
2026-06-29 11:16:20,144 [INFO]: Filtering and saving results...
2026-06-29 11:16:20,218 [INFO]: Search against KOfam done!
2026-06-29 11:16:47,912 [INFO]: Filtering and saving results...
2026-06-29 11:16:47,977 [INFO]: Search against KOfam done!
2026-06-29 11:17:12,949 [INFO]: Filtering and saving results...
2026-06-29 11:17:13,015 [INFO]: Search against KOfam done!
2026-06-29 11:17:39,846 [INFO]: Filtering and saving results...
2026-06-29 11:17:39,914 [INFO]: Search against KOfam done!
2026-06-29 11:18:04,164 [INFO]: Filtering and saving results...
2026-06-29 11:18:04,222 [INFO]: Search against KOfam done!
2026-06-29 11:18:25,993 [INFO]: Filtering and saving results...
2026-06-29 11:18:26,037 [INFO]: Search against KOfam done!
2026-06-29 11:18:55,435 [INFO]: Filtering and saving results...
2026-06-29 11:18:55,495 [INFO]: Search against KOfam done!
2026-06-29 11:19:27,762 [INFO]: Filtering and saving results...
2026-06-29 11:19:27,853 [INFO]: Search against KOfam done!
2026-06-29 11:20:02,344 [INFO]: Filtering and saving results...
2026-06-29 11:20:02,418 [INFO]: Search against KOfam done!
2026-06-29 11:20:27,451 [INFO]: Filtering and saving results...
2026-06-29 11:20:27,512 [INFO]: Search against KOfam done!
2026-06-29 11:21:09,653 [INFO]: Filtering and saving results...
2026-06-29 11:21:09,733 [INFO]: Search against KOfam done!
2026-06-29 11:21:30,021 [INFO]: Filtering and saving results...
2026-06-29 11:21:30,072 [INFO]: Search against KOfam done!
2026-06-29 11:22:12,428 [INFO]: Filtering and saving results...
2026-06-29 11:22:12,523 [INFO]: Search against KOfam done!
2026-06-29 11:22:39,975 [INFO]: Filtering and saving results...
2026-06-29 11:22:40,112 [INFO]: Search against KOfam done!
2026-06-29 11:24:02,910 [INFO]: Filtering and saving results...
2026-06-29 11:24:03,042 [INFO]: Search against KOfam done!
2026-06-29 11:24:24,264 [INFO]: Filtering and saving results...
2026-06-29 11:24:24,318 [INFO]: Search against KOfam done!
2026-06-29 11:25:33,620 [INFO]: Filtering and saving results...
2026-06-29 11:25:33,757 [INFO]: Search against KOfam done!
2026-06-29 11:26:04,835 [INFO]: Filtering and saving results...
2026-06-29 11:26:04,885 [INFO]: Search against KOfam done!
2026-06-29 11:26:24,097 [INFO]: Filtering and saving results...
2026-06-29 11:26:24,149 [INFO]: Search against KOfam done!
2026-06-29 11:27:10,582 [INFO]: Filtering and saving results...
2026-06-29 11:27:10,661 [INFO]: Search against KOfam done!
2026-06-29 11:27:48,212 [INFO]: Filtering and saving results...
2026-06-29 11:27:48,296 [INFO]: Search against KOfam done!
2026-06-29 11:28:24,244 [INFO]: Filtering and saving results...
2026-06-29 11:28:24,305 [INFO]: Search against KOfam done!
2026-06-29 11:29:10,008 [INFO]: Filtering and saving results...
2026-06-29 11:29:10,081 [INFO]: Search against KOfam done!
2026-06-29 11:30:14,451 [INFO]: Filtering and saving results...
2026-06-29 11:30:14,562 [INFO]: Search against KOfam done!
2026-06-29 11:31:12,387 [INFO]: Filtering and saving results...
2026-06-29 11:31:12,480 [INFO]: Search against KOfam done!
2026-06-29 11:32:05,020 [INFO]: Filtering and saving results...
2026-06-29 11:32:05,132 [INFO]: Search against KOfam done!
2026-06-29 11:32:42,276 [INFO]: Filtering and saving results...
2026-06-29 11:32:42,332 [INFO]: Search against KOfam done!
2026-06-29 11:33:23,138 [INFO]: Filtering and saving results...
2026-06-29 11:33:23,243 [INFO]: Search against KOfam done!
2026-06-29 11:33:50,030 [INFO]: Filtering and saving results...
2026-06-29 11:33:50,075 [INFO]: Search against KOfam done!
2026-06-29 11:34:28,621 [INFO]: Filtering and saving results...
2026-06-29 11:34:28,705 [INFO]: Search against KOfam done!
2026-06-29 11:35:02,402 [INFO]: Filtering and saving results...
2026-06-29 11:35:02,455 [INFO]: Search against KOfam done!
2026-06-29 11:35:45,997 [INFO]: Filtering and saving results...
2026-06-29 11:35:46,113 [INFO]: Search against KOfam done!
2026-06-29 11:36:14,032 [INFO]: Filtering and saving results...
2026-06-29 11:36:14,095 [INFO]: Search against KOfam done!
2026-06-29 11:36:43,028 [INFO]: Filtering and saving results...
2026-06-29 11:36:43,070 [INFO]: Search against KOfam done!
2026-06-29 11:37:34,964 [INFO]: Filtering and saving results...
2026-06-29 11:37:35,082 [INFO]: Search against KOfam done!
2026-06-29 11:38:10,448 [INFO]: Filtering and saving results...
2026-06-29 11:38:10,520 [INFO]: Search against KOfam done!
2026-06-29 11:38:46,383 [INFO]: Filtering and saving results...
2026-06-29 11:38:46,461 [INFO]: Search against KOfam done!
2026-06-29 11:39:21,943 [INFO]: Filtering and saving results...
2026-06-29 11:39:22,000 [INFO]: Search against KOfam done!
2026-06-29 11:40:41,644 [INFO]: Filtering and saving results...
2026-06-29 11:40:41,768 [INFO]: Search against KOfam done!
2026-06-29 11:41:10,789 [INFO]: Filtering and saving results...
2026-06-29 11:41:10,838 [INFO]: Search against KOfam done!
2026-06-29 11:41:10,885 [INFO]: Searching proteins against Swissprot
2026-06-29 11:43:10,726 [INFO]: Extracting Swissprot annotation data
2026-06-29 11:51:09,129 [INFO]: Searching proteins against RefSeq
2026-06-29 13:56:49,809 [INFO]: Extracting RefSeq annotation data
2026-06-29 15:09:01,367 [INFO]: Searching proteins against Trembl
2026-06-29 17:23:27,751 [INFO]: Extracting Trembl annotation data
2026-06-29 17:23:28,177 [INFO]: Improving annotations by searching matches in other databases
2026-06-29 17:23:30,008 [INFO]: MicrobeAnnotator has finished succefully!
