=====================================================
Start Time  : Mon Jun 29 11:15:31 AM PDT 2026
Job ID/Name : 64666461 / pangenome
======================================================

[2026-06-29 11:15:31] ========== Microbeannotator for Pangenome Analysis started ==========
[2026-06-29 11:15:32] Job ID/Name : 64666461 / pangenome
[2026-06-29 11:15:32] Node: hpc-54-32.cm.cluster, CPUs: 32, Mem: 122880MB
[2026-06-29 11:15:36] Activated conda env: /resnick/groups/enviromics/zahra/miniconda3/envs/microbeannotator
[2026-06-29 11:15:36] Running Microbeannotator
Loading diamond/2.1.7-gcc-13.2.0-cfkl5pd
  Loading requirement: zlib-ng/2.1.3-gcc-13.2.0-jetnfwa
2026-06-29 11:15:40,184 [INFO]:  ---- This is MicrobeAnnotator v2.0.5 ---- 
2026-06-29 11:15:40,185 [INFO]: Validating user inputs
2026-06-29 11:15:40,374 [INFO]: Passed
2026-06-29 11:15:40,375 [INFO]: Processing 50 files. I will run 8 files in parallel with 4 threads per file.
2026-06-29 11:15:40,375 [INFO]: Running in no_plot mode. Skipping plotting KO summaries. 
2026-06-29 11:15:41,353 [INFO]: Searching proteins against KOfam profiles
2026-06-29 11:15:41,354 [INFO]: Parsing HMM profile metadata
2026-06-29 11:16:40,832 [INFO]: Filtering and saving results...
2026-06-29 11:16:40,937 [INFO]: Search against KOfam done!
2026-06-29 11:17:23,246 [INFO]: Filtering and saving results...
2026-06-29 11:17:23,336 [INFO]: Search against KOfam done!
2026-06-29 11:18:28,042 [INFO]: Filtering and saving results...
2026-06-29 11:18:28,156 [INFO]: Search against KOfam done!
2026-06-29 11:19:38,430 [INFO]: Filtering and saving results...
2026-06-29 11:19:38,571 [INFO]: Search against KOfam done!
2026-06-29 11:20:00,226 [INFO]: Filtering and saving results...
2026-06-29 11:20:00,258 [INFO]: Search against KOfam done!
2026-06-29 11:20:42,144 [INFO]: Filtering and saving results...
2026-06-29 11:20:42,216 [INFO]: Search against KOfam done!
2026-06-29 11:21:49,600 [INFO]: Filtering and saving results...
2026-06-29 11:21:49,745 [INFO]: Search against KOfam done!
2026-06-29 11:22:32,053 [INFO]: Filtering and saving results...
2026-06-29 11:22:32,143 [INFO]: Search against KOfam done!
2026-06-29 11:23:02,608 [INFO]: Filtering and saving results...
2026-06-29 11:23:02,724 [INFO]: Search against KOfam done!
2026-06-29 11:23:51,991 [INFO]: Filtering and saving results...
2026-06-29 11:23:52,107 [INFO]: Search against KOfam done!
2026-06-29 11:24:29,667 [INFO]: Filtering and saving results...
2026-06-29 11:24:29,782 [INFO]: Search against KOfam done!
2026-06-29 11:25:27,392 [INFO]: Filtering and saving results...
2026-06-29 11:25:27,490 [INFO]: Search against KOfam done!
2026-06-29 11:26:34,673 [INFO]: Filtering and saving results...
2026-06-29 11:26:34,773 [INFO]: Search against KOfam done!
2026-06-29 11:27:18,317 [INFO]: Filtering and saving results...
2026-06-29 11:27:18,406 [INFO]: Search against KOfam done!
2026-06-29 11:27:49,838 [INFO]: Filtering and saving results...
2026-06-29 11:27:49,909 [INFO]: Search against KOfam done!
2026-06-29 11:28:24,952 [INFO]: Filtering and saving results...
2026-06-29 11:28:25,028 [INFO]: Search against KOfam done!
2026-06-29 11:29:06,119 [INFO]: Filtering and saving results...
2026-06-29 11:29:06,193 [INFO]: Search against KOfam done!
2026-06-29 11:30:16,504 [INFO]: Filtering and saving results...
2026-06-29 11:30:16,631 [INFO]: Search against KOfam done!
2026-06-29 11:31:22,836 [INFO]: Filtering and saving results...
2026-06-29 11:31:22,935 [INFO]: Search against KOfam done!
2026-06-29 11:32:47,079 [INFO]: Filtering and saving results...
2026-06-29 11:32:47,280 [INFO]: Search against KOfam done!
2026-06-29 11:33:27,174 [INFO]: Filtering and saving results...
2026-06-29 11:33:27,250 [INFO]: Search against KOfam done!
2026-06-29 11:34:34,098 [INFO]: Filtering and saving results...
2026-06-29 11:34:34,220 [INFO]: Search against KOfam done!
2026-06-29 11:35:20,195 [INFO]: Filtering and saving results...
2026-06-29 11:35:20,272 [INFO]: Search against KOfam done!
2026-06-29 11:36:49,111 [INFO]: Filtering and saving results...
2026-06-29 11:36:49,302 [INFO]: Search against KOfam done!
2026-06-29 11:38:02,527 [INFO]: Filtering and saving results...
2026-06-29 11:38:02,685 [INFO]: Search against KOfam done!
2026-06-29 11:39:17,751 [INFO]: Filtering and saving results...
2026-06-29 11:39:17,891 [INFO]: Search against KOfam done!
2026-06-29 11:40:00,191 [INFO]: Filtering and saving results...
2026-06-29 11:40:00,261 [INFO]: Search against KOfam done!
2026-06-29 11:40:44,012 [INFO]: Filtering and saving results...
2026-06-29 11:40:44,107 [INFO]: Search against KOfam done!
2026-06-29 11:41:27,523 [INFO]: Filtering and saving results...
2026-06-29 11:41:27,599 [INFO]: Search against KOfam done!
2026-06-29 11:43:06,097 [INFO]: Filtering and saving results...
2026-06-29 11:43:06,278 [INFO]: Search against KOfam done!
2026-06-29 11:44:09,634 [INFO]: Filtering and saving results...
2026-06-29 11:44:09,764 [INFO]: Search against KOfam done!
2026-06-29 11:44:52,298 [INFO]: Filtering and saving results...
2026-06-29 11:44:52,365 [INFO]: Search against KOfam done!
2026-06-29 11:45:20,692 [INFO]: Filtering and saving results...
2026-06-29 11:45:20,755 [INFO]: Search against KOfam done!
2026-06-29 11:46:12,621 [INFO]: Filtering and saving results...
2026-06-29 11:46:12,681 [INFO]: Search against KOfam done!
2026-06-29 11:47:06,229 [INFO]: Filtering and saving results...
2026-06-29 11:47:06,313 [INFO]: Search against KOfam done!
2026-06-29 11:47:51,173 [INFO]: Filtering and saving results...
2026-06-29 11:47:51,252 [INFO]: Search against KOfam done!
2026-06-29 11:48:12,567 [INFO]: Filtering and saving results...
2026-06-29 11:48:12,615 [INFO]: Search against KOfam done!
2026-06-29 11:49:08,043 [INFO]: Filtering and saving results...
2026-06-29 11:49:08,152 [INFO]: Search against KOfam done!
2026-06-29 11:50:02,108 [INFO]: Filtering and saving results...
2026-06-29 11:50:02,223 [INFO]: Search against KOfam done!
2026-06-29 11:50:27,970 [INFO]: Filtering and saving results...
2026-06-29 11:50:28,040 [INFO]: Search against KOfam done!
2026-06-29 11:51:41,108 [INFO]: Filtering and saving results...
2026-06-29 11:51:41,219 [INFO]: Search against KOfam done!
2026-06-29 11:53:59,907 [INFO]: Filtering and saving results...
2026-06-29 11:54:00,127 [INFO]: Search against KOfam done!
2026-06-29 11:55:18,591 [INFO]: Filtering and saving results...
2026-06-29 11:55:18,780 [INFO]: Search against KOfam done!
2026-06-29 11:56:26,082 [INFO]: Filtering and saving results...
2026-06-29 11:56:26,202 [INFO]: Search against KOfam done!
2026-06-29 11:56:54,028 [INFO]: Filtering and saving results...
2026-06-29 11:56:54,092 [INFO]: Search against KOfam done!
2026-06-29 11:57:48,037 [INFO]: Filtering and saving results...
2026-06-29 11:57:48,135 [INFO]: Search against KOfam done!
2026-06-29 11:58:34,756 [INFO]: Filtering and saving results...
2026-06-29 11:58:34,826 [INFO]: Search against KOfam done!
2026-06-29 11:59:16,068 [INFO]: Filtering and saving results...
2026-06-29 11:59:16,148 [INFO]: Search against KOfam done!
2026-06-29 12:00:16,950 [INFO]: Filtering and saving results...
2026-06-29 12:00:17,059 [INFO]: Search against KOfam done!
2026-06-29 12:00:40,312 [INFO]: Filtering and saving results...
2026-06-29 12:00:40,357 [INFO]: Search against KOfam done!
2026-06-29 12:00:40,404 [INFO]: Searching proteins against Swissprot
2026-06-29 12:02:42,746 [INFO]: Extracting Swissprot annotation data
2026-06-29 12:09:59,745 [INFO]: Searching proteins against RefSeq
2026-06-29 14:15:45,645 [INFO]: Extracting RefSeq annotation data
2026-06-29 15:37:27,835 [INFO]: Searching proteins against Trembl
2026-06-29 17:46:46,214 [INFO]: Extracting Trembl annotation data
2026-06-29 17:46:46,690 [INFO]: Improving annotations by searching matches in other databases
2026-06-29 17:46:49,091 [INFO]: MicrobeAnnotator has finished succefully!
