=====================================================
Start Time  : Mon Jun 29 11:25:49 AM PDT 2026
Job ID/Name : 64666560 / pangenome
======================================================

[2026-06-29 11:25:49] ========== Microbeannotator for Pangenome Analysis started ==========
[2026-06-29 11:25:49] Job ID/Name : 64666560 / pangenome
[2026-06-29 11:25:49] Node: hpc-34-19.cm.cluster, CPUs: 32, Mem: 122880MB
[2026-06-29 11:25:56] Activated conda env: /resnick/groups/enviromics/zahra/miniconda3/envs/microbeannotator
[2026-06-29 11:25:56] Running Microbeannotator
Loading diamond/2.1.7-gcc-13.2.0-cfkl5pd
  Loading requirement: zlib-ng/2.1.3-gcc-13.2.0-jetnfwa
2026-06-29 11:26:02,099 [INFO]:  ---- This is MicrobeAnnotator v2.0.5 ---- 
2026-06-29 11:26:02,100 [INFO]: Validating user inputs
2026-06-29 11:26:02,263 [INFO]: Passed
2026-06-29 11:26:02,263 [INFO]: Processing 50 files. I will run 8 files in parallel with 4 threads per file.
2026-06-29 11:26:02,263 [INFO]: Running in no_plot mode. Skipping plotting KO summaries. 
2026-06-29 11:26:03,491 [INFO]: Searching proteins against KOfam profiles
2026-06-29 11:26:03,492 [INFO]: Parsing HMM profile metadata
2026-06-29 11:26:40,920 [INFO]: Filtering and saving results...
2026-06-29 11:26:41,009 [INFO]: Search against KOfam done!
2026-06-29 11:27:17,012 [INFO]: Filtering and saving results...
2026-06-29 11:27:17,073 [INFO]: Search against KOfam done!
2026-06-29 11:28:41,154 [INFO]: Filtering and saving results...
2026-06-29 11:28:41,349 [INFO]: Search against KOfam done!
2026-06-29 11:29:18,253 [INFO]: Filtering and saving results...
2026-06-29 11:29:18,335 [INFO]: Search against KOfam done!
2026-06-29 11:29:46,447 [INFO]: Filtering and saving results...
2026-06-29 11:29:46,511 [INFO]: Search against KOfam done!
2026-06-29 11:30:27,158 [INFO]: Filtering and saving results...
2026-06-29 11:30:27,219 [INFO]: Search against KOfam done!
2026-06-29 11:31:09,748 [INFO]: Filtering and saving results...
2026-06-29 11:31:09,854 [INFO]: Search against KOfam done!
2026-06-29 11:31:45,695 [INFO]: Filtering and saving results...
2026-06-29 11:31:45,769 [INFO]: Search against KOfam done!
2026-06-29 11:32:22,408 [INFO]: Filtering and saving results...
2026-06-29 11:32:22,502 [INFO]: Search against KOfam done!
2026-06-29 11:32:58,279 [INFO]: Filtering and saving results...
2026-06-29 11:32:58,358 [INFO]: Search against KOfam done!
2026-06-29 11:33:26,733 [INFO]: Filtering and saving results...
2026-06-29 11:33:26,764 [INFO]: Search against KOfam done!
2026-06-29 11:33:53,275 [INFO]: Filtering and saving results...
2026-06-29 11:33:53,325 [INFO]: Search against KOfam done!
2026-06-29 11:34:13,984 [INFO]: Filtering and saving results...
2026-06-29 11:34:14,018 [INFO]: Search against KOfam done!
2026-06-29 11:35:03,154 [INFO]: Filtering and saving results...
2026-06-29 11:35:03,263 [INFO]: Search against KOfam done!
2026-06-29 11:35:34,691 [INFO]: Filtering and saving results...
2026-06-29 11:35:34,764 [INFO]: Search against KOfam done!
2026-06-29 11:35:54,413 [INFO]: Filtering and saving results...
2026-06-29 11:35:54,467 [INFO]: Search against KOfam done!
2026-06-29 11:36:42,596 [INFO]: Filtering and saving results...
2026-06-29 11:36:42,668 [INFO]: Search against KOfam done!
2026-06-29 11:37:36,124 [INFO]: Filtering and saving results...
2026-06-29 11:37:36,201 [INFO]: Search against KOfam done!
2026-06-29 11:38:25,067 [INFO]: Filtering and saving results...
2026-06-29 11:38:25,163 [INFO]: Search against KOfam done!
2026-06-29 11:39:05,975 [INFO]: Filtering and saving results...
2026-06-29 11:39:06,043 [INFO]: Search against KOfam done!
2026-06-29 11:40:00,684 [INFO]: Filtering and saving results...
2026-06-29 11:40:00,781 [INFO]: Search against KOfam done!
2026-06-29 11:40:48,952 [INFO]: Filtering and saving results...
2026-06-29 11:40:49,046 [INFO]: Search against KOfam done!
2026-06-29 11:41:53,497 [INFO]: Filtering and saving results...
2026-06-29 11:41:53,679 [INFO]: Search against KOfam done!
2026-06-29 11:42:37,521 [INFO]: Filtering and saving results...
2026-06-29 11:42:37,618 [INFO]: Search against KOfam done!
2026-06-29 11:43:23,507 [INFO]: Filtering and saving results...
2026-06-29 11:43:23,602 [INFO]: Search against KOfam done!
2026-06-29 11:44:36,798 [INFO]: Filtering and saving results...
2026-06-29 11:44:36,981 [INFO]: Search against KOfam done!
2026-06-29 11:45:19,569 [INFO]: Filtering and saving results...
2026-06-29 11:45:19,652 [INFO]: Search against KOfam done!
2026-06-29 11:45:56,620 [INFO]: Filtering and saving results...
2026-06-29 11:45:56,673 [INFO]: Search against KOfam done!
2026-06-29 11:46:32,121 [INFO]: Filtering and saving results...
2026-06-29 11:46:32,204 [INFO]: Search against KOfam done!
2026-06-29 11:47:10,420 [INFO]: Filtering and saving results...
2026-06-29 11:47:10,510 [INFO]: Search against KOfam done!
2026-06-29 11:48:05,616 [INFO]: Filtering and saving results...
2026-06-29 11:48:05,744 [INFO]: Search against KOfam done!
2026-06-29 11:49:02,053 [INFO]: Filtering and saving results...
2026-06-29 11:49:02,170 [INFO]: Search against KOfam done!
2026-06-29 11:49:40,946 [INFO]: Filtering and saving results...
2026-06-29 11:49:41,032 [INFO]: Search against KOfam done!
2026-06-29 11:50:40,500 [INFO]: Filtering and saving results...
2026-06-29 11:50:40,644 [INFO]: Search against KOfam done!
2026-06-29 11:51:13,049 [INFO]: Filtering and saving results...
2026-06-29 11:51:13,127 [INFO]: Search against KOfam done!
2026-06-29 11:52:13,029 [INFO]: Filtering and saving results...
2026-06-29 11:52:13,318 [INFO]: Search against KOfam done!
2026-06-29 11:53:20,455 [INFO]: Filtering and saving results...
2026-06-29 11:53:20,645 [INFO]: Search against KOfam done!
2026-06-29 11:54:03,947 [INFO]: Filtering and saving results...
2026-06-29 11:54:04,072 [INFO]: Search against KOfam done!
2026-06-29 11:54:38,293 [INFO]: Filtering and saving results...
2026-06-29 11:54:38,351 [INFO]: Search against KOfam done!
2026-06-29 11:55:44,497 [INFO]: Filtering and saving results...
2026-06-29 11:55:44,659 [INFO]: Search against KOfam done!
2026-06-29 11:56:02,993 [INFO]: Filtering and saving results...
2026-06-29 11:56:03,035 [INFO]: Search against KOfam done!
2026-06-29 11:56:25,897 [INFO]: Filtering and saving results...
2026-06-29 11:56:25,959 [INFO]: Search against KOfam done!
2026-06-29 11:57:14,891 [INFO]: Filtering and saving results...
2026-06-29 11:57:15,011 [INFO]: Search against KOfam done!
2026-06-29 11:57:47,953 [INFO]: Filtering and saving results...
2026-06-29 11:57:48,033 [INFO]: Search against KOfam done!
2026-06-29 11:58:25,709 [INFO]: Filtering and saving results...
2026-06-29 11:58:25,786 [INFO]: Search against KOfam done!
2026-06-29 11:58:44,925 [INFO]: Filtering and saving results...
2026-06-29 11:58:44,961 [INFO]: Search against KOfam done!
2026-06-29 11:59:46,891 [INFO]: Filtering and saving results...
2026-06-29 11:59:47,035 [INFO]: Search against KOfam done!
2026-06-29 12:00:16,988 [INFO]: Filtering and saving results...
2026-06-29 12:00:17,059 [INFO]: Search against KOfam done!
2026-06-29 12:00:55,779 [INFO]: Filtering and saving results...
2026-06-29 12:00:55,862 [INFO]: Search against KOfam done!
2026-06-29 12:01:44,349 [INFO]: Filtering and saving results...
2026-06-29 12:01:44,428 [INFO]: Search against KOfam done!
2026-06-29 12:01:44,498 [INFO]: Searching proteins against Swissprot
2026-06-29 12:03:39,265 [INFO]: Extracting Swissprot annotation data
2026-06-29 12:13:43,665 [INFO]: Searching proteins against RefSeq
2026-06-29 14:58:45,295 [INFO]: Extracting RefSeq annotation data
2026-06-29 16:09:47,902 [INFO]: Searching proteins against Trembl
2026-06-29 18:26:20,419 [INFO]: Extracting Trembl annotation data
2026-06-29 18:26:20,828 [INFO]: Improving annotations by searching matches in other databases
2026-06-29 18:26:23,390 [INFO]: MicrobeAnnotator has finished succefully!
