=====================================================
Start Time  : Mon Jun 29 11:11:24 AM PDT 2026
Job ID/Name : 64666408 / pangenome
======================================================

[2026-06-29 11:11:24] ========== Microbeannotator for Pangenome Analysis started ==========
[2026-06-29 11:11:24] Job ID/Name : 64666408 / pangenome
[2026-06-29 11:11:24] Node: hpc-34-30.cm.cluster, CPUs: 32, Mem: 122880MB
[2026-06-29 11:11:28] Activated conda env: /resnick/groups/enviromics/zahra/miniconda3/envs/microbeannotator
[2026-06-29 11:11:28] Running Microbeannotator
Loading diamond/2.1.7-gcc-13.2.0-cfkl5pd
  Loading requirement: zlib-ng/2.1.3-gcc-13.2.0-jetnfwa
2026-06-29 11:11:31,034 [INFO]:  ---- This is MicrobeAnnotator v2.0.5 ---- 
2026-06-29 11:11:31,035 [INFO]: Validating user inputs
2026-06-29 11:11:31,207 [INFO]: Passed
2026-06-29 11:11:31,207 [INFO]: Processing 50 files. I will run 8 files in parallel with 4 threads per file.
2026-06-29 11:11:31,207 [INFO]: Running in no_plot mode. Skipping plotting KO summaries. 
2026-06-29 11:11:31,960 [INFO]: Searching proteins against KOfam profiles
2026-06-29 11:11:31,961 [INFO]: Parsing HMM profile metadata
2026-06-29 11:12:20,287 [INFO]: Filtering and saving results...
2026-06-29 11:12:20,399 [INFO]: Search against KOfam done!
2026-06-29 11:13:43,728 [INFO]: Filtering and saving results...
2026-06-29 11:13:43,871 [INFO]: Search against KOfam done!
2026-06-29 11:14:42,408 [INFO]: Filtering and saving results...
2026-06-29 11:14:42,589 [INFO]: Search against KOfam done!
2026-06-29 11:15:25,217 [INFO]: Filtering and saving results...
2026-06-29 11:15:25,302 [INFO]: Search against KOfam done!
2026-06-29 11:16:45,729 [INFO]: Filtering and saving results...
2026-06-29 11:16:45,852 [INFO]: Search against KOfam done!
2026-06-29 11:17:23,545 [INFO]: Filtering and saving results...
2026-06-29 11:17:23,646 [INFO]: Search against KOfam done!
2026-06-29 11:18:25,536 [INFO]: Filtering and saving results...
2026-06-29 11:18:25,628 [INFO]: Search against KOfam done!
2026-06-29 11:19:28,679 [INFO]: Filtering and saving results...
2026-06-29 11:19:28,793 [INFO]: Search against KOfam done!
2026-06-29 11:20:12,157 [INFO]: Filtering and saving results...
2026-06-29 11:20:12,245 [INFO]: Search against KOfam done!
2026-06-29 11:21:01,057 [INFO]: Filtering and saving results...
2026-06-29 11:21:01,141 [INFO]: Search against KOfam done!
2026-06-29 11:21:30,199 [INFO]: Filtering and saving results...
2026-06-29 11:21:30,245 [INFO]: Search against KOfam done!
2026-06-29 11:22:09,293 [INFO]: Filtering and saving results...
2026-06-29 11:22:09,380 [INFO]: Search against KOfam done!
2026-06-29 11:22:43,506 [INFO]: Filtering and saving results...
2026-06-29 11:22:43,637 [INFO]: Search against KOfam done!
2026-06-29 11:24:02,303 [INFO]: Filtering and saving results...
2026-06-29 11:24:02,486 [INFO]: Search against KOfam done!
2026-06-29 11:24:55,493 [INFO]: Filtering and saving results...
2026-06-29 11:24:55,616 [INFO]: Search against KOfam done!
2026-06-29 11:25:46,132 [INFO]: Filtering and saving results...
2026-06-29 11:25:46,322 [INFO]: Search against KOfam done!
2026-06-29 11:26:29,188 [INFO]: Filtering and saving results...
2026-06-29 11:26:29,272 [INFO]: Search against KOfam done!
2026-06-29 11:26:56,738 [INFO]: Filtering and saving results...
2026-06-29 11:26:56,812 [INFO]: Search against KOfam done!
2026-06-29 11:27:27,733 [INFO]: Filtering and saving results...
2026-06-29 11:27:27,816 [INFO]: Search against KOfam done!
2026-06-29 11:27:57,677 [INFO]: Filtering and saving results...
2026-06-29 11:27:57,753 [INFO]: Search against KOfam done!
2026-06-29 11:28:23,333 [INFO]: Filtering and saving results...
2026-06-29 11:28:23,375 [INFO]: Search against KOfam done!
2026-06-29 11:28:56,163 [INFO]: Filtering and saving results...
2026-06-29 11:28:56,232 [INFO]: Search against KOfam done!
2026-06-29 11:29:35,740 [INFO]: Filtering and saving results...
2026-06-29 11:29:35,820 [INFO]: Search against KOfam done!
2026-06-29 11:30:03,946 [INFO]: Filtering and saving results...
2026-06-29 11:30:04,000 [INFO]: Search against KOfam done!
2026-06-29 11:30:31,261 [INFO]: Filtering and saving results...
2026-06-29 11:30:31,344 [INFO]: Search against KOfam done!
2026-06-29 11:30:50,595 [INFO]: Filtering and saving results...
2026-06-29 11:30:50,621 [INFO]: Search against KOfam done!
2026-06-29 11:31:32,345 [INFO]: Filtering and saving results...
2026-06-29 11:31:32,448 [INFO]: Search against KOfam done!
2026-06-29 11:32:05,664 [INFO]: Filtering and saving results...
2026-06-29 11:32:05,741 [INFO]: Search against KOfam done!
2026-06-29 11:32:55,615 [INFO]: Filtering and saving results...
2026-06-29 11:32:55,709 [INFO]: Search against KOfam done!
2026-06-29 11:33:22,349 [INFO]: Filtering and saving results...
2026-06-29 11:33:22,443 [INFO]: Search against KOfam done!
2026-06-29 11:34:01,640 [INFO]: Filtering and saving results...
2026-06-29 11:34:01,725 [INFO]: Search against KOfam done!
2026-06-29 11:34:50,758 [INFO]: Filtering and saving results...
2026-06-29 11:34:50,858 [INFO]: Search against KOfam done!
2026-06-29 11:35:17,402 [INFO]: Filtering and saving results...
2026-06-29 11:35:17,520 [INFO]: Search against KOfam done!
2026-06-29 11:35:55,169 [INFO]: Filtering and saving results...
2026-06-29 11:35:55,240 [INFO]: Search against KOfam done!
2026-06-29 11:36:27,646 [INFO]: Filtering and saving results...
2026-06-29 11:36:27,693 [INFO]: Search against KOfam done!
2026-06-29 11:36:48,103 [INFO]: Filtering and saving results...
2026-06-29 11:36:48,168 [INFO]: Search against KOfam done!
2026-06-29 11:37:49,890 [INFO]: Filtering and saving results...
2026-06-29 11:37:49,995 [INFO]: Search against KOfam done!
2026-06-29 11:38:36,634 [INFO]: Filtering and saving results...
2026-06-29 11:38:36,727 [INFO]: Search against KOfam done!
2026-06-29 11:39:17,979 [INFO]: Filtering and saving results...
2026-06-29 11:39:18,074 [INFO]: Search against KOfam done!
2026-06-29 11:39:57,605 [INFO]: Filtering and saving results...
2026-06-29 11:39:57,686 [INFO]: Search against KOfam done!
2026-06-29 11:40:24,018 [INFO]: Filtering and saving results...
2026-06-29 11:40:24,095 [INFO]: Search against KOfam done!
2026-06-29 11:40:44,869 [INFO]: Filtering and saving results...
2026-06-29 11:40:44,909 [INFO]: Search against KOfam done!
2026-06-29 11:41:21,250 [INFO]: Filtering and saving results...
2026-06-29 11:41:21,350 [INFO]: Search against KOfam done!
2026-06-29 11:42:13,354 [INFO]: Filtering and saving results...
2026-06-29 11:42:13,446 [INFO]: Search against KOfam done!
2026-06-29 11:42:36,607 [INFO]: Filtering and saving results...
2026-06-29 11:42:36,668 [INFO]: Search against KOfam done!
2026-06-29 11:43:20,178 [INFO]: Filtering and saving results...
2026-06-29 11:43:20,251 [INFO]: Search against KOfam done!
2026-06-29 11:44:12,384 [INFO]: Filtering and saving results...
2026-06-29 11:44:12,486 [INFO]: Search against KOfam done!
2026-06-29 11:44:48,798 [INFO]: Filtering and saving results...
2026-06-29 11:44:48,865 [INFO]: Search against KOfam done!
2026-06-29 11:45:15,209 [INFO]: Filtering and saving results...
2026-06-29 11:45:15,241 [INFO]: Search against KOfam done!
2026-06-29 11:45:40,025 [INFO]: Filtering and saving results...
2026-06-29 11:45:40,075 [INFO]: Search against KOfam done!
2026-06-29 11:45:40,129 [INFO]: Searching proteins against Swissprot
2026-06-29 11:47:31,889 [INFO]: Extracting Swissprot annotation data
2026-06-29 11:57:29,865 [INFO]: Searching proteins against RefSeq
2026-06-29 14:01:15,269 [INFO]: Extracting RefSeq annotation data
2026-06-29 15:07:44,102 [INFO]: Searching proteins against Trembl
2026-06-29 17:21:25,863 [INFO]: Extracting Trembl annotation data
2026-06-29 17:21:26,315 [INFO]: Improving annotations by searching matches in other databases
2026-06-29 17:21:28,734 [INFO]: MicrobeAnnotator has finished succefully!
