=====================================================
Start Time  : Mon Jun 29 11:10:53 AM PDT 2026
Job ID/Name : 64666400 / pangenome
======================================================

[2026-06-29 11:10:53] ========== Microbeannotator for Pangenome Analysis started ==========
[2026-06-29 11:10:53] Job ID/Name : 64666400 / pangenome
[2026-06-29 11:10:53] Node: hpc-52-14.cm.cluster, CPUs: 32, Mem: 122880MB
[2026-06-29 11:10:56] Activated conda env: /resnick/groups/enviromics/zahra/miniconda3/envs/microbeannotator
[2026-06-29 11:10:56] Running Microbeannotator
Loading diamond/2.1.7-gcc-13.2.0-cfkl5pd
  Loading requirement: zlib-ng/2.1.3-gcc-13.2.0-jetnfwa
2026-06-29 11:10:58,937 [INFO]:  ---- This is MicrobeAnnotator v2.0.5 ---- 
2026-06-29 11:10:58,937 [INFO]: Validating user inputs
2026-06-29 11:10:59,102 [INFO]: Passed
2026-06-29 11:10:59,102 [INFO]: Processing 50 files. I will run 8 files in parallel with 4 threads per file.
2026-06-29 11:10:59,102 [INFO]: Running in no_plot mode. Skipping plotting KO summaries. 
2026-06-29 11:10:59,770 [INFO]: Searching proteins against KOfam profiles
2026-06-29 11:10:59,770 [INFO]: Parsing HMM profile metadata
2026-06-29 11:11:44,747 [INFO]: Filtering and saving results...
2026-06-29 11:11:44,831 [INFO]: Search against KOfam done!
2026-06-29 11:12:30,260 [INFO]: Filtering and saving results...
2026-06-29 11:12:30,339 [INFO]: Search against KOfam done!
2026-06-29 11:13:08,183 [INFO]: Filtering and saving results...
2026-06-29 11:13:08,263 [INFO]: Search against KOfam done!
2026-06-29 11:13:45,237 [INFO]: Filtering and saving results...
2026-06-29 11:13:45,322 [INFO]: Search against KOfam done!
2026-06-29 11:14:20,843 [INFO]: Filtering and saving results...
2026-06-29 11:14:20,925 [INFO]: Search against KOfam done!
2026-06-29 11:14:45,544 [INFO]: Filtering and saving results...
2026-06-29 11:14:45,611 [INFO]: Search against KOfam done!
2026-06-29 11:15:20,719 [INFO]: Filtering and saving results...
2026-06-29 11:15:20,799 [INFO]: Search against KOfam done!
2026-06-29 11:15:47,783 [INFO]: Filtering and saving results...
2026-06-29 11:15:47,844 [INFO]: Search against KOfam done!
2026-06-29 11:16:57,245 [INFO]: Filtering and saving results...
2026-06-29 11:16:57,351 [INFO]: Search against KOfam done!
2026-06-29 11:17:14,406 [INFO]: Filtering and saving results...
2026-06-29 11:17:14,457 [INFO]: Search against KOfam done!
2026-06-29 11:17:48,462 [INFO]: Filtering and saving results...
2026-06-29 11:17:48,537 [INFO]: Search against KOfam done!
2026-06-29 11:18:25,620 [INFO]: Filtering and saving results...
2026-06-29 11:18:25,708 [INFO]: Search against KOfam done!
2026-06-29 11:18:52,536 [INFO]: Filtering and saving results...
2026-06-29 11:18:52,583 [INFO]: Search against KOfam done!
2026-06-29 11:19:17,900 [INFO]: Filtering and saving results...
2026-06-29 11:19:17,963 [INFO]: Search against KOfam done!
2026-06-29 11:20:10,944 [INFO]: Filtering and saving results...
2026-06-29 11:20:11,105 [INFO]: Search against KOfam done!
2026-06-29 11:20:37,065 [INFO]: Filtering and saving results...
2026-06-29 11:20:37,109 [INFO]: Search against KOfam done!
2026-06-29 11:21:11,843 [INFO]: Filtering and saving results...
2026-06-29 11:21:11,915 [INFO]: Search against KOfam done!
2026-06-29 11:21:49,383 [INFO]: Filtering and saving results...
2026-06-29 11:21:49,447 [INFO]: Search against KOfam done!
2026-06-29 11:22:17,408 [INFO]: Filtering and saving results...
2026-06-29 11:22:17,466 [INFO]: Search against KOfam done!
2026-06-29 11:22:51,112 [INFO]: Filtering and saving results...
2026-06-29 11:22:51,164 [INFO]: Search against KOfam done!
2026-06-29 11:23:22,081 [INFO]: Filtering and saving results...
2026-06-29 11:23:22,156 [INFO]: Search against KOfam done!
2026-06-29 11:24:02,558 [INFO]: Filtering and saving results...
2026-06-29 11:24:02,634 [INFO]: Search against KOfam done!
2026-06-29 11:24:34,068 [INFO]: Filtering and saving results...
2026-06-29 11:24:34,134 [INFO]: Search against KOfam done!
2026-06-29 11:25:01,948 [INFO]: Filtering and saving results...
2026-06-29 11:25:02,009 [INFO]: Search against KOfam done!
2026-06-29 11:25:25,152 [INFO]: Filtering and saving results...
2026-06-29 11:25:25,213 [INFO]: Search against KOfam done!
2026-06-29 11:25:56,675 [INFO]: Filtering and saving results...
2026-06-29 11:25:56,739 [INFO]: Search against KOfam done!
2026-06-29 11:26:29,634 [INFO]: Filtering and saving results...
2026-06-29 11:26:29,701 [INFO]: Search against KOfam done!
2026-06-29 11:26:58,356 [INFO]: Filtering and saving results...
2026-06-29 11:26:58,432 [INFO]: Search against KOfam done!
2026-06-29 11:27:33,564 [INFO]: Filtering and saving results...
2026-06-29 11:27:33,641 [INFO]: Search against KOfam done!
2026-06-29 11:28:05,076 [INFO]: Filtering and saving results...
2026-06-29 11:28:05,154 [INFO]: Search against KOfam done!
2026-06-29 11:28:52,545 [INFO]: Filtering and saving results...
2026-06-29 11:28:52,658 [INFO]: Search against KOfam done!
2026-06-29 11:29:12,966 [INFO]: Filtering and saving results...
2026-06-29 11:29:13,010 [INFO]: Search against KOfam done!
2026-06-29 11:29:32,179 [INFO]: Filtering and saving results...
2026-06-29 11:29:32,227 [INFO]: Search against KOfam done!
2026-06-29 11:30:01,057 [INFO]: Filtering and saving results...
2026-06-29 11:30:01,123 [INFO]: Search against KOfam done!
2026-06-29 11:30:37,100 [INFO]: Filtering and saving results...
2026-06-29 11:30:37,155 [INFO]: Search against KOfam done!
2026-06-29 11:31:22,535 [INFO]: Filtering and saving results...
2026-06-29 11:31:22,615 [INFO]: Search against KOfam done!
2026-06-29 11:31:58,607 [INFO]: Filtering and saving results...
2026-06-29 11:31:58,659 [INFO]: Search against KOfam done!
2026-06-29 11:32:27,995 [INFO]: Filtering and saving results...
2026-06-29 11:32:28,056 [INFO]: Search against KOfam done!
2026-06-29 11:32:49,414 [INFO]: Filtering and saving results...
2026-06-29 11:32:49,441 [INFO]: Search against KOfam done!
2026-06-29 11:33:14,247 [INFO]: Filtering and saving results...
2026-06-29 11:33:14,299 [INFO]: Search against KOfam done!
2026-06-29 11:33:43,812 [INFO]: Filtering and saving results...
2026-06-29 11:33:43,878 [INFO]: Search against KOfam done!
2026-06-29 11:34:12,563 [INFO]: Filtering and saving results...
2026-06-29 11:34:12,631 [INFO]: Search against KOfam done!
2026-06-29 11:34:48,078 [INFO]: Filtering and saving results...
2026-06-29 11:34:48,151 [INFO]: Search against KOfam done!
2026-06-29 11:35:12,929 [INFO]: Filtering and saving results...
2026-06-29 11:35:12,984 [INFO]: Search against KOfam done!
2026-06-29 11:35:34,636 [INFO]: Filtering and saving results...
2026-06-29 11:35:34,693 [INFO]: Search against KOfam done!
2026-06-29 11:36:18,993 [INFO]: Filtering and saving results...
2026-06-29 11:36:19,077 [INFO]: Search against KOfam done!
2026-06-29 11:36:47,573 [INFO]: Filtering and saving results...
2026-06-29 11:36:47,617 [INFO]: Search against KOfam done!
2026-06-29 11:37:18,759 [INFO]: Filtering and saving results...
2026-06-29 11:37:18,821 [INFO]: Search against KOfam done!
2026-06-29 11:37:44,442 [INFO]: Filtering and saving results...
2026-06-29 11:37:44,557 [INFO]: Search against KOfam done!
2026-06-29 11:38:19,732 [INFO]: Filtering and saving results...
2026-06-29 11:38:19,800 [INFO]: Search against KOfam done!
2026-06-29 11:38:19,877 [INFO]: Searching proteins against Swissprot
2026-06-29 11:40:26,395 [INFO]: Extracting Swissprot annotation data
2026-06-29 11:47:12,092 [INFO]: Searching proteins against RefSeq
2026-06-29 13:55:51,861 [INFO]: Extracting RefSeq annotation data
2026-06-29 15:10:15,729 [INFO]: Searching proteins against Trembl
2026-06-29 17:23:40,861 [INFO]: Extracting Trembl annotation data
2026-06-29 17:23:41,355 [INFO]: Improving annotations by searching matches in other databases
2026-06-29 17:23:43,352 [INFO]: MicrobeAnnotator has finished succefully!
