=====================================================
Start Time  : Mon Jun 29 11:09:50 AM PDT 2026
Job ID/Name : 64666350 / pangenome
======================================================

[2026-06-29 11:09:50] ========== Microbeannotator for Pangenome Analysis started ==========
[2026-06-29 11:09:50] Job ID/Name : 64666350 / pangenome
[2026-06-29 11:09:50] Node: hpc-53-14.cm.cluster, CPUs: 32, Mem: 122880MB
[2026-06-29 11:09:58] Activated conda env: /resnick/groups/enviromics/zahra/miniconda3/envs/microbeannotator
[2026-06-29 11:09:58] Running Microbeannotator
Loading diamond/2.1.7-gcc-13.2.0-cfkl5pd
  Loading requirement: zlib-ng/2.1.3-gcc-13.2.0-jetnfwa
2026-06-29 11:10:05,616 [INFO]:  ---- This is MicrobeAnnotator v2.0.5 ---- 
2026-06-29 11:10:05,616 [INFO]: Validating user inputs
2026-06-29 11:10:05,796 [INFO]: Passed
2026-06-29 11:10:05,796 [INFO]: Processing 50 files. I will run 8 files in parallel with 4 threads per file.
2026-06-29 11:10:05,796 [INFO]: Running in no_plot mode. Skipping plotting KO summaries. 
2026-06-29 11:10:06,930 [INFO]: Searching proteins against KOfam profiles
2026-06-29 11:10:06,930 [INFO]: Parsing HMM profile metadata
2026-06-29 11:11:05,502 [INFO]: Filtering and saving results...
2026-06-29 11:11:05,587 [INFO]: Search against KOfam done!
2026-06-29 11:11:42,827 [INFO]: Filtering and saving results...
2026-06-29 11:11:42,901 [INFO]: Search against KOfam done!
2026-06-29 11:12:06,821 [INFO]: Filtering and saving results...
2026-06-29 11:12:06,869 [INFO]: Search against KOfam done!
2026-06-29 11:12:24,563 [INFO]: Filtering and saving results...
2026-06-29 11:12:24,607 [INFO]: Search against KOfam done!
2026-06-29 11:12:45,961 [INFO]: Filtering and saving results...
2026-06-29 11:12:46,016 [INFO]: Search against KOfam done!
2026-06-29 11:13:08,540 [INFO]: Filtering and saving results...
2026-06-29 11:13:08,591 [INFO]: Search against KOfam done!
2026-06-29 11:13:34,018 [INFO]: Filtering and saving results...
2026-06-29 11:13:34,076 [INFO]: Search against KOfam done!
2026-06-29 11:14:31,810 [INFO]: Filtering and saving results...
2026-06-29 11:14:31,926 [INFO]: Search against KOfam done!
2026-06-29 11:15:27,924 [INFO]: Filtering and saving results...
2026-06-29 11:15:28,036 [INFO]: Search against KOfam done!
2026-06-29 11:16:08,814 [INFO]: Filtering and saving results...
2026-06-29 11:16:08,889 [INFO]: Search against KOfam done!
2026-06-29 11:16:43,370 [INFO]: Filtering and saving results...
2026-06-29 11:16:43,442 [INFO]: Search against KOfam done!
2026-06-29 11:17:03,092 [INFO]: Filtering and saving results...
2026-06-29 11:17:03,148 [INFO]: Search against KOfam done!
2026-06-29 11:17:24,781 [INFO]: Filtering and saving results...
2026-06-29 11:17:24,820 [INFO]: Search against KOfam done!
2026-06-29 11:17:49,994 [INFO]: Filtering and saving results...
2026-06-29 11:17:50,057 [INFO]: Search against KOfam done!
2026-06-29 11:18:47,548 [INFO]: Filtering and saving results...
2026-06-29 11:18:47,659 [INFO]: Search against KOfam done!
2026-06-29 11:19:22,569 [INFO]: Filtering and saving results...
2026-06-29 11:19:22,640 [INFO]: Search against KOfam done!
2026-06-29 11:19:44,186 [INFO]: Filtering and saving results...
2026-06-29 11:19:44,240 [INFO]: Search against KOfam done!
2026-06-29 11:20:13,232 [INFO]: Filtering and saving results...
2026-06-29 11:20:13,324 [INFO]: Search against KOfam done!
2026-06-29 11:20:41,115 [INFO]: Filtering and saving results...
2026-06-29 11:20:41,180 [INFO]: Search against KOfam done!
2026-06-29 11:21:51,223 [INFO]: Filtering and saving results...
2026-06-29 11:21:51,328 [INFO]: Search against KOfam done!
2026-06-29 11:22:48,538 [INFO]: Filtering and saving results...
2026-06-29 11:22:48,619 [INFO]: Search against KOfam done!
2026-06-29 11:23:18,816 [INFO]: Filtering and saving results...
2026-06-29 11:23:18,883 [INFO]: Search against KOfam done!
2026-06-29 11:23:48,938 [INFO]: Filtering and saving results...
2026-06-29 11:23:49,020 [INFO]: Search against KOfam done!
2026-06-29 11:24:27,243 [INFO]: Filtering and saving results...
2026-06-29 11:24:27,320 [INFO]: Search against KOfam done!
2026-06-29 11:25:02,529 [INFO]: Filtering and saving results...
2026-06-29 11:25:02,587 [INFO]: Search against KOfam done!
2026-06-29 11:25:56,952 [INFO]: Filtering and saving results...
2026-06-29 11:25:57,015 [INFO]: Search against KOfam done!
2026-06-29 11:26:26,240 [INFO]: Filtering and saving results...
2026-06-29 11:26:26,305 [INFO]: Search against KOfam done!
2026-06-29 11:27:04,068 [INFO]: Filtering and saving results...
2026-06-29 11:27:04,132 [INFO]: Search against KOfam done!
2026-06-29 11:27:22,082 [INFO]: Filtering and saving results...
2026-06-29 11:27:22,126 [INFO]: Search against KOfam done!
2026-06-29 11:27:39,143 [INFO]: Filtering and saving results...
2026-06-29 11:27:39,170 [INFO]: Search against KOfam done!
2026-06-29 11:28:03,622 [INFO]: Filtering and saving results...
2026-06-29 11:28:03,690 [INFO]: Search against KOfam done!
2026-06-29 11:28:33,205 [INFO]: Filtering and saving results...
2026-06-29 11:28:33,257 [INFO]: Search against KOfam done!
2026-06-29 11:28:57,226 [INFO]: Filtering and saving results...
2026-06-29 11:28:57,288 [INFO]: Search against KOfam done!
2026-06-29 11:29:21,036 [INFO]: Filtering and saving results...
2026-06-29 11:29:21,078 [INFO]: Search against KOfam done!
2026-06-29 11:29:45,476 [INFO]: Filtering and saving results...
2026-06-29 11:29:45,512 [INFO]: Search against KOfam done!
2026-06-29 11:30:13,202 [INFO]: Filtering and saving results...
2026-06-29 11:30:13,286 [INFO]: Search against KOfam done!
2026-06-29 11:30:38,781 [INFO]: Filtering and saving results...
2026-06-29 11:30:38,847 [INFO]: Search against KOfam done!
2026-06-29 11:31:16,783 [INFO]: Filtering and saving results...
2026-06-29 11:31:16,857 [INFO]: Search against KOfam done!
2026-06-29 11:31:45,424 [INFO]: Filtering and saving results...
2026-06-29 11:31:45,487 [INFO]: Search against KOfam done!
2026-06-29 11:32:28,123 [INFO]: Filtering and saving results...
2026-06-29 11:32:28,204 [INFO]: Search against KOfam done!
2026-06-29 11:32:58,023 [INFO]: Filtering and saving results...
2026-06-29 11:32:58,095 [INFO]: Search against KOfam done!
2026-06-29 11:33:22,494 [INFO]: Filtering and saving results...
2026-06-29 11:33:22,549 [INFO]: Search against KOfam done!
2026-06-29 11:33:47,683 [INFO]: Filtering and saving results...
2026-06-29 11:33:47,741 [INFO]: Search against KOfam done!
2026-06-29 11:34:13,628 [INFO]: Filtering and saving results...
2026-06-29 11:34:13,671 [INFO]: Search against KOfam done!
2026-06-29 11:34:45,384 [INFO]: Filtering and saving results...
2026-06-29 11:34:45,445 [INFO]: Search against KOfam done!
2026-06-29 11:35:33,137 [INFO]: Filtering and saving results...
2026-06-29 11:35:33,228 [INFO]: Search against KOfam done!
2026-06-29 11:36:18,769 [INFO]: Filtering and saving results...
2026-06-29 11:36:18,835 [INFO]: Search against KOfam done!
2026-06-29 11:36:47,138 [INFO]: Filtering and saving results...
2026-06-29 11:36:47,201 [INFO]: Search against KOfam done!
2026-06-29 11:37:37,081 [INFO]: Filtering and saving results...
2026-06-29 11:37:37,194 [INFO]: Search against KOfam done!
2026-06-29 11:38:42,525 [INFO]: Filtering and saving results...
2026-06-29 11:38:42,666 [INFO]: Search against KOfam done!
2026-06-29 11:38:42,801 [INFO]: Searching proteins against Swissprot
2026-06-29 11:40:42,749 [INFO]: Extracting Swissprot annotation data
2026-06-29 11:46:21,583 [INFO]: Searching proteins against RefSeq
2026-06-29 13:45:55,368 [INFO]: Extracting RefSeq annotation data
2026-06-29 14:22:37,944 [INFO]: Searching proteins against Trembl
2026-06-29 16:29:06,632 [INFO]: Extracting Trembl annotation data
2026-06-29 16:29:07,005 [INFO]: Improving annotations by searching matches in other databases
2026-06-29 16:29:08,707 [INFO]: MicrobeAnnotator has finished succefully!
