=====================================================
Start Time  : Mon Jun 29 11:11:24 AM PDT 2026
Job ID/Name : 64666410 / pangenome
======================================================

[2026-06-29 11:11:24] ========== Microbeannotator for Pangenome Analysis started ==========
[2026-06-29 11:11:24] Job ID/Name : 64666410 / pangenome
[2026-06-29 11:11:24] Node: hpc-54-12.cm.cluster, CPUs: 32, Mem: 122880MB
[2026-06-29 11:11:31] Activated conda env: /resnick/groups/enviromics/zahra/miniconda3/envs/microbeannotator
[2026-06-29 11:11:31] Running Microbeannotator
Loading diamond/2.1.7-gcc-13.2.0-cfkl5pd
  Loading requirement: zlib-ng/2.1.3-gcc-13.2.0-jetnfwa
2026-06-29 11:11:38,310 [INFO]:  ---- This is MicrobeAnnotator v2.0.5 ---- 
2026-06-29 11:11:38,311 [INFO]: Validating user inputs
2026-06-29 11:11:38,435 [INFO]: Passed
2026-06-29 11:11:38,435 [INFO]: Processing 50 files. I will run 8 files in parallel with 4 threads per file.
2026-06-29 11:11:38,435 [INFO]: Running in no_plot mode. Skipping plotting KO summaries. 
2026-06-29 11:11:39,266 [INFO]: Searching proteins against KOfam profiles
2026-06-29 11:11:39,266 [INFO]: Parsing HMM profile metadata
2026-06-29 11:12:04,396 [INFO]: Filtering and saving results...
2026-06-29 11:12:04,464 [INFO]: Search against KOfam done!
2026-06-29 11:12:26,529 [INFO]: Filtering and saving results...
2026-06-29 11:12:26,591 [INFO]: Search against KOfam done!
2026-06-29 11:12:49,869 [INFO]: Filtering and saving results...
2026-06-29 11:12:49,925 [INFO]: Search against KOfam done!
2026-06-29 11:13:35,163 [INFO]: Filtering and saving results...
2026-06-29 11:13:35,229 [INFO]: Search against KOfam done!
2026-06-29 11:14:19,289 [INFO]: Filtering and saving results...
2026-06-29 11:14:19,366 [INFO]: Search against KOfam done!
2026-06-29 11:14:46,287 [INFO]: Filtering and saving results...
2026-06-29 11:14:46,332 [INFO]: Search against KOfam done!
2026-06-29 11:15:27,410 [INFO]: Filtering and saving results...
2026-06-29 11:15:27,491 [INFO]: Search against KOfam done!
2026-06-29 11:16:10,007 [INFO]: Filtering and saving results...
2026-06-29 11:16:10,088 [INFO]: Search against KOfam done!
2026-06-29 11:16:46,240 [INFO]: Filtering and saving results...
2026-06-29 11:16:46,310 [INFO]: Search against KOfam done!
2026-06-29 11:17:20,735 [INFO]: Filtering and saving results...
2026-06-29 11:17:20,816 [INFO]: Search against KOfam done!
2026-06-29 11:18:29,847 [INFO]: Filtering and saving results...
2026-06-29 11:18:29,940 [INFO]: Search against KOfam done!
2026-06-29 11:19:31,647 [INFO]: Filtering and saving results...
2026-06-29 11:19:31,755 [INFO]: Search against KOfam done!
2026-06-29 11:20:12,406 [INFO]: Filtering and saving results...
2026-06-29 11:20:12,455 [INFO]: Search against KOfam done!
2026-06-29 11:20:45,237 [INFO]: Filtering and saving results...
2026-06-29 11:20:45,323 [INFO]: Search against KOfam done!
2026-06-29 11:21:17,101 [INFO]: Filtering and saving results...
2026-06-29 11:21:17,160 [INFO]: Search against KOfam done!
2026-06-29 11:21:54,381 [INFO]: Filtering and saving results...
2026-06-29 11:21:54,510 [INFO]: Search against KOfam done!
2026-06-29 11:22:15,453 [INFO]: Filtering and saving results...
2026-06-29 11:22:15,503 [INFO]: Search against KOfam done!
2026-06-29 11:22:43,574 [INFO]: Filtering and saving results...
2026-06-29 11:22:43,639 [INFO]: Search against KOfam done!
2026-06-29 11:23:19,159 [INFO]: Filtering and saving results...
2026-06-29 11:23:19,224 [INFO]: Search against KOfam done!
2026-06-29 11:24:02,747 [INFO]: Filtering and saving results...
2026-06-29 11:24:02,825 [INFO]: Search against KOfam done!
2026-06-29 11:24:57,616 [INFO]: Filtering and saving results...
2026-06-29 11:24:57,710 [INFO]: Search against KOfam done!
2026-06-29 11:26:00,595 [INFO]: Filtering and saving results...
2026-06-29 11:26:00,692 [INFO]: Search against KOfam done!
2026-06-29 11:26:58,631 [INFO]: Filtering and saving results...
2026-06-29 11:26:58,741 [INFO]: Search against KOfam done!
2026-06-29 11:27:49,589 [INFO]: Filtering and saving results...
2026-06-29 11:27:49,686 [INFO]: Search against KOfam done!
2026-06-29 11:28:40,172 [INFO]: Filtering and saving results...
2026-06-29 11:28:40,300 [INFO]: Search against KOfam done!
2026-06-29 11:29:24,774 [INFO]: Filtering and saving results...
2026-06-29 11:29:24,849 [INFO]: Search against KOfam done!
2026-06-29 11:30:23,896 [INFO]: Filtering and saving results...
2026-06-29 11:30:23,999 [INFO]: Search against KOfam done!
2026-06-29 11:31:04,550 [INFO]: Filtering and saving results...
2026-06-29 11:31:04,628 [INFO]: Search against KOfam done!
2026-06-29 11:32:09,685 [INFO]: Filtering and saving results...
2026-06-29 11:32:09,803 [INFO]: Search against KOfam done!
2026-06-29 11:32:45,652 [INFO]: Filtering and saving results...
2026-06-29 11:32:45,728 [INFO]: Search against KOfam done!
2026-06-29 11:33:02,474 [INFO]: Filtering and saving results...
2026-06-29 11:33:02,507 [INFO]: Search against KOfam done!
2026-06-29 11:33:20,116 [INFO]: Filtering and saving results...
2026-06-29 11:33:20,157 [INFO]: Search against KOfam done!
2026-06-29 11:33:51,625 [INFO]: Filtering and saving results...
2026-06-29 11:33:51,692 [INFO]: Search against KOfam done!
2026-06-29 11:34:17,016 [INFO]: Filtering and saving results...
2026-06-29 11:34:17,073 [INFO]: Search against KOfam done!
2026-06-29 11:34:43,535 [INFO]: Filtering and saving results...
2026-06-29 11:34:43,582 [INFO]: Search against KOfam done!
2026-06-29 11:35:13,585 [INFO]: Filtering and saving results...
2026-06-29 11:35:13,633 [INFO]: Search against KOfam done!
2026-06-29 11:35:44,778 [INFO]: Filtering and saving results...
2026-06-29 11:35:44,830 [INFO]: Search against KOfam done!
2026-06-29 11:36:11,004 [INFO]: Filtering and saving results...
2026-06-29 11:36:11,067 [INFO]: Search against KOfam done!
2026-06-29 11:36:36,282 [INFO]: Filtering and saving results...
2026-06-29 11:36:36,322 [INFO]: Search against KOfam done!
2026-06-29 11:36:54,135 [INFO]: Filtering and saving results...
2026-06-29 11:36:54,178 [INFO]: Search against KOfam done!
2026-06-29 11:37:20,292 [INFO]: Filtering and saving results...
2026-06-29 11:37:20,355 [INFO]: Search against KOfam done!
2026-06-29 11:37:43,803 [INFO]: Filtering and saving results...
2026-06-29 11:37:43,850 [INFO]: Search against KOfam done!
2026-06-29 11:38:11,221 [INFO]: Filtering and saving results...
2026-06-29 11:38:11,283 [INFO]: Search against KOfam done!
2026-06-29 11:38:27,327 [INFO]: Filtering and saving results...
2026-06-29 11:38:27,379 [INFO]: Search against KOfam done!
2026-06-29 11:38:48,732 [INFO]: Filtering and saving results...
2026-06-29 11:38:48,776 [INFO]: Search against KOfam done!
2026-06-29 11:39:11,945 [INFO]: Filtering and saving results...
2026-06-29 11:39:11,977 [INFO]: Search against KOfam done!
2026-06-29 11:39:43,511 [INFO]: Filtering and saving results...
2026-06-29 11:39:43,579 [INFO]: Search against KOfam done!
2026-06-29 11:40:08,346 [INFO]: Filtering and saving results...
2026-06-29 11:40:08,400 [INFO]: Search against KOfam done!
2026-06-29 11:40:36,720 [INFO]: Filtering and saving results...
2026-06-29 11:40:36,785 [INFO]: Search against KOfam done!
2026-06-29 11:40:59,065 [INFO]: Filtering and saving results...
2026-06-29 11:40:59,107 [INFO]: Search against KOfam done!
2026-06-29 11:40:59,140 [INFO]: Searching proteins against Swissprot
2026-06-29 11:43:00,575 [INFO]: Extracting Swissprot annotation data
2026-06-29 11:53:05,759 [INFO]: Searching proteins against RefSeq
2026-06-29 14:00:47,282 [INFO]: Extracting RefSeq annotation data
2026-06-29 14:49:19,085 [INFO]: Searching proteins against Trembl
2026-06-29 17:00:50,136 [INFO]: Extracting Trembl annotation data
2026-06-29 17:00:50,682 [INFO]: Improving annotations by searching matches in other databases
2026-06-29 17:00:52,136 [INFO]: MicrobeAnnotator has finished succefully!
