=====================================================
Start Time  : Mon Jun 29 11:10:21 AM PDT 2026
Job ID/Name : 64666390 / pangenome
======================================================

[2026-06-29 11:10:21] ========== Microbeannotator for Pangenome Analysis started ==========
[2026-06-29 11:10:21] Job ID/Name : 64666390 / pangenome
[2026-06-29 11:10:21] Node: hpc-53-02.cm.cluster, CPUs: 32, Mem: 122880MB
[2026-06-29 11:10:25] Activated conda env: /resnick/groups/enviromics/zahra/miniconda3/envs/microbeannotator
[2026-06-29 11:10:25] Running Microbeannotator
Loading diamond/2.1.7-gcc-13.2.0-cfkl5pd
  Loading requirement: zlib-ng/2.1.3-gcc-13.2.0-jetnfwa
2026-06-29 11:10:28,806 [INFO]:  ---- This is MicrobeAnnotator v2.0.5 ---- 
2026-06-29 11:10:28,807 [INFO]: Validating user inputs
2026-06-29 11:10:28,990 [INFO]: Passed
2026-06-29 11:10:28,990 [INFO]: Processing 50 files. I will run 8 files in parallel with 4 threads per file.
2026-06-29 11:10:28,990 [INFO]: Running in no_plot mode. Skipping plotting KO summaries. 
2026-06-29 11:10:29,824 [INFO]: Searching proteins against KOfam profiles
2026-06-29 11:10:29,824 [INFO]: Parsing HMM profile metadata
2026-06-29 11:11:26,750 [INFO]: Filtering and saving results...
2026-06-29 11:11:26,871 [INFO]: Search against KOfam done!
2026-06-29 11:12:19,926 [INFO]: Filtering and saving results...
2026-06-29 11:12:20,047 [INFO]: Search against KOfam done!
2026-06-29 11:12:57,654 [INFO]: Filtering and saving results...
2026-06-29 11:12:57,734 [INFO]: Search against KOfam done!
2026-06-29 11:13:40,566 [INFO]: Filtering and saving results...
2026-06-29 11:13:40,648 [INFO]: Search against KOfam done!
2026-06-29 11:14:50,830 [INFO]: Filtering and saving results...
2026-06-29 11:14:50,968 [INFO]: Search against KOfam done!
2026-06-29 11:15:42,754 [INFO]: Filtering and saving results...
2026-06-29 11:15:42,849 [INFO]: Search against KOfam done!
2026-06-29 11:16:22,893 [INFO]: Filtering and saving results...
2026-06-29 11:16:22,982 [INFO]: Search against KOfam done!
2026-06-29 11:17:02,921 [INFO]: Filtering and saving results...
2026-06-29 11:17:03,011 [INFO]: Search against KOfam done!
2026-06-29 11:17:50,711 [INFO]: Filtering and saving results...
2026-06-29 11:17:50,803 [INFO]: Search against KOfam done!
2026-06-29 11:19:06,446 [INFO]: Filtering and saving results...
2026-06-29 11:19:06,606 [INFO]: Search against KOfam done!
2026-06-29 11:19:41,457 [INFO]: Filtering and saving results...
2026-06-29 11:19:41,522 [INFO]: Search against KOfam done!
2026-06-29 11:20:38,388 [INFO]: Filtering and saving results...
2026-06-29 11:20:38,500 [INFO]: Search against KOfam done!
2026-06-29 11:21:03,040 [INFO]: Filtering and saving results...
2026-06-29 11:21:03,072 [INFO]: Search against KOfam done!
2026-06-29 11:21:33,315 [INFO]: Filtering and saving results...
2026-06-29 11:21:33,393 [INFO]: Search against KOfam done!
2026-06-29 11:22:17,051 [INFO]: Filtering and saving results...
2026-06-29 11:22:17,124 [INFO]: Search against KOfam done!
2026-06-29 11:23:16,617 [INFO]: Filtering and saving results...
2026-06-29 11:23:16,732 [INFO]: Search against KOfam done!
2026-06-29 11:24:02,156 [INFO]: Filtering and saving results...
2026-06-29 11:24:02,256 [INFO]: Search against KOfam done!
2026-06-29 11:24:44,559 [INFO]: Filtering and saving results...
2026-06-29 11:24:44,655 [INFO]: Search against KOfam done!
2026-06-29 11:25:20,263 [INFO]: Filtering and saving results...
2026-06-29 11:25:20,314 [INFO]: Search against KOfam done!
2026-06-29 11:26:19,912 [INFO]: Filtering and saving results...
2026-06-29 11:26:20,042 [INFO]: Search against KOfam done!
2026-06-29 11:27:21,707 [INFO]: Filtering and saving results...
2026-06-29 11:27:21,803 [INFO]: Search against KOfam done!
2026-06-29 11:27:51,008 [INFO]: Filtering and saving results...
2026-06-29 11:27:51,058 [INFO]: Search against KOfam done!
2026-06-29 11:28:33,488 [INFO]: Filtering and saving results...
2026-06-29 11:28:33,576 [INFO]: Search against KOfam done!
2026-06-29 11:29:13,796 [INFO]: Filtering and saving results...
2026-06-29 11:29:13,884 [INFO]: Search against KOfam done!
2026-06-29 11:29:59,237 [INFO]: Filtering and saving results...
2026-06-29 11:29:59,331 [INFO]: Search against KOfam done!
2026-06-29 11:30:50,376 [INFO]: Filtering and saving results...
2026-06-29 11:30:50,477 [INFO]: Search against KOfam done!
2026-06-29 11:31:24,023 [INFO]: Filtering and saving results...
2026-06-29 11:31:24,104 [INFO]: Search against KOfam done!
2026-06-29 11:32:09,346 [INFO]: Filtering and saving results...
2026-06-29 11:32:09,442 [INFO]: Search against KOfam done!
2026-06-29 11:32:45,769 [INFO]: Filtering and saving results...
2026-06-29 11:32:45,863 [INFO]: Search against KOfam done!
2026-06-29 11:33:23,213 [INFO]: Filtering and saving results...
2026-06-29 11:33:23,318 [INFO]: Search against KOfam done!
2026-06-29 11:33:52,213 [INFO]: Filtering and saving results...
2026-06-29 11:33:52,284 [INFO]: Search against KOfam done!
2026-06-29 11:34:23,732 [INFO]: Filtering and saving results...
2026-06-29 11:34:23,820 [INFO]: Search against KOfam done!
2026-06-29 11:36:04,936 [INFO]: Filtering and saving results...
2026-06-29 11:36:05,054 [INFO]: Search against KOfam done!
2026-06-29 11:36:44,436 [INFO]: Filtering and saving results...
2026-06-29 11:36:44,558 [INFO]: Search against KOfam done!
2026-06-29 11:37:59,769 [INFO]: Filtering and saving results...
2026-06-29 11:37:59,957 [INFO]: Search against KOfam done!
2026-06-29 11:38:37,466 [INFO]: Filtering and saving results...
2026-06-29 11:38:37,548 [INFO]: Search against KOfam done!
2026-06-29 11:39:18,404 [INFO]: Filtering and saving results...
2026-06-29 11:39:18,492 [INFO]: Search against KOfam done!
2026-06-29 11:39:40,808 [INFO]: Filtering and saving results...
2026-06-29 11:39:40,873 [INFO]: Search against KOfam done!
2026-06-29 11:40:13,793 [INFO]: Filtering and saving results...
2026-06-29 11:40:13,871 [INFO]: Search against KOfam done!
2026-06-29 11:40:55,056 [INFO]: Filtering and saving results...
2026-06-29 11:40:55,145 [INFO]: Search against KOfam done!
2026-06-29 11:41:33,797 [INFO]: Filtering and saving results...
2026-06-29 11:41:33,903 [INFO]: Search against KOfam done!
2026-06-29 11:42:05,339 [INFO]: Filtering and saving results...
2026-06-29 11:42:05,396 [INFO]: Search against KOfam done!
2026-06-29 11:42:38,321 [INFO]: Filtering and saving results...
2026-06-29 11:42:38,393 [INFO]: Search against KOfam done!
2026-06-29 11:43:17,790 [INFO]: Filtering and saving results...
2026-06-29 11:43:17,902 [INFO]: Search against KOfam done!
2026-06-29 11:43:57,235 [INFO]: Filtering and saving results...
2026-06-29 11:43:57,339 [INFO]: Search against KOfam done!
2026-06-29 11:44:32,882 [INFO]: Filtering and saving results...
2026-06-29 11:44:32,961 [INFO]: Search against KOfam done!
2026-06-29 11:45:03,554 [INFO]: Filtering and saving results...
2026-06-29 11:45:03,628 [INFO]: Search against KOfam done!
2026-06-29 11:45:33,585 [INFO]: Filtering and saving results...
2026-06-29 11:45:33,667 [INFO]: Search against KOfam done!
2026-06-29 11:46:35,389 [INFO]: Filtering and saving results...
2026-06-29 11:46:35,480 [INFO]: Search against KOfam done!
2026-06-29 11:47:37,891 [INFO]: Filtering and saving results...
2026-06-29 11:47:38,034 [INFO]: Search against KOfam done!
2026-06-29 11:47:38,269 [INFO]: Searching proteins against Swissprot
2026-06-29 11:49:44,155 [INFO]: Extracting Swissprot annotation data
2026-06-29 11:58:12,015 [INFO]: Searching proteins against RefSeq
2026-06-29 14:01:53,802 [INFO]: Extracting RefSeq annotation data
2026-06-29 15:17:28,878 [INFO]: Searching proteins against Trembl
2026-06-29 17:31:05,406 [INFO]: Extracting Trembl annotation data
2026-06-29 17:31:05,903 [INFO]: Improving annotations by searching matches in other databases
2026-06-29 17:31:08,471 [INFO]: MicrobeAnnotator has finished succefully!
