=====================================================
Start Time  : Mon Jun 29 11:11:56 AM PDT 2026
Job ID/Name : 64666415 / pangenome
======================================================

[2026-06-29 11:11:56] ========== Microbeannotator for Pangenome Analysis started ==========
[2026-06-29 11:11:56] Job ID/Name : 64666415 / pangenome
[2026-06-29 11:11:56] Node: hpc-52-37.cm.cluster, CPUs: 32, Mem: 122880MB
[2026-06-29 11:12:00] Activated conda env: /resnick/groups/enviromics/zahra/miniconda3/envs/microbeannotator
[2026-06-29 11:12:00] Running Microbeannotator
Loading diamond/2.1.7-gcc-13.2.0-cfkl5pd
  Loading requirement: zlib-ng/2.1.3-gcc-13.2.0-jetnfwa
2026-06-29 11:12:03,341 [INFO]:  ---- This is MicrobeAnnotator v2.0.5 ---- 
2026-06-29 11:12:03,342 [INFO]: Validating user inputs
2026-06-29 11:12:03,479 [INFO]: Passed
2026-06-29 11:12:03,480 [INFO]: Processing 50 files. I will run 8 files in parallel with 4 threads per file.
2026-06-29 11:12:03,480 [INFO]: Running in no_plot mode. Skipping plotting KO summaries. 
2026-06-29 11:12:04,002 [INFO]: Searching proteins against KOfam profiles
2026-06-29 11:12:04,003 [INFO]: Parsing HMM profile metadata
2026-06-29 11:12:37,881 [INFO]: Filtering and saving results...
2026-06-29 11:12:37,963 [INFO]: Search against KOfam done!
2026-06-29 11:13:01,326 [INFO]: Filtering and saving results...
2026-06-29 11:13:01,380 [INFO]: Search against KOfam done!
2026-06-29 11:13:20,367 [INFO]: Filtering and saving results...
2026-06-29 11:13:20,414 [INFO]: Search against KOfam done!
2026-06-29 11:13:42,165 [INFO]: Filtering and saving results...
2026-06-29 11:13:42,223 [INFO]: Search against KOfam done!
2026-06-29 11:14:01,852 [INFO]: Filtering and saving results...
2026-06-29 11:14:01,887 [INFO]: Search against KOfam done!
2026-06-29 11:14:28,999 [INFO]: Filtering and saving results...
2026-06-29 11:14:29,045 [INFO]: Search against KOfam done!
2026-06-29 11:14:51,316 [INFO]: Filtering and saving results...
2026-06-29 11:14:51,372 [INFO]: Search against KOfam done!
2026-06-29 11:15:12,738 [INFO]: Filtering and saving results...
2026-06-29 11:15:12,788 [INFO]: Search against KOfam done!
2026-06-29 11:15:34,954 [INFO]: Filtering and saving results...
2026-06-29 11:15:35,018 [INFO]: Search against KOfam done!
2026-06-29 11:15:53,364 [INFO]: Filtering and saving results...
2026-06-29 11:15:53,408 [INFO]: Search against KOfam done!
2026-06-29 11:16:24,015 [INFO]: Filtering and saving results...
2026-06-29 11:16:24,089 [INFO]: Search against KOfam done!
2026-06-29 11:16:46,656 [INFO]: Filtering and saving results...
2026-06-29 11:16:46,711 [INFO]: Search against KOfam done!
2026-06-29 11:17:07,965 [INFO]: Filtering and saving results...
2026-06-29 11:17:08,011 [INFO]: Search against KOfam done!
2026-06-29 11:17:29,547 [INFO]: Filtering and saving results...
2026-06-29 11:17:29,600 [INFO]: Search against KOfam done!
2026-06-29 11:17:47,159 [INFO]: Filtering and saving results...
2026-06-29 11:17:47,200 [INFO]: Search against KOfam done!
2026-06-29 11:18:05,793 [INFO]: Filtering and saving results...
2026-06-29 11:18:05,822 [INFO]: Search against KOfam done!
2026-06-29 11:18:21,951 [INFO]: Filtering and saving results...
2026-06-29 11:18:22,004 [INFO]: Search against KOfam done!
2026-06-29 11:18:53,957 [INFO]: Filtering and saving results...
2026-06-29 11:18:54,014 [INFO]: Search against KOfam done!
2026-06-29 11:19:19,405 [INFO]: Filtering and saving results...
2026-06-29 11:19:19,475 [INFO]: Search against KOfam done!
2026-06-29 11:19:39,321 [INFO]: Filtering and saving results...
2026-06-29 11:19:39,370 [INFO]: Search against KOfam done!
2026-06-29 11:20:08,404 [INFO]: Filtering and saving results...
2026-06-29 11:20:08,470 [INFO]: Search against KOfam done!
2026-06-29 11:20:31,143 [INFO]: Filtering and saving results...
2026-06-29 11:20:31,203 [INFO]: Search against KOfam done!
2026-06-29 11:20:52,300 [INFO]: Filtering and saving results...
2026-06-29 11:20:52,331 [INFO]: Search against KOfam done!
2026-06-29 11:21:19,058 [INFO]: Filtering and saving results...
2026-06-29 11:21:19,120 [INFO]: Search against KOfam done!
2026-06-29 11:21:51,489 [INFO]: Filtering and saving results...
2026-06-29 11:21:51,566 [INFO]: Search against KOfam done!
2026-06-29 11:22:33,439 [INFO]: Filtering and saving results...
2026-06-29 11:22:33,524 [INFO]: Search against KOfam done!
2026-06-29 11:22:59,842 [INFO]: Filtering and saving results...
2026-06-29 11:22:59,908 [INFO]: Search against KOfam done!
2026-06-29 11:23:17,639 [INFO]: Filtering and saving results...
2026-06-29 11:23:17,694 [INFO]: Search against KOfam done!
2026-06-29 11:23:41,734 [INFO]: Filtering and saving results...
2026-06-29 11:23:41,805 [INFO]: Search against KOfam done!
2026-06-29 11:23:59,377 [INFO]: Filtering and saving results...
2026-06-29 11:23:59,437 [INFO]: Search against KOfam done!
2026-06-29 11:24:21,172 [INFO]: Filtering and saving results...
2026-06-29 11:24:21,209 [INFO]: Search against KOfam done!
2026-06-29 11:24:42,275 [INFO]: Filtering and saving results...
2026-06-29 11:24:42,384 [INFO]: Search against KOfam done!
2026-06-29 11:25:05,558 [INFO]: Filtering and saving results...
2026-06-29 11:25:05,609 [INFO]: Search against KOfam done!
2026-06-29 11:25:28,174 [INFO]: Filtering and saving results...
2026-06-29 11:25:28,202 [INFO]: Search against KOfam done!
2026-06-29 11:25:51,363 [INFO]: Filtering and saving results...
2026-06-29 11:25:51,421 [INFO]: Search against KOfam done!
2026-06-29 11:26:09,730 [INFO]: Filtering and saving results...
2026-06-29 11:26:09,759 [INFO]: Search against KOfam done!
2026-06-29 11:26:36,323 [INFO]: Filtering and saving results...
2026-06-29 11:26:36,382 [INFO]: Search against KOfam done!
2026-06-29 11:27:05,830 [INFO]: Filtering and saving results...
2026-06-29 11:27:05,893 [INFO]: Search against KOfam done!
2026-06-29 11:27:47,273 [INFO]: Filtering and saving results...
2026-06-29 11:27:47,353 [INFO]: Search against KOfam done!
2026-06-29 11:28:11,573 [INFO]: Filtering and saving results...
2026-06-29 11:28:11,617 [INFO]: Search against KOfam done!
2026-06-29 11:28:30,018 [INFO]: Filtering and saving results...
2026-06-29 11:28:30,059 [INFO]: Search against KOfam done!
2026-06-29 11:28:47,212 [INFO]: Filtering and saving results...
2026-06-29 11:28:47,246 [INFO]: Search against KOfam done!
2026-06-29 11:29:08,229 [INFO]: Filtering and saving results...
2026-06-29 11:29:08,279 [INFO]: Search against KOfam done!
2026-06-29 11:29:34,992 [INFO]: Filtering and saving results...
2026-06-29 11:29:35,057 [INFO]: Search against KOfam done!
2026-06-29 11:30:09,345 [INFO]: Filtering and saving results...
2026-06-29 11:30:09,418 [INFO]: Search against KOfam done!
2026-06-29 11:30:24,221 [INFO]: Filtering and saving results...
2026-06-29 11:30:24,264 [INFO]: Search against KOfam done!
2026-06-29 11:30:48,047 [INFO]: Filtering and saving results...
2026-06-29 11:30:48,135 [INFO]: Search against KOfam done!
2026-06-29 11:31:12,151 [INFO]: Filtering and saving results...
2026-06-29 11:31:12,212 [INFO]: Search against KOfam done!
2026-06-29 11:31:31,961 [INFO]: Filtering and saving results...
2026-06-29 11:31:32,018 [INFO]: Search against KOfam done!
2026-06-29 11:32:05,998 [INFO]: Filtering and saving results...
2026-06-29 11:32:06,062 [INFO]: Search against KOfam done!
2026-06-29 11:32:06,122 [INFO]: Searching proteins against Swissprot
2026-06-29 11:34:11,513 [INFO]: Extracting Swissprot annotation data
2026-06-29 11:34:57,094 [INFO]: Searching proteins against RefSeq
2026-06-29 13:38:33,056 [INFO]: Extracting RefSeq annotation data
2026-06-29 13:44:11,382 [INFO]: Searching proteins against Trembl
2026-06-29 15:44:21,738 [INFO]: Extracting Trembl annotation data
2026-06-29 15:44:22,273 [INFO]: Improving annotations by searching matches in other databases
2026-06-29 15:44:24,210 [INFO]: MicrobeAnnotator has finished succefully!
