=====================================================
Start Time  : Mon Jun 29 11:22:44 AM PDT 2026
Job ID/Name : 64666543 / pangenome
======================================================

[2026-06-29 11:22:44] ========== Microbeannotator for Pangenome Analysis started ==========
[2026-06-29 11:22:44] Job ID/Name : 64666543 / pangenome
[2026-06-29 11:22:44] Node: hpc-53-13.cm.cluster, CPUs: 32, Mem: 122880MB
[2026-06-29 11:22:50] Activated conda env: /resnick/groups/enviromics/zahra/miniconda3/envs/microbeannotator
[2026-06-29 11:22:50] Running Microbeannotator
Loading diamond/2.1.7-gcc-13.2.0-cfkl5pd
  Loading requirement: zlib-ng/2.1.3-gcc-13.2.0-jetnfwa
2026-06-29 11:22:54,794 [INFO]:  ---- This is MicrobeAnnotator v2.0.5 ---- 
2026-06-29 11:22:54,794 [INFO]: Validating user inputs
2026-06-29 11:22:54,882 [INFO]: Passed
2026-06-29 11:22:54,883 [INFO]: Processing 50 files. I will run 8 files in parallel with 4 threads per file.
2026-06-29 11:22:54,883 [INFO]: Running in no_plot mode. Skipping plotting KO summaries. 
2026-06-29 11:22:55,940 [INFO]: Searching proteins against KOfam profiles
2026-06-29 11:22:55,940 [INFO]: Parsing HMM profile metadata
2026-06-29 11:23:41,093 [INFO]: Filtering and saving results...
2026-06-29 11:23:41,209 [INFO]: Search against KOfam done!
2026-06-29 11:25:18,833 [INFO]: Filtering and saving results...
2026-06-29 11:25:19,052 [INFO]: Search against KOfam done!
2026-06-29 11:26:23,383 [INFO]: Filtering and saving results...
2026-06-29 11:26:23,488 [INFO]: Search against KOfam done!
2026-06-29 11:27:10,494 [INFO]: Filtering and saving results...
2026-06-29 11:27:10,581 [INFO]: Search against KOfam done!
2026-06-29 11:28:01,630 [INFO]: Filtering and saving results...
2026-06-29 11:28:01,729 [INFO]: Search against KOfam done!
2026-06-29 11:28:38,943 [INFO]: Filtering and saving results...
2026-06-29 11:28:39,022 [INFO]: Search against KOfam done!
2026-06-29 11:29:11,998 [INFO]: Filtering and saving results...
2026-06-29 11:29:12,068 [INFO]: Search against KOfam done!
2026-06-29 11:29:49,431 [INFO]: Filtering and saving results...
2026-06-29 11:29:49,509 [INFO]: Search against KOfam done!
2026-06-29 11:30:24,783 [INFO]: Filtering and saving results...
2026-06-29 11:30:24,837 [INFO]: Search against KOfam done!
2026-06-29 11:31:16,730 [INFO]: Filtering and saving results...
2026-06-29 11:31:16,850 [INFO]: Search against KOfam done!
2026-06-29 11:32:08,457 [INFO]: Filtering and saving results...
2026-06-29 11:32:08,532 [INFO]: Search against KOfam done!
2026-06-29 11:32:51,261 [INFO]: Filtering and saving results...
2026-06-29 11:32:51,335 [INFO]: Search against KOfam done!
2026-06-29 11:33:55,134 [INFO]: Filtering and saving results...
2026-06-29 11:33:55,286 [INFO]: Search against KOfam done!
2026-06-29 11:36:02,601 [INFO]: Filtering and saving results...
2026-06-29 11:36:02,770 [INFO]: Search against KOfam done!
2026-06-29 11:36:41,755 [INFO]: Filtering and saving results...
2026-06-29 11:36:41,828 [INFO]: Search against KOfam done!
2026-06-29 11:37:14,029 [INFO]: Filtering and saving results...
2026-06-29 11:37:14,110 [INFO]: Search against KOfam done!
2026-06-29 11:37:53,526 [INFO]: Filtering and saving results...
2026-06-29 11:37:53,582 [INFO]: Search against KOfam done!
2026-06-29 11:38:32,425 [INFO]: Filtering and saving results...
2026-06-29 11:38:32,514 [INFO]: Search against KOfam done!
2026-06-29 11:39:10,409 [INFO]: Filtering and saving results...
2026-06-29 11:39:10,478 [INFO]: Search against KOfam done!
2026-06-29 11:39:57,966 [INFO]: Filtering and saving results...
2026-06-29 11:39:58,058 [INFO]: Search against KOfam done!
2026-06-29 11:40:36,394 [INFO]: Filtering and saving results...
2026-06-29 11:40:36,476 [INFO]: Search against KOfam done!
2026-06-29 11:41:20,089 [INFO]: Filtering and saving results...
2026-06-29 11:41:20,177 [INFO]: Search against KOfam done!
2026-06-29 11:41:59,937 [INFO]: Filtering and saving results...
2026-06-29 11:42:00,020 [INFO]: Search against KOfam done!
2026-06-29 11:42:38,868 [INFO]: Filtering and saving results...
2026-06-29 11:42:38,954 [INFO]: Search against KOfam done!
2026-06-29 11:43:24,869 [INFO]: Filtering and saving results...
2026-06-29 11:43:24,969 [INFO]: Search against KOfam done!
2026-06-29 11:43:50,033 [INFO]: Filtering and saving results...
2026-06-29 11:43:50,081 [INFO]: Search against KOfam done!
2026-06-29 11:44:33,354 [INFO]: Filtering and saving results...
2026-06-29 11:44:33,458 [INFO]: Search against KOfam done!
2026-06-29 11:45:26,406 [INFO]: Filtering and saving results...
2026-06-29 11:45:26,493 [INFO]: Search against KOfam done!
2026-06-29 11:46:22,330 [INFO]: Filtering and saving results...
2026-06-29 11:46:22,441 [INFO]: Search against KOfam done!
2026-06-29 11:47:00,778 [INFO]: Filtering and saving results...
2026-06-29 11:47:00,871 [INFO]: Search against KOfam done!
2026-06-29 11:47:27,234 [INFO]: Filtering and saving results...
2026-06-29 11:47:27,298 [INFO]: Search against KOfam done!
2026-06-29 11:47:47,733 [INFO]: Filtering and saving results...
2026-06-29 11:47:47,782 [INFO]: Search against KOfam done!
2026-06-29 11:48:13,767 [INFO]: Filtering and saving results...
2026-06-29 11:48:13,833 [INFO]: Search against KOfam done!
2026-06-29 11:48:44,036 [INFO]: Filtering and saving results...
2026-06-29 11:48:44,106 [INFO]: Search against KOfam done!
2026-06-29 11:49:19,222 [INFO]: Filtering and saving results...
2026-06-29 11:49:19,293 [INFO]: Search against KOfam done!
2026-06-29 11:49:56,732 [INFO]: Filtering and saving results...
2026-06-29 11:49:56,778 [INFO]: Search against KOfam done!
2026-06-29 11:50:18,950 [INFO]: Filtering and saving results...
2026-06-29 11:50:19,005 [INFO]: Search against KOfam done!
2026-06-29 11:50:52,164 [INFO]: Filtering and saving results...
2026-06-29 11:50:52,255 [INFO]: Search against KOfam done!
2026-06-29 11:51:16,741 [INFO]: Filtering and saving results...
2026-06-29 11:51:16,790 [INFO]: Search against KOfam done!
2026-06-29 11:51:54,296 [INFO]: Filtering and saving results...
2026-06-29 11:51:54,371 [INFO]: Search against KOfam done!
2026-06-29 11:52:57,017 [INFO]: Filtering and saving results...
2026-06-29 11:52:57,141 [INFO]: Search against KOfam done!
2026-06-29 11:53:43,658 [INFO]: Filtering and saving results...
2026-06-29 11:53:43,713 [INFO]: Search against KOfam done!
2026-06-29 11:54:11,576 [INFO]: Filtering and saving results...
2026-06-29 11:54:11,646 [INFO]: Search against KOfam done!
2026-06-29 11:54:52,303 [INFO]: Filtering and saving results...
2026-06-29 11:54:52,386 [INFO]: Search against KOfam done!
2026-06-29 11:55:39,515 [INFO]: Filtering and saving results...
2026-06-29 11:55:39,601 [INFO]: Search against KOfam done!
2026-06-29 11:56:33,340 [INFO]: Filtering and saving results...
2026-06-29 11:56:33,430 [INFO]: Search against KOfam done!
2026-06-29 11:57:15,764 [INFO]: Filtering and saving results...
2026-06-29 11:57:15,848 [INFO]: Search against KOfam done!
2026-06-29 11:58:00,814 [INFO]: Filtering and saving results...
2026-06-29 11:58:00,907 [INFO]: Search against KOfam done!
2026-06-29 11:58:56,161 [INFO]: Filtering and saving results...
2026-06-29 11:58:56,245 [INFO]: Search against KOfam done!
2026-06-29 12:00:18,393 [INFO]: Filtering and saving results...
2026-06-29 12:00:18,520 [INFO]: Search against KOfam done!
2026-06-29 12:00:18,718 [INFO]: Searching proteins against Swissprot
2026-06-29 12:02:20,870 [INFO]: Extracting Swissprot annotation data
2026-06-29 12:07:47,076 [INFO]: Searching proteins against RefSeq
2026-06-29 14:21:10,417 [INFO]: Extracting RefSeq annotation data
2026-06-29 15:28:38,837 [INFO]: Searching proteins against Trembl
2026-06-29 17:49:27,304 [INFO]: Extracting Trembl annotation data
2026-06-29 17:49:27,902 [INFO]: Improving annotations by searching matches in other databases
2026-06-29 17:49:30,746 [INFO]: MicrobeAnnotator has finished succefully!
