=====================================================
Start Time  : Mon Jun 29 11:26:20 AM PDT 2026
Job ID/Name : 64666317 / pangenome
======================================================

[2026-06-29 11:26:20] ========== Microbeannotator for Pangenome Analysis started ==========
[2026-06-29 11:26:20] Job ID/Name : 64666317 / pangenome
[2026-06-29 11:26:20] Node: hpc-34-19.cm.cluster, CPUs: 32, Mem: 122880MB
[2026-06-29 11:26:23] Activated conda env: /resnick/groups/enviromics/zahra/miniconda3/envs/microbeannotator
[2026-06-29 11:26:23] Running Microbeannotator
Loading diamond/2.1.7-gcc-13.2.0-cfkl5pd
  Loading requirement: zlib-ng/2.1.3-gcc-13.2.0-jetnfwa
2026-06-29 11:26:26,072 [INFO]:  ---- This is MicrobeAnnotator v2.0.5 ---- 
2026-06-29 11:26:26,072 [INFO]: Validating user inputs
2026-06-29 11:26:26,081 [INFO]: Passed
2026-06-29 11:26:26,081 [INFO]: Processing 3 files. I will run 8 files in parallel with 4 threads per file.
2026-06-29 11:26:26,081 [INFO]: Running in no_plot mode. Skipping plotting KO summaries. 
2026-06-29 11:26:26,147 [INFO]: Searching proteins against KOfam profiles
2026-06-29 11:26:26,147 [INFO]: Parsing HMM profile metadata
2026-06-29 11:26:57,324 [INFO]: Filtering and saving results...
2026-06-29 11:26:57,386 [INFO]: Search against KOfam done!
2026-06-29 11:27:18,691 [INFO]: Filtering and saving results...
2026-06-29 11:27:18,736 [INFO]: Search against KOfam done!
2026-06-29 11:28:12,812 [INFO]: Filtering and saving results...
2026-06-29 11:28:12,917 [INFO]: Search against KOfam done!
2026-06-29 11:28:13,000 [INFO]: Searching proteins against Swissprot
2026-06-29 11:28:31,595 [INFO]: Extracting Swissprot annotation data
2026-06-29 11:28:37,445 [INFO]: Searching proteins against RefSeq
2026-06-29 11:45:33,217 [INFO]: Extracting RefSeq annotation data
2026-06-29 11:48:58,478 [INFO]: Searching proteins against Trembl
2026-06-29 12:07:04,783 [INFO]: Extracting Trembl annotation data
2026-06-29 12:07:04,814 [INFO]: Improving annotations by searching matches in other databases
2026-06-29 12:07:04,987 [INFO]: MicrobeAnnotator has finished succefully!
