=====================================================
Start Time  : Mon Jun 29 11:08:18 AM PDT 2026
Job ID/Name : 64666330 / pangenome
======================================================

[2026-06-29 11:08:18] ========== Microbeannotator for Pangenome Analysis started ==========
[2026-06-29 11:08:18] Job ID/Name : 64666330 / pangenome
[2026-06-29 11:08:18] Node: hpc-54-16.cm.cluster, CPUs: 32, Mem: 122880MB
[2026-06-29 11:08:25] Activated conda env: /resnick/groups/enviromics/zahra/miniconda3/envs/microbeannotator
[2026-06-29 11:08:25] Running Microbeannotator
Loading diamond/2.1.7-gcc-13.2.0-cfkl5pd
  Loading requirement: zlib-ng/2.1.3-gcc-13.2.0-jetnfwa
2026-06-29 11:08:31,658 [INFO]:  ---- This is MicrobeAnnotator v2.0.5 ---- 
2026-06-29 11:08:31,659 [INFO]: Validating user inputs
2026-06-29 11:08:31,755 [INFO]: Passed
2026-06-29 11:08:31,755 [INFO]: Processing 50 files. I will run 8 files in parallel with 4 threads per file.
2026-06-29 11:08:31,755 [INFO]: Running in no_plot mode. Skipping plotting KO summaries. 
2026-06-29 11:08:32,612 [INFO]: Searching proteins against KOfam profiles
2026-06-29 11:08:32,612 [INFO]: Parsing HMM profile metadata
2026-06-29 11:09:14,798 [INFO]: Filtering and saving results...
2026-06-29 11:09:14,881 [INFO]: Search against KOfam done!
2026-06-29 11:10:12,352 [INFO]: Filtering and saving results...
2026-06-29 11:10:12,456 [INFO]: Search against KOfam done!
2026-06-29 11:11:23,659 [INFO]: Filtering and saving results...
2026-06-29 11:11:23,862 [INFO]: Search against KOfam done!
2026-06-29 11:12:02,285 [INFO]: Filtering and saving results...
2026-06-29 11:12:02,421 [INFO]: Search against KOfam done!
2026-06-29 11:12:36,080 [INFO]: Filtering and saving results...
2026-06-29 11:12:36,168 [INFO]: Search against KOfam done!
2026-06-29 11:12:56,694 [INFO]: Filtering and saving results...
2026-06-29 11:12:56,733 [INFO]: Search against KOfam done!
2026-06-29 11:13:39,513 [INFO]: Filtering and saving results...
2026-06-29 11:13:39,608 [INFO]: Search against KOfam done!
2026-06-29 11:14:18,678 [INFO]: Filtering and saving results...
2026-06-29 11:14:18,764 [INFO]: Search against KOfam done!
2026-06-29 11:15:04,215 [INFO]: Filtering and saving results...
2026-06-29 11:15:04,298 [INFO]: Search against KOfam done!
2026-06-29 11:15:35,852 [INFO]: Filtering and saving results...
2026-06-29 11:15:35,909 [INFO]: Search against KOfam done!
2026-06-29 11:16:19,093 [INFO]: Filtering and saving results...
2026-06-29 11:16:19,176 [INFO]: Search against KOfam done!
2026-06-29 11:17:35,566 [INFO]: Filtering and saving results...
2026-06-29 11:17:35,657 [INFO]: Search against KOfam done!
2026-06-29 11:17:56,482 [INFO]: Filtering and saving results...
2026-06-29 11:17:56,525 [INFO]: Search against KOfam done!
2026-06-29 11:18:54,686 [INFO]: Filtering and saving results...
2026-06-29 11:18:54,830 [INFO]: Search against KOfam done!
2026-06-29 11:19:20,540 [INFO]: Filtering and saving results...
2026-06-29 11:19:20,600 [INFO]: Search against KOfam done!
2026-06-29 11:19:58,688 [INFO]: Filtering and saving results...
2026-06-29 11:19:58,766 [INFO]: Search against KOfam done!
2026-06-29 11:20:23,973 [INFO]: Filtering and saving results...
2026-06-29 11:20:24,035 [INFO]: Search against KOfam done!
2026-06-29 11:21:09,758 [INFO]: Filtering and saving results...
2026-06-29 11:21:09,832 [INFO]: Search against KOfam done!
2026-06-29 11:21:41,872 [INFO]: Filtering and saving results...
2026-06-29 11:21:41,919 [INFO]: Search against KOfam done!
2026-06-29 11:22:03,696 [INFO]: Filtering and saving results...
2026-06-29 11:22:03,735 [INFO]: Search against KOfam done!
2026-06-29 11:22:23,506 [INFO]: Filtering and saving results...
2026-06-29 11:22:23,548 [INFO]: Search against KOfam done!
2026-06-29 11:22:58,231 [INFO]: Filtering and saving results...
2026-06-29 11:22:58,300 [INFO]: Search against KOfam done!
2026-06-29 11:23:35,996 [INFO]: Filtering and saving results...
2026-06-29 11:23:36,059 [INFO]: Search against KOfam done!
2026-06-29 11:24:10,896 [INFO]: Filtering and saving results...
2026-06-29 11:24:10,967 [INFO]: Search against KOfam done!
2026-06-29 11:24:48,975 [INFO]: Filtering and saving results...
2026-06-29 11:24:49,037 [INFO]: Search against KOfam done!
2026-06-29 11:25:20,186 [INFO]: Filtering and saving results...
2026-06-29 11:25:20,254 [INFO]: Search against KOfam done!
2026-06-29 11:25:58,428 [INFO]: Filtering and saving results...
2026-06-29 11:25:58,497 [INFO]: Search against KOfam done!
2026-06-29 11:26:55,475 [INFO]: Filtering and saving results...
2026-06-29 11:26:55,573 [INFO]: Search against KOfam done!
2026-06-29 11:27:27,222 [INFO]: Filtering and saving results...
2026-06-29 11:27:27,278 [INFO]: Search against KOfam done!
2026-06-29 11:27:48,862 [INFO]: Filtering and saving results...
2026-06-29 11:27:48,903 [INFO]: Search against KOfam done!
2026-06-29 11:28:19,702 [INFO]: Filtering and saving results...
2026-06-29 11:28:19,764 [INFO]: Search against KOfam done!
2026-06-29 11:28:50,830 [INFO]: Filtering and saving results...
2026-06-29 11:28:50,903 [INFO]: Search against KOfam done!
2026-06-29 11:29:33,956 [INFO]: Filtering and saving results...
2026-06-29 11:29:34,017 [INFO]: Search against KOfam done!
2026-06-29 11:30:58,069 [INFO]: Filtering and saving results...
2026-06-29 11:30:58,196 [INFO]: Search against KOfam done!
2026-06-29 11:32:33,744 [INFO]: Filtering and saving results...
2026-06-29 11:32:33,867 [INFO]: Search against KOfam done!
2026-06-29 11:34:08,050 [INFO]: Filtering and saving results...
2026-06-29 11:34:08,199 [INFO]: Search against KOfam done!
2026-06-29 11:35:38,052 [INFO]: Filtering and saving results...
2026-06-29 11:35:38,179 [INFO]: Search against KOfam done!
2026-06-29 11:37:05,568 [INFO]: Filtering and saving results...
2026-06-29 11:37:05,671 [INFO]: Search against KOfam done!
2026-06-29 11:37:43,892 [INFO]: Filtering and saving results...
2026-06-29 11:37:43,951 [INFO]: Search against KOfam done!
2026-06-29 11:38:11,716 [INFO]: Filtering and saving results...
2026-06-29 11:38:11,772 [INFO]: Search against KOfam done!
2026-06-29 11:38:32,770 [INFO]: Filtering and saving results...
2026-06-29 11:38:32,803 [INFO]: Search against KOfam done!
2026-06-29 11:38:55,933 [INFO]: Filtering and saving results...
2026-06-29 11:38:55,986 [INFO]: Search against KOfam done!
2026-06-29 11:39:24,124 [INFO]: Filtering and saving results...
2026-06-29 11:39:24,183 [INFO]: Search against KOfam done!
2026-06-29 11:39:47,660 [INFO]: Filtering and saving results...
2026-06-29 11:39:47,780 [INFO]: Search against KOfam done!
2026-06-29 11:40:21,923 [INFO]: Filtering and saving results...
2026-06-29 11:40:21,985 [INFO]: Search against KOfam done!
2026-06-29 11:40:44,078 [INFO]: Filtering and saving results...
2026-06-29 11:40:44,120 [INFO]: Search against KOfam done!
2026-06-29 11:41:14,784 [INFO]: Filtering and saving results...
2026-06-29 11:41:14,847 [INFO]: Search against KOfam done!
2026-06-29 11:41:38,226 [INFO]: Filtering and saving results...
2026-06-29 11:41:38,285 [INFO]: Search against KOfam done!
2026-06-29 11:42:01,804 [INFO]: Filtering and saving results...
2026-06-29 11:42:01,858 [INFO]: Search against KOfam done!
2026-06-29 11:42:35,549 [INFO]: Filtering and saving results...
2026-06-29 11:42:35,630 [INFO]: Search against KOfam done!
2026-06-29 11:42:35,707 [INFO]: Searching proteins against Swissprot
2026-06-29 11:44:27,474 [INFO]: Extracting Swissprot annotation data
2026-06-29 11:56:45,675 [INFO]: Searching proteins against RefSeq
2026-06-29 13:57:53,558 [INFO]: Extracting RefSeq annotation data
2026-06-29 15:22:55,716 [INFO]: Searching proteins against Trembl
2026-06-29 17:30:08,183 [INFO]: Extracting Trembl annotation data
2026-06-29 17:30:08,726 [INFO]: Improving annotations by searching matches in other databases
2026-06-29 17:30:11,816 [INFO]: MicrobeAnnotator has finished succefully!
