=====================================================
Start Time  : Mon Jun 29 11:18:11 AM PDT 2026
Job ID/Name : 64666505 / pangenome
======================================================

[2026-06-29 11:18:11] ========== Microbeannotator for Pangenome Analysis started ==========
[2026-06-29 11:18:11] Job ID/Name : 64666505 / pangenome
[2026-06-29 11:18:11] Node: hpc-93-11.cm.cluster, CPUs: 32, Mem: 122880MB
[2026-06-29 11:18:16] Activated conda env: /resnick/groups/enviromics/zahra/miniconda3/envs/microbeannotator
[2026-06-29 11:18:16] Running Microbeannotator
Loading diamond/2.1.7-gcc-13.2.0-cfkl5pd
  Loading requirement: zlib-ng/2.1.3-gcc-13.2.0-jetnfwa
2026-06-29 11:18:21,188 [INFO]:  ---- This is MicrobeAnnotator v2.0.5 ---- 
2026-06-29 11:18:21,188 [INFO]: Validating user inputs
2026-06-29 11:18:21,348 [INFO]: Passed
2026-06-29 11:18:21,348 [INFO]: Processing 50 files. I will run 8 files in parallel with 4 threads per file.
2026-06-29 11:18:21,348 [INFO]: Running in no_plot mode. Skipping plotting KO summaries. 
2026-06-29 11:18:22,160 [INFO]: Searching proteins against KOfam profiles
2026-06-29 11:18:22,160 [INFO]: Parsing HMM profile metadata
2026-06-29 11:19:40,689 [INFO]: Filtering and saving results...
2026-06-29 11:19:40,779 [INFO]: Search against KOfam done!
2026-06-29 11:20:44,929 [INFO]: Filtering and saving results...
2026-06-29 11:20:45,013 [INFO]: Search against KOfam done!
2026-06-29 11:21:21,268 [INFO]: Filtering and saving results...
2026-06-29 11:21:21,326 [INFO]: Search against KOfam done!
2026-06-29 11:22:20,527 [INFO]: Filtering and saving results...
2026-06-29 11:22:20,676 [INFO]: Search against KOfam done!
2026-06-29 11:23:03,055 [INFO]: Filtering and saving results...
2026-06-29 11:23:03,210 [INFO]: Search against KOfam done!
2026-06-29 11:23:54,145 [INFO]: Filtering and saving results...
2026-06-29 11:23:54,246 [INFO]: Search against KOfam done!
2026-06-29 11:25:12,639 [INFO]: Filtering and saving results...
2026-06-29 11:25:12,776 [INFO]: Search against KOfam done!
2026-06-29 11:26:33,599 [INFO]: Filtering and saving results...
2026-06-29 11:26:33,730 [INFO]: Search against KOfam done!
2026-06-29 11:27:16,926 [INFO]: Filtering and saving results...
2026-06-29 11:27:17,056 [INFO]: Search against KOfam done!
2026-06-29 11:28:01,458 [INFO]: Filtering and saving results...
2026-06-29 11:28:01,516 [INFO]: Search against KOfam done!
2026-06-29 11:28:42,269 [INFO]: Filtering and saving results...
2026-06-29 11:28:42,334 [INFO]: Search against KOfam done!
2026-06-29 11:29:50,707 [INFO]: Filtering and saving results...
2026-06-29 11:29:50,857 [INFO]: Search against KOfam done!
2026-06-29 11:31:05,480 [INFO]: Filtering and saving results...
2026-06-29 11:31:05,609 [INFO]: Search against KOfam done!
2026-06-29 11:32:25,346 [INFO]: Filtering and saving results...
2026-06-29 11:32:25,486 [INFO]: Search against KOfam done!
2026-06-29 11:33:42,675 [INFO]: Filtering and saving results...
2026-06-29 11:33:42,806 [INFO]: Search against KOfam done!
2026-06-29 11:34:51,609 [INFO]: Filtering and saving results...
2026-06-29 11:34:51,724 [INFO]: Search against KOfam done!
2026-06-29 11:35:59,565 [INFO]: Filtering and saving results...
2026-06-29 11:35:59,678 [INFO]: Search against KOfam done!
2026-06-29 11:36:29,471 [INFO]: Filtering and saving results...
2026-06-29 11:36:29,526 [INFO]: Search against KOfam done!
2026-06-29 11:37:08,829 [INFO]: Filtering and saving results...
2026-06-29 11:37:08,897 [INFO]: Search against KOfam done!
2026-06-29 11:37:49,266 [INFO]: Filtering and saving results...
2026-06-29 11:37:49,332 [INFO]: Search against KOfam done!
2026-06-29 11:39:38,258 [INFO]: Filtering and saving results...
2026-06-29 11:39:38,358 [INFO]: Search against KOfam done!
2026-06-29 11:40:45,739 [INFO]: Filtering and saving results...
2026-06-29 11:40:45,818 [INFO]: Search against KOfam done!
2026-06-29 11:41:09,561 [INFO]: Filtering and saving results...
2026-06-29 11:41:09,601 [INFO]: Search against KOfam done!
2026-06-29 11:42:29,676 [INFO]: Filtering and saving results...
2026-06-29 11:42:29,826 [INFO]: Search against KOfam done!
2026-06-29 11:43:52,491 [INFO]: Filtering and saving results...
2026-06-29 11:43:52,617 [INFO]: Search against KOfam done!
2026-06-29 11:45:22,841 [INFO]: Filtering and saving results...
2026-06-29 11:45:22,962 [INFO]: Search against KOfam done!
2026-06-29 11:46:02,525 [INFO]: Filtering and saving results...
2026-06-29 11:46:02,584 [INFO]: Search against KOfam done!
2026-06-29 11:46:52,649 [INFO]: Filtering and saving results...
2026-06-29 11:46:52,730 [INFO]: Search against KOfam done!
2026-06-29 11:48:02,947 [INFO]: Filtering and saving results...
2026-06-29 11:48:03,094 [INFO]: Search against KOfam done!
2026-06-29 11:49:16,299 [INFO]: Filtering and saving results...
2026-06-29 11:49:16,436 [INFO]: Search against KOfam done!
2026-06-29 11:50:28,466 [INFO]: Filtering and saving results...
2026-06-29 11:50:28,596 [INFO]: Search against KOfam done!
2026-06-29 11:51:50,529 [INFO]: Filtering and saving results...
2026-06-29 11:51:50,686 [INFO]: Search against KOfam done!
2026-06-29 11:52:21,535 [INFO]: Filtering and saving results...
2026-06-29 11:52:21,587 [INFO]: Search against KOfam done!
2026-06-29 11:52:55,094 [INFO]: Filtering and saving results...
2026-06-29 11:52:55,144 [INFO]: Search against KOfam done!
2026-06-29 11:53:40,538 [INFO]: Filtering and saving results...
2026-06-29 11:53:40,617 [INFO]: Search against KOfam done!
2026-06-29 11:54:55,057 [INFO]: Filtering and saving results...
2026-06-29 11:54:55,191 [INFO]: Search against KOfam done!
2026-06-29 11:56:12,369 [INFO]: Filtering and saving results...
2026-06-29 11:56:12,488 [INFO]: Search against KOfam done!
2026-06-29 11:57:07,763 [INFO]: Filtering and saving results...
2026-06-29 11:57:07,853 [INFO]: Search against KOfam done!
2026-06-29 11:58:26,137 [INFO]: Filtering and saving results...
2026-06-29 11:58:26,275 [INFO]: Search against KOfam done!
2026-06-29 11:59:44,303 [INFO]: Filtering and saving results...
2026-06-29 11:59:44,442 [INFO]: Search against KOfam done!
2026-06-29 12:00:59,893 [INFO]: Filtering and saving results...
2026-06-29 12:01:00,031 [INFO]: Search against KOfam done!
2026-06-29 12:02:14,614 [INFO]: Filtering and saving results...
2026-06-29 12:02:14,745 [INFO]: Search against KOfam done!
2026-06-29 12:03:29,051 [INFO]: Filtering and saving results...
2026-06-29 12:03:29,175 [INFO]: Search against KOfam done!
2026-06-29 12:04:13,238 [INFO]: Filtering and saving results...
2026-06-29 12:04:13,316 [INFO]: Search against KOfam done!
2026-06-29 12:04:53,453 [INFO]: Filtering and saving results...
2026-06-29 12:04:53,523 [INFO]: Search against KOfam done!
2026-06-29 12:05:27,964 [INFO]: Filtering and saving results...
2026-06-29 12:05:28,023 [INFO]: Search against KOfam done!
2026-06-29 12:05:57,272 [INFO]: Filtering and saving results...
2026-06-29 12:05:57,316 [INFO]: Search against KOfam done!
2026-06-29 12:06:27,804 [INFO]: Filtering and saving results...
2026-06-29 12:06:27,846 [INFO]: Search against KOfam done!
2026-06-29 12:07:16,424 [INFO]: Filtering and saving results...
2026-06-29 12:07:16,480 [INFO]: Search against KOfam done!
2026-06-29 12:08:46,563 [INFO]: Filtering and saving results...
2026-06-29 12:08:46,704 [INFO]: Search against KOfam done!
2026-06-29 12:08:46,983 [INFO]: Searching proteins against Swissprot
2026-06-29 12:11:09,171 [INFO]: Extracting Swissprot annotation data
2026-06-29 12:20:50,086 [INFO]: Searching proteins against RefSeq
2026-06-29 14:56:07,113 [INFO]: Extracting RefSeq annotation data
2026-06-29 16:10:19,829 [INFO]: Searching proteins against Trembl
2026-06-29 18:50:19,678 [INFO]: Extracting Trembl annotation data
2026-06-29 18:50:20,160 [INFO]: Improving annotations by searching matches in other databases
2026-06-29 18:50:23,147 [INFO]: MicrobeAnnotator has finished succefully!
