=====================================================
Start Time  : Mon Jun 29 11:09:19 AM PDT 2026
Job ID/Name : 64666346 / pangenome
======================================================

[2026-06-29 11:09:19] ========== Microbeannotator for Pangenome Analysis started ==========
[2026-06-29 11:09:19] Job ID/Name : 64666346 / pangenome
[2026-06-29 11:09:19] Node: hpc-54-37.cm.cluster, CPUs: 32, Mem: 122880MB
[2026-06-29 11:09:26] Activated conda env: /resnick/groups/enviromics/zahra/miniconda3/envs/microbeannotator
[2026-06-29 11:09:26] Running Microbeannotator
Loading diamond/2.1.7-gcc-13.2.0-cfkl5pd
  Loading requirement: zlib-ng/2.1.3-gcc-13.2.0-jetnfwa
2026-06-29 11:09:32,132 [INFO]:  ---- This is MicrobeAnnotator v2.0.5 ---- 
2026-06-29 11:09:32,133 [INFO]: Validating user inputs
2026-06-29 11:09:32,262 [INFO]: Passed
2026-06-29 11:09:32,262 [INFO]: Processing 50 files. I will run 8 files in parallel with 4 threads per file.
2026-06-29 11:09:32,262 [INFO]: Running in no_plot mode. Skipping plotting KO summaries. 
2026-06-29 11:09:33,193 [INFO]: Searching proteins against KOfam profiles
2026-06-29 11:09:33,194 [INFO]: Parsing HMM profile metadata
2026-06-29 11:09:56,220 [INFO]: Filtering and saving results...
2026-06-29 11:09:56,274 [INFO]: Search against KOfam done!
2026-06-29 11:10:35,551 [INFO]: Filtering and saving results...
2026-06-29 11:10:35,658 [INFO]: Search against KOfam done!
2026-06-29 11:10:58,090 [INFO]: Filtering and saving results...
2026-06-29 11:10:58,144 [INFO]: Search against KOfam done!
2026-06-29 11:11:31,622 [INFO]: Filtering and saving results...
2026-06-29 11:11:31,696 [INFO]: Search against KOfam done!
2026-06-29 11:12:09,550 [INFO]: Filtering and saving results...
2026-06-29 11:12:09,611 [INFO]: Search against KOfam done!
2026-06-29 11:12:41,001 [INFO]: Filtering and saving results...
2026-06-29 11:12:41,079 [INFO]: Search against KOfam done!
2026-06-29 11:13:32,390 [INFO]: Filtering and saving results...
2026-06-29 11:13:32,540 [INFO]: Search against KOfam done!
2026-06-29 11:14:18,982 [INFO]: Filtering and saving results...
2026-06-29 11:14:19,085 [INFO]: Search against KOfam done!
2026-06-29 11:14:46,687 [INFO]: Filtering and saving results...
2026-06-29 11:14:46,742 [INFO]: Search against KOfam done!
2026-06-29 11:15:21,340 [INFO]: Filtering and saving results...
2026-06-29 11:15:21,401 [INFO]: Search against KOfam done!
2026-06-29 11:15:43,248 [INFO]: Filtering and saving results...
2026-06-29 11:15:43,296 [INFO]: Search against KOfam done!
2026-06-29 11:16:12,367 [INFO]: Filtering and saving results...
2026-06-29 11:16:12,430 [INFO]: Search against KOfam done!
2026-06-29 11:16:35,057 [INFO]: Filtering and saving results...
2026-06-29 11:16:35,101 [INFO]: Search against KOfam done!
2026-06-29 11:16:55,432 [INFO]: Filtering and saving results...
2026-06-29 11:16:55,484 [INFO]: Search against KOfam done!
2026-06-29 11:17:32,205 [INFO]: Filtering and saving results...
2026-06-29 11:17:32,265 [INFO]: Search against KOfam done!
2026-06-29 11:18:01,368 [INFO]: Filtering and saving results...
2026-06-29 11:18:01,424 [INFO]: Search against KOfam done!
2026-06-29 11:18:32,048 [INFO]: Filtering and saving results...
2026-06-29 11:18:32,095 [INFO]: Search against KOfam done!
2026-06-29 11:21:00,260 [INFO]: Filtering and saving results...
2026-06-29 11:21:00,433 [INFO]: Search against KOfam done!
2026-06-29 11:21:34,022 [INFO]: Filtering and saving results...
2026-06-29 11:21:34,101 [INFO]: Search against KOfam done!
2026-06-29 11:22:04,686 [INFO]: Filtering and saving results...
2026-06-29 11:22:04,751 [INFO]: Search against KOfam done!
2026-06-29 11:22:29,747 [INFO]: Filtering and saving results...
2026-06-29 11:22:29,811 [INFO]: Search against KOfam done!
2026-06-29 11:23:01,454 [INFO]: Filtering and saving results...
2026-06-29 11:23:01,512 [INFO]: Search against KOfam done!
2026-06-29 11:23:19,757 [INFO]: Filtering and saving results...
2026-06-29 11:23:19,820 [INFO]: Search against KOfam done!
2026-06-29 11:23:38,040 [INFO]: Filtering and saving results...
2026-06-29 11:23:38,088 [INFO]: Search against KOfam done!
2026-06-29 11:24:12,127 [INFO]: Filtering and saving results...
2026-06-29 11:24:12,202 [INFO]: Search against KOfam done!
2026-06-29 11:24:52,115 [INFO]: Filtering and saving results...
2026-06-29 11:24:52,172 [INFO]: Search against KOfam done!
2026-06-29 11:25:53,161 [INFO]: Filtering and saving results...
2026-06-29 11:25:53,269 [INFO]: Search against KOfam done!
2026-06-29 11:26:52,086 [INFO]: Filtering and saving results...
2026-06-29 11:26:52,189 [INFO]: Search against KOfam done!
2026-06-29 11:27:38,491 [INFO]: Filtering and saving results...
2026-06-29 11:27:38,592 [INFO]: Search against KOfam done!
2026-06-29 11:28:15,293 [INFO]: Filtering and saving results...
2026-06-29 11:28:15,374 [INFO]: Search against KOfam done!
2026-06-29 11:28:39,291 [INFO]: Filtering and saving results...
2026-06-29 11:28:39,348 [INFO]: Search against KOfam done!
2026-06-29 11:29:17,916 [INFO]: Filtering and saving results...
2026-06-29 11:29:17,976 [INFO]: Search against KOfam done!
2026-06-29 11:29:40,451 [INFO]: Filtering and saving results...
2026-06-29 11:29:40,484 [INFO]: Search against KOfam done!
2026-06-29 11:30:43,597 [INFO]: Filtering and saving results...
2026-06-29 11:30:43,747 [INFO]: Search against KOfam done!
2026-06-29 11:31:05,192 [INFO]: Filtering and saving results...
2026-06-29 11:31:05,231 [INFO]: Search against KOfam done!
2026-06-29 11:31:45,894 [INFO]: Filtering and saving results...
2026-06-29 11:31:45,948 [INFO]: Search against KOfam done!
2026-06-29 11:32:42,984 [INFO]: Filtering and saving results...
2026-06-29 11:32:43,075 [INFO]: Search against KOfam done!
2026-06-29 11:33:34,091 [INFO]: Filtering and saving results...
2026-06-29 11:33:34,198 [INFO]: Search against KOfam done!
2026-06-29 11:34:07,007 [INFO]: Filtering and saving results...
2026-06-29 11:34:07,095 [INFO]: Search against KOfam done!
2026-06-29 11:34:29,588 [INFO]: Filtering and saving results...
2026-06-29 11:34:29,644 [INFO]: Search against KOfam done!
2026-06-29 11:35:15,373 [INFO]: Filtering and saving results...
2026-06-29 11:35:15,449 [INFO]: Search against KOfam done!
2026-06-29 11:35:55,040 [INFO]: Filtering and saving results...
2026-06-29 11:35:55,109 [INFO]: Search against KOfam done!
2026-06-29 11:36:28,950 [INFO]: Filtering and saving results...
2026-06-29 11:36:29,008 [INFO]: Search against KOfam done!
2026-06-29 11:37:17,830 [INFO]: Filtering and saving results...
2026-06-29 11:37:17,881 [INFO]: Search against KOfam done!
2026-06-29 11:37:53,182 [INFO]: Filtering and saving results...
2026-06-29 11:37:53,249 [INFO]: Search against KOfam done!
2026-06-29 11:38:26,765 [INFO]: Filtering and saving results...
2026-06-29 11:38:26,835 [INFO]: Search against KOfam done!
2026-06-29 11:38:54,085 [INFO]: Filtering and saving results...
2026-06-29 11:38:54,148 [INFO]: Search against KOfam done!
2026-06-29 11:39:21,251 [INFO]: Filtering and saving results...
2026-06-29 11:39:21,316 [INFO]: Search against KOfam done!
2026-06-29 11:40:31,058 [INFO]: Filtering and saving results...
2026-06-29 11:40:31,253 [INFO]: Search against KOfam done!
2026-06-29 11:41:00,541 [INFO]: Filtering and saving results...
2026-06-29 11:41:00,604 [INFO]: Search against KOfam done!
2026-06-29 11:41:00,649 [INFO]: Searching proteins against Swissprot
2026-06-29 11:42:59,487 [INFO]: Extracting Swissprot annotation data
2026-06-29 11:52:59,879 [INFO]: Searching proteins against RefSeq
2026-06-29 13:50:54,282 [INFO]: Extracting RefSeq annotation data
2026-06-29 14:40:51,494 [INFO]: Searching proteins against Trembl
2026-06-29 17:05:51,153 [INFO]: Extracting Trembl annotation data
2026-06-29 17:05:51,542 [INFO]: Improving annotations by searching matches in other databases
2026-06-29 17:05:52,786 [INFO]: MicrobeAnnotator has finished succefully!
