=====================================================
Start Time  : Mon Jun 29 11:18:06 AM PDT 2026
Job ID/Name : 64666507 / pangenome
======================================================

[2026-06-29 11:18:06] ========== Microbeannotator for Pangenome Analysis started ==========
[2026-06-29 11:18:06] Job ID/Name : 64666507 / pangenome
[2026-06-29 11:18:06] Node: hpc-35-14.cm.cluster, CPUs: 32, Mem: 122880MB
[2026-06-29 11:18:11] Activated conda env: /resnick/groups/enviromics/zahra/miniconda3/envs/microbeannotator
[2026-06-29 11:18:11] Running Microbeannotator
Loading diamond/2.1.7-gcc-13.2.0-cfkl5pd
  Loading requirement: zlib-ng/2.1.3-gcc-13.2.0-jetnfwa
2026-06-29 11:18:14,521 [INFO]:  ---- This is MicrobeAnnotator v2.0.5 ---- 
2026-06-29 11:18:14,521 [INFO]: Validating user inputs
2026-06-29 11:18:14,683 [INFO]: Passed
2026-06-29 11:18:14,684 [INFO]: Processing 50 files. I will run 8 files in parallel with 4 threads per file.
2026-06-29 11:18:14,684 [INFO]: Running in no_plot mode. Skipping plotting KO summaries. 
2026-06-29 11:18:15,632 [INFO]: Searching proteins against KOfam profiles
2026-06-29 11:18:15,633 [INFO]: Parsing HMM profile metadata
2026-06-29 11:20:13,279 [INFO]: Filtering and saving results...
2026-06-29 11:20:13,527 [INFO]: Search against KOfam done!
2026-06-29 11:21:25,928 [INFO]: Filtering and saving results...
2026-06-29 11:21:26,037 [INFO]: Search against KOfam done!
2026-06-29 11:23:11,964 [INFO]: Filtering and saving results...
2026-06-29 11:23:12,181 [INFO]: Search against KOfam done!
2026-06-29 11:23:58,473 [INFO]: Filtering and saving results...
2026-06-29 11:23:58,566 [INFO]: Search against KOfam done!
2026-06-29 11:24:57,468 [INFO]: Filtering and saving results...
2026-06-29 11:24:57,566 [INFO]: Search against KOfam done!
2026-06-29 11:25:50,309 [INFO]: Filtering and saving results...
2026-06-29 11:25:50,391 [INFO]: Search against KOfam done!
2026-06-29 11:26:37,582 [INFO]: Filtering and saving results...
2026-06-29 11:26:37,672 [INFO]: Search against KOfam done!
2026-06-29 11:27:19,684 [INFO]: Filtering and saving results...
2026-06-29 11:27:19,761 [INFO]: Search against KOfam done!
2026-06-29 11:28:22,416 [INFO]: Filtering and saving results...
2026-06-29 11:28:22,545 [INFO]: Search against KOfam done!
2026-06-29 11:28:47,762 [INFO]: Filtering and saving results...
2026-06-29 11:28:47,805 [INFO]: Search against KOfam done!
2026-06-29 11:29:28,873 [INFO]: Filtering and saving results...
2026-06-29 11:29:28,945 [INFO]: Search against KOfam done!
2026-06-29 11:30:02,508 [INFO]: Filtering and saving results...
2026-06-29 11:30:02,564 [INFO]: Search against KOfam done!
2026-06-29 11:30:30,895 [INFO]: Filtering and saving results...
2026-06-29 11:30:30,962 [INFO]: Search against KOfam done!
2026-06-29 11:31:29,387 [INFO]: Filtering and saving results...
2026-06-29 11:31:29,485 [INFO]: Search against KOfam done!
2026-06-29 11:32:40,044 [INFO]: Filtering and saving results...
2026-06-29 11:32:40,193 [INFO]: Search against KOfam done!
2026-06-29 11:33:28,165 [INFO]: Filtering and saving results...
2026-06-29 11:33:28,257 [INFO]: Search against KOfam done!
2026-06-29 11:34:49,311 [INFO]: Filtering and saving results...
2026-06-29 11:34:49,500 [INFO]: Search against KOfam done!
2026-06-29 11:36:18,200 [INFO]: Filtering and saving results...
2026-06-29 11:36:18,368 [INFO]: Search against KOfam done!
2026-06-29 11:37:39,282 [INFO]: Filtering and saving results...
2026-06-29 11:37:39,429 [INFO]: Search against KOfam done!
2026-06-29 11:38:25,983 [INFO]: Filtering and saving results...
2026-06-29 11:38:26,060 [INFO]: Search against KOfam done!
2026-06-29 11:39:28,381 [INFO]: Filtering and saving results...
2026-06-29 11:39:28,543 [INFO]: Search against KOfam done!
2026-06-29 11:40:28,138 [INFO]: Filtering and saving results...
2026-06-29 11:40:28,278 [INFO]: Search against KOfam done!
2026-06-29 11:41:20,752 [INFO]: Filtering and saving results...
2026-06-29 11:41:20,838 [INFO]: Search against KOfam done!
2026-06-29 11:42:23,176 [INFO]: Filtering and saving results...
2026-06-29 11:42:23,260 [INFO]: Search against KOfam done!
2026-06-29 11:43:28,442 [INFO]: Filtering and saving results...
2026-06-29 11:43:28,557 [INFO]: Search against KOfam done!
2026-06-29 11:44:33,764 [INFO]: Filtering and saving results...
2026-06-29 11:44:33,883 [INFO]: Search against KOfam done!
2026-06-29 11:46:19,642 [INFO]: Filtering and saving results...
2026-06-29 11:46:20,050 [INFO]: Search against KOfam done!
2026-06-29 11:48:02,703 [INFO]: Filtering and saving results...
2026-06-29 11:48:02,905 [INFO]: Search against KOfam done!
2026-06-29 11:49:47,536 [INFO]: Filtering and saving results...
2026-06-29 11:49:47,763 [INFO]: Search against KOfam done!
2026-06-29 11:51:12,796 [INFO]: Filtering and saving results...
2026-06-29 11:51:12,999 [INFO]: Search against KOfam done!
2026-06-29 11:52:33,514 [INFO]: Filtering and saving results...
2026-06-29 11:52:33,984 [INFO]: Search against KOfam done!
2026-06-29 11:53:55,639 [INFO]: Filtering and saving results...
2026-06-29 11:53:55,813 [INFO]: Search against KOfam done!
2026-06-29 11:54:35,958 [INFO]: Filtering and saving results...
2026-06-29 11:54:36,021 [INFO]: Search against KOfam done!
2026-06-29 11:55:36,538 [INFO]: Filtering and saving results...
2026-06-29 11:55:36,686 [INFO]: Search against KOfam done!
2026-06-29 11:56:41,204 [INFO]: Filtering and saving results...
2026-06-29 11:56:41,358 [INFO]: Search against KOfam done!
2026-06-29 11:57:52,164 [INFO]: Filtering and saving results...
2026-06-29 11:57:52,292 [INFO]: Search against KOfam done!
2026-06-29 11:58:55,613 [INFO]: Filtering and saving results...
2026-06-29 11:58:55,734 [INFO]: Search against KOfam done!
2026-06-29 11:59:46,385 [INFO]: Filtering and saving results...
2026-06-29 11:59:46,488 [INFO]: Search against KOfam done!
2026-06-29 12:00:44,786 [INFO]: Filtering and saving results...
2026-06-29 12:00:44,894 [INFO]: Search against KOfam done!
2026-06-29 12:01:47,671 [INFO]: Filtering and saving results...
2026-06-29 12:01:47,806 [INFO]: Search against KOfam done!
2026-06-29 12:03:20,394 [INFO]: Filtering and saving results...
2026-06-29 12:03:20,573 [INFO]: Search against KOfam done!
2026-06-29 12:04:01,477 [INFO]: Filtering and saving results...
2026-06-29 12:04:01,565 [INFO]: Search against KOfam done!
2026-06-29 12:04:55,299 [INFO]: Filtering and saving results...
2026-06-29 12:04:55,379 [INFO]: Search against KOfam done!
2026-06-29 12:05:57,037 [INFO]: Filtering and saving results...
2026-06-29 12:05:57,145 [INFO]: Search against KOfam done!
2026-06-29 12:07:08,549 [INFO]: Filtering and saving results...
2026-06-29 12:07:08,659 [INFO]: Search against KOfam done!
2026-06-29 12:08:22,882 [INFO]: Filtering and saving results...
2026-06-29 12:08:23,036 [INFO]: Search against KOfam done!
2026-06-29 12:09:03,909 [INFO]: Filtering and saving results...
2026-06-29 12:09:03,976 [INFO]: Search against KOfam done!
2026-06-29 12:10:09,378 [INFO]: Filtering and saving results...
2026-06-29 12:10:09,506 [INFO]: Search against KOfam done!
2026-06-29 12:11:43,506 [INFO]: Filtering and saving results...
2026-06-29 12:11:43,750 [INFO]: Search against KOfam done!
2026-06-29 12:13:12,504 [INFO]: Filtering and saving results...
2026-06-29 12:13:12,703 [INFO]: Search against KOfam done!
2026-06-29 12:13:13,002 [INFO]: Searching proteins against Swissprot
2026-06-29 12:15:31,822 [INFO]: Extracting Swissprot annotation data
2026-06-29 12:21:43,605 [INFO]: Searching proteins against RefSeq
2026-06-29 15:07:13,059 [INFO]: Extracting RefSeq annotation data
2026-06-29 16:11:22,574 [INFO]: Searching proteins against Trembl
2026-06-29 18:41:28,806 [INFO]: Extracting Trembl annotation data
2026-06-29 18:41:29,246 [INFO]: Improving annotations by searching matches in other databases
2026-06-29 18:41:32,504 [INFO]: MicrobeAnnotator has finished succefully!
