=====================================================
Start Time  : Mon Jun 29 11:09:50 AM PDT 2026
Job ID/Name : 64666352 / pangenome
======================================================

[2026-06-29 11:09:50] ========== Microbeannotator for Pangenome Analysis started ==========
[2026-06-29 11:09:50] Job ID/Name : 64666352 / pangenome
[2026-06-29 11:09:50] Node: hpc-80-36.cm.cluster, CPUs: 32, Mem: 122880MB
[2026-06-29 11:09:56] Activated conda env: /resnick/groups/enviromics/zahra/miniconda3/envs/microbeannotator
[2026-06-29 11:09:56] Running Microbeannotator
Loading diamond/2.1.7-gcc-13.2.0-cfkl5pd
  Loading requirement: zlib-ng/2.1.3-gcc-13.2.0-jetnfwa
2026-06-29 11:10:01,331 [INFO]:  ---- This is MicrobeAnnotator v2.0.5 ---- 
2026-06-29 11:10:01,331 [INFO]: Validating user inputs
2026-06-29 11:10:01,436 [INFO]: Passed
2026-06-29 11:10:01,436 [INFO]: Processing 50 files. I will run 8 files in parallel with 4 threads per file.
2026-06-29 11:10:01,436 [INFO]: Running in no_plot mode. Skipping plotting KO summaries. 
2026-06-29 11:10:02,133 [INFO]: Searching proteins against KOfam profiles
2026-06-29 11:10:02,133 [INFO]: Parsing HMM profile metadata
2026-06-29 11:10:27,874 [INFO]: Filtering and saving results...
2026-06-29 11:10:27,922 [INFO]: Search against KOfam done!
2026-06-29 11:10:44,047 [INFO]: Filtering and saving results...
2026-06-29 11:10:44,078 [INFO]: Search against KOfam done!
2026-06-29 11:11:05,737 [INFO]: Filtering and saving results...
2026-06-29 11:11:05,776 [INFO]: Search against KOfam done!
2026-06-29 11:11:31,108 [INFO]: Filtering and saving results...
2026-06-29 11:11:31,156 [INFO]: Search against KOfam done!
2026-06-29 11:11:59,866 [INFO]: Filtering and saving results...
2026-06-29 11:11:59,909 [INFO]: Search against KOfam done!
2026-06-29 11:12:23,157 [INFO]: Filtering and saving results...
2026-06-29 11:12:23,201 [INFO]: Search against KOfam done!
2026-06-29 11:12:47,579 [INFO]: Filtering and saving results...
2026-06-29 11:12:47,623 [INFO]: Search against KOfam done!
2026-06-29 11:13:11,913 [INFO]: Filtering and saving results...
2026-06-29 11:13:11,952 [INFO]: Search against KOfam done!
2026-06-29 11:13:48,856 [INFO]: Filtering and saving results...
2026-06-29 11:13:48,916 [INFO]: Search against KOfam done!
2026-06-29 11:14:09,109 [INFO]: Filtering and saving results...
2026-06-29 11:14:09,147 [INFO]: Search against KOfam done!
2026-06-29 11:14:32,164 [INFO]: Filtering and saving results...
2026-06-29 11:14:32,201 [INFO]: Search against KOfam done!
2026-06-29 11:14:48,420 [INFO]: Filtering and saving results...
2026-06-29 11:14:48,448 [INFO]: Search against KOfam done!
2026-06-29 11:15:32,466 [INFO]: Filtering and saving results...
2026-06-29 11:15:32,527 [INFO]: Search against KOfam done!
2026-06-29 11:15:50,317 [INFO]: Filtering and saving results...
2026-06-29 11:15:50,347 [INFO]: Search against KOfam done!
2026-06-29 11:16:13,959 [INFO]: Filtering and saving results...
2026-06-29 11:16:13,999 [INFO]: Search against KOfam done!
2026-06-29 11:16:43,502 [INFO]: Filtering and saving results...
2026-06-29 11:16:43,549 [INFO]: Search against KOfam done!
2026-06-29 11:17:06,870 [INFO]: Filtering and saving results...
2026-06-29 11:17:06,906 [INFO]: Search against KOfam done!
2026-06-29 11:17:37,729 [INFO]: Filtering and saving results...
2026-06-29 11:17:37,787 [INFO]: Search against KOfam done!
2026-06-29 11:18:08,625 [INFO]: Filtering and saving results...
2026-06-29 11:18:08,674 [INFO]: Search against KOfam done!
2026-06-29 11:18:37,602 [INFO]: Filtering and saving results...
2026-06-29 11:18:37,650 [INFO]: Search against KOfam done!
2026-06-29 11:19:28,948 [INFO]: Filtering and saving results...
2026-06-29 11:19:29,035 [INFO]: Search against KOfam done!
2026-06-29 11:20:00,046 [INFO]: Filtering and saving results...
2026-06-29 11:20:00,099 [INFO]: Search against KOfam done!
2026-06-29 11:20:24,173 [INFO]: Filtering and saving results...
2026-06-29 11:20:24,214 [INFO]: Search against KOfam done!
2026-06-29 11:20:51,444 [INFO]: Filtering and saving results...
2026-06-29 11:20:51,491 [INFO]: Search against KOfam done!
2026-06-29 11:21:20,919 [INFO]: Filtering and saving results...
2026-06-29 11:21:20,977 [INFO]: Search against KOfam done!
2026-06-29 11:21:43,530 [INFO]: Filtering and saving results...
2026-06-29 11:21:43,574 [INFO]: Search against KOfam done!
2026-06-29 11:22:20,099 [INFO]: Filtering and saving results...
2026-06-29 11:22:20,157 [INFO]: Search against KOfam done!
2026-06-29 11:22:42,070 [INFO]: Filtering and saving results...
2026-06-29 11:22:42,104 [INFO]: Search against KOfam done!
2026-06-29 11:23:12,372 [INFO]: Filtering and saving results...
2026-06-29 11:23:12,422 [INFO]: Search against KOfam done!
2026-06-29 11:23:52,286 [INFO]: Filtering and saving results...
2026-06-29 11:23:52,351 [INFO]: Search against KOfam done!
2026-06-29 11:24:25,839 [INFO]: Filtering and saving results...
2026-06-29 11:24:25,897 [INFO]: Search against KOfam done!
2026-06-29 11:24:57,933 [INFO]: Filtering and saving results...
2026-06-29 11:24:57,989 [INFO]: Search against KOfam done!
2026-06-29 11:25:37,928 [INFO]: Filtering and saving results...
2026-06-29 11:25:37,995 [INFO]: Search against KOfam done!
2026-06-29 11:25:56,424 [INFO]: Filtering and saving results...
2026-06-29 11:25:56,456 [INFO]: Search against KOfam done!
2026-06-29 11:26:32,386 [INFO]: Filtering and saving results...
2026-06-29 11:26:32,446 [INFO]: Search against KOfam done!
2026-06-29 11:27:00,220 [INFO]: Filtering and saving results...
2026-06-29 11:27:00,268 [INFO]: Search against KOfam done!
2026-06-29 11:27:31,358 [INFO]: Filtering and saving results...
2026-06-29 11:27:31,414 [INFO]: Search against KOfam done!
2026-06-29 11:28:17,251 [INFO]: Filtering and saving results...
2026-06-29 11:28:17,328 [INFO]: Search against KOfam done!
2026-06-29 11:28:33,322 [INFO]: Filtering and saving results...
2026-06-29 11:28:33,349 [INFO]: Search against KOfam done!
2026-06-29 11:28:54,619 [INFO]: Filtering and saving results...
2026-06-29 11:28:54,657 [INFO]: Search against KOfam done!
2026-06-29 11:29:31,603 [INFO]: Filtering and saving results...
2026-06-29 11:29:31,665 [INFO]: Search against KOfam done!
2026-06-29 11:30:08,398 [INFO]: Filtering and saving results...
2026-06-29 11:30:08,452 [INFO]: Search against KOfam done!
2026-06-29 11:30:49,772 [INFO]: Filtering and saving results...
2026-06-29 11:30:49,838 [INFO]: Search against KOfam done!
2026-06-29 11:31:27,614 [INFO]: Filtering and saving results...
2026-06-29 11:31:27,672 [INFO]: Search against KOfam done!
2026-06-29 11:31:47,316 [INFO]: Filtering and saving results...
2026-06-29 11:31:47,348 [INFO]: Search against KOfam done!
2026-06-29 11:32:34,425 [INFO]: Filtering and saving results...
2026-06-29 11:32:34,488 [INFO]: Search against KOfam done!
2026-06-29 11:33:25,791 [INFO]: Filtering and saving results...
2026-06-29 11:33:25,862 [INFO]: Search against KOfam done!
2026-06-29 11:33:43,067 [INFO]: Filtering and saving results...
2026-06-29 11:33:43,101 [INFO]: Search against KOfam done!
2026-06-29 11:34:04,771 [INFO]: Filtering and saving results...
2026-06-29 11:34:04,814 [INFO]: Search against KOfam done!
2026-06-29 11:34:27,273 [INFO]: Filtering and saving results...
2026-06-29 11:34:27,316 [INFO]: Search against KOfam done!
2026-06-29 11:34:27,361 [INFO]: Searching proteins against Swissprot
2026-06-29 11:36:48,190 [INFO]: Extracting Swissprot annotation data
2026-06-29 11:38:01,582 [INFO]: Searching proteins against RefSeq
2026-06-29 13:55:18,719 [INFO]: Extracting RefSeq annotation data
2026-06-29 14:43:58,935 [INFO]: Searching proteins against Trembl
2026-06-29 17:07:38,235 [INFO]: Extracting Trembl annotation data
2026-06-29 17:07:38,601 [INFO]: Improving annotations by searching matches in other databases
2026-06-29 17:07:40,171 [INFO]: MicrobeAnnotator has finished succefully!
