=====================================================
Start Time  : Mon Jun 29 11:13:59 AM PDT 2026
Job ID/Name : 64666441 / pangenome
======================================================

[2026-06-29 11:13:59] ========== Microbeannotator for Pangenome Analysis started ==========
[2026-06-29 11:13:59] Job ID/Name : 64666441 / pangenome
[2026-06-29 11:13:59] Node: hpc-52-39.cm.cluster, CPUs: 32, Mem: 122880MB
[2026-06-29 11:14:05] Activated conda env: /resnick/groups/enviromics/zahra/miniconda3/envs/microbeannotator
[2026-06-29 11:14:05] Running Microbeannotator
Loading diamond/2.1.7-gcc-13.2.0-cfkl5pd
  Loading requirement: zlib-ng/2.1.3-gcc-13.2.0-jetnfwa
2026-06-29 11:14:10,844 [INFO]:  ---- This is MicrobeAnnotator v2.0.5 ---- 
2026-06-29 11:14:10,845 [INFO]: Validating user inputs
2026-06-29 11:14:10,952 [INFO]: Passed
2026-06-29 11:14:10,952 [INFO]: Processing 50 files. I will run 8 files in parallel with 4 threads per file.
2026-06-29 11:14:10,952 [INFO]: Running in no_plot mode. Skipping plotting KO summaries. 
2026-06-29 11:14:11,768 [INFO]: Searching proteins against KOfam profiles
2026-06-29 11:14:11,769 [INFO]: Parsing HMM profile metadata
2026-06-29 11:14:40,150 [INFO]: Filtering and saving results...
2026-06-29 11:14:40,216 [INFO]: Search against KOfam done!
2026-06-29 11:15:16,702 [INFO]: Filtering and saving results...
2026-06-29 11:15:16,759 [INFO]: Search against KOfam done!
2026-06-29 11:15:46,094 [INFO]: Filtering and saving results...
2026-06-29 11:15:46,143 [INFO]: Search against KOfam done!
2026-06-29 11:16:18,355 [INFO]: Filtering and saving results...
2026-06-29 11:16:18,439 [INFO]: Search against KOfam done!
2026-06-29 11:17:18,560 [INFO]: Filtering and saving results...
2026-06-29 11:17:18,648 [INFO]: Search against KOfam done!
2026-06-29 11:17:47,048 [INFO]: Filtering and saving results...
2026-06-29 11:17:47,121 [INFO]: Search against KOfam done!
2026-06-29 11:18:28,811 [INFO]: Filtering and saving results...
2026-06-29 11:18:28,881 [INFO]: Search against KOfam done!
2026-06-29 11:19:02,377 [INFO]: Filtering and saving results...
2026-06-29 11:19:02,436 [INFO]: Search against KOfam done!
2026-06-29 11:19:50,349 [INFO]: Filtering and saving results...
2026-06-29 11:19:50,412 [INFO]: Search against KOfam done!
2026-06-29 11:21:01,115 [INFO]: Filtering and saving results...
2026-06-29 11:21:01,210 [INFO]: Search against KOfam done!
2026-06-29 11:22:19,708 [INFO]: Filtering and saving results...
2026-06-29 11:22:19,822 [INFO]: Search against KOfam done!
2026-06-29 11:23:23,675 [INFO]: Filtering and saving results...
2026-06-29 11:23:23,773 [INFO]: Search against KOfam done!
2026-06-29 11:23:57,456 [INFO]: Filtering and saving results...
2026-06-29 11:23:57,530 [INFO]: Search against KOfam done!
2026-06-29 11:25:18,218 [INFO]: Filtering and saving results...
2026-06-29 11:25:18,373 [INFO]: Search against KOfam done!
2026-06-29 11:26:06,181 [INFO]: Filtering and saving results...
2026-06-29 11:26:06,271 [INFO]: Search against KOfam done!
2026-06-29 11:27:53,433 [INFO]: Filtering and saving results...
2026-06-29 11:27:53,524 [INFO]: Search against KOfam done!
2026-06-29 11:28:30,489 [INFO]: Filtering and saving results...
2026-06-29 11:28:30,608 [INFO]: Search against KOfam done!
2026-06-29 11:29:57,569 [INFO]: Filtering and saving results...
2026-06-29 11:29:57,765 [INFO]: Search against KOfam done!
2026-06-29 11:30:45,883 [INFO]: Filtering and saving results...
2026-06-29 11:30:45,960 [INFO]: Search against KOfam done!
2026-06-29 11:31:36,933 [INFO]: Filtering and saving results...
2026-06-29 11:31:37,019 [INFO]: Search against KOfam done!
2026-06-29 11:32:25,159 [INFO]: Filtering and saving results...
2026-06-29 11:32:25,230 [INFO]: Search against KOfam done!
2026-06-29 11:32:48,867 [INFO]: Filtering and saving results...
2026-06-29 11:32:48,906 [INFO]: Search against KOfam done!
2026-06-29 11:33:11,770 [INFO]: Filtering and saving results...
2026-06-29 11:33:11,806 [INFO]: Search against KOfam done!
2026-06-29 11:33:57,087 [INFO]: Filtering and saving results...
2026-06-29 11:33:57,155 [INFO]: Search against KOfam done!
2026-06-29 11:34:21,150 [INFO]: Filtering and saving results...
2026-06-29 11:34:21,194 [INFO]: Search against KOfam done!
2026-06-29 11:35:00,091 [INFO]: Filtering and saving results...
2026-06-29 11:35:00,167 [INFO]: Search against KOfam done!
2026-06-29 11:35:39,690 [INFO]: Filtering and saving results...
2026-06-29 11:35:39,765 [INFO]: Search against KOfam done!
2026-06-29 11:36:19,639 [INFO]: Filtering and saving results...
2026-06-29 11:36:19,715 [INFO]: Search against KOfam done!
2026-06-29 11:37:46,438 [INFO]: Filtering and saving results...
2026-06-29 11:37:46,585 [INFO]: Search against KOfam done!
2026-06-29 11:39:44,363 [INFO]: Filtering and saving results...
2026-06-29 11:39:44,524 [INFO]: Search against KOfam done!
2026-06-29 11:40:19,732 [INFO]: Filtering and saving results...
2026-06-29 11:40:19,764 [INFO]: Search against KOfam done!
2026-06-29 11:41:07,840 [INFO]: Filtering and saving results...
2026-06-29 11:41:07,916 [INFO]: Search against KOfam done!
2026-06-29 11:41:36,846 [INFO]: Filtering and saving results...
2026-06-29 11:41:36,906 [INFO]: Search against KOfam done!
2026-06-29 11:42:24,949 [INFO]: Filtering and saving results...
2026-06-29 11:42:25,048 [INFO]: Search against KOfam done!
2026-06-29 11:43:13,729 [INFO]: Filtering and saving results...
2026-06-29 11:43:13,897 [INFO]: Search against KOfam done!
2026-06-29 11:44:12,160 [INFO]: Filtering and saving results...
2026-06-29 11:44:12,272 [INFO]: Search against KOfam done!
2026-06-29 11:45:40,013 [INFO]: Filtering and saving results...
2026-06-29 11:45:40,121 [INFO]: Search against KOfam done!
2026-06-29 11:46:01,059 [INFO]: Filtering and saving results...
2026-06-29 11:46:01,095 [INFO]: Search against KOfam done!
2026-06-29 11:46:34,030 [INFO]: Filtering and saving results...
2026-06-29 11:46:34,106 [INFO]: Search against KOfam done!
2026-06-29 11:47:12,095 [INFO]: Filtering and saving results...
2026-06-29 11:47:12,145 [INFO]: Search against KOfam done!
2026-06-29 11:47:42,277 [INFO]: Filtering and saving results...
2026-06-29 11:47:42,363 [INFO]: Search against KOfam done!
2026-06-29 11:49:09,066 [INFO]: Filtering and saving results...
2026-06-29 11:49:09,162 [INFO]: Search against KOfam done!
2026-06-29 11:49:42,043 [INFO]: Filtering and saving results...
2026-06-29 11:49:42,088 [INFO]: Search against KOfam done!
2026-06-29 11:50:35,757 [INFO]: Filtering and saving results...
2026-06-29 11:50:35,835 [INFO]: Search against KOfam done!
2026-06-29 11:52:08,113 [INFO]: Filtering and saving results...
2026-06-29 11:52:08,219 [INFO]: Search against KOfam done!
2026-06-29 11:53:14,934 [INFO]: Filtering and saving results...
2026-06-29 11:53:15,111 [INFO]: Search against KOfam done!
2026-06-29 11:53:48,860 [INFO]: Filtering and saving results...
2026-06-29 11:53:48,934 [INFO]: Search against KOfam done!
2026-06-29 11:54:25,960 [INFO]: Filtering and saving results...
2026-06-29 11:54:26,024 [INFO]: Search against KOfam done!
2026-06-29 11:55:02,651 [INFO]: Filtering and saving results...
2026-06-29 11:55:02,702 [INFO]: Search against KOfam done!
2026-06-29 11:56:17,181 [INFO]: Filtering and saving results...
2026-06-29 11:56:17,269 [INFO]: Search against KOfam done!
2026-06-29 11:56:17,553 [INFO]: Searching proteins against Swissprot
2026-06-29 11:58:36,100 [INFO]: Extracting Swissprot annotation data
2026-06-29 12:03:14,627 [INFO]: Searching proteins against RefSeq
2026-06-29 14:41:13,163 [INFO]: Extracting RefSeq annotation data
2026-06-29 16:05:19,298 [INFO]: Searching proteins against Trembl
2026-06-29 18:56:06,636 [INFO]: Extracting Trembl annotation data
2026-06-29 18:56:07,149 [INFO]: Improving annotations by searching matches in other databases
2026-06-29 18:56:10,289 [INFO]: MicrobeAnnotator has finished succefully!
