=====================================================
Start Time  : Mon Jun 29 11:10:21 AM PDT 2026
Job ID/Name : 64666391 / pangenome
======================================================

[2026-06-29 11:10:21] ========== Microbeannotator for Pangenome Analysis started ==========
[2026-06-29 11:10:21] Job ID/Name : 64666391 / pangenome
[2026-06-29 11:10:22] Node: hpc-52-04.cm.cluster, CPUs: 32, Mem: 122880MB
[2026-06-29 11:10:27] Activated conda env: /resnick/groups/enviromics/zahra/miniconda3/envs/microbeannotator
[2026-06-29 11:10:27] Running Microbeannotator
Loading diamond/2.1.7-gcc-13.2.0-cfkl5pd
  Loading requirement: zlib-ng/2.1.3-gcc-13.2.0-jetnfwa
2026-06-29 11:10:35,131 [INFO]:  ---- This is MicrobeAnnotator v2.0.5 ---- 
2026-06-29 11:10:35,133 [INFO]: Validating user inputs
2026-06-29 11:10:35,376 [INFO]: Passed
2026-06-29 11:10:35,376 [INFO]: Processing 50 files. I will run 8 files in parallel with 4 threads per file.
2026-06-29 11:10:35,376 [INFO]: Running in no_plot mode. Skipping plotting KO summaries. 
2026-06-29 11:10:36,764 [INFO]: Searching proteins against KOfam profiles
2026-06-29 11:10:36,764 [INFO]: Parsing HMM profile metadata
2026-06-29 11:11:43,198 [INFO]: Filtering and saving results...
2026-06-29 11:11:43,324 [INFO]: Search against KOfam done!
2026-06-29 11:12:26,580 [INFO]: Filtering and saving results...
2026-06-29 11:12:26,669 [INFO]: Search against KOfam done!
2026-06-29 11:12:55,779 [INFO]: Filtering and saving results...
2026-06-29 11:12:55,846 [INFO]: Search against KOfam done!
2026-06-29 11:13:29,301 [INFO]: Filtering and saving results...
2026-06-29 11:13:29,374 [INFO]: Search against KOfam done!
2026-06-29 11:14:09,169 [INFO]: Filtering and saving results...
2026-06-29 11:14:09,282 [INFO]: Search against KOfam done!
2026-06-29 11:14:48,073 [INFO]: Filtering and saving results...
2026-06-29 11:14:48,159 [INFO]: Search against KOfam done!
2026-06-29 11:15:33,172 [INFO]: Filtering and saving results...
2026-06-29 11:15:33,268 [INFO]: Search against KOfam done!
2026-06-29 11:16:24,206 [INFO]: Filtering and saving results...
2026-06-29 11:16:24,301 [INFO]: Search against KOfam done!
2026-06-29 11:17:02,678 [INFO]: Filtering and saving results...
2026-06-29 11:17:02,736 [INFO]: Search against KOfam done!
2026-06-29 11:19:04,501 [INFO]: Filtering and saving results...
2026-06-29 11:19:04,651 [INFO]: Search against KOfam done!
2026-06-29 11:19:25,588 [INFO]: Filtering and saving results...
2026-06-29 11:19:25,647 [INFO]: Search against KOfam done!
2026-06-29 11:20:07,890 [INFO]: Filtering and saving results...
2026-06-29 11:20:07,959 [INFO]: Search against KOfam done!
2026-06-29 11:21:00,599 [INFO]: Filtering and saving results...
2026-06-29 11:21:00,698 [INFO]: Search against KOfam done!
2026-06-29 11:21:37,418 [INFO]: Filtering and saving results...
2026-06-29 11:21:37,495 [INFO]: Search against KOfam done!
2026-06-29 11:22:25,908 [INFO]: Filtering and saving results...
2026-06-29 11:22:25,994 [INFO]: Search against KOfam done!
2026-06-29 11:23:09,579 [INFO]: Filtering and saving results...
2026-06-29 11:23:09,662 [INFO]: Search against KOfam done!
2026-06-29 11:24:23,767 [INFO]: Filtering and saving results...
2026-06-29 11:24:23,892 [INFO]: Search against KOfam done!
2026-06-29 11:25:19,419 [INFO]: Filtering and saving results...
2026-06-29 11:25:19,532 [INFO]: Search against KOfam done!
2026-06-29 11:26:26,945 [INFO]: Filtering and saving results...
2026-06-29 11:26:27,108 [INFO]: Search against KOfam done!
2026-06-29 11:27:21,465 [INFO]: Filtering and saving results...
2026-06-29 11:27:21,567 [INFO]: Search against KOfam done!
2026-06-29 11:28:02,355 [INFO]: Filtering and saving results...
2026-06-29 11:28:02,442 [INFO]: Search against KOfam done!
2026-06-29 11:29:47,908 [INFO]: Filtering and saving results...
2026-06-29 11:29:48,077 [INFO]: Search against KOfam done!
2026-06-29 11:30:18,621 [INFO]: Filtering and saving results...
2026-06-29 11:30:18,751 [INFO]: Search against KOfam done!
2026-06-29 11:31:30,006 [INFO]: Filtering and saving results...
2026-06-29 11:31:30,163 [INFO]: Search against KOfam done!
2026-06-29 11:32:09,631 [INFO]: Filtering and saving results...
2026-06-29 11:32:09,721 [INFO]: Search against KOfam done!
2026-06-29 11:33:00,911 [INFO]: Filtering and saving results...
2026-06-29 11:33:00,994 [INFO]: Search against KOfam done!
2026-06-29 11:33:43,295 [INFO]: Filtering and saving results...
2026-06-29 11:33:43,390 [INFO]: Search against KOfam done!
2026-06-29 11:34:37,397 [INFO]: Filtering and saving results...
2026-06-29 11:34:37,477 [INFO]: Search against KOfam done!
2026-06-29 11:35:24,212 [INFO]: Filtering and saving results...
2026-06-29 11:35:24,334 [INFO]: Search against KOfam done!
2026-06-29 11:36:23,009 [INFO]: Filtering and saving results...
2026-06-29 11:36:23,082 [INFO]: Search against KOfam done!
2026-06-29 11:36:56,161 [INFO]: Filtering and saving results...
2026-06-29 11:36:56,245 [INFO]: Search against KOfam done!
2026-06-29 11:37:16,932 [INFO]: Filtering and saving results...
2026-06-29 11:37:16,987 [INFO]: Search against KOfam done!
2026-06-29 11:38:31,534 [INFO]: Filtering and saving results...
2026-06-29 11:38:31,682 [INFO]: Search against KOfam done!
2026-06-29 11:38:54,538 [INFO]: Filtering and saving results...
2026-06-29 11:38:54,583 [INFO]: Search against KOfam done!
2026-06-29 11:39:51,042 [INFO]: Filtering and saving results...
2026-06-29 11:39:51,157 [INFO]: Search against KOfam done!
2026-06-29 11:40:35,924 [INFO]: Filtering and saving results...
2026-06-29 11:40:36,008 [INFO]: Search against KOfam done!
2026-06-29 11:41:04,753 [INFO]: Filtering and saving results...
2026-06-29 11:41:04,845 [INFO]: Search against KOfam done!
2026-06-29 11:42:12,933 [INFO]: Filtering and saving results...
2026-06-29 11:42:13,062 [INFO]: Search against KOfam done!
2026-06-29 11:42:49,754 [INFO]: Filtering and saving results...
2026-06-29 11:42:49,837 [INFO]: Search against KOfam done!
2026-06-29 11:43:28,876 [INFO]: Filtering and saving results...
2026-06-29 11:43:28,962 [INFO]: Search against KOfam done!
2026-06-29 11:44:19,294 [INFO]: Filtering and saving results...
2026-06-29 11:44:19,390 [INFO]: Search against KOfam done!
2026-06-29 11:45:02,444 [INFO]: Filtering and saving results...
2026-06-29 11:45:02,535 [INFO]: Search against KOfam done!
2026-06-29 11:45:38,856 [INFO]: Filtering and saving results...
2026-06-29 11:45:38,908 [INFO]: Search against KOfam done!
2026-06-29 11:46:12,712 [INFO]: Filtering and saving results...
2026-06-29 11:46:12,791 [INFO]: Search against KOfam done!
2026-06-29 11:46:52,215 [INFO]: Filtering and saving results...
2026-06-29 11:46:52,307 [INFO]: Search against KOfam done!
2026-06-29 11:47:39,518 [INFO]: Filtering and saving results...
2026-06-29 11:47:39,650 [INFO]: Search against KOfam done!
2026-06-29 11:48:45,240 [INFO]: Filtering and saving results...
2026-06-29 11:48:45,386 [INFO]: Search against KOfam done!
2026-06-29 11:49:18,583 [INFO]: Filtering and saving results...
2026-06-29 11:49:18,674 [INFO]: Search against KOfam done!
2026-06-29 11:49:42,094 [INFO]: Filtering and saving results...
2026-06-29 11:49:42,152 [INFO]: Search against KOfam done!
2026-06-29 11:50:18,981 [INFO]: Filtering and saving results...
2026-06-29 11:50:19,075 [INFO]: Search against KOfam done!
2026-06-29 11:50:19,197 [INFO]: Searching proteins against Swissprot
2026-06-29 11:52:11,769 [INFO]: Extracting Swissprot annotation data
2026-06-29 11:58:52,905 [INFO]: Searching proteins against RefSeq
2026-06-29 14:05:05,463 [INFO]: Extracting RefSeq annotation data
2026-06-29 15:17:03,451 [INFO]: Searching proteins against Trembl
2026-06-29 17:30:37,678 [INFO]: Extracting Trembl annotation data
2026-06-29 17:30:38,195 [INFO]: Improving annotations by searching matches in other databases
2026-06-29 17:30:40,734 [INFO]: MicrobeAnnotator has finished succefully!
