=====================================================
Start Time  : Mon Jun 29 11:20:10 AM PDT 2026
Job ID/Name : 64666522 / pangenome
======================================================

[2026-06-29 11:20:10] ========== Microbeannotator for Pangenome Analysis started ==========
[2026-06-29 11:20:10] Job ID/Name : 64666522 / pangenome
[2026-06-29 11:20:10] Node: hpc-54-35.cm.cluster, CPUs: 32, Mem: 122880MB
[2026-06-29 11:20:16] Activated conda env: /resnick/groups/enviromics/zahra/miniconda3/envs/microbeannotator
[2026-06-29 11:20:16] Running Microbeannotator
Loading diamond/2.1.7-gcc-13.2.0-cfkl5pd
  Loading requirement: zlib-ng/2.1.3-gcc-13.2.0-jetnfwa
2026-06-29 11:20:21,706 [INFO]:  ---- This is MicrobeAnnotator v2.0.5 ---- 
2026-06-29 11:20:21,707 [INFO]: Validating user inputs
2026-06-29 11:20:21,809 [INFO]: Passed
2026-06-29 11:20:21,809 [INFO]: Processing 50 files. I will run 8 files in parallel with 4 threads per file.
2026-06-29 11:20:21,810 [INFO]: Running in no_plot mode. Skipping plotting KO summaries. 
2026-06-29 11:20:22,816 [INFO]: Searching proteins against KOfam profiles
2026-06-29 11:20:22,816 [INFO]: Parsing HMM profile metadata
2026-06-29 11:21:41,916 [INFO]: Filtering and saving results...
2026-06-29 11:21:42,056 [INFO]: Search against KOfam done!
2026-06-29 11:22:47,975 [INFO]: Filtering and saving results...
2026-06-29 11:22:48,100 [INFO]: Search against KOfam done!
2026-06-29 11:23:26,511 [INFO]: Filtering and saving results...
2026-06-29 11:23:26,583 [INFO]: Search against KOfam done!
2026-06-29 11:24:03,183 [INFO]: Filtering and saving results...
2026-06-29 11:24:03,228 [INFO]: Search against KOfam done!
2026-06-29 11:24:43,632 [INFO]: Filtering and saving results...
2026-06-29 11:24:43,710 [INFO]: Search against KOfam done!
2026-06-29 11:26:15,626 [INFO]: Filtering and saving results...
2026-06-29 11:26:15,767 [INFO]: Search against KOfam done!
2026-06-29 11:27:37,757 [INFO]: Filtering and saving results...
2026-06-29 11:27:37,889 [INFO]: Search against KOfam done!
2026-06-29 11:28:34,804 [INFO]: Filtering and saving results...
2026-06-29 11:28:34,895 [INFO]: Search against KOfam done!
2026-06-29 11:29:34,217 [INFO]: Filtering and saving results...
2026-06-29 11:29:34,326 [INFO]: Search against KOfam done!
2026-06-29 11:30:45,411 [INFO]: Filtering and saving results...
2026-06-29 11:30:45,510 [INFO]: Search against KOfam done!
2026-06-29 11:31:39,677 [INFO]: Filtering and saving results...
2026-06-29 11:31:39,777 [INFO]: Search against KOfam done!
2026-06-29 11:32:29,926 [INFO]: Filtering and saving results...
2026-06-29 11:32:30,008 [INFO]: Search against KOfam done!
2026-06-29 11:33:44,764 [INFO]: Filtering and saving results...
2026-06-29 11:33:44,873 [INFO]: Search against KOfam done!
2026-06-29 11:35:30,652 [INFO]: Filtering and saving results...
2026-06-29 11:35:30,858 [INFO]: Search against KOfam done!
2026-06-29 11:37:27,834 [INFO]: Filtering and saving results...
2026-06-29 11:37:27,993 [INFO]: Search against KOfam done!
2026-06-29 11:38:09,535 [INFO]: Filtering and saving results...
2026-06-29 11:38:09,609 [INFO]: Search against KOfam done!
2026-06-29 11:40:04,589 [INFO]: Filtering and saving results...
2026-06-29 11:40:04,819 [INFO]: Search against KOfam done!
2026-06-29 11:40:57,189 [INFO]: Filtering and saving results...
2026-06-29 11:40:57,298 [INFO]: Search against KOfam done!
2026-06-29 11:41:50,843 [INFO]: Filtering and saving results...
2026-06-29 11:41:50,936 [INFO]: Search against KOfam done!
2026-06-29 11:42:53,757 [INFO]: Filtering and saving results...
2026-06-29 11:42:53,992 [INFO]: Search against KOfam done!
2026-06-29 11:44:01,868 [INFO]: Filtering and saving results...
2026-06-29 11:44:01,977 [INFO]: Search against KOfam done!
2026-06-29 11:45:04,178 [INFO]: Filtering and saving results...
2026-06-29 11:45:04,243 [INFO]: Search against KOfam done!
2026-06-29 11:46:15,289 [INFO]: Filtering and saving results...
2026-06-29 11:46:15,413 [INFO]: Search against KOfam done!
2026-06-29 11:46:45,720 [INFO]: Filtering and saving results...
2026-06-29 11:46:45,747 [INFO]: Search against KOfam done!
2026-06-29 11:47:36,899 [INFO]: Filtering and saving results...
2026-06-29 11:47:36,983 [INFO]: Search against KOfam done!
2026-06-29 11:48:41,098 [INFO]: Filtering and saving results...
2026-06-29 11:48:41,226 [INFO]: Search against KOfam done!
2026-06-29 11:49:34,902 [INFO]: Filtering and saving results...
2026-06-29 11:49:34,991 [INFO]: Search against KOfam done!
2026-06-29 11:51:11,772 [INFO]: Filtering and saving results...
2026-06-29 11:51:11,939 [INFO]: Search against KOfam done!
2026-06-29 11:52:40,680 [INFO]: Filtering and saving results...
2026-06-29 11:52:40,897 [INFO]: Search against KOfam done!
2026-06-29 11:54:09,288 [INFO]: Filtering and saving results...
2026-06-29 11:54:09,472 [INFO]: Search against KOfam done!
2026-06-29 11:54:32,193 [INFO]: Filtering and saving results...
2026-06-29 11:54:32,221 [INFO]: Search against KOfam done!
2026-06-29 11:55:09,712 [INFO]: Filtering and saving results...
2026-06-29 11:55:09,786 [INFO]: Search against KOfam done!
2026-06-29 11:56:11,202 [INFO]: Filtering and saving results...
2026-06-29 11:56:11,323 [INFO]: Search against KOfam done!
2026-06-29 11:56:42,597 [INFO]: Filtering and saving results...
2026-06-29 11:56:42,638 [INFO]: Search against KOfam done!
2026-06-29 11:58:23,337 [INFO]: Filtering and saving results...
2026-06-29 11:58:23,476 [INFO]: Search against KOfam done!
2026-06-29 11:59:02,240 [INFO]: Filtering and saving results...
2026-06-29 11:59:02,290 [INFO]: Search against KOfam done!
2026-06-29 12:00:15,248 [INFO]: Filtering and saving results...
2026-06-29 12:00:15,363 [INFO]: Search against KOfam done!
2026-06-29 12:01:01,406 [INFO]: Filtering and saving results...
2026-06-29 12:01:01,463 [INFO]: Search against KOfam done!
2026-06-29 12:02:45,052 [INFO]: Filtering and saving results...
2026-06-29 12:02:45,264 [INFO]: Search against KOfam done!
2026-06-29 12:03:37,767 [INFO]: Filtering and saving results...
2026-06-29 12:03:37,980 [INFO]: Search against KOfam done!
2026-06-29 12:05:08,019 [INFO]: Filtering and saving results...
2026-06-29 12:05:08,159 [INFO]: Search against KOfam done!
2026-06-29 12:06:13,179 [INFO]: Filtering and saving results...
2026-06-29 12:06:13,278 [INFO]: Search against KOfam done!
2026-06-29 12:07:18,352 [INFO]: Filtering and saving results...
2026-06-29 12:07:18,436 [INFO]: Search against KOfam done!
2026-06-29 12:08:25,803 [INFO]: Filtering and saving results...
2026-06-29 12:08:25,912 [INFO]: Search against KOfam done!
2026-06-29 12:09:13,597 [INFO]: Filtering and saving results...
2026-06-29 12:09:13,677 [INFO]: Search against KOfam done!
2026-06-29 12:10:05,971 [INFO]: Filtering and saving results...
2026-06-29 12:10:06,050 [INFO]: Search against KOfam done!
2026-06-29 12:11:18,066 [INFO]: Filtering and saving results...
2026-06-29 12:11:18,187 [INFO]: Search against KOfam done!
2026-06-29 12:11:57,272 [INFO]: Filtering and saving results...
2026-06-29 12:11:57,336 [INFO]: Search against KOfam done!
2026-06-29 12:12:36,921 [INFO]: Filtering and saving results...
2026-06-29 12:12:37,013 [INFO]: Search against KOfam done!
2026-06-29 12:13:20,129 [INFO]: Filtering and saving results...
2026-06-29 12:13:20,201 [INFO]: Search against KOfam done!
2026-06-29 12:13:20,288 [INFO]: Searching proteins against Swissprot
2026-06-29 12:15:40,927 [INFO]: Extracting Swissprot annotation data
2026-06-29 12:21:33,449 [INFO]: Searching proteins against RefSeq
2026-06-29 15:13:35,410 [INFO]: Extracting RefSeq annotation data
2026-06-29 16:00:04,500 [INFO]: Searching proteins against Trembl
2026-06-29 18:39:31,846 [INFO]: Extracting Trembl annotation data
2026-06-29 18:39:32,239 [INFO]: Improving annotations by searching matches in other databases
2026-06-29 18:39:35,307 [INFO]: MicrobeAnnotator has finished succefully!
