=====================================================
Start Time  : Mon Jun 29 11:12:57 AM PDT 2026
Job ID/Name : 64666425 / pangenome
======================================================

[2026-06-29 11:12:57] ========== Microbeannotator for Pangenome Analysis started ==========
[2026-06-29 11:12:57] Job ID/Name : 64666425 / pangenome
[2026-06-29 11:12:57] Node: hpc-52-04.cm.cluster, CPUs: 32, Mem: 122880MB
[2026-06-29 11:13:01] Activated conda env: /resnick/groups/enviromics/zahra/miniconda3/envs/microbeannotator
[2026-06-29 11:13:01] Running Microbeannotator
Loading diamond/2.1.7-gcc-13.2.0-cfkl5pd
  Loading requirement: zlib-ng/2.1.3-gcc-13.2.0-jetnfwa
2026-06-29 11:13:03,462 [INFO]:  ---- This is MicrobeAnnotator v2.0.5 ---- 
2026-06-29 11:13:03,463 [INFO]: Validating user inputs
2026-06-29 11:13:03,601 [INFO]: Passed
2026-06-29 11:13:03,601 [INFO]: Processing 50 files. I will run 8 files in parallel with 4 threads per file.
2026-06-29 11:13:03,601 [INFO]: Running in no_plot mode. Skipping plotting KO summaries. 
2026-06-29 11:13:04,318 [INFO]: Searching proteins against KOfam profiles
2026-06-29 11:13:04,318 [INFO]: Parsing HMM profile metadata
2026-06-29 11:13:34,401 [INFO]: Filtering and saving results...
2026-06-29 11:13:34,474 [INFO]: Search against KOfam done!
2026-06-29 11:14:02,460 [INFO]: Filtering and saving results...
2026-06-29 11:14:02,545 [INFO]: Search against KOfam done!
2026-06-29 11:14:27,952 [INFO]: Filtering and saving results...
2026-06-29 11:14:27,994 [INFO]: Search against KOfam done!
2026-06-29 11:15:09,226 [INFO]: Filtering and saving results...
2026-06-29 11:15:09,317 [INFO]: Search against KOfam done!
2026-06-29 11:15:39,002 [INFO]: Filtering and saving results...
2026-06-29 11:15:39,077 [INFO]: Search against KOfam done!
2026-06-29 11:16:10,751 [INFO]: Filtering and saving results...
2026-06-29 11:16:10,832 [INFO]: Search against KOfam done!
2026-06-29 11:16:33,941 [INFO]: Filtering and saving results...
2026-06-29 11:16:33,989 [INFO]: Search against KOfam done!
2026-06-29 11:17:13,786 [INFO]: Filtering and saving results...
2026-06-29 11:17:13,885 [INFO]: Search against KOfam done!
2026-06-29 11:18:01,079 [INFO]: Filtering and saving results...
2026-06-29 11:18:01,177 [INFO]: Search against KOfam done!
2026-06-29 11:18:30,389 [INFO]: Filtering and saving results...
2026-06-29 11:18:30,449 [INFO]: Search against KOfam done!
2026-06-29 11:19:12,561 [INFO]: Filtering and saving results...
2026-06-29 11:19:12,645 [INFO]: Search against KOfam done!
2026-06-29 11:19:51,869 [INFO]: Filtering and saving results...
2026-06-29 11:19:51,927 [INFO]: Search against KOfam done!
2026-06-29 11:20:21,627 [INFO]: Filtering and saving results...
2026-06-29 11:20:21,695 [INFO]: Search against KOfam done!
2026-06-29 11:21:44,313 [INFO]: Filtering and saving results...
2026-06-29 11:21:44,447 [INFO]: Search against KOfam done!
2026-06-29 11:22:11,981 [INFO]: Filtering and saving results...
2026-06-29 11:22:12,044 [INFO]: Search against KOfam done!
2026-06-29 11:22:48,126 [INFO]: Filtering and saving results...
2026-06-29 11:22:48,203 [INFO]: Search against KOfam done!
2026-06-29 11:23:13,783 [INFO]: Filtering and saving results...
2026-06-29 11:23:13,838 [INFO]: Search against KOfam done!
2026-06-29 11:23:58,513 [INFO]: Filtering and saving results...
2026-06-29 11:23:58,595 [INFO]: Search against KOfam done!
2026-06-29 11:24:28,693 [INFO]: Filtering and saving results...
2026-06-29 11:24:28,748 [INFO]: Search against KOfam done!
2026-06-29 11:25:00,161 [INFO]: Filtering and saving results...
2026-06-29 11:25:00,327 [INFO]: Search against KOfam done!
2026-06-29 11:25:39,779 [INFO]: Filtering and saving results...
2026-06-29 11:25:39,990 [INFO]: Search against KOfam done!
2026-06-29 11:26:06,484 [INFO]: Filtering and saving results...
2026-06-29 11:26:06,534 [INFO]: Search against KOfam done!
2026-06-29 11:26:37,558 [INFO]: Filtering and saving results...
2026-06-29 11:26:37,630 [INFO]: Search against KOfam done!
2026-06-29 11:27:09,415 [INFO]: Filtering and saving results...
2026-06-29 11:27:09,484 [INFO]: Search against KOfam done!
2026-06-29 11:27:53,655 [INFO]: Filtering and saving results...
2026-06-29 11:27:53,732 [INFO]: Search against KOfam done!
2026-06-29 11:28:13,754 [INFO]: Filtering and saving results...
2026-06-29 11:28:13,835 [INFO]: Search against KOfam done!
2026-06-29 11:29:10,214 [INFO]: Filtering and saving results...
2026-06-29 11:29:10,317 [INFO]: Search against KOfam done!
2026-06-29 11:29:44,241 [INFO]: Filtering and saving results...
2026-06-29 11:29:44,325 [INFO]: Search against KOfam done!
2026-06-29 11:30:23,919 [INFO]: Filtering and saving results...
2026-06-29 11:30:23,990 [INFO]: Search against KOfam done!
2026-06-29 11:31:10,553 [INFO]: Filtering and saving results...
2026-06-29 11:31:10,621 [INFO]: Search against KOfam done!
2026-06-29 11:31:39,395 [INFO]: Filtering and saving results...
2026-06-29 11:31:39,447 [INFO]: Search against KOfam done!
2026-06-29 11:32:16,935 [INFO]: Filtering and saving results...
2026-06-29 11:32:16,996 [INFO]: Search against KOfam done!
2026-06-29 11:33:09,612 [INFO]: Filtering and saving results...
2026-06-29 11:33:09,710 [INFO]: Search against KOfam done!
2026-06-29 11:33:59,251 [INFO]: Filtering and saving results...
2026-06-29 11:33:59,346 [INFO]: Search against KOfam done!
2026-06-29 11:34:30,292 [INFO]: Filtering and saving results...
2026-06-29 11:34:30,328 [INFO]: Search against KOfam done!
2026-06-29 11:35:27,003 [INFO]: Filtering and saving results...
2026-06-29 11:35:27,092 [INFO]: Search against KOfam done!
2026-06-29 11:35:58,105 [INFO]: Filtering and saving results...
2026-06-29 11:35:58,198 [INFO]: Search against KOfam done!
2026-06-29 11:36:37,220 [INFO]: Filtering and saving results...
2026-06-29 11:36:37,309 [INFO]: Search against KOfam done!
2026-06-29 11:37:22,677 [INFO]: Filtering and saving results...
2026-06-29 11:37:22,775 [INFO]: Search against KOfam done!
2026-06-29 11:37:57,635 [INFO]: Filtering and saving results...
2026-06-29 11:37:57,706 [INFO]: Search against KOfam done!
2026-06-29 11:38:24,152 [INFO]: Filtering and saving results...
2026-06-29 11:38:24,226 [INFO]: Search against KOfam done!
2026-06-29 11:38:47,894 [INFO]: Filtering and saving results...
2026-06-29 11:38:47,972 [INFO]: Search against KOfam done!
2026-06-29 11:39:11,620 [INFO]: Filtering and saving results...
2026-06-29 11:39:11,685 [INFO]: Search against KOfam done!
2026-06-29 11:40:06,974 [INFO]: Filtering and saving results...
2026-06-29 11:40:07,070 [INFO]: Search against KOfam done!
2026-06-29 11:40:58,925 [INFO]: Filtering and saving results...
2026-06-29 11:40:58,991 [INFO]: Search against KOfam done!
2026-06-29 11:41:34,594 [INFO]: Filtering and saving results...
2026-06-29 11:41:34,680 [INFO]: Search against KOfam done!
2026-06-29 11:42:14,747 [INFO]: Filtering and saving results...
2026-06-29 11:42:14,817 [INFO]: Search against KOfam done!
2026-06-29 11:43:02,852 [INFO]: Filtering and saving results...
2026-06-29 11:43:02,957 [INFO]: Search against KOfam done!
2026-06-29 11:43:40,609 [INFO]: Filtering and saving results...
2026-06-29 11:43:40,694 [INFO]: Search against KOfam done!
2026-06-29 11:44:27,949 [INFO]: Filtering and saving results...
2026-06-29 11:44:28,059 [INFO]: Search against KOfam done!
2026-06-29 11:44:28,196 [INFO]: Searching proteins against Swissprot
2026-06-29 11:46:37,407 [INFO]: Extracting Swissprot annotation data
2026-06-29 11:56:51,927 [INFO]: Searching proteins against RefSeq
2026-06-29 14:03:40,907 [INFO]: Extracting RefSeq annotation data
2026-06-29 15:12:15,077 [INFO]: Searching proteins against Trembl
2026-06-29 17:22:17,637 [INFO]: Extracting Trembl annotation data
2026-06-29 17:22:18,138 [INFO]: Improving annotations by searching matches in other databases
2026-06-29 17:22:20,446 [INFO]: MicrobeAnnotator has finished succefully!
