=====================================================
Start Time  : Mon Jun 29 11:11:55 AM PDT 2026
Job ID/Name : 64666413 / pangenome
======================================================

[2026-06-29 11:11:55] ========== Microbeannotator for Pangenome Analysis started ==========
[2026-06-29 11:11:55] Job ID/Name : 64666413 / pangenome
[2026-06-29 11:11:55] Node: hpc-19-17.cm.cluster, CPUs: 32, Mem: 122880MB
[2026-06-29 11:12:00] Activated conda env: /resnick/groups/enviromics/zahra/miniconda3/envs/microbeannotator
[2026-06-29 11:12:00] Running Microbeannotator
Loading diamond/2.1.7-gcc-13.2.0-cfkl5pd
  Loading requirement: zlib-ng/2.1.3-gcc-13.2.0-jetnfwa
2026-06-29 11:12:04,297 [INFO]:  ---- This is MicrobeAnnotator v2.0.5 ---- 
2026-06-29 11:12:04,297 [INFO]: Validating user inputs
2026-06-29 11:12:04,411 [INFO]: Passed
2026-06-29 11:12:04,411 [INFO]: Processing 50 files. I will run 8 files in parallel with 4 threads per file.
2026-06-29 11:12:04,411 [INFO]: Running in no_plot mode. Skipping plotting KO summaries. 
2026-06-29 11:12:04,857 [INFO]: Searching proteins against KOfam profiles
2026-06-29 11:12:04,858 [INFO]: Parsing HMM profile metadata
2026-06-29 11:12:37,202 [INFO]: Filtering and saving results...
2026-06-29 11:12:37,245 [INFO]: Search against KOfam done!
2026-06-29 11:13:11,220 [INFO]: Filtering and saving results...
2026-06-29 11:13:11,261 [INFO]: Search against KOfam done!
2026-06-29 11:13:36,843 [INFO]: Filtering and saving results...
2026-06-29 11:13:36,887 [INFO]: Search against KOfam done!
2026-06-29 11:14:00,255 [INFO]: Filtering and saving results...
2026-06-29 11:14:00,297 [INFO]: Search against KOfam done!
2026-06-29 11:14:27,087 [INFO]: Filtering and saving results...
2026-06-29 11:14:27,134 [INFO]: Search against KOfam done!
2026-06-29 11:14:50,421 [INFO]: Filtering and saving results...
2026-06-29 11:14:50,450 [INFO]: Search against KOfam done!
2026-06-29 11:15:12,637 [INFO]: Filtering and saving results...
2026-06-29 11:15:12,679 [INFO]: Search against KOfam done!
2026-06-29 11:15:36,409 [INFO]: Filtering and saving results...
2026-06-29 11:15:36,453 [INFO]: Search against KOfam done!
2026-06-29 11:16:07,534 [INFO]: Filtering and saving results...
2026-06-29 11:16:07,573 [INFO]: Search against KOfam done!
2026-06-29 11:16:26,995 [INFO]: Filtering and saving results...
2026-06-29 11:16:27,052 [INFO]: Search against KOfam done!
2026-06-29 11:16:51,540 [INFO]: Filtering and saving results...
2026-06-29 11:16:51,595 [INFO]: Search against KOfam done!
2026-06-29 11:17:07,223 [INFO]: Filtering and saving results...
2026-06-29 11:17:07,246 [INFO]: Search against KOfam done!
2026-06-29 11:17:55,333 [INFO]: Filtering and saving results...
2026-06-29 11:17:55,412 [INFO]: Search against KOfam done!
2026-06-29 11:18:19,241 [INFO]: Filtering and saving results...
2026-06-29 11:18:19,272 [INFO]: Search against KOfam done!
2026-06-29 11:18:47,907 [INFO]: Filtering and saving results...
2026-06-29 11:18:47,943 [INFO]: Search against KOfam done!
2026-06-29 11:19:17,245 [INFO]: Filtering and saving results...
2026-06-29 11:19:17,301 [INFO]: Search against KOfam done!
2026-06-29 11:19:45,931 [INFO]: Filtering and saving results...
2026-06-29 11:19:45,981 [INFO]: Search against KOfam done!
2026-06-29 11:20:11,472 [INFO]: Filtering and saving results...
2026-06-29 11:20:11,522 [INFO]: Search against KOfam done!
2026-06-29 11:20:34,211 [INFO]: Filtering and saving results...
2026-06-29 11:20:34,254 [INFO]: Search against KOfam done!
2026-06-29 11:20:58,595 [INFO]: Filtering and saving results...
2026-06-29 11:20:58,647 [INFO]: Search against KOfam done!
2026-06-29 11:21:25,575 [INFO]: Filtering and saving results...
2026-06-29 11:21:25,622 [INFO]: Search against KOfam done!
2026-06-29 11:21:51,435 [INFO]: Filtering and saving results...
2026-06-29 11:21:51,479 [INFO]: Search against KOfam done!
2026-06-29 11:22:09,350 [INFO]: Filtering and saving results...
2026-06-29 11:22:09,384 [INFO]: Search against KOfam done!
2026-06-29 11:22:38,659 [INFO]: Filtering and saving results...
2026-06-29 11:22:38,719 [INFO]: Search against KOfam done!
2026-06-29 11:22:59,178 [INFO]: Filtering and saving results...
2026-06-29 11:22:59,215 [INFO]: Search against KOfam done!
2026-06-29 11:23:59,319 [INFO]: Filtering and saving results...
2026-06-29 11:23:59,415 [INFO]: Search against KOfam done!
2026-06-29 11:24:19,798 [INFO]: Filtering and saving results...
2026-06-29 11:24:19,829 [INFO]: Search against KOfam done!
2026-06-29 11:24:51,541 [INFO]: Filtering and saving results...
2026-06-29 11:24:51,596 [INFO]: Search against KOfam done!
2026-06-29 11:25:16,550 [INFO]: Filtering and saving results...
2026-06-29 11:25:16,590 [INFO]: Search against KOfam done!
2026-06-29 11:25:42,764 [INFO]: Filtering and saving results...
2026-06-29 11:25:42,851 [INFO]: Search against KOfam done!
2026-06-29 11:26:04,891 [INFO]: Filtering and saving results...
2026-06-29 11:26:04,919 [INFO]: Search against KOfam done!
2026-06-29 11:26:34,679 [INFO]: Filtering and saving results...
2026-06-29 11:26:34,729 [INFO]: Search against KOfam done!
2026-06-29 11:26:56,787 [INFO]: Filtering and saving results...
2026-06-29 11:26:56,826 [INFO]: Search against KOfam done!
2026-06-29 11:27:25,237 [INFO]: Filtering and saving results...
2026-06-29 11:27:25,290 [INFO]: Search against KOfam done!
2026-06-29 11:27:46,977 [INFO]: Filtering and saving results...
2026-06-29 11:27:47,016 [INFO]: Search against KOfam done!
2026-06-29 11:28:10,375 [INFO]: Filtering and saving results...
2026-06-29 11:28:10,412 [INFO]: Search against KOfam done!
2026-06-29 11:28:30,787 [INFO]: Filtering and saving results...
2026-06-29 11:28:30,818 [INFO]: Search against KOfam done!
2026-06-29 11:28:50,961 [INFO]: Filtering and saving results...
2026-06-29 11:28:51,013 [INFO]: Search against KOfam done!
2026-06-29 11:29:13,953 [INFO]: Filtering and saving results...
2026-06-29 11:29:13,993 [INFO]: Search against KOfam done!
2026-06-29 11:29:36,966 [INFO]: Filtering and saving results...
2026-06-29 11:29:37,003 [INFO]: Search against KOfam done!
2026-06-29 11:30:03,405 [INFO]: Filtering and saving results...
2026-06-29 11:30:03,460 [INFO]: Search against KOfam done!
2026-06-29 11:30:28,751 [INFO]: Filtering and saving results...
2026-06-29 11:30:28,785 [INFO]: Search against KOfam done!
2026-06-29 11:30:54,751 [INFO]: Filtering and saving results...
2026-06-29 11:30:54,798 [INFO]: Search against KOfam done!
2026-06-29 11:31:25,639 [INFO]: Filtering and saving results...
2026-06-29 11:31:25,686 [INFO]: Search against KOfam done!
2026-06-29 11:31:43,178 [INFO]: Filtering and saving results...
2026-06-29 11:31:43,207 [INFO]: Search against KOfam done!
2026-06-29 11:32:01,423 [INFO]: Filtering and saving results...
2026-06-29 11:32:01,461 [INFO]: Search against KOfam done!
2026-06-29 11:32:25,463 [INFO]: Filtering and saving results...
2026-06-29 11:32:25,499 [INFO]: Search against KOfam done!
2026-06-29 11:32:48,256 [INFO]: Filtering and saving results...
2026-06-29 11:32:48,299 [INFO]: Search against KOfam done!
2026-06-29 11:33:08,575 [INFO]: Filtering and saving results...
2026-06-29 11:33:08,611 [INFO]: Search against KOfam done!
2026-06-29 11:33:37,314 [INFO]: Filtering and saving results...
2026-06-29 11:33:37,360 [INFO]: Search against KOfam done!
2026-06-29 11:33:37,412 [INFO]: Searching proteins against Swissprot
2026-06-29 11:35:39,923 [INFO]: Extracting Swissprot annotation data
2026-06-29 11:36:36,153 [INFO]: Searching proteins against RefSeq
2026-06-29 13:38:28,280 [INFO]: Extracting RefSeq annotation data
2026-06-29 13:45:47,482 [INFO]: Searching proteins against Trembl
2026-06-29 15:54:27,022 [INFO]: Extracting Trembl annotation data
2026-06-29 15:54:27,444 [INFO]: Improving annotations by searching matches in other databases
2026-06-29 15:54:28,897 [INFO]: MicrobeAnnotator has finished succefully!
