=====================================================
Start Time  : Mon Jun 29 11:12:57 AM PDT 2026
Job ID/Name : 64666426 / pangenome
======================================================

[2026-06-29 11:12:57] ========== Microbeannotator for Pangenome Analysis started ==========
[2026-06-29 11:12:57] Job ID/Name : 64666426 / pangenome
[2026-06-29 11:12:57] Node: hpc-52-11.cm.cluster, CPUs: 32, Mem: 122880MB
[2026-06-29 11:13:05] Activated conda env: /resnick/groups/enviromics/zahra/miniconda3/envs/microbeannotator
[2026-06-29 11:13:05] Running Microbeannotator
Loading diamond/2.1.7-gcc-13.2.0-cfkl5pd
  Loading requirement: zlib-ng/2.1.3-gcc-13.2.0-jetnfwa
2026-06-29 11:13:11,260 [INFO]:  ---- This is MicrobeAnnotator v2.0.5 ---- 
2026-06-29 11:13:11,261 [INFO]: Validating user inputs
2026-06-29 11:13:11,415 [INFO]: Passed
2026-06-29 11:13:11,415 [INFO]: Processing 50 files. I will run 8 files in parallel with 4 threads per file.
2026-06-29 11:13:11,415 [INFO]: Running in no_plot mode. Skipping plotting KO summaries. 
2026-06-29 11:13:12,527 [INFO]: Searching proteins against KOfam profiles
2026-06-29 11:13:12,527 [INFO]: Parsing HMM profile metadata
2026-06-29 11:13:35,467 [INFO]: Filtering and saving results...
2026-06-29 11:13:35,516 [INFO]: Search against KOfam done!
2026-06-29 11:14:10,000 [INFO]: Filtering and saving results...
2026-06-29 11:14:10,122 [INFO]: Search against KOfam done!
2026-06-29 11:15:02,784 [INFO]: Filtering and saving results...
2026-06-29 11:15:02,899 [INFO]: Search against KOfam done!
2026-06-29 11:15:50,566 [INFO]: Filtering and saving results...
2026-06-29 11:15:50,669 [INFO]: Search against KOfam done!
2026-06-29 11:16:12,265 [INFO]: Filtering and saving results...
2026-06-29 11:16:12,314 [INFO]: Search against KOfam done!
2026-06-29 11:16:50,944 [INFO]: Filtering and saving results...
2026-06-29 11:16:51,001 [INFO]: Search against KOfam done!
2026-06-29 11:17:14,402 [INFO]: Filtering and saving results...
2026-06-29 11:17:14,437 [INFO]: Search against KOfam done!
2026-06-29 11:18:03,941 [INFO]: Filtering and saving results...
2026-06-29 11:18:04,042 [INFO]: Search against KOfam done!
2026-06-29 11:18:52,845 [INFO]: Filtering and saving results...
2026-06-29 11:18:52,931 [INFO]: Search against KOfam done!
2026-06-29 11:19:34,914 [INFO]: Filtering and saving results...
2026-06-29 11:19:35,008 [INFO]: Search against KOfam done!
2026-06-29 11:19:55,617 [INFO]: Filtering and saving results...
2026-06-29 11:19:55,656 [INFO]: Search against KOfam done!
2026-06-29 11:20:36,307 [INFO]: Filtering and saving results...
2026-06-29 11:20:36,354 [INFO]: Search against KOfam done!
2026-06-29 11:21:23,425 [INFO]: Filtering and saving results...
2026-06-29 11:21:23,515 [INFO]: Search against KOfam done!
2026-06-29 11:22:21,340 [INFO]: Filtering and saving results...
2026-06-29 11:22:21,460 [INFO]: Search against KOfam done!
2026-06-29 11:22:51,631 [INFO]: Filtering and saving results...
2026-06-29 11:22:51,688 [INFO]: Search against KOfam done!
2026-06-29 11:23:15,891 [INFO]: Filtering and saving results...
2026-06-29 11:23:15,950 [INFO]: Search against KOfam done!
2026-06-29 11:24:05,625 [INFO]: Filtering and saving results...
2026-06-29 11:24:05,719 [INFO]: Search against KOfam done!
2026-06-29 11:24:31,175 [INFO]: Filtering and saving results...
2026-06-29 11:24:31,231 [INFO]: Search against KOfam done!
2026-06-29 11:25:03,275 [INFO]: Filtering and saving results...
2026-06-29 11:25:03,348 [INFO]: Search against KOfam done!
2026-06-29 11:25:58,306 [INFO]: Filtering and saving results...
2026-06-29 11:25:58,407 [INFO]: Search against KOfam done!
2026-06-29 11:26:41,279 [INFO]: Filtering and saving results...
2026-06-29 11:26:41,373 [INFO]: Search against KOfam done!
2026-06-29 11:27:10,822 [INFO]: Filtering and saving results...
2026-06-29 11:27:10,889 [INFO]: Search against KOfam done!
2026-06-29 11:28:10,996 [INFO]: Filtering and saving results...
2026-06-29 11:28:11,141 [INFO]: Search against KOfam done!
2026-06-29 11:29:00,846 [INFO]: Filtering and saving results...
2026-06-29 11:29:00,941 [INFO]: Search against KOfam done!
2026-06-29 11:29:54,273 [INFO]: Filtering and saving results...
2026-06-29 11:29:54,369 [INFO]: Search against KOfam done!
2026-06-29 11:31:04,307 [INFO]: Filtering and saving results...
2026-06-29 11:31:04,402 [INFO]: Search against KOfam done!
2026-06-29 11:32:32,869 [INFO]: Filtering and saving results...
2026-06-29 11:32:32,959 [INFO]: Search against KOfam done!
2026-06-29 11:33:07,083 [INFO]: Filtering and saving results...
2026-06-29 11:33:07,145 [INFO]: Search against KOfam done!
2026-06-29 11:33:34,411 [INFO]: Filtering and saving results...
2026-06-29 11:33:34,471 [INFO]: Search against KOfam done!
2026-06-29 11:34:17,920 [INFO]: Filtering and saving results...
2026-06-29 11:34:18,001 [INFO]: Search against KOfam done!
2026-06-29 11:34:51,056 [INFO]: Filtering and saving results...
2026-06-29 11:34:51,125 [INFO]: Search against KOfam done!
2026-06-29 11:35:20,110 [INFO]: Filtering and saving results...
2026-06-29 11:35:20,153 [INFO]: Search against KOfam done!
2026-06-29 11:35:42,944 [INFO]: Filtering and saving results...
2026-06-29 11:35:43,006 [INFO]: Search against KOfam done!
2026-06-29 11:36:35,026 [INFO]: Filtering and saving results...
2026-06-29 11:36:35,113 [INFO]: Search against KOfam done!
2026-06-29 11:37:34,586 [INFO]: Filtering and saving results...
2026-06-29 11:37:34,743 [INFO]: Search against KOfam done!
2026-06-29 11:38:18,294 [INFO]: Filtering and saving results...
2026-06-29 11:38:18,383 [INFO]: Search against KOfam done!
2026-06-29 11:39:12,733 [INFO]: Filtering and saving results...
2026-06-29 11:39:12,805 [INFO]: Search against KOfam done!
2026-06-29 11:40:24,093 [INFO]: Filtering and saving results...
2026-06-29 11:40:24,239 [INFO]: Search against KOfam done!
2026-06-29 11:40:55,617 [INFO]: Filtering and saving results...
2026-06-29 11:40:55,697 [INFO]: Search against KOfam done!
2026-06-29 11:42:08,967 [INFO]: Filtering and saving results...
2026-06-29 11:42:09,064 [INFO]: Search against KOfam done!
2026-06-29 11:42:35,552 [INFO]: Filtering and saving results...
2026-06-29 11:42:35,614 [INFO]: Search against KOfam done!
2026-06-29 11:43:28,962 [INFO]: Filtering and saving results...
2026-06-29 11:43:29,082 [INFO]: Search against KOfam done!
2026-06-29 11:43:57,280 [INFO]: Filtering and saving results...
2026-06-29 11:43:57,334 [INFO]: Search against KOfam done!
2026-06-29 11:44:20,900 [INFO]: Filtering and saving results...
2026-06-29 11:44:20,939 [INFO]: Search against KOfam done!
2026-06-29 11:44:48,043 [INFO]: Filtering and saving results...
2026-06-29 11:44:48,105 [INFO]: Search against KOfam done!
2026-06-29 11:45:09,908 [INFO]: Filtering and saving results...
2026-06-29 11:45:09,964 [INFO]: Search against KOfam done!
2026-06-29 11:45:57,885 [INFO]: Filtering and saving results...
2026-06-29 11:45:57,977 [INFO]: Search against KOfam done!
2026-06-29 11:46:35,178 [INFO]: Filtering and saving results...
2026-06-29 11:46:35,236 [INFO]: Search against KOfam done!
2026-06-29 11:47:01,522 [INFO]: Filtering and saving results...
2026-06-29 11:47:01,615 [INFO]: Search against KOfam done!
2026-06-29 11:47:57,786 [INFO]: Filtering and saving results...
2026-06-29 11:47:57,892 [INFO]: Search against KOfam done!
2026-06-29 11:47:58,019 [INFO]: Searching proteins against Swissprot
2026-06-29 11:49:58,861 [INFO]: Extracting Swissprot annotation data
2026-06-29 11:57:17,350 [INFO]: Searching proteins against RefSeq
2026-06-29 14:04:35,676 [INFO]: Extracting RefSeq annotation data
2026-06-29 15:27:29,723 [INFO]: Searching proteins against Trembl
2026-06-29 17:42:03,000 [INFO]: Extracting Trembl annotation data
2026-06-29 17:42:03,450 [INFO]: Improving annotations by searching matches in other databases
2026-06-29 17:42:05,391 [INFO]: MicrobeAnnotator has finished succefully!
