=====================================================
Start Time  : Mon Jun 29 11:08:18 AM PDT 2026
Job ID/Name : 64666328 / pangenome
======================================================

[2026-06-29 11:08:18] ========== Microbeannotator for Pangenome Analysis started ==========
[2026-06-29 11:08:18] Job ID/Name : 64666328 / pangenome
[2026-06-29 11:08:18] Node: hpc-35-15.cm.cluster, CPUs: 32, Mem: 122880MB
[2026-06-29 11:08:25] Activated conda env: /resnick/groups/enviromics/zahra/miniconda3/envs/microbeannotator
[2026-06-29 11:08:25] Running Microbeannotator
Loading diamond/2.1.7-gcc-13.2.0-cfkl5pd
  Loading requirement: zlib-ng/2.1.3-gcc-13.2.0-jetnfwa
2026-06-29 11:08:32,054 [INFO]:  ---- This is MicrobeAnnotator v2.0.5 ---- 
2026-06-29 11:08:32,054 [INFO]: Validating user inputs
2026-06-29 11:08:32,168 [INFO]: Passed
2026-06-29 11:08:32,169 [INFO]: Processing 50 files. I will run 8 files in parallel with 4 threads per file.
2026-06-29 11:08:32,169 [INFO]: Running in no_plot mode. Skipping plotting KO summaries. 
2026-06-29 11:08:33,207 [INFO]: Searching proteins against KOfam profiles
2026-06-29 11:08:33,208 [INFO]: Parsing HMM profile metadata
2026-06-29 11:09:34,225 [INFO]: Filtering and saving results...
2026-06-29 11:09:34,327 [INFO]: Search against KOfam done!
2026-06-29 11:10:05,595 [INFO]: Filtering and saving results...
2026-06-29 11:10:05,655 [INFO]: Search against KOfam done!
2026-06-29 11:10:39,281 [INFO]: Filtering and saving results...
2026-06-29 11:10:39,351 [INFO]: Search against KOfam done!
2026-06-29 11:11:10,268 [INFO]: Filtering and saving results...
2026-06-29 11:11:10,337 [INFO]: Search against KOfam done!
2026-06-29 11:11:51,162 [INFO]: Filtering and saving results...
2026-06-29 11:11:51,236 [INFO]: Search against KOfam done!
2026-06-29 11:12:23,580 [INFO]: Filtering and saving results...
2026-06-29 11:12:23,655 [INFO]: Search against KOfam done!
2026-06-29 11:12:46,897 [INFO]: Filtering and saving results...
2026-06-29 11:12:46,960 [INFO]: Search against KOfam done!
2026-06-29 11:13:44,130 [INFO]: Filtering and saving results...
2026-06-29 11:13:44,246 [INFO]: Search against KOfam done!
2026-06-29 11:14:12,673 [INFO]: Filtering and saving results...
2026-06-29 11:14:12,747 [INFO]: Search against KOfam done!
2026-06-29 11:14:31,118 [INFO]: Filtering and saving results...
2026-06-29 11:14:31,167 [INFO]: Search against KOfam done!
2026-06-29 11:15:01,619 [INFO]: Filtering and saving results...
2026-06-29 11:15:01,671 [INFO]: Search against KOfam done!
2026-06-29 11:15:25,608 [INFO]: Filtering and saving results...
2026-06-29 11:15:25,667 [INFO]: Search against KOfam done!
2026-06-29 11:16:09,416 [INFO]: Filtering and saving results...
2026-06-29 11:16:09,586 [INFO]: Search against KOfam done!
2026-06-29 11:16:49,663 [INFO]: Filtering and saving results...
2026-06-29 11:16:49,742 [INFO]: Search against KOfam done!
2026-06-29 11:17:24,449 [INFO]: Filtering and saving results...
2026-06-29 11:17:24,521 [INFO]: Search against KOfam done!
2026-06-29 11:18:09,239 [INFO]: Filtering and saving results...
2026-06-29 11:18:09,303 [INFO]: Search against KOfam done!
2026-06-29 11:19:08,588 [INFO]: Filtering and saving results...
2026-06-29 11:19:08,660 [INFO]: Search against KOfam done!
2026-06-29 11:20:11,871 [INFO]: Filtering and saving results...
2026-06-29 11:20:11,970 [INFO]: Search against KOfam done!
2026-06-29 11:20:28,264 [INFO]: Filtering and saving results...
2026-06-29 11:20:28,293 [INFO]: Search against KOfam done!
2026-06-29 11:21:08,458 [INFO]: Filtering and saving results...
2026-06-29 11:21:08,521 [INFO]: Search against KOfam done!
2026-06-29 11:22:24,245 [INFO]: Filtering and saving results...
2026-06-29 11:22:24,370 [INFO]: Search against KOfam done!
2026-06-29 11:23:03,857 [INFO]: Filtering and saving results...
2026-06-29 11:23:03,935 [INFO]: Search against KOfam done!
2026-06-29 11:24:11,138 [INFO]: Filtering and saving results...
2026-06-29 11:24:11,277 [INFO]: Search against KOfam done!
2026-06-29 11:25:16,986 [INFO]: Filtering and saving results...
2026-06-29 11:25:17,096 [INFO]: Search against KOfam done!
2026-06-29 11:26:34,559 [INFO]: Filtering and saving results...
2026-06-29 11:26:34,756 [INFO]: Search against KOfam done!
2026-06-29 11:27:37,251 [INFO]: Filtering and saving results...
2026-06-29 11:27:37,359 [INFO]: Search against KOfam done!
2026-06-29 11:28:10,036 [INFO]: Filtering and saving results...
2026-06-29 11:28:10,100 [INFO]: Search against KOfam done!
2026-06-29 11:28:28,861 [INFO]: Filtering and saving results...
2026-06-29 11:28:28,893 [INFO]: Search against KOfam done!
2026-06-29 11:29:01,216 [INFO]: Filtering and saving results...
2026-06-29 11:29:01,261 [INFO]: Search against KOfam done!
2026-06-29 11:29:44,063 [INFO]: Filtering and saving results...
2026-06-29 11:29:44,145 [INFO]: Search against KOfam done!
2026-06-29 11:30:05,132 [INFO]: Filtering and saving results...
2026-06-29 11:30:05,192 [INFO]: Search against KOfam done!
2026-06-29 11:30:23,563 [INFO]: Filtering and saving results...
2026-06-29 11:30:23,601 [INFO]: Search against KOfam done!
2026-06-29 11:30:42,488 [INFO]: Filtering and saving results...
2026-06-29 11:30:42,541 [INFO]: Search against KOfam done!
2026-06-29 11:31:23,288 [INFO]: Filtering and saving results...
2026-06-29 11:31:23,357 [INFO]: Search against KOfam done!
2026-06-29 11:31:46,831 [INFO]: Filtering and saving results...
2026-06-29 11:31:46,862 [INFO]: Search against KOfam done!
2026-06-29 11:32:15,674 [INFO]: Filtering and saving results...
2026-06-29 11:32:15,734 [INFO]: Search against KOfam done!
2026-06-29 11:33:01,241 [INFO]: Filtering and saving results...
2026-06-29 11:33:01,315 [INFO]: Search against KOfam done!
2026-06-29 11:33:30,325 [INFO]: Filtering and saving results...
2026-06-29 11:33:30,392 [INFO]: Search against KOfam done!
2026-06-29 11:34:35,470 [INFO]: Filtering and saving results...
2026-06-29 11:34:35,571 [INFO]: Search against KOfam done!
2026-06-29 11:35:01,157 [INFO]: Filtering and saving results...
2026-06-29 11:35:01,220 [INFO]: Search against KOfam done!
2026-06-29 11:35:46,151 [INFO]: Filtering and saving results...
2026-06-29 11:35:46,220 [INFO]: Search against KOfam done!
2026-06-29 11:36:45,808 [INFO]: Filtering and saving results...
2026-06-29 11:36:45,905 [INFO]: Search against KOfam done!
2026-06-29 11:37:40,467 [INFO]: Filtering and saving results...
2026-06-29 11:37:40,557 [INFO]: Search against KOfam done!
2026-06-29 11:38:20,322 [INFO]: Filtering and saving results...
2026-06-29 11:38:20,391 [INFO]: Search against KOfam done!
2026-06-29 11:39:01,166 [INFO]: Filtering and saving results...
2026-06-29 11:39:01,242 [INFO]: Search against KOfam done!
2026-06-29 11:39:41,277 [INFO]: Filtering and saving results...
2026-06-29 11:39:41,363 [INFO]: Search against KOfam done!
2026-06-29 11:40:12,680 [INFO]: Filtering and saving results...
2026-06-29 11:40:12,741 [INFO]: Search against KOfam done!
2026-06-29 11:41:03,172 [INFO]: Filtering and saving results...
2026-06-29 11:41:03,269 [INFO]: Search against KOfam done!
2026-06-29 11:41:28,837 [INFO]: Filtering and saving results...
2026-06-29 11:41:28,897 [INFO]: Search against KOfam done!
2026-06-29 11:42:04,521 [INFO]: Filtering and saving results...
2026-06-29 11:42:04,598 [INFO]: Search against KOfam done!
2026-06-29 11:42:04,651 [INFO]: Searching proteins against Swissprot
2026-06-29 11:44:13,699 [INFO]: Extracting Swissprot annotation data
2026-06-29 11:57:15,277 [INFO]: Searching proteins against RefSeq
2026-06-29 14:01:14,425 [INFO]: Extracting RefSeq annotation data
2026-06-29 15:24:34,304 [INFO]: Searching proteins against Trembl
2026-06-29 17:36:42,453 [INFO]: Extracting Trembl annotation data
2026-06-29 17:36:43,206 [INFO]: Improving annotations by searching matches in other databases
2026-06-29 17:36:45,884 [INFO]: MicrobeAnnotator has finished succefully!
