=====================================================
Start Time  : Mon Jun 29 11:11:55 AM PDT 2026
Job ID/Name : 64666414 / pangenome
======================================================

[2026-06-29 11:11:55] ========== Microbeannotator for Pangenome Analysis started ==========
[2026-06-29 11:11:55] Job ID/Name : 64666414 / pangenome
[2026-06-29 11:11:55] Node: hpc-34-08.cm.cluster, CPUs: 32, Mem: 122880MB
[2026-06-29 11:12:04] Activated conda env: /resnick/groups/enviromics/zahra/miniconda3/envs/microbeannotator
[2026-06-29 11:12:04] Running Microbeannotator
Loading diamond/2.1.7-gcc-13.2.0-cfkl5pd
  Loading requirement: zlib-ng/2.1.3-gcc-13.2.0-jetnfwa
2026-06-29 11:12:10,517 [INFO]:  ---- This is MicrobeAnnotator v2.0.5 ---- 
2026-06-29 11:12:10,517 [INFO]: Validating user inputs
2026-06-29 11:12:10,689 [INFO]: Passed
2026-06-29 11:12:10,690 [INFO]: Processing 50 files. I will run 8 files in parallel with 4 threads per file.
2026-06-29 11:12:10,690 [INFO]: Running in no_plot mode. Skipping plotting KO summaries. 
2026-06-29 11:12:11,267 [INFO]: Searching proteins against KOfam profiles
2026-06-29 11:12:11,267 [INFO]: Parsing HMM profile metadata
2026-06-29 11:13:03,942 [INFO]: Filtering and saving results...
2026-06-29 11:13:04,071 [INFO]: Search against KOfam done!
2026-06-29 11:13:35,148 [INFO]: Filtering and saving results...
2026-06-29 11:13:35,214 [INFO]: Search against KOfam done!
2026-06-29 11:13:55,274 [INFO]: Filtering and saving results...
2026-06-29 11:13:55,342 [INFO]: Search against KOfam done!
2026-06-29 11:14:13,447 [INFO]: Filtering and saving results...
2026-06-29 11:14:13,489 [INFO]: Search against KOfam done!
2026-06-29 11:14:44,894 [INFO]: Filtering and saving results...
2026-06-29 11:14:44,967 [INFO]: Search against KOfam done!
2026-06-29 11:15:06,578 [INFO]: Filtering and saving results...
2026-06-29 11:15:06,631 [INFO]: Search against KOfam done!
2026-06-29 11:15:41,931 [INFO]: Filtering and saving results...
2026-06-29 11:15:42,017 [INFO]: Search against KOfam done!
2026-06-29 11:16:02,061 [INFO]: Filtering and saving results...
2026-06-29 11:16:02,116 [INFO]: Search against KOfam done!
2026-06-29 11:16:26,929 [INFO]: Filtering and saving results...
2026-06-29 11:16:27,011 [INFO]: Search against KOfam done!
2026-06-29 11:16:43,824 [INFO]: Filtering and saving results...
2026-06-29 11:16:43,865 [INFO]: Search against KOfam done!
2026-06-29 11:17:04,356 [INFO]: Filtering and saving results...
2026-06-29 11:17:04,413 [INFO]: Search against KOfam done!
2026-06-29 11:17:24,937 [INFO]: Filtering and saving results...
2026-06-29 11:17:24,972 [INFO]: Search against KOfam done!
2026-06-29 11:18:03,935 [INFO]: Filtering and saving results...
2026-06-29 11:18:04,011 [INFO]: Search against KOfam done!
2026-06-29 11:18:27,307 [INFO]: Filtering and saving results...
2026-06-29 11:18:27,362 [INFO]: Search against KOfam done!
2026-06-29 11:18:46,639 [INFO]: Filtering and saving results...
2026-06-29 11:18:46,697 [INFO]: Search against KOfam done!
2026-06-29 11:19:03,662 [INFO]: Filtering and saving results...
2026-06-29 11:19:03,712 [INFO]: Search against KOfam done!
2026-06-29 11:19:24,889 [INFO]: Filtering and saving results...
2026-06-29 11:19:24,941 [INFO]: Search against KOfam done!
2026-06-29 11:19:47,532 [INFO]: Filtering and saving results...
2026-06-29 11:19:47,591 [INFO]: Search against KOfam done!
2026-06-29 11:20:07,182 [INFO]: Filtering and saving results...
2026-06-29 11:20:07,228 [INFO]: Search against KOfam done!
2026-06-29 11:20:29,491 [INFO]: Filtering and saving results...
2026-06-29 11:20:29,555 [INFO]: Search against KOfam done!
2026-06-29 11:20:52,692 [INFO]: Filtering and saving results...
2026-06-29 11:20:52,759 [INFO]: Search against KOfam done!
2026-06-29 11:21:16,009 [INFO]: Filtering and saving results...
2026-06-29 11:21:16,071 [INFO]: Search against KOfam done!
2026-06-29 11:21:42,851 [INFO]: Filtering and saving results...
2026-06-29 11:21:42,910 [INFO]: Search against KOfam done!
2026-06-29 11:22:04,908 [INFO]: Filtering and saving results...
2026-06-29 11:22:04,950 [INFO]: Search against KOfam done!
2026-06-29 11:22:27,345 [INFO]: Filtering and saving results...
2026-06-29 11:22:27,398 [INFO]: Search against KOfam done!
2026-06-29 11:22:58,110 [INFO]: Filtering and saving results...
2026-06-29 11:22:58,205 [INFO]: Search against KOfam done!
2026-06-29 11:23:18,266 [INFO]: Filtering and saving results...
2026-06-29 11:23:18,305 [INFO]: Search against KOfam done!
2026-06-29 11:23:41,576 [INFO]: Filtering and saving results...
2026-06-29 11:23:41,638 [INFO]: Search against KOfam done!
2026-06-29 11:24:04,790 [INFO]: Filtering and saving results...
2026-06-29 11:24:04,833 [INFO]: Search against KOfam done!
2026-06-29 11:24:29,933 [INFO]: Filtering and saving results...
2026-06-29 11:24:30,019 [INFO]: Search against KOfam done!
2026-06-29 11:25:01,512 [INFO]: Filtering and saving results...
2026-06-29 11:25:01,555 [INFO]: Search against KOfam done!
2026-06-29 11:25:28,050 [INFO]: Filtering and saving results...
2026-06-29 11:25:28,093 [INFO]: Search against KOfam done!
2026-06-29 11:25:57,178 [INFO]: Filtering and saving results...
2026-06-29 11:25:57,242 [INFO]: Search against KOfam done!
2026-06-29 11:26:28,199 [INFO]: Filtering and saving results...
2026-06-29 11:26:28,272 [INFO]: Search against KOfam done!
2026-06-29 11:27:00,797 [INFO]: Filtering and saving results...
2026-06-29 11:27:00,869 [INFO]: Search against KOfam done!
2026-06-29 11:27:22,208 [INFO]: Filtering and saving results...
2026-06-29 11:27:22,249 [INFO]: Search against KOfam done!
2026-06-29 11:27:39,862 [INFO]: Filtering and saving results...
2026-06-29 11:27:39,908 [INFO]: Search against KOfam done!
2026-06-29 11:28:10,258 [INFO]: Filtering and saving results...
2026-06-29 11:28:10,301 [INFO]: Search against KOfam done!
2026-06-29 11:28:30,807 [INFO]: Filtering and saving results...
2026-06-29 11:28:30,857 [INFO]: Search against KOfam done!
2026-06-29 11:28:53,499 [INFO]: Filtering and saving results...
2026-06-29 11:28:53,560 [INFO]: Search against KOfam done!
2026-06-29 11:29:18,354 [INFO]: Filtering and saving results...
2026-06-29 11:29:18,438 [INFO]: Search against KOfam done!
2026-06-29 11:29:35,848 [INFO]: Filtering and saving results...
2026-06-29 11:29:35,899 [INFO]: Search against KOfam done!
2026-06-29 11:30:04,142 [INFO]: Filtering and saving results...
2026-06-29 11:30:04,206 [INFO]: Search against KOfam done!
2026-06-29 11:30:30,768 [INFO]: Filtering and saving results...
2026-06-29 11:30:30,805 [INFO]: Search against KOfam done!
2026-06-29 11:30:52,260 [INFO]: Filtering and saving results...
2026-06-29 11:30:52,304 [INFO]: Search against KOfam done!
2026-06-29 11:31:20,349 [INFO]: Filtering and saving results...
2026-06-29 11:31:20,413 [INFO]: Search against KOfam done!
2026-06-29 11:31:36,951 [INFO]: Filtering and saving results...
2026-06-29 11:31:37,001 [INFO]: Search against KOfam done!
2026-06-29 11:32:09,468 [INFO]: Filtering and saving results...
2026-06-29 11:32:09,527 [INFO]: Search against KOfam done!
2026-06-29 11:32:35,149 [INFO]: Filtering and saving results...
2026-06-29 11:32:35,198 [INFO]: Search against KOfam done!
2026-06-29 11:33:01,917 [INFO]: Filtering and saving results...
2026-06-29 11:33:01,965 [INFO]: Search against KOfam done!
2026-06-29 11:33:02,004 [INFO]: Searching proteins against Swissprot
2026-06-29 11:35:09,442 [INFO]: Extracting Swissprot annotation data
2026-06-29 11:35:52,095 [INFO]: Searching proteins against RefSeq
2026-06-29 13:35:04,823 [INFO]: Extracting RefSeq annotation data
2026-06-29 13:42:01,119 [INFO]: Searching proteins against Trembl
2026-06-29 15:49:42,576 [INFO]: Extracting Trembl annotation data
2026-06-29 15:49:43,036 [INFO]: Improving annotations by searching matches in other databases
2026-06-29 15:49:44,991 [INFO]: MicrobeAnnotator has finished succefully!
