=====================================================
Start Time  : Mon Jun 29 11:08:48 AM PDT 2026
Job ID/Name : 64666336 / pangenome
======================================================

[2026-06-29 11:08:48] ========== Microbeannotator for Pangenome Analysis started ==========
[2026-06-29 11:08:48] Job ID/Name : 64666336 / pangenome
[2026-06-29 11:08:48] Node: hpc-53-19.cm.cluster, CPUs: 32, Mem: 122880MB
[2026-06-29 11:08:52] Activated conda env: /resnick/groups/enviromics/zahra/miniconda3/envs/microbeannotator
[2026-06-29 11:08:52] Running Microbeannotator
Loading diamond/2.1.7-gcc-13.2.0-cfkl5pd
  Loading requirement: zlib-ng/2.1.3-gcc-13.2.0-jetnfwa
2026-06-29 11:08:54,666 [INFO]:  ---- This is MicrobeAnnotator v2.0.5 ---- 
2026-06-29 11:08:54,667 [INFO]: Validating user inputs
2026-06-29 11:08:54,795 [INFO]: Passed
2026-06-29 11:08:54,795 [INFO]: Processing 50 files. I will run 8 files in parallel with 4 threads per file.
2026-06-29 11:08:54,795 [INFO]: Running in no_plot mode. Skipping plotting KO summaries. 
2026-06-29 11:08:55,513 [INFO]: Searching proteins against KOfam profiles
2026-06-29 11:08:55,513 [INFO]: Parsing HMM profile metadata
2026-06-29 11:10:31,349 [INFO]: Filtering and saving results...
2026-06-29 11:10:31,494 [INFO]: Search against KOfam done!
2026-06-29 11:10:54,866 [INFO]: Filtering and saving results...
2026-06-29 11:10:54,918 [INFO]: Search against KOfam done!
2026-06-29 11:11:32,672 [INFO]: Filtering and saving results...
2026-06-29 11:11:32,750 [INFO]: Search against KOfam done!
2026-06-29 11:12:22,612 [INFO]: Filtering and saving results...
2026-06-29 11:12:22,740 [INFO]: Search against KOfam done!
2026-06-29 11:12:55,506 [INFO]: Filtering and saving results...
2026-06-29 11:12:55,582 [INFO]: Search against KOfam done!
2026-06-29 11:13:30,051 [INFO]: Filtering and saving results...
2026-06-29 11:13:30,127 [INFO]: Search against KOfam done!
2026-06-29 11:14:08,092 [INFO]: Filtering and saving results...
2026-06-29 11:14:08,170 [INFO]: Search against KOfam done!
2026-06-29 11:14:45,484 [INFO]: Filtering and saving results...
2026-06-29 11:14:45,551 [INFO]: Search against KOfam done!
2026-06-29 11:15:19,425 [INFO]: Filtering and saving results...
2026-06-29 11:15:19,490 [INFO]: Search against KOfam done!
2026-06-29 11:15:52,262 [INFO]: Filtering and saving results...
2026-06-29 11:15:52,348 [INFO]: Search against KOfam done!
2026-06-29 11:16:35,674 [INFO]: Filtering and saving results...
2026-06-29 11:16:35,739 [INFO]: Search against KOfam done!
2026-06-29 11:17:18,177 [INFO]: Filtering and saving results...
2026-06-29 11:17:18,259 [INFO]: Search against KOfam done!
2026-06-29 11:17:56,856 [INFO]: Filtering and saving results...
2026-06-29 11:17:56,928 [INFO]: Search against KOfam done!
2026-06-29 11:18:52,325 [INFO]: Filtering and saving results...
2026-06-29 11:18:52,416 [INFO]: Search against KOfam done!
2026-06-29 11:19:38,673 [INFO]: Filtering and saving results...
2026-06-29 11:19:38,753 [INFO]: Search against KOfam done!
2026-06-29 11:20:10,695 [INFO]: Filtering and saving results...
2026-06-29 11:20:10,772 [INFO]: Search against KOfam done!
2026-06-29 11:20:53,822 [INFO]: Filtering and saving results...
2026-06-29 11:20:53,885 [INFO]: Search against KOfam done!
2026-06-29 11:21:51,210 [INFO]: Filtering and saving results...
2026-06-29 11:21:51,282 [INFO]: Search against KOfam done!
2026-06-29 11:22:16,215 [INFO]: Filtering and saving results...
2026-06-29 11:22:16,265 [INFO]: Search against KOfam done!
2026-06-29 11:22:53,270 [INFO]: Filtering and saving results...
2026-06-29 11:22:53,332 [INFO]: Search against KOfam done!
2026-06-29 11:23:41,087 [INFO]: Filtering and saving results...
2026-06-29 11:23:41,175 [INFO]: Search against KOfam done!
2026-06-29 11:24:12,220 [INFO]: Filtering and saving results...
2026-06-29 11:24:12,290 [INFO]: Search against KOfam done!
2026-06-29 11:24:43,738 [INFO]: Filtering and saving results...
2026-06-29 11:24:43,811 [INFO]: Search against KOfam done!
2026-06-29 11:26:06,254 [INFO]: Filtering and saving results...
2026-06-29 11:26:06,376 [INFO]: Search against KOfam done!
2026-06-29 11:26:25,940 [INFO]: Filtering and saving results...
2026-06-29 11:26:25,979 [INFO]: Search against KOfam done!
2026-06-29 11:26:57,122 [INFO]: Filtering and saving results...
2026-06-29 11:26:57,192 [INFO]: Search against KOfam done!
2026-06-29 11:27:35,323 [INFO]: Filtering and saving results...
2026-06-29 11:27:35,405 [INFO]: Search against KOfam done!
2026-06-29 11:28:14,655 [INFO]: Filtering and saving results...
2026-06-29 11:28:14,723 [INFO]: Search against KOfam done!
2026-06-29 11:28:43,437 [INFO]: Filtering and saving results...
2026-06-29 11:28:43,479 [INFO]: Search against KOfam done!
2026-06-29 11:29:08,478 [INFO]: Filtering and saving results...
2026-06-29 11:29:08,546 [INFO]: Search against KOfam done!
2026-06-29 11:29:41,562 [INFO]: Filtering and saving results...
2026-06-29 11:29:41,638 [INFO]: Search against KOfam done!
2026-06-29 11:30:21,830 [INFO]: Filtering and saving results...
2026-06-29 11:30:21,901 [INFO]: Search against KOfam done!
2026-06-29 11:31:00,736 [INFO]: Filtering and saving results...
2026-06-29 11:31:00,827 [INFO]: Search against KOfam done!
2026-06-29 11:31:39,498 [INFO]: Filtering and saving results...
2026-06-29 11:31:39,576 [INFO]: Search against KOfam done!
2026-06-29 11:32:35,814 [INFO]: Filtering and saving results...
2026-06-29 11:32:35,958 [INFO]: Search against KOfam done!
2026-06-29 11:33:24,689 [INFO]: Filtering and saving results...
2026-06-29 11:33:24,807 [INFO]: Search against KOfam done!
2026-06-29 11:34:48,862 [INFO]: Filtering and saving results...
2026-06-29 11:34:49,053 [INFO]: Search against KOfam done!
2026-06-29 11:35:15,407 [INFO]: Filtering and saving results...
2026-06-29 11:35:15,449 [INFO]: Search against KOfam done!
2026-06-29 11:36:20,335 [INFO]: Filtering and saving results...
2026-06-29 11:36:20,470 [INFO]: Search against KOfam done!
2026-06-29 11:36:47,905 [INFO]: Filtering and saving results...
2026-06-29 11:36:48,107 [INFO]: Search against KOfam done!
2026-06-29 11:37:31,320 [INFO]: Filtering and saving results...
2026-06-29 11:37:31,456 [INFO]: Search against KOfam done!
2026-06-29 11:38:03,795 [INFO]: Filtering and saving results...
2026-06-29 11:38:03,878 [INFO]: Search against KOfam done!
2026-06-29 11:38:41,557 [INFO]: Filtering and saving results...
2026-06-29 11:38:41,617 [INFO]: Search against KOfam done!
2026-06-29 11:39:10,988 [INFO]: Filtering and saving results...
2026-06-29 11:39:11,060 [INFO]: Search against KOfam done!
2026-06-29 11:40:12,326 [INFO]: Filtering and saving results...
2026-06-29 11:40:12,471 [INFO]: Search against KOfam done!
2026-06-29 11:41:45,599 [INFO]: Filtering and saving results...
2026-06-29 11:41:45,767 [INFO]: Search against KOfam done!
2026-06-29 11:43:29,447 [INFO]: Filtering and saving results...
2026-06-29 11:43:29,604 [INFO]: Search against KOfam done!
2026-06-29 11:45:18,251 [INFO]: Filtering and saving results...
2026-06-29 11:45:18,438 [INFO]: Search against KOfam done!
2026-06-29 11:46:16,617 [INFO]: Filtering and saving results...
2026-06-29 11:46:16,736 [INFO]: Search against KOfam done!
2026-06-29 11:46:47,169 [INFO]: Filtering and saving results...
2026-06-29 11:46:47,225 [INFO]: Search against KOfam done!
2026-06-29 11:46:47,304 [INFO]: Searching proteins against Swissprot
2026-06-29 11:48:53,916 [INFO]: Extracting Swissprot annotation data
2026-06-29 11:56:18,885 [INFO]: Searching proteins against RefSeq
2026-06-29 14:01:14,272 [INFO]: Extracting RefSeq annotation data
2026-06-29 15:00:23,216 [INFO]: Searching proteins against Trembl
2026-06-29 17:10:08,178 [INFO]: Extracting Trembl annotation data
2026-06-29 17:10:08,586 [INFO]: Improving annotations by searching matches in other databases
2026-06-29 17:10:11,241 [INFO]: MicrobeAnnotator has finished succefully!
