=====================================================
Start Time  : Mon Jun 29 11:22:44 AM PDT 2026
Job ID/Name : 64666540 / pangenome
======================================================

[2026-06-29 11:22:44] ========== Microbeannotator for Pangenome Analysis started ==========
[2026-06-29 11:22:44] Job ID/Name : 64666540 / pangenome
[2026-06-29 11:22:44] Node: hpc-19-15.cm.cluster, CPUs: 32, Mem: 122880MB
[2026-06-29 11:22:48] Activated conda env: /resnick/groups/enviromics/zahra/miniconda3/envs/microbeannotator
[2026-06-29 11:22:48] Running Microbeannotator
Loading diamond/2.1.7-gcc-13.2.0-cfkl5pd
  Loading requirement: zlib-ng/2.1.3-gcc-13.2.0-jetnfwa
2026-06-29 11:22:51,649 [INFO]:  ---- This is MicrobeAnnotator v2.0.5 ---- 
2026-06-29 11:22:51,649 [INFO]: Validating user inputs
2026-06-29 11:22:51,735 [INFO]: Passed
2026-06-29 11:22:51,735 [INFO]: Processing 50 files. I will run 8 files in parallel with 4 threads per file.
2026-06-29 11:22:51,735 [INFO]: Running in no_plot mode. Skipping plotting KO summaries. 
2026-06-29 11:22:52,307 [INFO]: Searching proteins against KOfam profiles
2026-06-29 11:22:52,307 [INFO]: Parsing HMM profile metadata
2026-06-29 11:23:16,628 [INFO]: Filtering and saving results...
2026-06-29 11:23:16,679 [INFO]: Search against KOfam done!
2026-06-29 11:24:00,944 [INFO]: Filtering and saving results...
2026-06-29 11:24:01,013 [INFO]: Search against KOfam done!
2026-06-29 11:25:02,524 [INFO]: Filtering and saving results...
2026-06-29 11:25:02,640 [INFO]: Search against KOfam done!
2026-06-29 11:25:37,786 [INFO]: Filtering and saving results...
2026-06-29 11:25:37,864 [INFO]: Search against KOfam done!
2026-06-29 11:26:45,316 [INFO]: Filtering and saving results...
2026-06-29 11:26:45,433 [INFO]: Search against KOfam done!
2026-06-29 11:27:45,293 [INFO]: Filtering and saving results...
2026-06-29 11:27:45,381 [INFO]: Search against KOfam done!
2026-06-29 11:28:34,984 [INFO]: Filtering and saving results...
2026-06-29 11:28:35,076 [INFO]: Search against KOfam done!
2026-06-29 11:29:14,900 [INFO]: Filtering and saving results...
2026-06-29 11:29:14,968 [INFO]: Search against KOfam done!
2026-06-29 11:29:43,728 [INFO]: Filtering and saving results...
2026-06-29 11:29:43,769 [INFO]: Search against KOfam done!
2026-06-29 11:30:34,165 [INFO]: Filtering and saving results...
2026-06-29 11:30:34,243 [INFO]: Search against KOfam done!
2026-06-29 11:31:30,914 [INFO]: Filtering and saving results...
2026-06-29 11:31:31,007 [INFO]: Search against KOfam done!
2026-06-29 11:32:19,243 [INFO]: Filtering and saving results...
2026-06-29 11:32:19,330 [INFO]: Search against KOfam done!
2026-06-29 11:32:40,017 [INFO]: Filtering and saving results...
2026-06-29 11:32:40,052 [INFO]: Search against KOfam done!
2026-06-29 11:33:23,470 [INFO]: Filtering and saving results...
2026-06-29 11:33:23,543 [INFO]: Search against KOfam done!
2026-06-29 11:34:06,385 [INFO]: Filtering and saving results...
2026-06-29 11:34:06,463 [INFO]: Search against KOfam done!
2026-06-29 11:34:48,449 [INFO]: Filtering and saving results...
2026-06-29 11:34:48,526 [INFO]: Search against KOfam done!
2026-06-29 11:35:05,059 [INFO]: Filtering and saving results...
2026-06-29 11:35:05,081 [INFO]: Search against KOfam done!
2026-06-29 11:36:19,465 [INFO]: Filtering and saving results...
2026-06-29 11:36:19,668 [INFO]: Search against KOfam done!
2026-06-29 11:36:49,338 [INFO]: Filtering and saving results...
2026-06-29 11:36:49,372 [INFO]: Search against KOfam done!
2026-06-29 11:37:10,074 [INFO]: Filtering and saving results...
2026-06-29 11:37:10,115 [INFO]: Search against KOfam done!
2026-06-29 11:37:45,590 [INFO]: Filtering and saving results...
2026-06-29 11:37:45,647 [INFO]: Search against KOfam done!
2026-06-29 11:38:21,715 [INFO]: Filtering and saving results...
2026-06-29 11:38:21,772 [INFO]: Search against KOfam done!
2026-06-29 11:39:52,266 [INFO]: Filtering and saving results...
2026-06-29 11:39:52,402 [INFO]: Search against KOfam done!
2026-06-29 11:40:52,160 [INFO]: Filtering and saving results...
2026-06-29 11:40:52,233 [INFO]: Search against KOfam done!
2026-06-29 11:41:27,748 [INFO]: Filtering and saving results...
2026-06-29 11:41:27,807 [INFO]: Search against KOfam done!
2026-06-29 11:42:30,592 [INFO]: Filtering and saving results...
2026-06-29 11:42:30,697 [INFO]: Search against KOfam done!
2026-06-29 11:43:14,210 [INFO]: Filtering and saving results...
2026-06-29 11:43:14,272 [INFO]: Search against KOfam done!
2026-06-29 11:43:45,231 [INFO]: Filtering and saving results...
2026-06-29 11:43:45,282 [INFO]: Search against KOfam done!
2026-06-29 11:44:53,041 [INFO]: Filtering and saving results...
2026-06-29 11:44:53,152 [INFO]: Search against KOfam done!
2026-06-29 11:46:02,063 [INFO]: Filtering and saving results...
2026-06-29 11:46:02,145 [INFO]: Search against KOfam done!
2026-06-29 11:46:37,488 [INFO]: Filtering and saving results...
2026-06-29 11:46:37,547 [INFO]: Search against KOfam done!
2026-06-29 11:47:31,412 [INFO]: Filtering and saving results...
2026-06-29 11:47:31,511 [INFO]: Search against KOfam done!
2026-06-29 11:48:06,396 [INFO]: Filtering and saving results...
2026-06-29 11:48:06,464 [INFO]: Search against KOfam done!
2026-06-29 11:48:50,741 [INFO]: Filtering and saving results...
2026-06-29 11:48:50,800 [INFO]: Search against KOfam done!
2026-06-29 11:50:44,296 [INFO]: Filtering and saving results...
2026-06-29 11:50:44,401 [INFO]: Search against KOfam done!
2026-06-29 11:51:18,958 [INFO]: Filtering and saving results...
2026-06-29 11:51:19,015 [INFO]: Search against KOfam done!
2026-06-29 11:52:06,860 [INFO]: Filtering and saving results...
2026-06-29 11:52:06,943 [INFO]: Search against KOfam done!
2026-06-29 11:53:01,469 [INFO]: Filtering and saving results...
2026-06-29 11:53:01,550 [INFO]: Search against KOfam done!
2026-06-29 11:53:54,672 [INFO]: Filtering and saving results...
2026-06-29 11:53:54,747 [INFO]: Search against KOfam done!
2026-06-29 11:54:34,859 [INFO]: Filtering and saving results...
2026-06-29 11:54:34,918 [INFO]: Search against KOfam done!
2026-06-29 11:55:22,925 [INFO]: Filtering and saving results...
2026-06-29 11:55:22,996 [INFO]: Search against KOfam done!
2026-06-29 11:55:49,965 [INFO]: Filtering and saving results...
2026-06-29 11:55:50,015 [INFO]: Search against KOfam done!
2026-06-29 11:56:33,774 [INFO]: Filtering and saving results...
2026-06-29 11:56:33,830 [INFO]: Search against KOfam done!
2026-06-29 11:57:11,589 [INFO]: Filtering and saving results...
2026-06-29 11:57:11,638 [INFO]: Search against KOfam done!
2026-06-29 11:57:51,044 [INFO]: Filtering and saving results...
2026-06-29 11:57:51,107 [INFO]: Search against KOfam done!
2026-06-29 11:58:30,743 [INFO]: Filtering and saving results...
2026-06-29 11:58:30,807 [INFO]: Search against KOfam done!
2026-06-29 11:59:24,327 [INFO]: Filtering and saving results...
2026-06-29 11:59:24,412 [INFO]: Search against KOfam done!
2026-06-29 12:00:05,214 [INFO]: Filtering and saving results...
2026-06-29 12:00:05,350 [INFO]: Search against KOfam done!
2026-06-29 12:00:49,593 [INFO]: Filtering and saving results...
2026-06-29 12:00:49,674 [INFO]: Search against KOfam done!
2026-06-29 12:01:30,758 [INFO]: Filtering and saving results...
2026-06-29 12:01:30,825 [INFO]: Search against KOfam done!
2026-06-29 12:01:30,900 [INFO]: Searching proteins against Swissprot
2026-06-29 12:03:35,018 [INFO]: Extracting Swissprot annotation data
2026-06-29 12:10:29,231 [INFO]: Searching proteins against RefSeq
2026-06-29 14:42:16,198 [INFO]: Extracting RefSeq annotation data
2026-06-29 15:58:33,851 [INFO]: Searching proteins against Trembl
2026-06-29 18:31:31,388 [INFO]: Extracting Trembl annotation data
2026-06-29 18:31:31,755 [INFO]: Improving annotations by searching matches in other databases
2026-06-29 18:31:33,847 [INFO]: MicrobeAnnotator has finished succefully!
