=====================================================
Start Time  : Mon Jun 29 11:09:19 AM PDT 2026
Job ID/Name : 64666344 / pangenome
======================================================

[2026-06-29 11:09:19] ========== Microbeannotator for Pangenome Analysis started ==========
[2026-06-29 11:09:19] Job ID/Name : 64666344 / pangenome
[2026-06-29 11:09:19] Node: hpc-52-01.cm.cluster, CPUs: 32, Mem: 122880MB
[2026-06-29 11:09:26] Activated conda env: /resnick/groups/enviromics/zahra/miniconda3/envs/microbeannotator
[2026-06-29 11:09:26] Running Microbeannotator
Loading diamond/2.1.7-gcc-13.2.0-cfkl5pd
  Loading requirement: zlib-ng/2.1.3-gcc-13.2.0-jetnfwa
2026-06-29 11:09:32,495 [INFO]:  ---- This is MicrobeAnnotator v2.0.5 ---- 
2026-06-29 11:09:32,495 [INFO]: Validating user inputs
2026-06-29 11:09:32,592 [INFO]: Passed
2026-06-29 11:09:32,592 [INFO]: Processing 50 files. I will run 8 files in parallel with 4 threads per file.
2026-06-29 11:09:32,592 [INFO]: Running in no_plot mode. Skipping plotting KO summaries. 
2026-06-29 11:09:33,448 [INFO]: Searching proteins against KOfam profiles
2026-06-29 11:09:33,448 [INFO]: Parsing HMM profile metadata
2026-06-29 11:10:14,442 [INFO]: Filtering and saving results...
2026-06-29 11:10:14,513 [INFO]: Search against KOfam done!
2026-06-29 11:11:58,786 [INFO]: Filtering and saving results...
2026-06-29 11:11:58,928 [INFO]: Search against KOfam done!
2026-06-29 11:13:08,493 [INFO]: Filtering and saving results...
2026-06-29 11:13:08,592 [INFO]: Search against KOfam done!
2026-06-29 11:13:38,548 [INFO]: Filtering and saving results...
2026-06-29 11:13:38,619 [INFO]: Search against KOfam done!
2026-06-29 11:14:14,125 [INFO]: Filtering and saving results...
2026-06-29 11:14:14,210 [INFO]: Search against KOfam done!
2026-06-29 11:14:43,548 [INFO]: Filtering and saving results...
2026-06-29 11:14:43,612 [INFO]: Search against KOfam done!
2026-06-29 11:15:13,092 [INFO]: Filtering and saving results...
2026-06-29 11:15:13,140 [INFO]: Search against KOfam done!
2026-06-29 11:15:48,231 [INFO]: Filtering and saving results...
2026-06-29 11:15:48,293 [INFO]: Search against KOfam done!
2026-06-29 11:16:37,734 [INFO]: Filtering and saving results...
2026-06-29 11:16:37,840 [INFO]: Search against KOfam done!
2026-06-29 11:17:35,536 [INFO]: Filtering and saving results...
2026-06-29 11:17:35,608 [INFO]: Search against KOfam done!
2026-06-29 11:18:31,890 [INFO]: Filtering and saving results...
2026-06-29 11:18:31,977 [INFO]: Search against KOfam done!
2026-06-29 11:18:55,359 [INFO]: Filtering and saving results...
2026-06-29 11:18:55,407 [INFO]: Search against KOfam done!
2026-06-29 11:19:34,223 [INFO]: Filtering and saving results...
2026-06-29 11:19:34,279 [INFO]: Search against KOfam done!
2026-06-29 11:19:57,993 [INFO]: Filtering and saving results...
2026-06-29 11:19:58,031 [INFO]: Search against KOfam done!
2026-06-29 11:20:23,751 [INFO]: Filtering and saving results...
2026-06-29 11:20:23,804 [INFO]: Search against KOfam done!
2026-06-29 11:21:02,160 [INFO]: Filtering and saving results...
2026-06-29 11:21:02,212 [INFO]: Search against KOfam done!
2026-06-29 11:21:37,397 [INFO]: Filtering and saving results...
2026-06-29 11:21:37,468 [INFO]: Search against KOfam done!
2026-06-29 11:22:00,398 [INFO]: Filtering and saving results...
2026-06-29 11:22:00,432 [INFO]: Search against KOfam done!
2026-06-29 11:22:45,760 [INFO]: Filtering and saving results...
2026-06-29 11:22:45,839 [INFO]: Search against KOfam done!
2026-06-29 11:23:12,807 [INFO]: Filtering and saving results...
2026-06-29 11:23:12,927 [INFO]: Search against KOfam done!
2026-06-29 11:23:43,431 [INFO]: Filtering and saving results...
2026-06-29 11:23:43,501 [INFO]: Search against KOfam done!
2026-06-29 11:24:14,404 [INFO]: Filtering and saving results...
2026-06-29 11:24:14,476 [INFO]: Search against KOfam done!
2026-06-29 11:24:47,724 [INFO]: Filtering and saving results...
2026-06-29 11:24:47,792 [INFO]: Search against KOfam done!
2026-06-29 11:25:29,001 [INFO]: Filtering and saving results...
2026-06-29 11:25:29,077 [INFO]: Search against KOfam done!
2026-06-29 11:26:07,635 [INFO]: Filtering and saving results...
2026-06-29 11:26:07,696 [INFO]: Search against KOfam done!
2026-06-29 11:26:43,918 [INFO]: Filtering and saving results...
2026-06-29 11:26:43,963 [INFO]: Search against KOfam done!
2026-06-29 11:27:26,491 [INFO]: Filtering and saving results...
2026-06-29 11:27:26,570 [INFO]: Search against KOfam done!
2026-06-29 11:27:50,068 [INFO]: Filtering and saving results...
2026-06-29 11:27:50,111 [INFO]: Search against KOfam done!
2026-06-29 11:28:18,008 [INFO]: Filtering and saving results...
2026-06-29 11:28:18,066 [INFO]: Search against KOfam done!
2026-06-29 11:28:45,452 [INFO]: Filtering and saving results...
2026-06-29 11:28:45,513 [INFO]: Search against KOfam done!
2026-06-29 11:29:29,628 [INFO]: Filtering and saving results...
2026-06-29 11:29:29,705 [INFO]: Search against KOfam done!
2026-06-29 11:30:03,857 [INFO]: Filtering and saving results...
2026-06-29 11:30:03,905 [INFO]: Search against KOfam done!
2026-06-29 11:30:35,935 [INFO]: Filtering and saving results...
2026-06-29 11:30:35,982 [INFO]: Search against KOfam done!
2026-06-29 11:31:07,885 [INFO]: Filtering and saving results...
2026-06-29 11:31:07,976 [INFO]: Search against KOfam done!
2026-06-29 11:31:36,615 [INFO]: Filtering and saving results...
2026-06-29 11:31:36,671 [INFO]: Search against KOfam done!
2026-06-29 11:32:12,065 [INFO]: Filtering and saving results...
2026-06-29 11:32:12,114 [INFO]: Search against KOfam done!
2026-06-29 11:32:42,685 [INFO]: Filtering and saving results...
2026-06-29 11:32:42,732 [INFO]: Search against KOfam done!
2026-06-29 11:33:09,408 [INFO]: Filtering and saving results...
2026-06-29 11:33:09,440 [INFO]: Search against KOfam done!
2026-06-29 11:33:44,684 [INFO]: Filtering and saving results...
2026-06-29 11:33:44,752 [INFO]: Search against KOfam done!
2026-06-29 11:34:19,206 [INFO]: Filtering and saving results...
2026-06-29 11:34:19,270 [INFO]: Search against KOfam done!
2026-06-29 11:34:44,412 [INFO]: Filtering and saving results...
2026-06-29 11:34:44,456 [INFO]: Search against KOfam done!
2026-06-29 11:35:04,966 [INFO]: Filtering and saving results...
2026-06-29 11:35:05,006 [INFO]: Search against KOfam done!
2026-06-29 11:35:26,087 [INFO]: Filtering and saving results...
2026-06-29 11:35:26,126 [INFO]: Search against KOfam done!
2026-06-29 11:35:56,223 [INFO]: Filtering and saving results...
2026-06-29 11:35:56,277 [INFO]: Search against KOfam done!
2026-06-29 11:36:22,433 [INFO]: Filtering and saving results...
2026-06-29 11:36:22,477 [INFO]: Search against KOfam done!
2026-06-29 11:36:52,203 [INFO]: Filtering and saving results...
2026-06-29 11:36:52,261 [INFO]: Search against KOfam done!
2026-06-29 11:37:16,922 [INFO]: Filtering and saving results...
2026-06-29 11:37:16,975 [INFO]: Search against KOfam done!
2026-06-29 11:37:48,593 [INFO]: Filtering and saving results...
2026-06-29 11:37:48,652 [INFO]: Search against KOfam done!
2026-06-29 11:38:14,094 [INFO]: Filtering and saving results...
2026-06-29 11:38:14,131 [INFO]: Search against KOfam done!
2026-06-29 11:38:42,770 [INFO]: Filtering and saving results...
2026-06-29 11:38:42,822 [INFO]: Search against KOfam done!
2026-06-29 11:38:42,869 [INFO]: Searching proteins against Swissprot
2026-06-29 11:40:51,094 [INFO]: Extracting Swissprot annotation data
2026-06-29 11:46:12,665 [INFO]: Searching proteins against RefSeq
2026-06-29 13:44:54,828 [INFO]: Extracting RefSeq annotation data
2026-06-29 14:17:04,203 [INFO]: Searching proteins against Trembl
2026-06-29 16:20:42,099 [INFO]: Extracting Trembl annotation data
2026-06-29 16:20:42,581 [INFO]: Improving annotations by searching matches in other databases
2026-06-29 16:20:44,842 [INFO]: MicrobeAnnotator has finished succefully!
