=====================================================
Start Time  : Mon Jun 29 11:10:53 AM PDT 2026
Job ID/Name : 64666396 / pangenome
======================================================

[2026-06-29 11:10:53] ========== Microbeannotator for Pangenome Analysis started ==========
[2026-06-29 11:10:53] Job ID/Name : 64666396 / pangenome
[2026-06-29 11:10:53] Node: hpc-54-37.cm.cluster, CPUs: 32, Mem: 122880MB
[2026-06-29 11:10:57] Activated conda env: /resnick/groups/enviromics/zahra/miniconda3/envs/microbeannotator
[2026-06-29 11:10:57] Running Microbeannotator
Loading diamond/2.1.7-gcc-13.2.0-cfkl5pd
  Loading requirement: zlib-ng/2.1.3-gcc-13.2.0-jetnfwa
2026-06-29 11:11:01,964 [INFO]:  ---- This is MicrobeAnnotator v2.0.5 ---- 
2026-06-29 11:11:01,964 [INFO]: Validating user inputs
2026-06-29 11:11:02,083 [INFO]: Passed
2026-06-29 11:11:02,083 [INFO]: Processing 50 files. I will run 8 files in parallel with 4 threads per file.
2026-06-29 11:11:02,083 [INFO]: Running in no_plot mode. Skipping plotting KO summaries. 
2026-06-29 11:11:03,188 [INFO]: Searching proteins against KOfam profiles
2026-06-29 11:11:03,189 [INFO]: Parsing HMM profile metadata
2026-06-29 11:11:36,055 [INFO]: Filtering and saving results...
2026-06-29 11:11:36,132 [INFO]: Search against KOfam done!
2026-06-29 11:12:07,724 [INFO]: Filtering and saving results...
2026-06-29 11:12:07,820 [INFO]: Search against KOfam done!
2026-06-29 11:12:43,030 [INFO]: Filtering and saving results...
2026-06-29 11:12:43,081 [INFO]: Search against KOfam done!
2026-06-29 11:13:08,720 [INFO]: Filtering and saving results...
2026-06-29 11:13:08,782 [INFO]: Search against KOfam done!
2026-06-29 11:13:43,634 [INFO]: Filtering and saving results...
2026-06-29 11:13:43,719 [INFO]: Search against KOfam done!
2026-06-29 11:14:15,948 [INFO]: Filtering and saving results...
2026-06-29 11:14:16,019 [INFO]: Search against KOfam done!
2026-06-29 11:14:44,890 [INFO]: Filtering and saving results...
2026-06-29 11:14:44,949 [INFO]: Search against KOfam done!
2026-06-29 11:15:17,119 [INFO]: Filtering and saving results...
2026-06-29 11:15:17,180 [INFO]: Search against KOfam done!
2026-06-29 11:15:54,858 [INFO]: Filtering and saving results...
2026-06-29 11:15:54,943 [INFO]: Search against KOfam done!
2026-06-29 11:16:31,264 [INFO]: Filtering and saving results...
2026-06-29 11:16:31,340 [INFO]: Search against KOfam done!
2026-06-29 11:17:02,212 [INFO]: Filtering and saving results...
2026-06-29 11:17:02,278 [INFO]: Search against KOfam done!
2026-06-29 11:17:28,750 [INFO]: Filtering and saving results...
2026-06-29 11:17:28,815 [INFO]: Search against KOfam done!
2026-06-29 11:17:58,914 [INFO]: Filtering and saving results...
2026-06-29 11:17:59,025 [INFO]: Search against KOfam done!
2026-06-29 11:18:32,572 [INFO]: Filtering and saving results...
2026-06-29 11:18:32,654 [INFO]: Search against KOfam done!
2026-06-29 11:18:54,331 [INFO]: Filtering and saving results...
2026-06-29 11:18:54,385 [INFO]: Search against KOfam done!
2026-06-29 11:19:28,587 [INFO]: Filtering and saving results...
2026-06-29 11:19:28,666 [INFO]: Search against KOfam done!
2026-06-29 11:19:56,035 [INFO]: Filtering and saving results...
2026-06-29 11:19:56,096 [INFO]: Search against KOfam done!
2026-06-29 11:20:28,114 [INFO]: Filtering and saving results...
2026-06-29 11:20:28,175 [INFO]: Search against KOfam done!
2026-06-29 11:20:53,977 [INFO]: Filtering and saving results...
2026-06-29 11:20:54,033 [INFO]: Search against KOfam done!
2026-06-29 11:21:27,147 [INFO]: Filtering and saving results...
2026-06-29 11:21:27,223 [INFO]: Search against KOfam done!
2026-06-29 11:22:03,439 [INFO]: Filtering and saving results...
2026-06-29 11:22:03,519 [INFO]: Search against KOfam done!
2026-06-29 11:22:37,292 [INFO]: Filtering and saving results...
2026-06-29 11:22:37,356 [INFO]: Search against KOfam done!
2026-06-29 11:23:09,111 [INFO]: Filtering and saving results...
2026-06-29 11:23:09,186 [INFO]: Search against KOfam done!
2026-06-29 11:23:58,764 [INFO]: Filtering and saving results...
2026-06-29 11:23:58,888 [INFO]: Search against KOfam done!
2026-06-29 11:24:40,855 [INFO]: Filtering and saving results...
2026-06-29 11:24:40,978 [INFO]: Search against KOfam done!
2026-06-29 11:25:22,430 [INFO]: Filtering and saving results...
2026-06-29 11:25:22,533 [INFO]: Search against KOfam done!
2026-06-29 11:26:11,527 [INFO]: Filtering and saving results...
2026-06-29 11:26:11,615 [INFO]: Search against KOfam done!
2026-06-29 11:26:33,203 [INFO]: Filtering and saving results...
2026-06-29 11:26:33,235 [INFO]: Search against KOfam done!
2026-06-29 11:27:05,219 [INFO]: Filtering and saving results...
2026-06-29 11:27:05,275 [INFO]: Search against KOfam done!
2026-06-29 11:27:26,014 [INFO]: Filtering and saving results...
2026-06-29 11:27:26,084 [INFO]: Search against KOfam done!
2026-06-29 11:27:51,083 [INFO]: Filtering and saving results...
2026-06-29 11:27:51,138 [INFO]: Search against KOfam done!
2026-06-29 11:28:32,109 [INFO]: Filtering and saving results...
2026-06-29 11:28:32,200 [INFO]: Search against KOfam done!
2026-06-29 11:29:12,797 [INFO]: Filtering and saving results...
2026-06-29 11:29:12,873 [INFO]: Search against KOfam done!
2026-06-29 11:29:43,983 [INFO]: Filtering and saving results...
2026-06-29 11:29:44,051 [INFO]: Search against KOfam done!
2026-06-29 11:30:06,567 [INFO]: Filtering and saving results...
2026-06-29 11:30:06,600 [INFO]: Search against KOfam done!
2026-06-29 11:30:23,070 [INFO]: Filtering and saving results...
2026-06-29 11:30:23,106 [INFO]: Search against KOfam done!
2026-06-29 11:31:08,337 [INFO]: Filtering and saving results...
2026-06-29 11:31:08,445 [INFO]: Search against KOfam done!
2026-06-29 11:31:44,145 [INFO]: Filtering and saving results...
2026-06-29 11:31:44,219 [INFO]: Search against KOfam done!
2026-06-29 11:32:13,320 [INFO]: Filtering and saving results...
2026-06-29 11:32:13,363 [INFO]: Search against KOfam done!
2026-06-29 11:32:39,343 [INFO]: Filtering and saving results...
2026-06-29 11:32:39,418 [INFO]: Search against KOfam done!
2026-06-29 11:33:28,967 [INFO]: Filtering and saving results...
2026-06-29 11:33:29,059 [INFO]: Search against KOfam done!
2026-06-29 11:33:56,996 [INFO]: Filtering and saving results...
2026-06-29 11:33:57,065 [INFO]: Search against KOfam done!
2026-06-29 11:34:44,586 [INFO]: Filtering and saving results...
2026-06-29 11:34:44,689 [INFO]: Search against KOfam done!
2026-06-29 11:35:11,216 [INFO]: Filtering and saving results...
2026-06-29 11:35:11,260 [INFO]: Search against KOfam done!
2026-06-29 11:35:50,385 [INFO]: Filtering and saving results...
2026-06-29 11:35:50,437 [INFO]: Search against KOfam done!
2026-06-29 11:36:29,123 [INFO]: Filtering and saving results...
2026-06-29 11:36:29,205 [INFO]: Search against KOfam done!
2026-06-29 11:37:04,849 [INFO]: Filtering and saving results...
2026-06-29 11:37:04,923 [INFO]: Search against KOfam done!
2026-06-29 11:37:44,183 [INFO]: Filtering and saving results...
2026-06-29 11:37:44,262 [INFO]: Search against KOfam done!
2026-06-29 11:38:41,134 [INFO]: Filtering and saving results...
2026-06-29 11:38:41,238 [INFO]: Search against KOfam done!
2026-06-29 11:39:28,094 [INFO]: Filtering and saving results...
2026-06-29 11:39:28,183 [INFO]: Search against KOfam done!
2026-06-29 11:39:28,255 [INFO]: Searching proteins against Swissprot
2026-06-29 11:41:29,398 [INFO]: Extracting Swissprot annotation data
2026-06-29 11:49:07,154 [INFO]: Searching proteins against RefSeq
2026-06-29 13:53:03,014 [INFO]: Extracting RefSeq annotation data
2026-06-29 14:39:45,467 [INFO]: Searching proteins against Trembl
2026-06-29 16:52:39,737 [INFO]: Extracting Trembl annotation data
2026-06-29 16:52:40,178 [INFO]: Improving annotations by searching matches in other databases
2026-06-29 16:52:41,757 [INFO]: MicrobeAnnotator has finished succefully!
