=====================================================
Start Time  : Mon Jun 29 11:10:21 AM PDT 2026
Job ID/Name : 64666389 / pangenome
======================================================

[2026-06-29 11:10:21] ========== Microbeannotator for Pangenome Analysis started ==========
[2026-06-29 11:10:21] Job ID/Name : 64666389 / pangenome
[2026-06-29 11:10:21] Node: hpc-34-36.cm.cluster, CPUs: 32, Mem: 122880MB
[2026-06-29 11:10:28] Activated conda env: /resnick/groups/enviromics/zahra/miniconda3/envs/microbeannotator
[2026-06-29 11:10:28] Running Microbeannotator
Loading diamond/2.1.7-gcc-13.2.0-cfkl5pd
  Loading requirement: zlib-ng/2.1.3-gcc-13.2.0-jetnfwa
2026-06-29 11:10:35,388 [INFO]:  ---- This is MicrobeAnnotator v2.0.5 ---- 
2026-06-29 11:10:35,389 [INFO]: Validating user inputs
2026-06-29 11:10:35,507 [INFO]: Passed
2026-06-29 11:10:35,507 [INFO]: Processing 50 files. I will run 8 files in parallel with 4 threads per file.
2026-06-29 11:10:35,507 [INFO]: Running in no_plot mode. Skipping plotting KO summaries. 
2026-06-29 11:10:36,753 [INFO]: Searching proteins against KOfam profiles
2026-06-29 11:10:36,753 [INFO]: Parsing HMM profile metadata
2026-06-29 11:11:18,548 [INFO]: Filtering and saving results...
2026-06-29 11:11:18,653 [INFO]: Search against KOfam done!
2026-06-29 11:11:38,295 [INFO]: Filtering and saving results...
2026-06-29 11:11:38,351 [INFO]: Search against KOfam done!
2026-06-29 11:12:09,772 [INFO]: Filtering and saving results...
2026-06-29 11:12:09,846 [INFO]: Search against KOfam done!
2026-06-29 11:13:06,227 [INFO]: Filtering and saving results...
2026-06-29 11:13:06,338 [INFO]: Search against KOfam done!
2026-06-29 11:13:32,184 [INFO]: Filtering and saving results...
2026-06-29 11:13:32,277 [INFO]: Search against KOfam done!
2026-06-29 11:14:55,706 [INFO]: Filtering and saving results...
2026-06-29 11:14:55,830 [INFO]: Search against KOfam done!
2026-06-29 11:15:36,444 [INFO]: Filtering and saving results...
2026-06-29 11:15:36,560 [INFO]: Search against KOfam done!
2026-06-29 11:16:26,652 [INFO]: Filtering and saving results...
2026-06-29 11:16:26,777 [INFO]: Search against KOfam done!
2026-06-29 11:16:54,359 [INFO]: Filtering and saving results...
2026-06-29 11:16:54,438 [INFO]: Search against KOfam done!
2026-06-29 11:17:28,705 [INFO]: Filtering and saving results...
2026-06-29 11:17:28,806 [INFO]: Search against KOfam done!
2026-06-29 11:17:56,709 [INFO]: Filtering and saving results...
2026-06-29 11:17:56,792 [INFO]: Search against KOfam done!
2026-06-29 11:18:52,365 [INFO]: Filtering and saving results...
2026-06-29 11:18:52,484 [INFO]: Search against KOfam done!
2026-06-29 11:19:51,185 [INFO]: Filtering and saving results...
2026-06-29 11:19:51,357 [INFO]: Search against KOfam done!
2026-06-29 11:20:12,842 [INFO]: Filtering and saving results...
2026-06-29 11:20:12,892 [INFO]: Search against KOfam done!
2026-06-29 11:21:20,188 [INFO]: Filtering and saving results...
2026-06-29 11:21:20,326 [INFO]: Search against KOfam done!
2026-06-29 11:21:53,403 [INFO]: Filtering and saving results...
2026-06-29 11:21:53,502 [INFO]: Search against KOfam done!
2026-06-29 11:22:54,492 [INFO]: Filtering and saving results...
2026-06-29 11:22:54,692 [INFO]: Search against KOfam done!
2026-06-29 11:23:29,860 [INFO]: Filtering and saving results...
2026-06-29 11:23:29,959 [INFO]: Search against KOfam done!
2026-06-29 11:24:23,856 [INFO]: Filtering and saving results...
2026-06-29 11:24:23,982 [INFO]: Search against KOfam done!
2026-06-29 11:24:48,875 [INFO]: Filtering and saving results...
2026-06-29 11:24:48,942 [INFO]: Search against KOfam done!
2026-06-29 11:25:31,822 [INFO]: Filtering and saving results...
2026-06-29 11:25:31,926 [INFO]: Search against KOfam done!
2026-06-29 11:26:11,449 [INFO]: Filtering and saving results...
2026-06-29 11:26:11,538 [INFO]: Search against KOfam done!
2026-06-29 11:27:01,227 [INFO]: Filtering and saving results...
2026-06-29 11:27:01,374 [INFO]: Search against KOfam done!
2026-06-29 11:27:52,034 [INFO]: Filtering and saving results...
2026-06-29 11:27:52,175 [INFO]: Search against KOfam done!
2026-06-29 11:28:24,963 [INFO]: Filtering and saving results...
2026-06-29 11:28:25,033 [INFO]: Search against KOfam done!
2026-06-29 11:28:51,209 [INFO]: Filtering and saving results...
2026-06-29 11:28:51,299 [INFO]: Search against KOfam done!
2026-06-29 11:29:38,462 [INFO]: Filtering and saving results...
2026-06-29 11:29:38,558 [INFO]: Search against KOfam done!
2026-06-29 11:29:57,484 [INFO]: Filtering and saving results...
2026-06-29 11:29:57,539 [INFO]: Search against KOfam done!
2026-06-29 11:30:35,695 [INFO]: Filtering and saving results...
2026-06-29 11:30:35,787 [INFO]: Search against KOfam done!
2026-06-29 11:30:59,293 [INFO]: Filtering and saving results...
2026-06-29 11:30:59,350 [INFO]: Search against KOfam done!
2026-06-29 11:31:27,375 [INFO]: Filtering and saving results...
2026-06-29 11:31:27,467 [INFO]: Search against KOfam done!
2026-06-29 11:31:56,780 [INFO]: Filtering and saving results...
2026-06-29 11:31:56,831 [INFO]: Search against KOfam done!
2026-06-29 11:32:24,625 [INFO]: Filtering and saving results...
2026-06-29 11:32:24,713 [INFO]: Search against KOfam done!
2026-06-29 11:32:51,947 [INFO]: Filtering and saving results...
2026-06-29 11:32:52,024 [INFO]: Search against KOfam done!
2026-06-29 11:33:23,019 [INFO]: Filtering and saving results...
2026-06-29 11:33:23,106 [INFO]: Search against KOfam done!
2026-06-29 11:34:05,596 [INFO]: Filtering and saving results...
2026-06-29 11:34:05,709 [INFO]: Search against KOfam done!
2026-06-29 11:35:06,083 [INFO]: Filtering and saving results...
2026-06-29 11:35:06,231 [INFO]: Search against KOfam done!
2026-06-29 11:36:16,822 [INFO]: Filtering and saving results...
2026-06-29 11:36:16,930 [INFO]: Search against KOfam done!
2026-06-29 11:36:58,912 [INFO]: Filtering and saving results...
2026-06-29 11:36:59,022 [INFO]: Search against KOfam done!
2026-06-29 11:38:22,950 [INFO]: Filtering and saving results...
2026-06-29 11:38:23,055 [INFO]: Search against KOfam done!
2026-06-29 11:39:01,101 [INFO]: Filtering and saving results...
2026-06-29 11:39:01,202 [INFO]: Search against KOfam done!
2026-06-29 11:39:56,217 [INFO]: Filtering and saving results...
2026-06-29 11:39:56,353 [INFO]: Search against KOfam done!
2026-06-29 11:40:49,170 [INFO]: Filtering and saving results...
2026-06-29 11:40:49,285 [INFO]: Search against KOfam done!
2026-06-29 11:41:17,405 [INFO]: Filtering and saving results...
2026-06-29 11:41:17,457 [INFO]: Search against KOfam done!
2026-06-29 11:42:47,169 [INFO]: Filtering and saving results...
2026-06-29 11:42:47,317 [INFO]: Search against KOfam done!
2026-06-29 11:43:27,026 [INFO]: Filtering and saving results...
2026-06-29 11:43:27,137 [INFO]: Search against KOfam done!
2026-06-29 11:44:06,591 [INFO]: Filtering and saving results...
2026-06-29 11:44:06,710 [INFO]: Search against KOfam done!
2026-06-29 11:44:59,335 [INFO]: Filtering and saving results...
2026-06-29 11:44:59,493 [INFO]: Search against KOfam done!
2026-06-29 11:46:05,864 [INFO]: Filtering and saving results...
2026-06-29 11:46:05,977 [INFO]: Search against KOfam done!
2026-06-29 11:46:58,970 [INFO]: Filtering and saving results...
2026-06-29 11:46:59,177 [INFO]: Search against KOfam done!
2026-06-29 11:46:59,337 [INFO]: Searching proteins against Swissprot
2026-06-29 11:48:55,899 [INFO]: Extracting Swissprot annotation data
2026-06-29 11:55:38,476 [INFO]: Searching proteins against RefSeq
2026-06-29 13:52:42,561 [INFO]: Extracting RefSeq annotation data
2026-06-29 14:31:20,027 [INFO]: Searching proteins against Trembl
2026-06-29 16:38:30,674 [INFO]: Extracting Trembl annotation data
2026-06-29 16:38:31,162 [INFO]: Improving annotations by searching matches in other databases
2026-06-29 16:38:33,958 [INFO]: MicrobeAnnotator has finished succefully!
