=====================================================
Start Time  : Mon Jun 29 11:09:19 AM PDT 2026
Job ID/Name : 64666345 / pangenome
======================================================

[2026-06-29 11:09:19] ========== Microbeannotator for Pangenome Analysis started ==========
[2026-06-29 11:09:19] Job ID/Name : 64666345 / pangenome
[2026-06-29 11:09:19] Node: hpc-54-19.cm.cluster, CPUs: 32, Mem: 122880MB
[2026-06-29 11:09:23] Activated conda env: /resnick/groups/enviromics/zahra/miniconda3/envs/microbeannotator
[2026-06-29 11:09:23] Running Microbeannotator
Loading diamond/2.1.7-gcc-13.2.0-cfkl5pd
  Loading requirement: zlib-ng/2.1.3-gcc-13.2.0-jetnfwa
2026-06-29 11:09:25,926 [INFO]:  ---- This is MicrobeAnnotator v2.0.5 ---- 
2026-06-29 11:09:25,927 [INFO]: Validating user inputs
2026-06-29 11:09:26,102 [INFO]: Passed
2026-06-29 11:09:26,102 [INFO]: Processing 50 files. I will run 8 files in parallel with 4 threads per file.
2026-06-29 11:09:26,102 [INFO]: Running in no_plot mode. Skipping plotting KO summaries. 
2026-06-29 11:09:26,721 [INFO]: Searching proteins against KOfam profiles
2026-06-29 11:09:26,721 [INFO]: Parsing HMM profile metadata
2026-06-29 11:09:53,681 [INFO]: Filtering and saving results...
2026-06-29 11:09:53,736 [INFO]: Search against KOfam done!
2026-06-29 11:10:21,694 [INFO]: Filtering and saving results...
2026-06-29 11:10:21,763 [INFO]: Search against KOfam done!
2026-06-29 11:10:56,341 [INFO]: Filtering and saving results...
2026-06-29 11:10:56,423 [INFO]: Search against KOfam done!
2026-06-29 11:11:28,647 [INFO]: Filtering and saving results...
2026-06-29 11:11:28,710 [INFO]: Search against KOfam done!
2026-06-29 11:11:57,040 [INFO]: Filtering and saving results...
2026-06-29 11:11:57,096 [INFO]: Search against KOfam done!
2026-06-29 11:12:25,427 [INFO]: Filtering and saving results...
2026-06-29 11:12:25,515 [INFO]: Search against KOfam done!
2026-06-29 11:12:58,415 [INFO]: Filtering and saving results...
2026-06-29 11:12:58,470 [INFO]: Search against KOfam done!
2026-06-29 11:13:24,774 [INFO]: Filtering and saving results...
2026-06-29 11:13:24,839 [INFO]: Search against KOfam done!
2026-06-29 11:14:08,180 [INFO]: Filtering and saving results...
2026-06-29 11:14:08,262 [INFO]: Search against KOfam done!
2026-06-29 11:14:37,251 [INFO]: Filtering and saving results...
2026-06-29 11:14:37,319 [INFO]: Search against KOfam done!
2026-06-29 11:15:10,093 [INFO]: Filtering and saving results...
2026-06-29 11:15:10,137 [INFO]: Search against KOfam done!
2026-06-29 11:15:47,578 [INFO]: Filtering and saving results...
2026-06-29 11:15:47,656 [INFO]: Search against KOfam done!
2026-06-29 11:16:15,167 [INFO]: Filtering and saving results...
2026-06-29 11:16:15,224 [INFO]: Search against KOfam done!
2026-06-29 11:16:45,524 [INFO]: Filtering and saving results...
2026-06-29 11:16:45,579 [INFO]: Search against KOfam done!
2026-06-29 11:17:22,198 [INFO]: Filtering and saving results...
2026-06-29 11:17:22,316 [INFO]: Search against KOfam done!
2026-06-29 11:18:09,932 [INFO]: Filtering and saving results...
2026-06-29 11:18:10,017 [INFO]: Search against KOfam done!
2026-06-29 11:18:45,134 [INFO]: Filtering and saving results...
2026-06-29 11:18:45,206 [INFO]: Search against KOfam done!
2026-06-29 11:19:12,524 [INFO]: Filtering and saving results...
2026-06-29 11:19:12,564 [INFO]: Search against KOfam done!
2026-06-29 11:19:49,681 [INFO]: Filtering and saving results...
2026-06-29 11:19:49,768 [INFO]: Search against KOfam done!
2026-06-29 11:20:23,097 [INFO]: Filtering and saving results...
2026-06-29 11:20:23,151 [INFO]: Search against KOfam done!
2026-06-29 11:20:53,900 [INFO]: Filtering and saving results...
2026-06-29 11:20:53,933 [INFO]: Search against KOfam done!
2026-06-29 11:21:26,197 [INFO]: Filtering and saving results...
2026-06-29 11:21:26,263 [INFO]: Search against KOfam done!
2026-06-29 11:21:51,738 [INFO]: Filtering and saving results...
2026-06-29 11:21:51,788 [INFO]: Search against KOfam done!
2026-06-29 11:22:21,882 [INFO]: Filtering and saving results...
2026-06-29 11:22:21,944 [INFO]: Search against KOfam done!
2026-06-29 11:22:48,461 [INFO]: Filtering and saving results...
2026-06-29 11:22:48,515 [INFO]: Search against KOfam done!
2026-06-29 11:23:25,462 [INFO]: Filtering and saving results...
2026-06-29 11:23:25,525 [INFO]: Search against KOfam done!
2026-06-29 11:23:53,779 [INFO]: Filtering and saving results...
2026-06-29 11:23:53,833 [INFO]: Search against KOfam done!
2026-06-29 11:24:26,746 [INFO]: Filtering and saving results...
2026-06-29 11:24:26,823 [INFO]: Search against KOfam done!
2026-06-29 11:24:55,091 [INFO]: Filtering and saving results...
2026-06-29 11:24:55,154 [INFO]: Search against KOfam done!
2026-06-29 11:25:26,298 [INFO]: Filtering and saving results...
2026-06-29 11:25:26,357 [INFO]: Search against KOfam done!
2026-06-29 11:25:47,216 [INFO]: Filtering and saving results...
2026-06-29 11:25:47,267 [INFO]: Search against KOfam done!
2026-06-29 11:26:12,439 [INFO]: Filtering and saving results...
2026-06-29 11:26:12,491 [INFO]: Search against KOfam done!
2026-06-29 11:26:43,722 [INFO]: Filtering and saving results...
2026-06-29 11:26:43,783 [INFO]: Search against KOfam done!
2026-06-29 11:27:13,231 [INFO]: Filtering and saving results...
2026-06-29 11:27:13,311 [INFO]: Search against KOfam done!
2026-06-29 11:28:01,529 [INFO]: Filtering and saving results...
2026-06-29 11:28:01,659 [INFO]: Search against KOfam done!
2026-06-29 11:28:31,052 [INFO]: Filtering and saving results...
2026-06-29 11:28:31,114 [INFO]: Search against KOfam done!
2026-06-29 11:29:00,805 [INFO]: Filtering and saving results...
2026-06-29 11:29:00,857 [INFO]: Search against KOfam done!
2026-06-29 11:29:25,639 [INFO]: Filtering and saving results...
2026-06-29 11:29:25,688 [INFO]: Search against KOfam done!
2026-06-29 11:30:15,221 [INFO]: Filtering and saving results...
2026-06-29 11:30:15,291 [INFO]: Search against KOfam done!
2026-06-29 11:31:34,563 [INFO]: Filtering and saving results...
2026-06-29 11:31:34,693 [INFO]: Search against KOfam done!
2026-06-29 11:32:17,372 [INFO]: Filtering and saving results...
2026-06-29 11:32:17,448 [INFO]: Search against KOfam done!
2026-06-29 11:33:05,359 [INFO]: Filtering and saving results...
2026-06-29 11:33:05,443 [INFO]: Search against KOfam done!
2026-06-29 11:33:48,716 [INFO]: Filtering and saving results...
2026-06-29 11:33:48,765 [INFO]: Search against KOfam done!
2026-06-29 11:34:27,229 [INFO]: Filtering and saving results...
2026-06-29 11:34:27,300 [INFO]: Search against KOfam done!
2026-06-29 11:34:56,761 [INFO]: Filtering and saving results...
2026-06-29 11:34:56,820 [INFO]: Search against KOfam done!
2026-06-29 11:35:24,931 [INFO]: Filtering and saving results...
2026-06-29 11:35:24,991 [INFO]: Search against KOfam done!
2026-06-29 11:35:57,315 [INFO]: Filtering and saving results...
2026-06-29 11:35:57,382 [INFO]: Search against KOfam done!
2026-06-29 11:36:21,336 [INFO]: Filtering and saving results...
2026-06-29 11:36:21,381 [INFO]: Search against KOfam done!
2026-06-29 11:36:55,023 [INFO]: Filtering and saving results...
2026-06-29 11:36:55,093 [INFO]: Search against KOfam done!
2026-06-29 11:37:24,449 [INFO]: Filtering and saving results...
2026-06-29 11:37:24,520 [INFO]: Search against KOfam done!
2026-06-29 11:37:24,570 [INFO]: Searching proteins against Swissprot
2026-06-29 11:39:28,415 [INFO]: Extracting Swissprot annotation data
2026-06-29 11:42:40,326 [INFO]: Searching proteins against RefSeq
2026-06-29 13:45:32,660 [INFO]: Extracting RefSeq annotation data
2026-06-29 14:22:36,849 [INFO]: Searching proteins against Trembl
2026-06-29 16:32:06,660 [INFO]: Extracting Trembl annotation data
2026-06-29 16:32:07,337 [INFO]: Improving annotations by searching matches in other databases
2026-06-29 16:32:09,726 [INFO]: MicrobeAnnotator has finished succefully!
