=====================================================
Start Time  : Mon Jun 29 11:17:35 AM PDT 2026
Job ID/Name : 64666504 / pangenome
======================================================

[2026-06-29 11:17:35] ========== Microbeannotator for Pangenome Analysis started ==========
[2026-06-29 11:17:35] Job ID/Name : 64666504 / pangenome
[2026-06-29 11:17:35] Node: hpc-34-38.cm.cluster, CPUs: 32, Mem: 122880MB
[2026-06-29 11:17:42] Activated conda env: /resnick/groups/enviromics/zahra/miniconda3/envs/microbeannotator
[2026-06-29 11:17:42] Running Microbeannotator
Loading diamond/2.1.7-gcc-13.2.0-cfkl5pd
  Loading requirement: zlib-ng/2.1.3-gcc-13.2.0-jetnfwa
2026-06-29 11:17:49,064 [INFO]:  ---- This is MicrobeAnnotator v2.0.5 ---- 
2026-06-29 11:17:49,065 [INFO]: Validating user inputs
2026-06-29 11:17:49,173 [INFO]: Passed
2026-06-29 11:17:49,173 [INFO]: Processing 50 files. I will run 8 files in parallel with 4 threads per file.
2026-06-29 11:17:49,173 [INFO]: Running in no_plot mode. Skipping plotting KO summaries. 
2026-06-29 11:17:50,476 [INFO]: Searching proteins against KOfam profiles
2026-06-29 11:17:50,476 [INFO]: Parsing HMM profile metadata
2026-06-29 11:18:24,649 [INFO]: Filtering and saving results...
2026-06-29 11:18:24,739 [INFO]: Search against KOfam done!
2026-06-29 11:19:15,781 [INFO]: Filtering and saving results...
2026-06-29 11:19:15,916 [INFO]: Search against KOfam done!
2026-06-29 11:20:28,613 [INFO]: Filtering and saving results...
2026-06-29 11:20:28,739 [INFO]: Search against KOfam done!
2026-06-29 11:21:12,990 [INFO]: Filtering and saving results...
2026-06-29 11:21:13,105 [INFO]: Search against KOfam done!
2026-06-29 11:21:48,781 [INFO]: Filtering and saving results...
2026-06-29 11:21:48,866 [INFO]: Search against KOfam done!
2026-06-29 11:22:23,771 [INFO]: Filtering and saving results...
2026-06-29 11:22:23,853 [INFO]: Search against KOfam done!
2026-06-29 11:22:52,782 [INFO]: Filtering and saving results...
2026-06-29 11:22:52,884 [INFO]: Search against KOfam done!
2026-06-29 11:24:00,055 [INFO]: Filtering and saving results...
2026-06-29 11:24:00,223 [INFO]: Search against KOfam done!
2026-06-29 11:25:00,313 [INFO]: Filtering and saving results...
2026-06-29 11:25:00,546 [INFO]: Search against KOfam done!
2026-06-29 11:26:22,676 [INFO]: Filtering and saving results...
2026-06-29 11:26:22,842 [INFO]: Search against KOfam done!
2026-06-29 11:27:24,022 [INFO]: Filtering and saving results...
2026-06-29 11:27:24,172 [INFO]: Search against KOfam done!
2026-06-29 11:28:24,689 [INFO]: Filtering and saving results...
2026-06-29 11:28:24,877 [INFO]: Search against KOfam done!
2026-06-29 11:28:42,423 [INFO]: Filtering and saving results...
2026-06-29 11:28:42,456 [INFO]: Search against KOfam done!
2026-06-29 11:29:19,118 [INFO]: Filtering and saving results...
2026-06-29 11:29:19,212 [INFO]: Search against KOfam done!
2026-06-29 11:30:02,282 [INFO]: Filtering and saving results...
2026-06-29 11:30:02,363 [INFO]: Search against KOfam done!
2026-06-29 11:30:43,735 [INFO]: Filtering and saving results...
2026-06-29 11:30:43,853 [INFO]: Search against KOfam done!
2026-06-29 11:31:11,302 [INFO]: Filtering and saving results...
2026-06-29 11:31:11,377 [INFO]: Search against KOfam done!
2026-06-29 11:32:05,719 [INFO]: Filtering and saving results...
2026-06-29 11:32:05,836 [INFO]: Search against KOfam done!
2026-06-29 11:32:40,008 [INFO]: Filtering and saving results...
2026-06-29 11:32:40,094 [INFO]: Search against KOfam done!
2026-06-29 11:33:09,320 [INFO]: Filtering and saving results...
2026-06-29 11:33:09,386 [INFO]: Search against KOfam done!
2026-06-29 11:33:33,485 [INFO]: Filtering and saving results...
2026-06-29 11:33:33,553 [INFO]: Search against KOfam done!
2026-06-29 11:34:02,638 [INFO]: Filtering and saving results...
2026-06-29 11:34:02,703 [INFO]: Search against KOfam done!
2026-06-29 11:34:29,007 [INFO]: Filtering and saving results...
2026-06-29 11:34:29,057 [INFO]: Search against KOfam done!
2026-06-29 11:34:55,208 [INFO]: Filtering and saving results...
2026-06-29 11:34:55,261 [INFO]: Search against KOfam done!
2026-06-29 11:35:48,784 [INFO]: Filtering and saving results...
2026-06-29 11:35:48,909 [INFO]: Search against KOfam done!
2026-06-29 11:36:09,434 [INFO]: Filtering and saving results...
2026-06-29 11:36:09,480 [INFO]: Search against KOfam done!
2026-06-29 11:36:53,986 [INFO]: Filtering and saving results...
2026-06-29 11:36:54,422 [INFO]: Search against KOfam done!
2026-06-29 11:38:12,174 [INFO]: Filtering and saving results...
2026-06-29 11:38:12,276 [INFO]: Search against KOfam done!
2026-06-29 11:39:18,633 [INFO]: Filtering and saving results...
2026-06-29 11:39:18,781 [INFO]: Search against KOfam done!
2026-06-29 11:40:12,387 [INFO]: Filtering and saving results...
2026-06-29 11:40:12,506 [INFO]: Search against KOfam done!
2026-06-29 11:41:08,167 [INFO]: Filtering and saving results...
2026-06-29 11:41:08,327 [INFO]: Search against KOfam done!
2026-06-29 11:42:20,812 [INFO]: Filtering and saving results...
2026-06-29 11:42:21,020 [INFO]: Search against KOfam done!
2026-06-29 11:43:10,363 [INFO]: Filtering and saving results...
2026-06-29 11:43:10,477 [INFO]: Search against KOfam done!
2026-06-29 11:44:24,814 [INFO]: Filtering and saving results...
2026-06-29 11:44:25,030 [INFO]: Search against KOfam done!
2026-06-29 11:45:05,700 [INFO]: Filtering and saving results...
2026-06-29 11:45:05,764 [INFO]: Search against KOfam done!
2026-06-29 11:46:36,533 [INFO]: Filtering and saving results...
2026-06-29 11:46:36,778 [INFO]: Search against KOfam done!
2026-06-29 11:47:42,596 [INFO]: Filtering and saving results...
2026-06-29 11:47:42,773 [INFO]: Search against KOfam done!
2026-06-29 11:48:09,695 [INFO]: Filtering and saving results...
2026-06-29 11:48:09,763 [INFO]: Search against KOfam done!
2026-06-29 11:48:59,819 [INFO]: Filtering and saving results...
2026-06-29 11:48:59,934 [INFO]: Search against KOfam done!
2026-06-29 11:49:42,281 [INFO]: Filtering and saving results...
2026-06-29 11:49:42,382 [INFO]: Search against KOfam done!
2026-06-29 11:50:16,179 [INFO]: Filtering and saving results...
2026-06-29 11:50:16,277 [INFO]: Search against KOfam done!
2026-06-29 11:51:00,869 [INFO]: Filtering and saving results...
2026-06-29 11:51:00,968 [INFO]: Search against KOfam done!
2026-06-29 11:51:48,433 [INFO]: Filtering and saving results...
2026-06-29 11:51:48,554 [INFO]: Search against KOfam done!
2026-06-29 11:53:03,580 [INFO]: Filtering and saving results...
2026-06-29 11:53:03,714 [INFO]: Search against KOfam done!
2026-06-29 11:54:08,749 [INFO]: Filtering and saving results...
2026-06-29 11:54:08,907 [INFO]: Search against KOfam done!
2026-06-29 11:54:34,174 [INFO]: Filtering and saving results...
2026-06-29 11:54:34,245 [INFO]: Search against KOfam done!
2026-06-29 11:55:07,832 [INFO]: Filtering and saving results...
2026-06-29 11:55:07,900 [INFO]: Search against KOfam done!
2026-06-29 11:55:54,059 [INFO]: Filtering and saving results...
2026-06-29 11:55:54,157 [INFO]: Search against KOfam done!
2026-06-29 11:56:13,747 [INFO]: Filtering and saving results...
2026-06-29 11:56:13,804 [INFO]: Search against KOfam done!
2026-06-29 11:56:57,425 [INFO]: Filtering and saving results...
2026-06-29 11:56:57,534 [INFO]: Search against KOfam done!
2026-06-29 11:56:57,617 [INFO]: Searching proteins against Swissprot
2026-06-29 11:58:54,883 [INFO]: Extracting Swissprot annotation data
2026-06-29 12:03:45,525 [INFO]: Searching proteins against RefSeq
2026-06-29 14:06:23,904 [INFO]: Extracting RefSeq annotation data
2026-06-29 14:56:00,860 [INFO]: Searching proteins against Trembl
2026-06-29 17:08:23,476 [INFO]: Extracting Trembl annotation data
2026-06-29 17:08:23,934 [INFO]: Improving annotations by searching matches in other databases
2026-06-29 17:08:26,984 [INFO]: MicrobeAnnotator has finished succefully!
