=====================================================
Start Time  : Mon Jun 29 11:07:16 AM PDT 2026
Job ID/Name : 64666321 / pangenome
======================================================

[2026-06-29 11:07:16] ========== Microbeannotator for Pangenome Analysis started ==========
[2026-06-29 11:07:16] Job ID/Name : 64666321 / pangenome
[2026-06-29 11:07:16] Node: hpc-34-26.cm.cluster, CPUs: 32, Mem: 122880MB
[2026-06-29 11:07:24] Activated conda env: /resnick/groups/enviromics/zahra/miniconda3/envs/microbeannotator
[2026-06-29 11:07:24] Running Microbeannotator
Loading diamond/2.1.7-gcc-13.2.0-cfkl5pd
  Loading requirement: zlib-ng/2.1.3-gcc-13.2.0-jetnfwa
2026-06-29 11:07:31,352 [INFO]:  ---- This is MicrobeAnnotator v2.0.5 ---- 
2026-06-29 11:07:31,353 [INFO]: Validating user inputs
2026-06-29 11:07:31,465 [INFO]: Passed
2026-06-29 11:07:31,465 [INFO]: Processing 50 files. I will run 8 files in parallel with 4 threads per file.
2026-06-29 11:07:31,465 [INFO]: Running in no_plot mode. Skipping plotting KO summaries. 
2026-06-29 11:07:32,613 [INFO]: Searching proteins against KOfam profiles
2026-06-29 11:07:32,615 [INFO]: Parsing HMM profile metadata
2026-06-29 11:07:53,885 [INFO]: Filtering and saving results...
2026-06-29 11:07:53,956 [INFO]: Search against KOfam done!
2026-06-29 11:08:28,067 [INFO]: Filtering and saving results...
2026-06-29 11:08:28,128 [INFO]: Search against KOfam done!
2026-06-29 11:09:09,013 [INFO]: Filtering and saving results...
2026-06-29 11:09:09,116 [INFO]: Search against KOfam done!
2026-06-29 11:09:35,423 [INFO]: Filtering and saving results...
2026-06-29 11:09:35,501 [INFO]: Search against KOfam done!
2026-06-29 11:10:13,056 [INFO]: Filtering and saving results...
2026-06-29 11:10:13,134 [INFO]: Search against KOfam done!
2026-06-29 11:11:00,674 [INFO]: Filtering and saving results...
2026-06-29 11:11:00,762 [INFO]: Search against KOfam done!
2026-06-29 11:11:31,346 [INFO]: Filtering and saving results...
2026-06-29 11:11:31,414 [INFO]: Search against KOfam done!
2026-06-29 11:12:19,919 [INFO]: Filtering and saving results...
2026-06-29 11:12:20,064 [INFO]: Search against KOfam done!
2026-06-29 11:12:59,176 [INFO]: Filtering and saving results...
2026-06-29 11:12:59,255 [INFO]: Search against KOfam done!
2026-06-29 11:13:24,334 [INFO]: Filtering and saving results...
2026-06-29 11:13:24,403 [INFO]: Search against KOfam done!
2026-06-29 11:13:56,420 [INFO]: Filtering and saving results...
2026-06-29 11:13:56,503 [INFO]: Search against KOfam done!
2026-06-29 11:14:33,572 [INFO]: Filtering and saving results...
2026-06-29 11:14:33,637 [INFO]: Search against KOfam done!
2026-06-29 11:15:13,123 [INFO]: Filtering and saving results...
2026-06-29 11:15:13,209 [INFO]: Search against KOfam done!
2026-06-29 11:15:45,323 [INFO]: Filtering and saving results...
2026-06-29 11:15:45,391 [INFO]: Search against KOfam done!
2026-06-29 11:16:05,365 [INFO]: Filtering and saving results...
2026-06-29 11:16:05,418 [INFO]: Search against KOfam done!
2026-06-29 11:16:29,694 [INFO]: Filtering and saving results...
2026-06-29 11:16:29,752 [INFO]: Search against KOfam done!
2026-06-29 11:17:03,267 [INFO]: Filtering and saving results...
2026-06-29 11:17:03,325 [INFO]: Search against KOfam done!
2026-06-29 11:17:29,742 [INFO]: Filtering and saving results...
2026-06-29 11:17:29,834 [INFO]: Search against KOfam done!
2026-06-29 11:17:57,052 [INFO]: Filtering and saving results...
2026-06-29 11:17:57,115 [INFO]: Search against KOfam done!
2026-06-29 11:18:33,325 [INFO]: Filtering and saving results...
2026-06-29 11:18:33,400 [INFO]: Search against KOfam done!
2026-06-29 11:18:54,093 [INFO]: Filtering and saving results...
2026-06-29 11:18:54,143 [INFO]: Search against KOfam done!
2026-06-29 11:19:19,897 [INFO]: Filtering and saving results...
2026-06-29 11:19:19,960 [INFO]: Search against KOfam done!
2026-06-29 11:19:52,674 [INFO]: Filtering and saving results...
2026-06-29 11:19:52,755 [INFO]: Search against KOfam done!
2026-06-29 11:20:13,478 [INFO]: Filtering and saving results...
2026-06-29 11:20:13,546 [INFO]: Search against KOfam done!
2026-06-29 11:20:38,809 [INFO]: Filtering and saving results...
2026-06-29 11:20:38,878 [INFO]: Search against KOfam done!
2026-06-29 11:21:50,809 [INFO]: Filtering and saving results...
2026-06-29 11:21:50,907 [INFO]: Search against KOfam done!
2026-06-29 11:22:31,355 [INFO]: Filtering and saving results...
2026-06-29 11:22:31,440 [INFO]: Search against KOfam done!
2026-06-29 11:23:05,299 [INFO]: Filtering and saving results...
2026-06-29 11:23:05,383 [INFO]: Search against KOfam done!
2026-06-29 11:23:22,092 [INFO]: Filtering and saving results...
2026-06-29 11:23:22,145 [INFO]: Search against KOfam done!
2026-06-29 11:24:04,654 [INFO]: Filtering and saving results...
2026-06-29 11:24:04,730 [INFO]: Search against KOfam done!
2026-06-29 11:24:32,050 [INFO]: Filtering and saving results...
2026-06-29 11:24:32,109 [INFO]: Search against KOfam done!
2026-06-29 11:25:14,093 [INFO]: Filtering and saving results...
2026-06-29 11:25:14,240 [INFO]: Search against KOfam done!
2026-06-29 11:25:48,222 [INFO]: Filtering and saving results...
2026-06-29 11:25:48,301 [INFO]: Search against KOfam done!
2026-06-29 11:26:17,492 [INFO]: Filtering and saving results...
2026-06-29 11:26:17,529 [INFO]: Search against KOfam done!
2026-06-29 11:26:44,190 [INFO]: Filtering and saving results...
2026-06-29 11:26:44,274 [INFO]: Search against KOfam done!
2026-06-29 11:27:10,721 [INFO]: Filtering and saving results...
2026-06-29 11:27:10,760 [INFO]: Search against KOfam done!
2026-06-29 11:28:36,382 [INFO]: Filtering and saving results...
2026-06-29 11:28:36,524 [INFO]: Search against KOfam done!
2026-06-29 11:29:34,431 [INFO]: Filtering and saving results...
2026-06-29 11:29:34,573 [INFO]: Search against KOfam done!
2026-06-29 11:29:51,146 [INFO]: Filtering and saving results...
2026-06-29 11:29:51,180 [INFO]: Search against KOfam done!
2026-06-29 11:30:13,452 [INFO]: Filtering and saving results...
2026-06-29 11:30:13,493 [INFO]: Search against KOfam done!
2026-06-29 11:31:58,272 [INFO]: Filtering and saving results...
2026-06-29 11:31:58,449 [INFO]: Search against KOfam done!
2026-06-29 11:32:23,233 [INFO]: Filtering and saving results...
2026-06-29 11:32:23,295 [INFO]: Search against KOfam done!
2026-06-29 11:32:54,765 [INFO]: Filtering and saving results...
2026-06-29 11:32:54,877 [INFO]: Search against KOfam done!
2026-06-29 11:33:17,116 [INFO]: Filtering and saving results...
2026-06-29 11:33:17,154 [INFO]: Search against KOfam done!
2026-06-29 11:33:47,946 [INFO]: Filtering and saving results...
2026-06-29 11:33:48,003 [INFO]: Search against KOfam done!
2026-06-29 11:34:17,686 [INFO]: Filtering and saving results...
2026-06-29 11:34:17,735 [INFO]: Search against KOfam done!
2026-06-29 11:34:37,119 [INFO]: Filtering and saving results...
2026-06-29 11:34:37,174 [INFO]: Search against KOfam done!
2026-06-29 11:35:06,199 [INFO]: Filtering and saving results...
2026-06-29 11:35:06,302 [INFO]: Search against KOfam done!
2026-06-29 11:35:35,242 [INFO]: Filtering and saving results...
2026-06-29 11:35:35,294 [INFO]: Search against KOfam done!
2026-06-29 11:35:52,877 [INFO]: Filtering and saving results...
2026-06-29 11:35:52,932 [INFO]: Search against KOfam done!
2026-06-29 11:35:52,964 [INFO]: Searching proteins against Swissprot
2026-06-29 11:38:00,593 [INFO]: Extracting Swissprot annotation data
2026-06-29 11:39:22,580 [INFO]: Searching proteins against RefSeq
2026-06-29 13:44:39,728 [INFO]: Extracting RefSeq annotation data
2026-06-29 14:04:40,305 [INFO]: Searching proteins against Trembl
2026-06-29 16:12:49,339 [INFO]: Extracting Trembl annotation data
2026-06-29 16:12:49,784 [INFO]: Improving annotations by searching matches in other databases
2026-06-29 16:12:51,857 [INFO]: MicrobeAnnotator has finished succefully!
