=====================================================
Start Time  : Mon Jun 29 11:23:20 AM PDT 2026
Job ID/Name : 64666545 / pangenome
======================================================

[2026-06-29 11:23:20] ========== Microbeannotator for Pangenome Analysis started ==========
[2026-06-29 11:23:20] Job ID/Name : 64666545 / pangenome
[2026-06-29 11:23:20] Node: hpc-52-03.cm.cluster, CPUs: 32, Mem: 122880MB
[2026-06-29 11:23:26] Activated conda env: /resnick/groups/enviromics/zahra/miniconda3/envs/microbeannotator
[2026-06-29 11:23:26] Running Microbeannotator
Loading diamond/2.1.7-gcc-13.2.0-cfkl5pd
  Loading requirement: zlib-ng/2.1.3-gcc-13.2.0-jetnfwa
2026-06-29 11:23:30,281 [INFO]:  ---- This is MicrobeAnnotator v2.0.5 ---- 
2026-06-29 11:23:30,281 [INFO]: Validating user inputs
2026-06-29 11:23:30,373 [INFO]: Passed
2026-06-29 11:23:30,373 [INFO]: Processing 50 files. I will run 8 files in parallel with 4 threads per file.
2026-06-29 11:23:30,373 [INFO]: Running in no_plot mode. Skipping plotting KO summaries. 
2026-06-29 11:23:31,266 [INFO]: Searching proteins against KOfam profiles
2026-06-29 11:23:31,266 [INFO]: Parsing HMM profile metadata
2026-06-29 11:24:58,894 [INFO]: Filtering and saving results...
2026-06-29 11:24:59,048 [INFO]: Search against KOfam done!
2026-06-29 11:25:41,611 [INFO]: Filtering and saving results...
2026-06-29 11:25:41,684 [INFO]: Search against KOfam done!
2026-06-29 11:26:14,885 [INFO]: Filtering and saving results...
2026-06-29 11:26:14,960 [INFO]: Search against KOfam done!
2026-06-29 11:26:40,536 [INFO]: Filtering and saving results...
2026-06-29 11:26:40,588 [INFO]: Search against KOfam done!
2026-06-29 11:27:19,689 [INFO]: Filtering and saving results...
2026-06-29 11:27:19,763 [INFO]: Search against KOfam done!
2026-06-29 11:28:21,501 [INFO]: Filtering and saving results...
2026-06-29 11:28:21,627 [INFO]: Search against KOfam done!
2026-06-29 11:29:07,547 [INFO]: Filtering and saving results...
2026-06-29 11:29:07,622 [INFO]: Search against KOfam done!
2026-06-29 11:29:46,046 [INFO]: Filtering and saving results...
2026-06-29 11:29:46,097 [INFO]: Search against KOfam done!
2026-06-29 11:30:25,501 [INFO]: Filtering and saving results...
2026-06-29 11:30:25,549 [INFO]: Search against KOfam done!
2026-06-29 11:31:00,673 [INFO]: Filtering and saving results...
2026-06-29 11:31:00,740 [INFO]: Search against KOfam done!
2026-06-29 11:31:46,953 [INFO]: Filtering and saving results...
2026-06-29 11:31:47,023 [INFO]: Search against KOfam done!
2026-06-29 11:32:33,239 [INFO]: Filtering and saving results...
2026-06-29 11:32:33,320 [INFO]: Search against KOfam done!
2026-06-29 11:33:43,651 [INFO]: Filtering and saving results...
2026-06-29 11:33:43,809 [INFO]: Search against KOfam done!
2026-06-29 11:34:48,024 [INFO]: Filtering and saving results...
2026-06-29 11:34:48,136 [INFO]: Search against KOfam done!
2026-06-29 11:35:47,744 [INFO]: Filtering and saving results...
2026-06-29 11:35:47,843 [INFO]: Search against KOfam done!
2026-06-29 11:36:41,282 [INFO]: Filtering and saving results...
2026-06-29 11:36:41,388 [INFO]: Search against KOfam done!
2026-06-29 11:37:46,499 [INFO]: Filtering and saving results...
2026-06-29 11:37:46,621 [INFO]: Search against KOfam done!
2026-06-29 11:38:22,699 [INFO]: Filtering and saving results...
2026-06-29 11:38:22,776 [INFO]: Search against KOfam done!
2026-06-29 11:39:04,045 [INFO]: Filtering and saving results...
2026-06-29 11:39:04,138 [INFO]: Search against KOfam done!
2026-06-29 11:39:45,288 [INFO]: Filtering and saving results...
2026-06-29 11:39:45,360 [INFO]: Search against KOfam done!
2026-06-29 11:40:36,509 [INFO]: Filtering and saving results...
2026-06-29 11:40:36,607 [INFO]: Search against KOfam done!
2026-06-29 11:41:12,006 [INFO]: Filtering and saving results...
2026-06-29 11:41:12,073 [INFO]: Search against KOfam done!
2026-06-29 11:41:50,876 [INFO]: Filtering and saving results...
2026-06-29 11:41:50,966 [INFO]: Search against KOfam done!
2026-06-29 11:43:19,126 [INFO]: Filtering and saving results...
2026-06-29 11:43:19,343 [INFO]: Search against KOfam done!
2026-06-29 11:43:57,207 [INFO]: Filtering and saving results...
2026-06-29 11:43:57,278 [INFO]: Search against KOfam done!
2026-06-29 11:46:22,516 [INFO]: Filtering and saving results...
2026-06-29 11:46:22,650 [INFO]: Search against KOfam done!
2026-06-29 11:47:01,995 [INFO]: Filtering and saving results...
2026-06-29 11:47:02,077 [INFO]: Search against KOfam done!
2026-06-29 11:48:02,619 [INFO]: Filtering and saving results...
2026-06-29 11:48:02,725 [INFO]: Search against KOfam done!
2026-06-29 11:48:40,419 [INFO]: Filtering and saving results...
2026-06-29 11:48:40,492 [INFO]: Search against KOfam done!
2026-06-29 11:50:10,824 [INFO]: Filtering and saving results...
2026-06-29 11:50:11,021 [INFO]: Search against KOfam done!
2026-06-29 11:50:40,961 [INFO]: Filtering and saving results...
2026-06-29 11:50:41,024 [INFO]: Search against KOfam done!
2026-06-29 11:51:39,672 [INFO]: Filtering and saving results...
2026-06-29 11:51:39,781 [INFO]: Search against KOfam done!
2026-06-29 11:53:02,699 [INFO]: Filtering and saving results...
2026-06-29 11:53:02,854 [INFO]: Search against KOfam done!
2026-06-29 11:54:35,816 [INFO]: Filtering and saving results...
2026-06-29 11:54:35,988 [INFO]: Search against KOfam done!
2026-06-29 11:56:08,654 [INFO]: Filtering and saving results...
2026-06-29 11:56:08,823 [INFO]: Search against KOfam done!
2026-06-29 11:57:28,677 [INFO]: Filtering and saving results...
2026-06-29 11:57:28,820 [INFO]: Search against KOfam done!
2026-06-29 11:58:54,132 [INFO]: Filtering and saving results...
2026-06-29 11:58:54,523 [INFO]: Search against KOfam done!
2026-06-29 12:00:45,726 [INFO]: Filtering and saving results...
2026-06-29 12:00:45,961 [INFO]: Search against KOfam done!
2026-06-29 12:03:02,690 [INFO]: Filtering and saving results...
2026-06-29 12:03:02,986 [INFO]: Search against KOfam done!
2026-06-29 12:03:59,178 [INFO]: Filtering and saving results...
2026-06-29 12:03:59,269 [INFO]: Search against KOfam done!
2026-06-29 12:04:26,919 [INFO]: Filtering and saving results...
2026-06-29 12:04:26,969 [INFO]: Search against KOfam done!
2026-06-29 12:05:52,264 [INFO]: Filtering and saving results...
2026-06-29 12:05:52,454 [INFO]: Search against KOfam done!
2026-06-29 12:07:19,057 [INFO]: Filtering and saving results...
2026-06-29 12:07:19,257 [INFO]: Search against KOfam done!
2026-06-29 12:08:43,497 [INFO]: Filtering and saving results...
2026-06-29 12:08:43,702 [INFO]: Search against KOfam done!
2026-06-29 12:09:46,433 [INFO]: Filtering and saving results...
2026-06-29 12:09:46,550 [INFO]: Search against KOfam done!
2026-06-29 12:11:16,447 [INFO]: Filtering and saving results...
2026-06-29 12:11:16,552 [INFO]: Search against KOfam done!
2026-06-29 12:11:41,450 [INFO]: Filtering and saving results...
2026-06-29 12:11:41,506 [INFO]: Search against KOfam done!
2026-06-29 12:12:44,427 [INFO]: Filtering and saving results...
2026-06-29 12:12:44,524 [INFO]: Search against KOfam done!
2026-06-29 12:13:18,153 [INFO]: Filtering and saving results...
2026-06-29 12:13:18,223 [INFO]: Search against KOfam done!
2026-06-29 12:13:58,508 [INFO]: Filtering and saving results...
2026-06-29 12:13:58,619 [INFO]: Search against KOfam done!
2026-06-29 12:13:58,733 [INFO]: Searching proteins against Swissprot
2026-06-29 12:16:07,641 [INFO]: Extracting Swissprot annotation data
2026-06-29 12:20:42,859 [INFO]: Searching proteins against RefSeq
2026-06-29 14:52:28,974 [INFO]: Extracting RefSeq annotation data
2026-06-29 16:03:25,082 [INFO]: Searching proteins against Trembl
2026-06-29 18:52:04,614 [INFO]: Extracting Trembl annotation data
2026-06-29 18:52:05,052 [INFO]: Improving annotations by searching matches in other databases
2026-06-29 18:52:08,075 [INFO]: MicrobeAnnotator has finished succefully!
