=====================================================
Start Time  : Mon Jun 29 11:22:13 AM PDT 2026
Job ID/Name : 64666535 / pangenome
======================================================

[2026-06-29 11:22:13] ========== Microbeannotator for Pangenome Analysis started ==========
[2026-06-29 11:22:13] Job ID/Name : 64666535 / pangenome
[2026-06-29 11:22:13] Node: hpc-20-24.cm.cluster, CPUs: 32, Mem: 122880MB
[2026-06-29 11:22:17] Activated conda env: /resnick/groups/enviromics/zahra/miniconda3/envs/microbeannotator
[2026-06-29 11:22:17] Running Microbeannotator
Loading diamond/2.1.7-gcc-13.2.0-cfkl5pd
  Loading requirement: zlib-ng/2.1.3-gcc-13.2.0-jetnfwa
2026-06-29 11:22:20,835 [INFO]:  ---- This is MicrobeAnnotator v2.0.5 ---- 
2026-06-29 11:22:20,835 [INFO]: Validating user inputs
2026-06-29 11:22:20,938 [INFO]: Passed
2026-06-29 11:22:20,938 [INFO]: Processing 50 files. I will run 8 files in parallel with 4 threads per file.
2026-06-29 11:22:20,938 [INFO]: Running in no_plot mode. Skipping plotting KO summaries. 
2026-06-29 11:22:21,611 [INFO]: Searching proteins against KOfam profiles
2026-06-29 11:22:21,611 [INFO]: Parsing HMM profile metadata
2026-06-29 11:23:06,045 [INFO]: Filtering and saving results...
2026-06-29 11:23:06,118 [INFO]: Search against KOfam done!
2026-06-29 11:23:52,172 [INFO]: Filtering and saving results...
2026-06-29 11:23:52,254 [INFO]: Search against KOfam done!
2026-06-29 11:24:17,002 [INFO]: Filtering and saving results...
2026-06-29 11:24:17,050 [INFO]: Search against KOfam done!
2026-06-29 11:24:39,539 [INFO]: Filtering and saving results...
2026-06-29 11:24:39,581 [INFO]: Search against KOfam done!
2026-06-29 11:25:31,338 [INFO]: Filtering and saving results...
2026-06-29 11:25:31,426 [INFO]: Search against KOfam done!
2026-06-29 11:26:15,638 [INFO]: Filtering and saving results...
2026-06-29 11:26:15,720 [INFO]: Search against KOfam done!
2026-06-29 11:26:51,761 [INFO]: Filtering and saving results...
2026-06-29 11:26:51,829 [INFO]: Search against KOfam done!
2026-06-29 11:27:24,451 [INFO]: Filtering and saving results...
2026-06-29 11:27:24,500 [INFO]: Search against KOfam done!
2026-06-29 11:27:57,769 [INFO]: Filtering and saving results...
2026-06-29 11:27:57,835 [INFO]: Search against KOfam done!
2026-06-29 11:28:51,271 [INFO]: Filtering and saving results...
2026-06-29 11:28:51,345 [INFO]: Search against KOfam done!
2026-06-29 11:29:49,139 [INFO]: Filtering and saving results...
2026-06-29 11:29:49,220 [INFO]: Search against KOfam done!
2026-06-29 11:30:39,908 [INFO]: Filtering and saving results...
2026-06-29 11:30:40,034 [INFO]: Search against KOfam done!
2026-06-29 11:31:36,621 [INFO]: Filtering and saving results...
2026-06-29 11:31:36,704 [INFO]: Search against KOfam done!
2026-06-29 11:32:35,313 [INFO]: Filtering and saving results...
2026-06-29 11:32:35,402 [INFO]: Search against KOfam done!
2026-06-29 11:33:17,016 [INFO]: Filtering and saving results...
2026-06-29 11:33:17,102 [INFO]: Search against KOfam done!
2026-06-29 11:33:46,518 [INFO]: Filtering and saving results...
2026-06-29 11:33:46,586 [INFO]: Search against KOfam done!
2026-06-29 11:34:38,100 [INFO]: Filtering and saving results...
2026-06-29 11:34:38,197 [INFO]: Search against KOfam done!
2026-06-29 11:35:50,753 [INFO]: Filtering and saving results...
2026-06-29 11:35:50,853 [INFO]: Search against KOfam done!
2026-06-29 11:36:25,318 [INFO]: Filtering and saving results...
2026-06-29 11:36:25,390 [INFO]: Search against KOfam done!
2026-06-29 11:37:01,580 [INFO]: Filtering and saving results...
2026-06-29 11:37:01,649 [INFO]: Search against KOfam done!
2026-06-29 11:37:34,307 [INFO]: Filtering and saving results...
2026-06-29 11:37:34,379 [INFO]: Search against KOfam done!
2026-06-29 11:39:09,157 [INFO]: Filtering and saving results...
2026-06-29 11:39:09,319 [INFO]: Search against KOfam done!
2026-06-29 11:39:53,312 [INFO]: Filtering and saving results...
2026-06-29 11:39:53,360 [INFO]: Search against KOfam done!
2026-06-29 11:40:34,891 [INFO]: Filtering and saving results...
2026-06-29 11:40:34,953 [INFO]: Search against KOfam done!
2026-06-29 11:41:16,500 [INFO]: Filtering and saving results...
2026-06-29 11:41:16,559 [INFO]: Search against KOfam done!
2026-06-29 11:41:49,346 [INFO]: Filtering and saving results...
2026-06-29 11:41:49,404 [INFO]: Search against KOfam done!
2026-06-29 11:42:32,407 [INFO]: Filtering and saving results...
2026-06-29 11:42:32,468 [INFO]: Search against KOfam done!
2026-06-29 11:43:25,414 [INFO]: Filtering and saving results...
2026-06-29 11:43:25,480 [INFO]: Search against KOfam done!
2026-06-29 11:43:51,388 [INFO]: Filtering and saving results...
2026-06-29 11:43:51,412 [INFO]: Search against KOfam done!
2026-06-29 11:45:23,663 [INFO]: Filtering and saving results...
2026-06-29 11:45:23,734 [INFO]: Search against KOfam done!
2026-06-29 11:46:16,507 [INFO]: Filtering and saving results...
2026-06-29 11:46:16,587 [INFO]: Search against KOfam done!
2026-06-29 11:47:11,517 [INFO]: Filtering and saving results...
2026-06-29 11:47:11,603 [INFO]: Search against KOfam done!
2026-06-29 11:48:23,277 [INFO]: Filtering and saving results...
2026-06-29 11:48:23,393 [INFO]: Search against KOfam done!
2026-06-29 11:48:52,982 [INFO]: Filtering and saving results...
2026-06-29 11:48:53,030 [INFO]: Search against KOfam done!
2026-06-29 11:49:45,590 [INFO]: Filtering and saving results...
2026-06-29 11:49:45,659 [INFO]: Search against KOfam done!
2026-06-29 11:50:36,742 [INFO]: Filtering and saving results...
2026-06-29 11:50:36,815 [INFO]: Search against KOfam done!
2026-06-29 11:51:26,936 [INFO]: Filtering and saving results...
2026-06-29 11:51:27,014 [INFO]: Search against KOfam done!
2026-06-29 11:52:38,696 [INFO]: Filtering and saving results...
2026-06-29 11:52:38,831 [INFO]: Search against KOfam done!
2026-06-29 11:53:29,763 [INFO]: Filtering and saving results...
2026-06-29 11:53:29,828 [INFO]: Search against KOfam done!
2026-06-29 11:55:06,645 [INFO]: Filtering and saving results...
2026-06-29 11:55:06,801 [INFO]: Search against KOfam done!
2026-06-29 11:56:07,908 [INFO]: Filtering and saving results...
2026-06-29 11:56:07,997 [INFO]: Search against KOfam done!
2026-06-29 11:57:06,224 [INFO]: Filtering and saving results...
2026-06-29 11:57:06,313 [INFO]: Search against KOfam done!
2026-06-29 11:58:34,122 [INFO]: Filtering and saving results...
2026-06-29 11:58:34,255 [INFO]: Search against KOfam done!
2026-06-29 11:58:59,636 [INFO]: Filtering and saving results...
2026-06-29 11:58:59,668 [INFO]: Search against KOfam done!
2026-06-29 11:59:40,733 [INFO]: Filtering and saving results...
2026-06-29 11:59:40,815 [INFO]: Search against KOfam done!
2026-06-29 12:00:30,840 [INFO]: Filtering and saving results...
2026-06-29 12:00:30,898 [INFO]: Search against KOfam done!
2026-06-29 12:01:11,200 [INFO]: Filtering and saving results...
2026-06-29 12:01:11,256 [INFO]: Search against KOfam done!
2026-06-29 12:02:11,848 [INFO]: Filtering and saving results...
2026-06-29 12:02:11,934 [INFO]: Search against KOfam done!
2026-06-29 12:03:06,400 [INFO]: Filtering and saving results...
2026-06-29 12:03:06,538 [INFO]: Search against KOfam done!
2026-06-29 12:03:56,451 [INFO]: Filtering and saving results...
2026-06-29 12:03:56,513 [INFO]: Search against KOfam done!
2026-06-29 12:03:56,574 [INFO]: Searching proteins against Swissprot
2026-06-29 12:06:05,892 [INFO]: Extracting Swissprot annotation data
2026-06-29 12:16:51,507 [INFO]: Searching proteins against RefSeq
2026-06-29 14:42:28,648 [INFO]: Extracting RefSeq annotation data
2026-06-29 15:58:10,311 [INFO]: Searching proteins against Trembl
2026-06-29 18:33:18,431 [INFO]: Extracting Trembl annotation data
2026-06-29 18:33:18,797 [INFO]: Improving annotations by searching matches in other databases
2026-06-29 18:33:20,937 [INFO]: MicrobeAnnotator has finished succefully!
