=====================================================
Start Time  : Mon Jun 29 11:10:21 AM PDT 2026
Job ID/Name : 64666387 / pangenome
======================================================

[2026-06-29 11:10:21] ========== Microbeannotator for Pangenome Analysis started ==========
[2026-06-29 11:10:21] Job ID/Name : 64666387 / pangenome
[2026-06-29 11:10:21] Node: hpc-19-32.cm.cluster, CPUs: 32, Mem: 122880MB
[2026-06-29 11:10:27] Activated conda env: /resnick/groups/enviromics/zahra/miniconda3/envs/microbeannotator
[2026-06-29 11:10:27] Running Microbeannotator
Loading diamond/2.1.7-gcc-13.2.0-cfkl5pd
  Loading requirement: zlib-ng/2.1.3-gcc-13.2.0-jetnfwa
2026-06-29 11:10:32,213 [INFO]:  ---- This is MicrobeAnnotator v2.0.5 ---- 
2026-06-29 11:10:32,213 [INFO]: Validating user inputs
2026-06-29 11:10:32,308 [INFO]: Passed
2026-06-29 11:10:32,308 [INFO]: Processing 50 files. I will run 8 files in parallel with 4 threads per file.
2026-06-29 11:10:32,308 [INFO]: Running in no_plot mode. Skipping plotting KO summaries. 
2026-06-29 11:10:32,922 [INFO]: Searching proteins against KOfam profiles
2026-06-29 11:10:32,922 [INFO]: Parsing HMM profile metadata
2026-06-29 11:11:30,701 [INFO]: Filtering and saving results...
2026-06-29 11:11:30,787 [INFO]: Search against KOfam done!
2026-06-29 11:11:50,935 [INFO]: Filtering and saving results...
2026-06-29 11:11:50,975 [INFO]: Search against KOfam done!
2026-06-29 11:12:07,790 [INFO]: Filtering and saving results...
2026-06-29 11:12:07,828 [INFO]: Search against KOfam done!
2026-06-29 11:12:23,426 [INFO]: Filtering and saving results...
2026-06-29 11:12:23,460 [INFO]: Search against KOfam done!
2026-06-29 11:12:41,807 [INFO]: Filtering and saving results...
2026-06-29 11:12:41,840 [INFO]: Search against KOfam done!
2026-06-29 11:13:50,539 [INFO]: Filtering and saving results...
2026-06-29 11:13:50,702 [INFO]: Search against KOfam done!
2026-06-29 11:14:17,124 [INFO]: Filtering and saving results...
2026-06-29 11:14:17,180 [INFO]: Search against KOfam done!
2026-06-29 11:14:33,479 [INFO]: Filtering and saving results...
2026-06-29 11:14:33,509 [INFO]: Search against KOfam done!
2026-06-29 11:14:57,042 [INFO]: Filtering and saving results...
2026-06-29 11:14:57,092 [INFO]: Search against KOfam done!
2026-06-29 11:15:23,113 [INFO]: Filtering and saving results...
2026-06-29 11:15:23,163 [INFO]: Search against KOfam done!
2026-06-29 11:15:36,384 [INFO]: Filtering and saving results...
2026-06-29 11:15:36,420 [INFO]: Search against KOfam done!
2026-06-29 11:15:49,184 [INFO]: Filtering and saving results...
2026-06-29 11:15:49,203 [INFO]: Search against KOfam done!
2026-06-29 11:16:11,857 [INFO]: Filtering and saving results...
2026-06-29 11:16:11,904 [INFO]: Search against KOfam done!
2026-06-29 11:16:39,079 [INFO]: Filtering and saving results...
2026-06-29 11:16:39,135 [INFO]: Search against KOfam done!
2026-06-29 11:17:12,040 [INFO]: Filtering and saving results...
2026-06-29 11:17:12,109 [INFO]: Search against KOfam done!
2026-06-29 11:17:37,261 [INFO]: Filtering and saving results...
2026-06-29 11:17:37,317 [INFO]: Search against KOfam done!
2026-06-29 11:18:00,153 [INFO]: Filtering and saving results...
2026-06-29 11:18:00,206 [INFO]: Search against KOfam done!
2026-06-29 11:18:17,834 [INFO]: Filtering and saving results...
2026-06-29 11:18:17,865 [INFO]: Search against KOfam done!
2026-06-29 11:18:41,139 [INFO]: Filtering and saving results...
2026-06-29 11:18:41,192 [INFO]: Search against KOfam done!
2026-06-29 11:19:02,536 [INFO]: Filtering and saving results...
2026-06-29 11:19:02,581 [INFO]: Search against KOfam done!
2026-06-29 11:19:24,773 [INFO]: Filtering and saving results...
2026-06-29 11:19:24,817 [INFO]: Search against KOfam done!
2026-06-29 11:19:53,106 [INFO]: Filtering and saving results...
2026-06-29 11:19:53,152 [INFO]: Search against KOfam done!
2026-06-29 11:20:13,045 [INFO]: Filtering and saving results...
2026-06-29 11:20:13,099 [INFO]: Search against KOfam done!
2026-06-29 11:20:45,947 [INFO]: Filtering and saving results...
2026-06-29 11:20:46,014 [INFO]: Search against KOfam done!
2026-06-29 11:21:14,339 [INFO]: Filtering and saving results...
2026-06-29 11:21:14,387 [INFO]: Search against KOfam done!
2026-06-29 11:21:42,803 [INFO]: Filtering and saving results...
2026-06-29 11:21:42,857 [INFO]: Search against KOfam done!
2026-06-29 11:22:11,766 [INFO]: Filtering and saving results...
2026-06-29 11:22:11,816 [INFO]: Search against KOfam done!
2026-06-29 11:22:43,471 [INFO]: Filtering and saving results...
2026-06-29 11:22:43,528 [INFO]: Search against KOfam done!
2026-06-29 11:23:08,425 [INFO]: Filtering and saving results...
2026-06-29 11:23:08,469 [INFO]: Search against KOfam done!
2026-06-29 11:23:37,712 [INFO]: Filtering and saving results...
2026-06-29 11:23:37,784 [INFO]: Search against KOfam done!
2026-06-29 11:24:08,453 [INFO]: Filtering and saving results...
2026-06-29 11:24:08,514 [INFO]: Search against KOfam done!
2026-06-29 11:24:35,661 [INFO]: Filtering and saving results...
2026-06-29 11:24:35,709 [INFO]: Search against KOfam done!
2026-06-29 11:25:01,794 [INFO]: Filtering and saving results...
2026-06-29 11:25:01,844 [INFO]: Search against KOfam done!
2026-06-29 11:25:32,105 [INFO]: Filtering and saving results...
2026-06-29 11:25:32,154 [INFO]: Search against KOfam done!
2026-06-29 11:26:11,612 [INFO]: Filtering and saving results...
2026-06-29 11:26:11,679 [INFO]: Search against KOfam done!
2026-06-29 11:26:54,870 [INFO]: Filtering and saving results...
2026-06-29 11:26:54,951 [INFO]: Search against KOfam done!
2026-06-29 11:28:22,372 [INFO]: Filtering and saving results...
2026-06-29 11:28:22,490 [INFO]: Search against KOfam done!
2026-06-29 11:29:50,452 [INFO]: Filtering and saving results...
2026-06-29 11:29:50,584 [INFO]: Search against KOfam done!
2026-06-29 11:30:15,224 [INFO]: Filtering and saving results...
2026-06-29 11:30:15,273 [INFO]: Search against KOfam done!
2026-06-29 11:30:56,789 [INFO]: Filtering and saving results...
2026-06-29 11:30:56,864 [INFO]: Search against KOfam done!
2026-06-29 11:32:14,082 [INFO]: Filtering and saving results...
2026-06-29 11:32:14,220 [INFO]: Search against KOfam done!
2026-06-29 11:33:23,408 [INFO]: Filtering and saving results...
2026-06-29 11:33:23,555 [INFO]: Search against KOfam done!
2026-06-29 11:34:07,521 [INFO]: Filtering and saving results...
2026-06-29 11:34:07,611 [INFO]: Search against KOfam done!
2026-06-29 11:34:29,925 [INFO]: Filtering and saving results...
2026-06-29 11:34:29,972 [INFO]: Search against KOfam done!
2026-06-29 11:35:05,086 [INFO]: Filtering and saving results...
2026-06-29 11:35:05,153 [INFO]: Search against KOfam done!
2026-06-29 11:35:25,201 [INFO]: Filtering and saving results...
2026-06-29 11:35:25,233 [INFO]: Search against KOfam done!
2026-06-29 11:35:45,884 [INFO]: Filtering and saving results...
2026-06-29 11:35:45,923 [INFO]: Search against KOfam done!
2026-06-29 11:36:12,450 [INFO]: Filtering and saving results...
2026-06-29 11:36:12,496 [INFO]: Search against KOfam done!
2026-06-29 11:36:40,070 [INFO]: Filtering and saving results...
2026-06-29 11:36:40,116 [INFO]: Search against KOfam done!
2026-06-29 11:37:00,717 [INFO]: Filtering and saving results...
2026-06-29 11:37:00,756 [INFO]: Search against KOfam done!
2026-06-29 11:37:00,789 [INFO]: Searching proteins against Swissprot
2026-06-29 11:39:10,001 [INFO]: Extracting Swissprot annotation data
2026-06-29 11:40:37,821 [INFO]: Searching proteins against RefSeq
2026-06-29 13:44:51,143 [INFO]: Extracting RefSeq annotation data
2026-06-29 14:01:28,564 [INFO]: Searching proteins against Trembl
2026-06-29 16:08:48,590 [INFO]: Extracting Trembl annotation data
2026-06-29 16:08:49,020 [INFO]: Improving annotations by searching matches in other databases
2026-06-29 16:08:50,774 [INFO]: MicrobeAnnotator has finished succefully!
