=====================================================
Start Time  : Mon Jun 29 11:09:19 AM PDT 2026
Job ID/Name : 64666342 / pangenome
======================================================

[2026-06-29 11:09:19] ========== Microbeannotator for Pangenome Analysis started ==========
[2026-06-29 11:09:19] Job ID/Name : 64666342 / pangenome
[2026-06-29 11:09:19] Node: hpc-34-26.cm.cluster, CPUs: 32, Mem: 122880MB
[2026-06-29 11:09:23] Activated conda env: /resnick/groups/enviromics/zahra/miniconda3/envs/microbeannotator
[2026-06-29 11:09:23] Running Microbeannotator
Loading diamond/2.1.7-gcc-13.2.0-cfkl5pd
  Loading requirement: zlib-ng/2.1.3-gcc-13.2.0-jetnfwa
2026-06-29 11:09:26,290 [INFO]:  ---- This is MicrobeAnnotator v2.0.5 ---- 
2026-06-29 11:09:26,290 [INFO]: Validating user inputs
2026-06-29 11:09:26,454 [INFO]: Passed
2026-06-29 11:09:26,454 [INFO]: Processing 50 files. I will run 8 files in parallel with 4 threads per file.
2026-06-29 11:09:26,454 [INFO]: Running in no_plot mode. Skipping plotting KO summaries. 
2026-06-29 11:09:27,200 [INFO]: Searching proteins against KOfam profiles
2026-06-29 11:09:27,200 [INFO]: Parsing HMM profile metadata
2026-06-29 11:10:01,349 [INFO]: Filtering and saving results...
2026-06-29 11:10:01,421 [INFO]: Search against KOfam done!
2026-06-29 11:10:27,983 [INFO]: Filtering and saving results...
2026-06-29 11:10:28,059 [INFO]: Search against KOfam done!
2026-06-29 11:10:55,929 [INFO]: Filtering and saving results...
2026-06-29 11:10:55,986 [INFO]: Search against KOfam done!
2026-06-29 11:11:44,454 [INFO]: Filtering and saving results...
2026-06-29 11:11:44,559 [INFO]: Search against KOfam done!
2026-06-29 11:12:18,449 [INFO]: Filtering and saving results...
2026-06-29 11:12:18,525 [INFO]: Search against KOfam done!
2026-06-29 11:12:41,520 [INFO]: Filtering and saving results...
2026-06-29 11:12:41,580 [INFO]: Search against KOfam done!
2026-06-29 11:13:31,687 [INFO]: Filtering and saving results...
2026-06-29 11:13:31,795 [INFO]: Search against KOfam done!
2026-06-29 11:14:16,952 [INFO]: Filtering and saving results...
2026-06-29 11:14:17,010 [INFO]: Search against KOfam done!
2026-06-29 11:15:01,013 [INFO]: Filtering and saving results...
2026-06-29 11:15:01,105 [INFO]: Search against KOfam done!
2026-06-29 11:15:34,184 [INFO]: Filtering and saving results...
2026-06-29 11:15:34,261 [INFO]: Search against KOfam done!
2026-06-29 11:16:09,598 [INFO]: Filtering and saving results...
2026-06-29 11:16:09,714 [INFO]: Search against KOfam done!
2026-06-29 11:16:36,272 [INFO]: Filtering and saving results...
2026-06-29 11:16:36,355 [INFO]: Search against KOfam done!
2026-06-29 11:17:06,419 [INFO]: Filtering and saving results...
2026-06-29 11:17:06,497 [INFO]: Search against KOfam done!
2026-06-29 11:17:35,597 [INFO]: Filtering and saving results...
2026-06-29 11:17:35,655 [INFO]: Search against KOfam done!
2026-06-29 11:18:12,212 [INFO]: Filtering and saving results...
2026-06-29 11:18:12,359 [INFO]: Search against KOfam done!
2026-06-29 11:18:37,304 [INFO]: Filtering and saving results...
2026-06-29 11:18:37,359 [INFO]: Search against KOfam done!
2026-06-29 11:19:03,935 [INFO]: Filtering and saving results...
2026-06-29 11:19:04,002 [INFO]: Search against KOfam done!
2026-06-29 11:19:34,381 [INFO]: Filtering and saving results...
2026-06-29 11:19:34,453 [INFO]: Search against KOfam done!
2026-06-29 11:20:09,058 [INFO]: Filtering and saving results...
2026-06-29 11:20:09,112 [INFO]: Search against KOfam done!
2026-06-29 11:20:42,301 [INFO]: Filtering and saving results...
2026-06-29 11:20:42,375 [INFO]: Search against KOfam done!
2026-06-29 11:21:24,770 [INFO]: Filtering and saving results...
2026-06-29 11:21:24,850 [INFO]: Search against KOfam done!
2026-06-29 11:22:06,414 [INFO]: Filtering and saving results...
2026-06-29 11:22:06,493 [INFO]: Search against KOfam done!
2026-06-29 11:22:44,755 [INFO]: Filtering and saving results...
2026-06-29 11:22:44,836 [INFO]: Search against KOfam done!
2026-06-29 11:24:18,048 [INFO]: Filtering and saving results...
2026-06-29 11:24:18,217 [INFO]: Search against KOfam done!
2026-06-29 11:25:03,083 [INFO]: Filtering and saving results...
2026-06-29 11:25:03,171 [INFO]: Search against KOfam done!
2026-06-29 11:25:36,742 [INFO]: Filtering and saving results...
2026-06-29 11:25:36,837 [INFO]: Search against KOfam done!
2026-06-29 11:26:04,674 [INFO]: Filtering and saving results...
2026-06-29 11:26:04,723 [INFO]: Search against KOfam done!
2026-06-29 11:26:41,645 [INFO]: Filtering and saving results...
2026-06-29 11:26:41,702 [INFO]: Search against KOfam done!
2026-06-29 11:27:21,331 [INFO]: Filtering and saving results...
2026-06-29 11:27:21,435 [INFO]: Search against KOfam done!
2026-06-29 11:28:03,999 [INFO]: Filtering and saving results...
2026-06-29 11:28:04,083 [INFO]: Search against KOfam done!
2026-06-29 11:28:38,266 [INFO]: Filtering and saving results...
2026-06-29 11:28:38,352 [INFO]: Search against KOfam done!
2026-06-29 11:29:15,921 [INFO]: Filtering and saving results...
2026-06-29 11:29:15,980 [INFO]: Search against KOfam done!
2026-06-29 11:30:11,043 [INFO]: Filtering and saving results...
2026-06-29 11:30:11,192 [INFO]: Search against KOfam done!
2026-06-29 11:30:46,239 [INFO]: Filtering and saving results...
2026-06-29 11:30:46,300 [INFO]: Search against KOfam done!
2026-06-29 11:31:40,755 [INFO]: Filtering and saving results...
2026-06-29 11:31:40,837 [INFO]: Search against KOfam done!
2026-06-29 11:32:32,703 [INFO]: Filtering and saving results...
2026-06-29 11:32:32,779 [INFO]: Search against KOfam done!
2026-06-29 11:33:12,064 [INFO]: Filtering and saving results...
2026-06-29 11:33:12,129 [INFO]: Search against KOfam done!
2026-06-29 11:33:47,495 [INFO]: Filtering and saving results...
2026-06-29 11:33:47,578 [INFO]: Search against KOfam done!
2026-06-29 11:34:32,956 [INFO]: Filtering and saving results...
2026-06-29 11:34:33,057 [INFO]: Search against KOfam done!
2026-06-29 11:35:13,671 [INFO]: Filtering and saving results...
2026-06-29 11:35:13,746 [INFO]: Search against KOfam done!
2026-06-29 11:36:04,617 [INFO]: Filtering and saving results...
2026-06-29 11:36:04,695 [INFO]: Search against KOfam done!
2026-06-29 11:36:39,699 [INFO]: Filtering and saving results...
2026-06-29 11:36:39,778 [INFO]: Search against KOfam done!
2026-06-29 11:37:26,759 [INFO]: Filtering and saving results...
2026-06-29 11:37:26,838 [INFO]: Search against KOfam done!
2026-06-29 11:37:56,844 [INFO]: Filtering and saving results...
2026-06-29 11:37:56,907 [INFO]: Search against KOfam done!
2026-06-29 11:38:34,068 [INFO]: Filtering and saving results...
2026-06-29 11:38:34,152 [INFO]: Search against KOfam done!
2026-06-29 11:39:20,749 [INFO]: Filtering and saving results...
2026-06-29 11:39:20,861 [INFO]: Search against KOfam done!
2026-06-29 11:40:14,714 [INFO]: Filtering and saving results...
2026-06-29 11:40:14,816 [INFO]: Search against KOfam done!
2026-06-29 11:40:59,126 [INFO]: Filtering and saving results...
2026-06-29 11:40:59,206 [INFO]: Search against KOfam done!
2026-06-29 11:41:35,799 [INFO]: Filtering and saving results...
2026-06-29 11:41:35,853 [INFO]: Search against KOfam done!
2026-06-29 11:42:12,780 [INFO]: Filtering and saving results...
2026-06-29 11:42:12,848 [INFO]: Search against KOfam done!
2026-06-29 11:42:12,936 [INFO]: Searching proteins against Swissprot
2026-06-29 11:44:18,610 [INFO]: Extracting Swissprot annotation data
2026-06-29 11:51:51,940 [INFO]: Searching proteins against RefSeq
2026-06-29 14:00:24,531 [INFO]: Extracting RefSeq annotation data
2026-06-29 14:51:34,549 [INFO]: Searching proteins against Trembl
2026-06-29 17:01:03,511 [INFO]: Extracting Trembl annotation data
2026-06-29 17:01:04,118 [INFO]: Improving annotations by searching matches in other databases
2026-06-29 17:01:06,732 [INFO]: MicrobeAnnotator has finished succefully!
