=====================================================
Start Time  : Mon Jun 29 11:24:17 AM PDT 2026
Job ID/Name : 64666550 / pangenome
======================================================

[2026-06-29 11:24:17] ========== Microbeannotator for Pangenome Analysis started ==========
[2026-06-29 11:24:17] Job ID/Name : 64666550 / pangenome
[2026-06-29 11:24:17] Node: hpc-34-05.cm.cluster, CPUs: 32, Mem: 122880MB
[2026-06-29 11:24:24] Activated conda env: /resnick/groups/enviromics/zahra/miniconda3/envs/microbeannotator
[2026-06-29 11:24:24] Running Microbeannotator
Loading diamond/2.1.7-gcc-13.2.0-cfkl5pd
  Loading requirement: zlib-ng/2.1.3-gcc-13.2.0-jetnfwa
2026-06-29 11:24:30,671 [INFO]:  ---- This is MicrobeAnnotator v2.0.5 ---- 
2026-06-29 11:24:30,672 [INFO]: Validating user inputs
2026-06-29 11:24:30,862 [INFO]: Passed
2026-06-29 11:24:30,863 [INFO]: Processing 50 files. I will run 8 files in parallel with 4 threads per file.
2026-06-29 11:24:30,863 [INFO]: Running in no_plot mode. Skipping plotting KO summaries. 
2026-06-29 11:24:32,127 [INFO]: Searching proteins against KOfam profiles
2026-06-29 11:24:32,128 [INFO]: Parsing HMM profile metadata
2026-06-29 11:26:05,335 [INFO]: Filtering and saving results...
2026-06-29 11:26:05,507 [INFO]: Search against KOfam done!
2026-06-29 11:27:15,545 [INFO]: Filtering and saving results...
2026-06-29 11:27:15,690 [INFO]: Search against KOfam done!
2026-06-29 11:27:44,477 [INFO]: Filtering and saving results...
2026-06-29 11:27:44,582 [INFO]: Search against KOfam done!
2026-06-29 11:28:36,345 [INFO]: Filtering and saving results...
2026-06-29 11:28:36,505 [INFO]: Search against KOfam done!
2026-06-29 11:29:14,796 [INFO]: Filtering and saving results...
2026-06-29 11:29:14,864 [INFO]: Search against KOfam done!
2026-06-29 11:30:35,609 [INFO]: Filtering and saving results...
2026-06-29 11:30:35,731 [INFO]: Search against KOfam done!
2026-06-29 11:32:36,008 [INFO]: Filtering and saving results...
2026-06-29 11:32:36,152 [INFO]: Search against KOfam done!
2026-06-29 11:33:55,030 [INFO]: Filtering and saving results...
2026-06-29 11:33:55,204 [INFO]: Search against KOfam done!
2026-06-29 11:34:52,595 [INFO]: Filtering and saving results...
2026-06-29 11:34:52,684 [INFO]: Search against KOfam done!
2026-06-29 11:35:37,672 [INFO]: Filtering and saving results...
2026-06-29 11:35:37,754 [INFO]: Search against KOfam done!
2026-06-29 11:37:00,209 [INFO]: Filtering and saving results...
2026-06-29 11:37:00,352 [INFO]: Search against KOfam done!
2026-06-29 11:38:13,594 [INFO]: Filtering and saving results...
2026-06-29 11:38:13,761 [INFO]: Search against KOfam done!
2026-06-29 11:39:16,280 [INFO]: Filtering and saving results...
2026-06-29 11:39:16,421 [INFO]: Search against KOfam done!
2026-06-29 11:40:03,695 [INFO]: Filtering and saving results...
2026-06-29 11:40:03,798 [INFO]: Search against KOfam done!
2026-06-29 11:41:11,634 [INFO]: Filtering and saving results...
2026-06-29 11:41:11,800 [INFO]: Search against KOfam done!
2026-06-29 11:42:24,390 [INFO]: Filtering and saving results...
2026-06-29 11:42:24,525 [INFO]: Search against KOfam done!
2026-06-29 11:43:07,102 [INFO]: Filtering and saving results...
2026-06-29 11:43:07,188 [INFO]: Search against KOfam done!
2026-06-29 11:43:58,084 [INFO]: Filtering and saving results...
2026-06-29 11:43:58,149 [INFO]: Search against KOfam done!
2026-06-29 11:44:58,325 [INFO]: Filtering and saving results...
2026-06-29 11:44:58,452 [INFO]: Search against KOfam done!
2026-06-29 11:45:47,090 [INFO]: Filtering and saving results...
2026-06-29 11:45:47,153 [INFO]: Search against KOfam done!
2026-06-29 11:47:12,466 [INFO]: Filtering and saving results...
2026-06-29 11:47:12,584 [INFO]: Search against KOfam done!
2026-06-29 11:48:31,028 [INFO]: Filtering and saving results...
2026-06-29 11:48:31,166 [INFO]: Search against KOfam done!
2026-06-29 11:50:01,848 [INFO]: Filtering and saving results...
2026-06-29 11:50:02,020 [INFO]: Search against KOfam done!
2026-06-29 11:51:00,845 [INFO]: Filtering and saving results...
2026-06-29 11:51:00,968 [INFO]: Search against KOfam done!
2026-06-29 11:51:46,921 [INFO]: Filtering and saving results...
2026-06-29 11:51:47,002 [INFO]: Search against KOfam done!
2026-06-29 11:52:29,647 [INFO]: Filtering and saving results...
2026-06-29 11:52:29,715 [INFO]: Search against KOfam done!
2026-06-29 11:53:24,958 [INFO]: Filtering and saving results...
2026-06-29 11:53:25,058 [INFO]: Search against KOfam done!
2026-06-29 11:55:22,366 [INFO]: Filtering and saving results...
2026-06-29 11:55:22,549 [INFO]: Search against KOfam done!
2026-06-29 11:57:03,022 [INFO]: Filtering and saving results...
2026-06-29 11:57:03,243 [INFO]: Search against KOfam done!
2026-06-29 11:58:01,814 [INFO]: Filtering and saving results...
2026-06-29 11:58:01,929 [INFO]: Search against KOfam done!
2026-06-29 11:59:03,841 [INFO]: Filtering and saving results...
2026-06-29 11:59:03,964 [INFO]: Search against KOfam done!
2026-06-29 11:59:31,562 [INFO]: Filtering and saving results...
2026-06-29 11:59:31,619 [INFO]: Search against KOfam done!
2026-06-29 12:00:24,564 [INFO]: Filtering and saving results...
2026-06-29 12:00:24,673 [INFO]: Search against KOfam done!
2026-06-29 12:01:52,942 [INFO]: Filtering and saving results...
2026-06-29 12:01:53,155 [INFO]: Search against KOfam done!
2026-06-29 12:02:50,619 [INFO]: Filtering and saving results...
2026-06-29 12:02:50,745 [INFO]: Search against KOfam done!
2026-06-29 12:04:16,490 [INFO]: Filtering and saving results...
2026-06-29 12:04:16,650 [INFO]: Search against KOfam done!
2026-06-29 12:05:39,079 [INFO]: Filtering and saving results...
2026-06-29 12:05:39,252 [INFO]: Search against KOfam done!
2026-06-29 12:06:49,612 [INFO]: Filtering and saving results...
2026-06-29 12:06:49,738 [INFO]: Search against KOfam done!
2026-06-29 12:07:34,046 [INFO]: Filtering and saving results...
2026-06-29 12:07:34,119 [INFO]: Search against KOfam done!
2026-06-29 12:08:44,763 [INFO]: Filtering and saving results...
2026-06-29 12:08:44,901 [INFO]: Search against KOfam done!
2026-06-29 12:09:21,071 [INFO]: Filtering and saving results...
2026-06-29 12:09:21,132 [INFO]: Search against KOfam done!
2026-06-29 12:10:24,115 [INFO]: Filtering and saving results...
2026-06-29 12:10:24,243 [INFO]: Search against KOfam done!
2026-06-29 12:11:36,368 [INFO]: Filtering and saving results...
2026-06-29 12:11:36,500 [INFO]: Search against KOfam done!
2026-06-29 12:12:24,941 [INFO]: Filtering and saving results...
2026-06-29 12:12:25,036 [INFO]: Search against KOfam done!
2026-06-29 12:13:30,416 [INFO]: Filtering and saving results...
2026-06-29 12:13:30,549 [INFO]: Search against KOfam done!
2026-06-29 12:14:07,801 [INFO]: Filtering and saving results...
2026-06-29 12:14:07,863 [INFO]: Search against KOfam done!
2026-06-29 12:14:58,619 [INFO]: Filtering and saving results...
2026-06-29 12:14:58,715 [INFO]: Search against KOfam done!
2026-06-29 12:16:28,094 [INFO]: Filtering and saving results...
2026-06-29 12:16:28,241 [INFO]: Search against KOfam done!
2026-06-29 12:16:57,385 [INFO]: Filtering and saving results...
2026-06-29 12:16:57,447 [INFO]: Search against KOfam done!
2026-06-29 12:17:38,995 [INFO]: Filtering and saving results...
2026-06-29 12:17:39,113 [INFO]: Search against KOfam done!
2026-06-29 12:17:39,204 [INFO]: Searching proteins against Swissprot
2026-06-29 12:19:45,889 [INFO]: Extracting Swissprot annotation data
2026-06-29 12:22:31,015 [INFO]: Searching proteins against RefSeq
2026-06-29 14:51:24,936 [INFO]: Extracting RefSeq annotation data
2026-06-29 16:09:07,982 [INFO]: Searching proteins against Trembl
2026-06-29 18:38:24,881 [INFO]: Extracting Trembl annotation data
2026-06-29 18:38:25,368 [INFO]: Improving annotations by searching matches in other databases
2026-06-29 18:38:28,137 [INFO]: MicrobeAnnotator has finished succefully!
