=====================================================
Start Time  : Mon Jun 29 11:10:21 AM PDT 2026
Job ID/Name : 64666392 / pangenome
======================================================

[2026-06-29 11:10:21] ========== Microbeannotator for Pangenome Analysis started ==========
[2026-06-29 11:10:21] Job ID/Name : 64666392 / pangenome
[2026-06-29 11:10:21] Node: hpc-52-15.cm.cluster, CPUs: 32, Mem: 122880MB
[2026-06-29 11:10:28] Activated conda env: /resnick/groups/enviromics/zahra/miniconda3/envs/microbeannotator
[2026-06-29 11:10:28] Running Microbeannotator
Loading diamond/2.1.7-gcc-13.2.0-cfkl5pd
  Loading requirement: zlib-ng/2.1.3-gcc-13.2.0-jetnfwa
2026-06-29 11:10:34,517 [INFO]:  ---- This is MicrobeAnnotator v2.0.5 ---- 
2026-06-29 11:10:34,518 [INFO]: Validating user inputs
2026-06-29 11:10:34,617 [INFO]: Passed
2026-06-29 11:10:34,617 [INFO]: Processing 50 files. I will run 8 files in parallel with 4 threads per file.
2026-06-29 11:10:34,617 [INFO]: Running in no_plot mode. Skipping plotting KO summaries. 
2026-06-29 11:10:35,426 [INFO]: Searching proteins against KOfam profiles
2026-06-29 11:10:35,426 [INFO]: Parsing HMM profile metadata
2026-06-29 11:11:12,141 [INFO]: Filtering and saving results...
2026-06-29 11:11:12,218 [INFO]: Search against KOfam done!
2026-06-29 11:12:04,551 [INFO]: Filtering and saving results...
2026-06-29 11:12:04,630 [INFO]: Search against KOfam done!
2026-06-29 11:12:57,156 [INFO]: Filtering and saving results...
2026-06-29 11:12:57,259 [INFO]: Search against KOfam done!
2026-06-29 11:14:48,158 [INFO]: Filtering and saving results...
2026-06-29 11:14:48,280 [INFO]: Search against KOfam done!
2026-06-29 11:15:29,519 [INFO]: Filtering and saving results...
2026-06-29 11:15:29,588 [INFO]: Search against KOfam done!
2026-06-29 11:16:30,453 [INFO]: Filtering and saving results...
2026-06-29 11:16:30,588 [INFO]: Search against KOfam done!
2026-06-29 11:17:11,285 [INFO]: Filtering and saving results...
2026-06-29 11:17:11,364 [INFO]: Search against KOfam done!
2026-06-29 11:17:57,712 [INFO]: Filtering and saving results...
2026-06-29 11:17:57,826 [INFO]: Search against KOfam done!
2026-06-29 11:18:30,039 [INFO]: Filtering and saving results...
2026-06-29 11:18:30,103 [INFO]: Search against KOfam done!
2026-06-29 11:19:02,997 [INFO]: Filtering and saving results...
2026-06-29 11:19:03,072 [INFO]: Search against KOfam done!
2026-06-29 11:19:36,058 [INFO]: Filtering and saving results...
2026-06-29 11:19:36,135 [INFO]: Search against KOfam done!
2026-06-29 11:20:15,830 [INFO]: Filtering and saving results...
2026-06-29 11:20:15,919 [INFO]: Search against KOfam done!
2026-06-29 11:20:58,114 [INFO]: Filtering and saving results...
2026-06-29 11:20:58,201 [INFO]: Search against KOfam done!
2026-06-29 11:21:50,445 [INFO]: Filtering and saving results...
2026-06-29 11:21:50,552 [INFO]: Search against KOfam done!
2026-06-29 11:22:57,723 [INFO]: Filtering and saving results...
2026-06-29 11:22:57,858 [INFO]: Search against KOfam done!
2026-06-29 11:23:53,151 [INFO]: Filtering and saving results...
2026-06-29 11:23:53,261 [INFO]: Search against KOfam done!
2026-06-29 11:24:16,385 [INFO]: Filtering and saving results...
2026-06-29 11:24:16,430 [INFO]: Search against KOfam done!
2026-06-29 11:25:03,851 [INFO]: Filtering and saving results...
2026-06-29 11:25:03,938 [INFO]: Search against KOfam done!
2026-06-29 11:25:54,607 [INFO]: Filtering and saving results...
2026-06-29 11:25:54,707 [INFO]: Search against KOfam done!
2026-06-29 11:26:34,615 [INFO]: Filtering and saving results...
2026-06-29 11:26:34,697 [INFO]: Search against KOfam done!
2026-06-29 11:27:17,880 [INFO]: Filtering and saving results...
2026-06-29 11:27:17,971 [INFO]: Search against KOfam done!
2026-06-29 11:28:09,921 [INFO]: Filtering and saving results...
2026-06-29 11:28:10,026 [INFO]: Search against KOfam done!
2026-06-29 11:29:09,624 [INFO]: Filtering and saving results...
2026-06-29 11:29:09,757 [INFO]: Search against KOfam done!
2026-06-29 11:30:00,099 [INFO]: Filtering and saving results...
2026-06-29 11:30:00,179 [INFO]: Search against KOfam done!
2026-06-29 11:30:54,346 [INFO]: Filtering and saving results...
2026-06-29 11:30:54,435 [INFO]: Search against KOfam done!
2026-06-29 11:32:56,878 [INFO]: Filtering and saving results...
2026-06-29 11:32:56,991 [INFO]: Search against KOfam done!
2026-06-29 11:33:57,102 [INFO]: Filtering and saving results...
2026-06-29 11:33:57,227 [INFO]: Search against KOfam done!
2026-06-29 11:34:33,854 [INFO]: Filtering and saving results...
2026-06-29 11:34:33,920 [INFO]: Search against KOfam done!
2026-06-29 11:35:39,735 [INFO]: Filtering and saving results...
2026-06-29 11:35:39,899 [INFO]: Search against KOfam done!
2026-06-29 11:37:24,674 [INFO]: Filtering and saving results...
2026-06-29 11:37:24,800 [INFO]: Search against KOfam done!
2026-06-29 11:38:06,507 [INFO]: Filtering and saving results...
2026-06-29 11:38:06,613 [INFO]: Search against KOfam done!
2026-06-29 11:38:58,801 [INFO]: Filtering and saving results...
2026-06-29 11:38:58,884 [INFO]: Search against KOfam done!
2026-06-29 11:40:15,469 [INFO]: Filtering and saving results...
2026-06-29 11:40:15,610 [INFO]: Search against KOfam done!
2026-06-29 11:41:35,666 [INFO]: Filtering and saving results...
2026-06-29 11:41:35,781 [INFO]: Search against KOfam done!
2026-06-29 11:42:59,059 [INFO]: Filtering and saving results...
2026-06-29 11:42:59,152 [INFO]: Search against KOfam done!
2026-06-29 11:43:57,049 [INFO]: Filtering and saving results...
2026-06-29 11:43:57,148 [INFO]: Search against KOfam done!
2026-06-29 11:44:30,898 [INFO]: Filtering and saving results...
2026-06-29 11:44:30,969 [INFO]: Search against KOfam done!
2026-06-29 11:45:04,349 [INFO]: Filtering and saving results...
2026-06-29 11:45:04,415 [INFO]: Search against KOfam done!
2026-06-29 11:46:07,292 [INFO]: Filtering and saving results...
2026-06-29 11:46:07,386 [INFO]: Search against KOfam done!
2026-06-29 11:46:38,623 [INFO]: Filtering and saving results...
2026-06-29 11:46:38,667 [INFO]: Search against KOfam done!
2026-06-29 11:47:52,218 [INFO]: Filtering and saving results...
2026-06-29 11:47:52,303 [INFO]: Search against KOfam done!
2026-06-29 11:48:43,092 [INFO]: Filtering and saving results...
2026-06-29 11:48:43,178 [INFO]: Search against KOfam done!
2026-06-29 11:49:31,419 [INFO]: Filtering and saving results...
2026-06-29 11:49:31,510 [INFO]: Search against KOfam done!
2026-06-29 11:50:04,759 [INFO]: Filtering and saving results...
2026-06-29 11:50:04,838 [INFO]: Search against KOfam done!
2026-06-29 11:50:48,134 [INFO]: Filtering and saving results...
2026-06-29 11:50:48,219 [INFO]: Search against KOfam done!
2026-06-29 11:51:32,600 [INFO]: Filtering and saving results...
2026-06-29 11:51:32,695 [INFO]: Search against KOfam done!
2026-06-29 11:51:56,729 [INFO]: Filtering and saving results...
2026-06-29 11:51:56,761 [INFO]: Search against KOfam done!
2026-06-29 11:53:16,533 [INFO]: Filtering and saving results...
2026-06-29 11:53:16,677 [INFO]: Search against KOfam done!
2026-06-29 11:54:06,521 [INFO]: Filtering and saving results...
2026-06-29 11:54:06,627 [INFO]: Search against KOfam done!
2026-06-29 11:54:54,492 [INFO]: Filtering and saving results...
2026-06-29 11:54:54,592 [INFO]: Search against KOfam done!
2026-06-29 11:54:54,679 [INFO]: Searching proteins against Swissprot
2026-06-29 11:57:10,301 [INFO]: Extracting Swissprot annotation data
2026-06-29 12:00:49,516 [INFO]: Searching proteins against RefSeq
2026-06-29 14:50:57,019 [INFO]: Extracting RefSeq annotation data
2026-06-29 15:24:46,919 [INFO]: Searching proteins against Trembl
2026-06-29 18:22:09,164 [INFO]: Extracting Trembl annotation data
2026-06-29 18:22:09,603 [INFO]: Improving annotations by searching matches in other databases
2026-06-29 18:22:12,234 [INFO]: MicrobeAnnotator has finished succefully!
