=====================================================
Start Time  : Mon Jun 29 11:09:50 AM PDT 2026
Job ID/Name : 64666351 / pangenome
======================================================

[2026-06-29 11:09:50] ========== Microbeannotator for Pangenome Analysis started ==========
[2026-06-29 11:09:50] Job ID/Name : 64666351 / pangenome
[2026-06-29 11:09:50] Node: hpc-53-14.cm.cluster, CPUs: 32, Mem: 122880MB
[2026-06-29 11:09:58] Activated conda env: /resnick/groups/enviromics/zahra/miniconda3/envs/microbeannotator
[2026-06-29 11:09:58] Running Microbeannotator
Loading diamond/2.1.7-gcc-13.2.0-cfkl5pd
  Loading requirement: zlib-ng/2.1.3-gcc-13.2.0-jetnfwa
2026-06-29 11:10:05,615 [INFO]:  ---- This is MicrobeAnnotator v2.0.5 ---- 
2026-06-29 11:10:05,616 [INFO]: Validating user inputs
2026-06-29 11:10:05,776 [INFO]: Passed
2026-06-29 11:10:05,776 [INFO]: Processing 50 files. I will run 8 files in parallel with 4 threads per file.
2026-06-29 11:10:05,776 [INFO]: Running in no_plot mode. Skipping plotting KO summaries. 
2026-06-29 11:10:06,870 [INFO]: Searching proteins against KOfam profiles
2026-06-29 11:10:06,870 [INFO]: Parsing HMM profile metadata
2026-06-29 11:10:28,828 [INFO]: Filtering and saving results...
2026-06-29 11:10:28,887 [INFO]: Search against KOfam done!
2026-06-29 11:11:09,540 [INFO]: Filtering and saving results...
2026-06-29 11:11:09,619 [INFO]: Search against KOfam done!
2026-06-29 11:11:29,587 [INFO]: Filtering and saving results...
2026-06-29 11:11:29,641 [INFO]: Search against KOfam done!
2026-06-29 11:12:19,548 [INFO]: Filtering and saving results...
2026-06-29 11:12:19,647 [INFO]: Search against KOfam done!
2026-06-29 11:13:05,279 [INFO]: Filtering and saving results...
2026-06-29 11:13:05,380 [INFO]: Search against KOfam done!
2026-06-29 11:13:39,351 [INFO]: Filtering and saving results...
2026-06-29 11:13:39,453 [INFO]: Search against KOfam done!
2026-06-29 11:14:11,250 [INFO]: Filtering and saving results...
2026-06-29 11:14:11,310 [INFO]: Search against KOfam done!
2026-06-29 11:14:36,999 [INFO]: Filtering and saving results...
2026-06-29 11:14:37,059 [INFO]: Search against KOfam done!
2026-06-29 11:15:10,069 [INFO]: Filtering and saving results...
2026-06-29 11:15:10,142 [INFO]: Search against KOfam done!
2026-06-29 11:15:44,644 [INFO]: Filtering and saving results...
2026-06-29 11:15:44,723 [INFO]: Search against KOfam done!
2026-06-29 11:16:12,148 [INFO]: Filtering and saving results...
2026-06-29 11:16:12,204 [INFO]: Search against KOfam done!
2026-06-29 11:16:31,625 [INFO]: Filtering and saving results...
2026-06-29 11:16:31,649 [INFO]: Search against KOfam done!
2026-06-29 11:17:05,453 [INFO]: Filtering and saving results...
2026-06-29 11:17:05,507 [INFO]: Search against KOfam done!
2026-06-29 11:17:49,991 [INFO]: Filtering and saving results...
2026-06-29 11:17:50,086 [INFO]: Search against KOfam done!
2026-06-29 11:18:22,768 [INFO]: Filtering and saving results...
2026-06-29 11:18:22,819 [INFO]: Search against KOfam done!
2026-06-29 11:19:04,448 [INFO]: Filtering and saving results...
2026-06-29 11:19:04,528 [INFO]: Search against KOfam done!
2026-06-29 11:19:44,228 [INFO]: Filtering and saving results...
2026-06-29 11:19:44,303 [INFO]: Search against KOfam done!
2026-06-29 11:20:14,893 [INFO]: Filtering and saving results...
2026-06-29 11:20:14,957 [INFO]: Search against KOfam done!
2026-06-29 11:20:37,880 [INFO]: Filtering and saving results...
2026-06-29 11:20:37,938 [INFO]: Search against KOfam done!
2026-06-29 11:20:52,653 [INFO]: Filtering and saving results...
2026-06-29 11:20:52,700 [INFO]: Search against KOfam done!
2026-06-29 11:21:34,071 [INFO]: Filtering and saving results...
2026-06-29 11:21:34,161 [INFO]: Search against KOfam done!
2026-06-29 11:22:22,456 [INFO]: Filtering and saving results...
2026-06-29 11:22:22,568 [INFO]: Search against KOfam done!
2026-06-29 11:23:05,954 [INFO]: Filtering and saving results...
2026-06-29 11:23:06,042 [INFO]: Search against KOfam done!
2026-06-29 11:24:01,239 [INFO]: Filtering and saving results...
2026-06-29 11:24:01,331 [INFO]: Search against KOfam done!
2026-06-29 11:24:31,302 [INFO]: Filtering and saving results...
2026-06-29 11:24:31,367 [INFO]: Search against KOfam done!
2026-06-29 11:25:07,854 [INFO]: Filtering and saving results...
2026-06-29 11:25:07,921 [INFO]: Search against KOfam done!
2026-06-29 11:25:42,076 [INFO]: Filtering and saving results...
2026-06-29 11:25:42,150 [INFO]: Search against KOfam done!
2026-06-29 11:26:07,910 [INFO]: Filtering and saving results...
2026-06-29 11:26:07,974 [INFO]: Search against KOfam done!
2026-06-29 11:26:29,267 [INFO]: Filtering and saving results...
2026-06-29 11:26:29,328 [INFO]: Search against KOfam done!
2026-06-29 11:26:55,554 [INFO]: Filtering and saving results...
2026-06-29 11:26:55,600 [INFO]: Search against KOfam done!
2026-06-29 11:27:28,404 [INFO]: Filtering and saving results...
2026-06-29 11:27:28,473 [INFO]: Search against KOfam done!
2026-06-29 11:27:49,609 [INFO]: Filtering and saving results...
2026-06-29 11:27:49,670 [INFO]: Search against KOfam done!
2026-06-29 11:28:12,133 [INFO]: Filtering and saving results...
2026-06-29 11:28:12,190 [INFO]: Search against KOfam done!
2026-06-29 11:28:35,259 [INFO]: Filtering and saving results...
2026-06-29 11:28:35,321 [INFO]: Search against KOfam done!
2026-06-29 11:29:06,929 [INFO]: Filtering and saving results...
2026-06-29 11:29:07,002 [INFO]: Search against KOfam done!
2026-06-29 11:29:34,566 [INFO]: Filtering and saving results...
2026-06-29 11:29:34,630 [INFO]: Search against KOfam done!
2026-06-29 11:29:53,703 [INFO]: Filtering and saving results...
2026-06-29 11:29:53,754 [INFO]: Search against KOfam done!
2026-06-29 11:30:14,949 [INFO]: Filtering and saving results...
2026-06-29 11:30:15,002 [INFO]: Search against KOfam done!
2026-06-29 11:30:30,092 [INFO]: Filtering and saving results...
2026-06-29 11:30:30,138 [INFO]: Search against KOfam done!
2026-06-29 11:30:52,731 [INFO]: Filtering and saving results...
2026-06-29 11:30:52,785 [INFO]: Search against KOfam done!
2026-06-29 11:31:16,940 [INFO]: Filtering and saving results...
2026-06-29 11:31:17,003 [INFO]: Search against KOfam done!
2026-06-29 11:31:42,442 [INFO]: Filtering and saving results...
2026-06-29 11:31:42,505 [INFO]: Search against KOfam done!
2026-06-29 11:32:02,336 [INFO]: Filtering and saving results...
2026-06-29 11:32:02,388 [INFO]: Search against KOfam done!
2026-06-29 11:32:25,065 [INFO]: Filtering and saving results...
2026-06-29 11:32:25,127 [INFO]: Search against KOfam done!
2026-06-29 11:32:53,383 [INFO]: Filtering and saving results...
2026-06-29 11:32:53,444 [INFO]: Search against KOfam done!
2026-06-29 11:33:15,079 [INFO]: Filtering and saving results...
2026-06-29 11:33:15,116 [INFO]: Search against KOfam done!
2026-06-29 11:33:44,419 [INFO]: Filtering and saving results...
2026-06-29 11:33:44,483 [INFO]: Search against KOfam done!
2026-06-29 11:34:08,966 [INFO]: Filtering and saving results...
2026-06-29 11:34:09,030 [INFO]: Search against KOfam done!
2026-06-29 11:34:59,812 [INFO]: Filtering and saving results...
2026-06-29 11:34:59,890 [INFO]: Search against KOfam done!
2026-06-29 11:35:50,932 [INFO]: Filtering and saving results...
2026-06-29 11:35:51,020 [INFO]: Search against KOfam done!
2026-06-29 11:35:51,102 [INFO]: Searching proteins against Swissprot
2026-06-29 11:37:52,441 [INFO]: Extracting Swissprot annotation data
2026-06-29 11:39:26,523 [INFO]: Searching proteins against RefSeq
2026-06-29 13:45:31,798 [INFO]: Extracting RefSeq annotation data
2026-06-29 14:18:25,051 [INFO]: Searching proteins against Trembl
2026-06-29 16:34:27,377 [INFO]: Extracting Trembl annotation data
2026-06-29 16:34:27,896 [INFO]: Improving annotations by searching matches in other databases
2026-06-29 16:34:30,199 [INFO]: MicrobeAnnotator has finished succefully!
