=====================================================
Start Time  : Mon Jun 29 11:13:28 AM PDT 2026
Job ID/Name : 64666438 / pangenome
======================================================

[2026-06-29 11:13:28] ========== Microbeannotator for Pangenome Analysis started ==========
[2026-06-29 11:13:28] Job ID/Name : 64666438 / pangenome
[2026-06-29 11:13:28] Node: hpc-20-13.cm.cluster, CPUs: 32, Mem: 122880MB
[2026-06-29 11:13:33] Activated conda env: /resnick/groups/enviromics/zahra/miniconda3/envs/microbeannotator
[2026-06-29 11:13:33] Running Microbeannotator
Loading diamond/2.1.7-gcc-13.2.0-cfkl5pd
  Loading requirement: zlib-ng/2.1.3-gcc-13.2.0-jetnfwa
2026-06-29 11:13:37,913 [INFO]:  ---- This is MicrobeAnnotator v2.0.5 ---- 
2026-06-29 11:13:37,913 [INFO]: Validating user inputs
2026-06-29 11:13:38,098 [INFO]: Passed
2026-06-29 11:13:38,098 [INFO]: Processing 50 files. I will run 8 files in parallel with 4 threads per file.
2026-06-29 11:13:38,098 [INFO]: Running in no_plot mode. Skipping plotting KO summaries. 
2026-06-29 11:13:38,662 [INFO]: Searching proteins against KOfam profiles
2026-06-29 11:13:38,662 [INFO]: Parsing HMM profile metadata
2026-06-29 11:14:14,032 [INFO]: Filtering and saving results...
2026-06-29 11:14:14,094 [INFO]: Search against KOfam done!
2026-06-29 11:14:32,322 [INFO]: Filtering and saving results...
2026-06-29 11:14:32,352 [INFO]: Search against KOfam done!
2026-06-29 11:15:02,883 [INFO]: Filtering and saving results...
2026-06-29 11:15:02,933 [INFO]: Search against KOfam done!
2026-06-29 11:15:31,242 [INFO]: Filtering and saving results...
2026-06-29 11:15:31,289 [INFO]: Search against KOfam done!
2026-06-29 11:16:02,899 [INFO]: Filtering and saving results...
2026-06-29 11:16:02,960 [INFO]: Search against KOfam done!
2026-06-29 11:16:40,624 [INFO]: Filtering and saving results...
2026-06-29 11:16:40,686 [INFO]: Search against KOfam done!
2026-06-29 11:17:14,053 [INFO]: Filtering and saving results...
2026-06-29 11:17:14,105 [INFO]: Search against KOfam done!
2026-06-29 11:17:38,742 [INFO]: Filtering and saving results...
2026-06-29 11:17:38,783 [INFO]: Search against KOfam done!
2026-06-29 11:18:04,665 [INFO]: Filtering and saving results...
2026-06-29 11:18:04,707 [INFO]: Search against KOfam done!
2026-06-29 11:18:39,137 [INFO]: Filtering and saving results...
2026-06-29 11:18:39,198 [INFO]: Search against KOfam done!
2026-06-29 11:19:20,030 [INFO]: Filtering and saving results...
2026-06-29 11:19:20,101 [INFO]: Search against KOfam done!
2026-06-29 11:19:50,012 [INFO]: Filtering and saving results...
2026-06-29 11:19:50,057 [INFO]: Search against KOfam done!
2026-06-29 11:20:23,402 [INFO]: Filtering and saving results...
2026-06-29 11:20:23,457 [INFO]: Search against KOfam done!
2026-06-29 11:21:02,969 [INFO]: Filtering and saving results...
2026-06-29 11:21:03,020 [INFO]: Search against KOfam done!
2026-06-29 11:21:39,404 [INFO]: Filtering and saving results...
2026-06-29 11:21:39,468 [INFO]: Search against KOfam done!
2026-06-29 11:21:59,304 [INFO]: Filtering and saving results...
2026-06-29 11:21:59,322 [INFO]: Search against KOfam done!
2026-06-29 11:22:38,130 [INFO]: Filtering and saving results...
2026-06-29 11:22:38,195 [INFO]: Search against KOfam done!
2026-06-29 11:23:15,927 [INFO]: Filtering and saving results...
2026-06-29 11:23:15,982 [INFO]: Search against KOfam done!
2026-06-29 11:24:06,453 [INFO]: Filtering and saving results...
2026-06-29 11:24:06,534 [INFO]: Search against KOfam done!
2026-06-29 11:24:32,370 [INFO]: Filtering and saving results...
2026-06-29 11:24:32,413 [INFO]: Search against KOfam done!
2026-06-29 11:25:02,019 [INFO]: Filtering and saving results...
2026-06-29 11:25:02,069 [INFO]: Search against KOfam done!
2026-06-29 11:25:32,202 [INFO]: Filtering and saving results...
2026-06-29 11:25:32,248 [INFO]: Search against KOfam done!
2026-06-29 11:26:03,851 [INFO]: Filtering and saving results...
2026-06-29 11:26:03,898 [INFO]: Search against KOfam done!
2026-06-29 11:26:28,104 [INFO]: Filtering and saving results...
2026-06-29 11:26:28,149 [INFO]: Search against KOfam done!
2026-06-29 11:26:59,651 [INFO]: Filtering and saving results...
2026-06-29 11:26:59,703 [INFO]: Search against KOfam done!
2026-06-29 11:27:24,487 [INFO]: Filtering and saving results...
2026-06-29 11:27:24,521 [INFO]: Search against KOfam done!
2026-06-29 11:27:53,109 [INFO]: Filtering and saving results...
2026-06-29 11:27:53,154 [INFO]: Search against KOfam done!
2026-06-29 11:28:31,896 [INFO]: Filtering and saving results...
2026-06-29 11:28:31,973 [INFO]: Search against KOfam done!
2026-06-29 11:29:24,614 [INFO]: Filtering and saving results...
2026-06-29 11:29:24,685 [INFO]: Search against KOfam done!
2026-06-29 11:30:05,522 [INFO]: Filtering and saving results...
2026-06-29 11:30:05,599 [INFO]: Search against KOfam done!
2026-06-29 11:30:48,643 [INFO]: Filtering and saving results...
2026-06-29 11:30:48,723 [INFO]: Search against KOfam done!
2026-06-29 11:31:17,620 [INFO]: Filtering and saving results...
2026-06-29 11:31:17,669 [INFO]: Search against KOfam done!
2026-06-29 11:31:35,940 [INFO]: Filtering and saving results...
2026-06-29 11:31:35,973 [INFO]: Search against KOfam done!
2026-06-29 11:32:00,764 [INFO]: Filtering and saving results...
2026-06-29 11:32:00,796 [INFO]: Search against KOfam done!
2026-06-29 11:32:22,953 [INFO]: Filtering and saving results...
2026-06-29 11:32:22,988 [INFO]: Search against KOfam done!
2026-06-29 11:32:43,751 [INFO]: Filtering and saving results...
2026-06-29 11:32:43,785 [INFO]: Search against KOfam done!
2026-06-29 11:33:06,864 [INFO]: Filtering and saving results...
2026-06-29 11:33:06,906 [INFO]: Search against KOfam done!
2026-06-29 11:33:35,030 [INFO]: Filtering and saving results...
2026-06-29 11:33:35,077 [INFO]: Search against KOfam done!
2026-06-29 11:33:55,976 [INFO]: Filtering and saving results...
2026-06-29 11:33:56,011 [INFO]: Search against KOfam done!
2026-06-29 11:34:18,334 [INFO]: Filtering and saving results...
2026-06-29 11:34:18,369 [INFO]: Search against KOfam done!
2026-06-29 11:34:36,592 [INFO]: Filtering and saving results...
2026-06-29 11:34:36,619 [INFO]: Search against KOfam done!
2026-06-29 11:34:56,582 [INFO]: Filtering and saving results...
2026-06-29 11:34:56,616 [INFO]: Search against KOfam done!
2026-06-29 11:35:30,753 [INFO]: Filtering and saving results...
2026-06-29 11:35:30,807 [INFO]: Search against KOfam done!
2026-06-29 11:35:50,843 [INFO]: Filtering and saving results...
2026-06-29 11:35:50,879 [INFO]: Search against KOfam done!
2026-06-29 11:36:16,717 [INFO]: Filtering and saving results...
2026-06-29 11:36:16,831 [INFO]: Search against KOfam done!
2026-06-29 11:36:57,677 [INFO]: Filtering and saving results...
2026-06-29 11:36:57,739 [INFO]: Search against KOfam done!
2026-06-29 11:37:19,797 [INFO]: Filtering and saving results...
2026-06-29 11:37:19,833 [INFO]: Search against KOfam done!
2026-06-29 11:37:40,642 [INFO]: Filtering and saving results...
2026-06-29 11:37:40,678 [INFO]: Search against KOfam done!
2026-06-29 11:38:21,274 [INFO]: Filtering and saving results...
2026-06-29 11:38:21,322 [INFO]: Search against KOfam done!
2026-06-29 11:38:59,269 [INFO]: Filtering and saving results...
2026-06-29 11:38:59,332 [INFO]: Search against KOfam done!
2026-06-29 11:38:59,398 [INFO]: Searching proteins against Swissprot
2026-06-29 11:41:02,709 [INFO]: Extracting Swissprot annotation data
2026-06-29 11:48:30,285 [INFO]: Searching proteins against RefSeq
2026-06-29 13:55:38,092 [INFO]: Extracting RefSeq annotation data
2026-06-29 15:00:30,013 [INFO]: Searching proteins against Trembl
2026-06-29 17:14:01,887 [INFO]: Extracting Trembl annotation data
2026-06-29 17:14:02,282 [INFO]: Improving annotations by searching matches in other databases
2026-06-29 17:14:03,976 [INFO]: MicrobeAnnotator has finished succefully!
