=====================================================
Start Time  : Mon Jun 29 11:14:30 AM PDT 2026
Job ID/Name : 64666451 / pangenome
======================================================

[2026-06-29 11:14:30] ========== Microbeannotator for Pangenome Analysis started ==========
[2026-06-29 11:14:30] Job ID/Name : 64666451 / pangenome
[2026-06-29 11:14:30] Node: hpc-53-08.cm.cluster, CPUs: 32, Mem: 122880MB
[2026-06-29 11:14:33] Activated conda env: /resnick/groups/enviromics/zahra/miniconda3/envs/microbeannotator
[2026-06-29 11:14:33] Running Microbeannotator
Loading diamond/2.1.7-gcc-13.2.0-cfkl5pd
  Loading requirement: zlib-ng/2.1.3-gcc-13.2.0-jetnfwa
2026-06-29 11:14:36,149 [INFO]:  ---- This is MicrobeAnnotator v2.0.5 ---- 
2026-06-29 11:14:36,150 [INFO]: Validating user inputs
2026-06-29 11:14:36,278 [INFO]: Passed
2026-06-29 11:14:36,278 [INFO]: Processing 50 files. I will run 8 files in parallel with 4 threads per file.
2026-06-29 11:14:36,278 [INFO]: Running in no_plot mode. Skipping plotting KO summaries. 
2026-06-29 11:14:37,086 [INFO]: Searching proteins against KOfam profiles
2026-06-29 11:14:37,086 [INFO]: Parsing HMM profile metadata
2026-06-29 11:15:40,893 [INFO]: Filtering and saving results...
2026-06-29 11:15:41,055 [INFO]: Search against KOfam done!
2026-06-29 11:16:51,208 [INFO]: Filtering and saving results...
2026-06-29 11:16:51,379 [INFO]: Search against KOfam done!
2026-06-29 11:17:55,299 [INFO]: Filtering and saving results...
2026-06-29 11:17:55,435 [INFO]: Search against KOfam done!
2026-06-29 11:19:03,309 [INFO]: Filtering and saving results...
2026-06-29 11:19:03,437 [INFO]: Search against KOfam done!
2026-06-29 11:19:36,754 [INFO]: Filtering and saving results...
2026-06-29 11:19:36,819 [INFO]: Search against KOfam done!
2026-06-29 11:20:16,689 [INFO]: Filtering and saving results...
2026-06-29 11:20:16,766 [INFO]: Search against KOfam done!
2026-06-29 11:20:53,046 [INFO]: Filtering and saving results...
2026-06-29 11:20:53,126 [INFO]: Search against KOfam done!
2026-06-29 11:21:49,128 [INFO]: Filtering and saving results...
2026-06-29 11:21:49,232 [INFO]: Search against KOfam done!
2026-06-29 11:22:56,737 [INFO]: Filtering and saving results...
2026-06-29 11:22:56,903 [INFO]: Search against KOfam done!
2026-06-29 11:24:04,117 [INFO]: Filtering and saving results...
2026-06-29 11:24:04,256 [INFO]: Search against KOfam done!
2026-06-29 11:24:53,557 [INFO]: Filtering and saving results...
2026-06-29 11:24:53,648 [INFO]: Search against KOfam done!
2026-06-29 11:25:38,139 [INFO]: Filtering and saving results...
2026-06-29 11:25:38,222 [INFO]: Search against KOfam done!
2026-06-29 11:27:04,357 [INFO]: Filtering and saving results...
2026-06-29 11:27:04,531 [INFO]: Search against KOfam done!
2026-06-29 11:27:38,353 [INFO]: Filtering and saving results...
2026-06-29 11:27:38,416 [INFO]: Search against KOfam done!
2026-06-29 11:28:23,846 [INFO]: Filtering and saving results...
2026-06-29 11:28:23,952 [INFO]: Search against KOfam done!
2026-06-29 11:29:48,604 [INFO]: Filtering and saving results...
2026-06-29 11:29:48,754 [INFO]: Search against KOfam done!
2026-06-29 11:31:02,999 [INFO]: Filtering and saving results...
2026-06-29 11:31:03,146 [INFO]: Search against KOfam done!
2026-06-29 11:31:55,381 [INFO]: Filtering and saving results...
2026-06-29 11:31:55,489 [INFO]: Search against KOfam done!
2026-06-29 11:32:28,772 [INFO]: Filtering and saving results...
2026-06-29 11:32:28,832 [INFO]: Search against KOfam done!
2026-06-29 11:34:04,424 [INFO]: Filtering and saving results...
2026-06-29 11:34:04,577 [INFO]: Search against KOfam done!
2026-06-29 11:34:45,141 [INFO]: Filtering and saving results...
2026-06-29 11:34:45,228 [INFO]: Search against KOfam done!
2026-06-29 11:35:51,840 [INFO]: Filtering and saving results...
2026-06-29 11:35:51,972 [INFO]: Search against KOfam done!
2026-06-29 11:37:08,740 [INFO]: Filtering and saving results...
2026-06-29 11:37:08,867 [INFO]: Search against KOfam done!
2026-06-29 11:38:37,483 [INFO]: Filtering and saving results...
2026-06-29 11:38:37,607 [INFO]: Search against KOfam done!
2026-06-29 11:39:30,756 [INFO]: Filtering and saving results...
2026-06-29 11:39:30,835 [INFO]: Search against KOfam done!
2026-06-29 11:40:13,429 [INFO]: Filtering and saving results...
2026-06-29 11:40:13,511 [INFO]: Search against KOfam done!
2026-06-29 11:41:55,920 [INFO]: Filtering and saving results...
2026-06-29 11:41:56,043 [INFO]: Search against KOfam done!
2026-06-29 11:42:53,106 [INFO]: Filtering and saving results...
2026-06-29 11:42:53,277 [INFO]: Search against KOfam done!
2026-06-29 11:43:26,319 [INFO]: Filtering and saving results...
2026-06-29 11:43:26,430 [INFO]: Search against KOfam done!
2026-06-29 11:44:08,825 [INFO]: Filtering and saving results...
2026-06-29 11:44:08,909 [INFO]: Search against KOfam done!
2026-06-29 11:44:45,994 [INFO]: Filtering and saving results...
2026-06-29 11:44:46,078 [INFO]: Search against KOfam done!
2026-06-29 11:45:14,752 [INFO]: Filtering and saving results...
2026-06-29 11:45:14,825 [INFO]: Search against KOfam done!
2026-06-29 11:46:25,929 [INFO]: Filtering and saving results...
2026-06-29 11:46:26,126 [INFO]: Search against KOfam done!
2026-06-29 11:47:29,872 [INFO]: Filtering and saving results...
2026-06-29 11:47:30,046 [INFO]: Search against KOfam done!
2026-06-29 11:48:04,788 [INFO]: Filtering and saving results...
2026-06-29 11:48:04,868 [INFO]: Search against KOfam done!
2026-06-29 11:49:01,248 [INFO]: Filtering and saving results...
2026-06-29 11:49:01,338 [INFO]: Search against KOfam done!
2026-06-29 11:49:28,548 [INFO]: Filtering and saving results...
2026-06-29 11:49:28,584 [INFO]: Search against KOfam done!
2026-06-29 11:49:57,445 [INFO]: Filtering and saving results...
2026-06-29 11:49:57,510 [INFO]: Search against KOfam done!
2026-06-29 11:50:50,075 [INFO]: Filtering and saving results...
2026-06-29 11:50:50,185 [INFO]: Search against KOfam done!
2026-06-29 11:51:14,412 [INFO]: Filtering and saving results...
2026-06-29 11:51:14,486 [INFO]: Search against KOfam done!
2026-06-29 11:51:56,356 [INFO]: Filtering and saving results...
2026-06-29 11:51:56,448 [INFO]: Search against KOfam done!
2026-06-29 11:53:24,907 [INFO]: Filtering and saving results...
2026-06-29 11:53:25,038 [INFO]: Search against KOfam done!
2026-06-29 11:54:07,651 [INFO]: Filtering and saving results...
2026-06-29 11:54:07,729 [INFO]: Search against KOfam done!
2026-06-29 11:54:58,016 [INFO]: Filtering and saving results...
2026-06-29 11:54:58,095 [INFO]: Search against KOfam done!
2026-06-29 11:55:44,828 [INFO]: Filtering and saving results...
2026-06-29 11:55:44,935 [INFO]: Search against KOfam done!
2026-06-29 11:56:37,533 [INFO]: Filtering and saving results...
2026-06-29 11:56:37,624 [INFO]: Search against KOfam done!
2026-06-29 11:56:56,745 [INFO]: Filtering and saving results...
2026-06-29 11:56:56,779 [INFO]: Search against KOfam done!
2026-06-29 11:57:34,025 [INFO]: Filtering and saving results...
2026-06-29 11:57:34,101 [INFO]: Search against KOfam done!
2026-06-29 11:58:08,029 [INFO]: Filtering and saving results...
2026-06-29 11:58:08,089 [INFO]: Search against KOfam done!
2026-06-29 11:58:40,929 [INFO]: Filtering and saving results...
2026-06-29 11:58:41,021 [INFO]: Search against KOfam done!
2026-06-29 11:58:41,104 [INFO]: Searching proteins against Swissprot
2026-06-29 12:00:47,597 [INFO]: Extracting Swissprot annotation data
2026-06-29 12:09:26,904 [INFO]: Searching proteins against RefSeq
2026-06-29 14:14:25,362 [INFO]: Extracting RefSeq annotation data
2026-06-29 15:53:34,786 [INFO]: Searching proteins against Trembl
2026-06-29 18:03:51,777 [INFO]: Extracting Trembl annotation data
2026-06-29 18:03:52,185 [INFO]: Improving annotations by searching matches in other databases
2026-06-29 18:03:55,078 [INFO]: MicrobeAnnotator has finished succefully!
