=====================================================
Start Time  : Mon Jun 29 11:15:00 AM PDT 2026
Job ID/Name : 64666454 / pangenome
======================================================

[2026-06-29 11:15:00] ========== Microbeannotator for Pangenome Analysis started ==========
[2026-06-29 11:15:00] Job ID/Name : 64666454 / pangenome
[2026-06-29 11:15:00] Node: hpc-21-37.cm.cluster, CPUs: 32, Mem: 122880MB
[2026-06-29 11:15:03] Activated conda env: /resnick/groups/enviromics/zahra/miniconda3/envs/microbeannotator
[2026-06-29 11:15:03] Running Microbeannotator
Loading diamond/2.1.7-gcc-13.2.0-cfkl5pd
  Loading requirement: zlib-ng/2.1.3-gcc-13.2.0-jetnfwa
2026-06-29 11:15:05,146 [INFO]:  ---- This is MicrobeAnnotator v2.0.5 ---- 
2026-06-29 11:15:05,146 [INFO]: Validating user inputs
2026-06-29 11:15:05,252 [INFO]: Passed
2026-06-29 11:15:05,252 [INFO]: Processing 50 files. I will run 8 files in parallel with 4 threads per file.
2026-06-29 11:15:05,252 [INFO]: Running in no_plot mode. Skipping plotting KO summaries. 
2026-06-29 11:15:05,846 [INFO]: Searching proteins against KOfam profiles
2026-06-29 11:15:05,846 [INFO]: Parsing HMM profile metadata
2026-06-29 11:16:29,436 [INFO]: Filtering and saving results...
2026-06-29 11:16:29,671 [INFO]: Search against KOfam done!
2026-06-29 11:16:57,074 [INFO]: Filtering and saving results...
2026-06-29 11:16:57,114 [INFO]: Search against KOfam done!
2026-06-29 11:17:27,681 [INFO]: Filtering and saving results...
2026-06-29 11:17:27,732 [INFO]: Search against KOfam done!
2026-06-29 11:18:22,575 [INFO]: Filtering and saving results...
2026-06-29 11:18:22,662 [INFO]: Search against KOfam done!
2026-06-29 11:19:16,437 [INFO]: Filtering and saving results...
2026-06-29 11:19:16,526 [INFO]: Search against KOfam done!
2026-06-29 11:20:02,112 [INFO]: Filtering and saving results...
2026-06-29 11:20:02,199 [INFO]: Search against KOfam done!
2026-06-29 11:20:30,877 [INFO]: Filtering and saving results...
2026-06-29 11:20:30,922 [INFO]: Search against KOfam done!
2026-06-29 11:21:10,248 [INFO]: Filtering and saving results...
2026-06-29 11:21:10,317 [INFO]: Search against KOfam done!
2026-06-29 11:21:38,848 [INFO]: Filtering and saving results...
2026-06-29 11:21:38,900 [INFO]: Search against KOfam done!
2026-06-29 11:22:26,285 [INFO]: Filtering and saving results...
2026-06-29 11:22:26,366 [INFO]: Search against KOfam done!
2026-06-29 11:23:33,174 [INFO]: Filtering and saving results...
2026-06-29 11:23:33,273 [INFO]: Search against KOfam done!
2026-06-29 11:24:19,852 [INFO]: Filtering and saving results...
2026-06-29 11:24:19,916 [INFO]: Search against KOfam done!
2026-06-29 11:25:10,331 [INFO]: Filtering and saving results...
2026-06-29 11:25:10,415 [INFO]: Search against KOfam done!
2026-06-29 11:26:00,586 [INFO]: Filtering and saving results...
2026-06-29 11:26:00,665 [INFO]: Search against KOfam done!
2026-06-29 11:26:39,775 [INFO]: Filtering and saving results...
2026-06-29 11:26:39,838 [INFO]: Search against KOfam done!
2026-06-29 11:27:17,143 [INFO]: Filtering and saving results...
2026-06-29 11:27:17,196 [INFO]: Search against KOfam done!
2026-06-29 11:27:57,102 [INFO]: Filtering and saving results...
2026-06-29 11:27:57,165 [INFO]: Search against KOfam done!
2026-06-29 11:29:10,560 [INFO]: Filtering and saving results...
2026-06-29 11:29:10,692 [INFO]: Search against KOfam done!
2026-06-29 11:29:56,253 [INFO]: Filtering and saving results...
2026-06-29 11:29:56,333 [INFO]: Search against KOfam done!
2026-06-29 11:31:09,781 [INFO]: Filtering and saving results...
2026-06-29 11:31:09,888 [INFO]: Search against KOfam done!
2026-06-29 11:32:20,691 [INFO]: Filtering and saving results...
2026-06-29 11:32:20,826 [INFO]: Search against KOfam done!
2026-06-29 11:33:10,595 [INFO]: Filtering and saving results...
2026-06-29 11:33:10,701 [INFO]: Search against KOfam done!
2026-06-29 11:34:02,316 [INFO]: Filtering and saving results...
2026-06-29 11:34:02,409 [INFO]: Search against KOfam done!
2026-06-29 11:35:02,680 [INFO]: Filtering and saving results...
2026-06-29 11:35:02,773 [INFO]: Search against KOfam done!
2026-06-29 11:35:25,548 [INFO]: Filtering and saving results...
2026-06-29 11:35:25,591 [INFO]: Search against KOfam done!
2026-06-29 11:36:47,033 [INFO]: Filtering and saving results...
2026-06-29 11:36:47,191 [INFO]: Search against KOfam done!
2026-06-29 11:38:12,139 [INFO]: Filtering and saving results...
2026-06-29 11:38:12,353 [INFO]: Search against KOfam done!
2026-06-29 11:38:57,132 [INFO]: Filtering and saving results...
2026-06-29 11:38:57,206 [INFO]: Search against KOfam done!
2026-06-29 11:39:24,730 [INFO]: Filtering and saving results...
2026-06-29 11:39:24,779 [INFO]: Search against KOfam done!
2026-06-29 11:39:48,163 [INFO]: Filtering and saving results...
2026-06-29 11:39:48,189 [INFO]: Search against KOfam done!
2026-06-29 11:40:34,185 [INFO]: Filtering and saving results...
2026-06-29 11:40:34,252 [INFO]: Search against KOfam done!
2026-06-29 11:41:12,653 [INFO]: Filtering and saving results...
2026-06-29 11:41:12,716 [INFO]: Search against KOfam done!
2026-06-29 11:41:42,955 [INFO]: Filtering and saving results...
2026-06-29 11:41:43,005 [INFO]: Search against KOfam done!
2026-06-29 11:42:41,012 [INFO]: Filtering and saving results...
2026-06-29 11:42:41,086 [INFO]: Search against KOfam done!
2026-06-29 11:43:15,179 [INFO]: Filtering and saving results...
2026-06-29 11:43:15,246 [INFO]: Search against KOfam done!
2026-06-29 11:43:58,641 [INFO]: Filtering and saving results...
2026-06-29 11:43:58,706 [INFO]: Search against KOfam done!
2026-06-29 11:44:18,496 [INFO]: Filtering and saving results...
2026-06-29 11:44:18,533 [INFO]: Search against KOfam done!
2026-06-29 11:44:43,490 [INFO]: Filtering and saving results...
2026-06-29 11:44:43,539 [INFO]: Search against KOfam done!
2026-06-29 11:45:21,687 [INFO]: Filtering and saving results...
2026-06-29 11:45:21,748 [INFO]: Search against KOfam done!
2026-06-29 11:45:51,639 [INFO]: Filtering and saving results...
2026-06-29 11:45:51,692 [INFO]: Search against KOfam done!
2026-06-29 11:46:58,110 [INFO]: Filtering and saving results...
2026-06-29 11:46:58,204 [INFO]: Search against KOfam done!
2026-06-29 11:48:47,160 [INFO]: Filtering and saving results...
2026-06-29 11:48:47,274 [INFO]: Search against KOfam done!
2026-06-29 11:49:45,022 [INFO]: Filtering and saving results...
2026-06-29 11:49:45,125 [INFO]: Search against KOfam done!
2026-06-29 11:51:09,295 [INFO]: Filtering and saving results...
2026-06-29 11:51:09,442 [INFO]: Search against KOfam done!
2026-06-29 11:52:31,847 [INFO]: Filtering and saving results...
2026-06-29 11:52:31,998 [INFO]: Search against KOfam done!
2026-06-29 11:54:03,254 [INFO]: Filtering and saving results...
2026-06-29 11:54:03,384 [INFO]: Search against KOfam done!
2026-06-29 11:55:35,222 [INFO]: Filtering and saving results...
2026-06-29 11:55:35,409 [INFO]: Search against KOfam done!
2026-06-29 11:56:31,525 [INFO]: Filtering and saving results...
2026-06-29 11:56:31,619 [INFO]: Search against KOfam done!
2026-06-29 11:58:17,733 [INFO]: Filtering and saving results...
2026-06-29 11:58:17,878 [INFO]: Search against KOfam done!
2026-06-29 11:59:22,374 [INFO]: Filtering and saving results...
2026-06-29 11:59:22,503 [INFO]: Search against KOfam done!
2026-06-29 11:59:22,633 [INFO]: Searching proteins against Swissprot
2026-06-29 12:01:22,934 [INFO]: Extracting Swissprot annotation data
2026-06-29 12:09:43,107 [INFO]: Searching proteins against RefSeq
2026-06-29 14:18:48,241 [INFO]: Extracting RefSeq annotation data
2026-06-29 15:48:05,524 [INFO]: Searching proteins against Trembl
2026-06-29 18:04:41,408 [INFO]: Extracting Trembl annotation data
2026-06-29 18:04:41,772 [INFO]: Improving annotations by searching matches in other databases
2026-06-29 18:04:43,557 [INFO]: MicrobeAnnotator has finished succefully!
