=====================================================
Start Time  : Mon Jun 29 11:10:53 AM PDT 2026
Job ID/Name : 64666395 / pangenome
======================================================

[2026-06-29 11:10:53] ========== Microbeannotator for Pangenome Analysis started ==========
[2026-06-29 11:10:53] Job ID/Name : 64666395 / pangenome
[2026-06-29 11:10:53] Node: hpc-34-16.cm.cluster, CPUs: 32, Mem: 122880MB
[2026-06-29 11:10:56] Activated conda env: /resnick/groups/enviromics/zahra/miniconda3/envs/microbeannotator
[2026-06-29 11:10:57] Running Microbeannotator
Loading diamond/2.1.7-gcc-13.2.0-cfkl5pd
  Loading requirement: zlib-ng/2.1.3-gcc-13.2.0-jetnfwa
2026-06-29 11:11:00,067 [INFO]:  ---- This is MicrobeAnnotator v2.0.5 ---- 
2026-06-29 11:11:00,067 [INFO]: Validating user inputs
2026-06-29 11:11:00,225 [INFO]: Passed
2026-06-29 11:11:00,226 [INFO]: Processing 50 files. I will run 8 files in parallel with 4 threads per file.
2026-06-29 11:11:00,226 [INFO]: Running in no_plot mode. Skipping plotting KO summaries. 
2026-06-29 11:11:00,899 [INFO]: Searching proteins against KOfam profiles
2026-06-29 11:11:00,900 [INFO]: Parsing HMM profile metadata
2026-06-29 11:11:53,823 [INFO]: Filtering and saving results...
2026-06-29 11:11:53,941 [INFO]: Search against KOfam done!
2026-06-29 11:12:18,368 [INFO]: Filtering and saving results...
2026-06-29 11:12:18,432 [INFO]: Search against KOfam done!
2026-06-29 11:12:37,926 [INFO]: Filtering and saving results...
2026-06-29 11:12:37,986 [INFO]: Search against KOfam done!
2026-06-29 11:12:59,427 [INFO]: Filtering and saving results...
2026-06-29 11:12:59,464 [INFO]: Search against KOfam done!
2026-06-29 11:13:16,284 [INFO]: Filtering and saving results...
2026-06-29 11:13:16,328 [INFO]: Search against KOfam done!
2026-06-29 11:13:50,267 [INFO]: Filtering and saving results...
2026-06-29 11:13:50,328 [INFO]: Search against KOfam done!
2026-06-29 11:14:46,960 [INFO]: Filtering and saving results...
2026-06-29 11:14:47,059 [INFO]: Search against KOfam done!
2026-06-29 11:15:15,100 [INFO]: Filtering and saving results...
2026-06-29 11:15:15,151 [INFO]: Search against KOfam done!
2026-06-29 11:15:59,349 [INFO]: Filtering and saving results...
2026-06-29 11:15:59,420 [INFO]: Search against KOfam done!
2026-06-29 11:16:22,783 [INFO]: Filtering and saving results...
2026-06-29 11:16:22,823 [INFO]: Search against KOfam done!
2026-06-29 11:16:53,503 [INFO]: Filtering and saving results...
2026-06-29 11:16:53,548 [INFO]: Search against KOfam done!
2026-06-29 11:17:54,139 [INFO]: Filtering and saving results...
2026-06-29 11:17:54,242 [INFO]: Search against KOfam done!
2026-06-29 11:18:24,743 [INFO]: Filtering and saving results...
2026-06-29 11:18:24,799 [INFO]: Search against KOfam done!
2026-06-29 11:19:55,364 [INFO]: Filtering and saving results...
2026-06-29 11:19:55,616 [INFO]: Search against KOfam done!
2026-06-29 11:21:23,491 [INFO]: Filtering and saving results...
2026-06-29 11:21:23,596 [INFO]: Search against KOfam done!
2026-06-29 11:22:16,099 [INFO]: Filtering and saving results...
2026-06-29 11:22:16,175 [INFO]: Search against KOfam done!
2026-06-29 11:23:00,510 [INFO]: Filtering and saving results...
2026-06-29 11:23:00,594 [INFO]: Search against KOfam done!
2026-06-29 11:23:29,391 [INFO]: Filtering and saving results...
2026-06-29 11:23:29,457 [INFO]: Search against KOfam done!
2026-06-29 11:24:32,699 [INFO]: Filtering and saving results...
2026-06-29 11:24:32,779 [INFO]: Search against KOfam done!
2026-06-29 11:25:39,042 [INFO]: Filtering and saving results...
2026-06-29 11:25:39,126 [INFO]: Search against KOfam done!
2026-06-29 11:26:20,674 [INFO]: Filtering and saving results...
2026-06-29 11:26:20,765 [INFO]: Search against KOfam done!
2026-06-29 11:27:07,295 [INFO]: Filtering and saving results...
2026-06-29 11:27:07,376 [INFO]: Search against KOfam done!
2026-06-29 11:27:33,749 [INFO]: Filtering and saving results...
2026-06-29 11:27:33,801 [INFO]: Search against KOfam done!
2026-06-29 11:27:56,183 [INFO]: Filtering and saving results...
2026-06-29 11:27:56,241 [INFO]: Search against KOfam done!
2026-06-29 11:28:25,536 [INFO]: Filtering and saving results...
2026-06-29 11:28:25,584 [INFO]: Search against KOfam done!
2026-06-29 11:28:48,704 [INFO]: Filtering and saving results...
2026-06-29 11:28:48,751 [INFO]: Search against KOfam done!
2026-06-29 11:29:23,514 [INFO]: Filtering and saving results...
2026-06-29 11:29:23,587 [INFO]: Search against KOfam done!
2026-06-29 11:30:03,764 [INFO]: Filtering and saving results...
2026-06-29 11:30:03,842 [INFO]: Search against KOfam done!
2026-06-29 11:30:23,904 [INFO]: Filtering and saving results...
2026-06-29 11:30:23,941 [INFO]: Search against KOfam done!
2026-06-29 11:30:54,663 [INFO]: Filtering and saving results...
2026-06-29 11:30:54,715 [INFO]: Search against KOfam done!
2026-06-29 11:31:23,252 [INFO]: Filtering and saving results...
2026-06-29 11:31:23,316 [INFO]: Search against KOfam done!
2026-06-29 11:32:02,424 [INFO]: Filtering and saving results...
2026-06-29 11:32:02,498 [INFO]: Search against KOfam done!
2026-06-29 11:32:31,332 [INFO]: Filtering and saving results...
2026-06-29 11:32:31,386 [INFO]: Search against KOfam done!
2026-06-29 11:33:12,762 [INFO]: Filtering and saving results...
2026-06-29 11:33:12,818 [INFO]: Search against KOfam done!
2026-06-29 11:33:41,411 [INFO]: Filtering and saving results...
2026-06-29 11:33:41,456 [INFO]: Search against KOfam done!
2026-06-29 11:33:57,616 [INFO]: Filtering and saving results...
2026-06-29 11:33:57,659 [INFO]: Search against KOfam done!
2026-06-29 11:34:37,671 [INFO]: Filtering and saving results...
2026-06-29 11:34:37,757 [INFO]: Search against KOfam done!
2026-06-29 11:35:01,123 [INFO]: Filtering and saving results...
2026-06-29 11:35:01,170 [INFO]: Search against KOfam done!
2026-06-29 11:35:33,447 [INFO]: Filtering and saving results...
2026-06-29 11:35:33,512 [INFO]: Search against KOfam done!
2026-06-29 11:36:01,952 [INFO]: Filtering and saving results...
2026-06-29 11:36:02,024 [INFO]: Search against KOfam done!
2026-06-29 11:36:31,704 [INFO]: Filtering and saving results...
2026-06-29 11:36:31,770 [INFO]: Search against KOfam done!
2026-06-29 11:36:56,869 [INFO]: Filtering and saving results...
2026-06-29 11:36:56,918 [INFO]: Search against KOfam done!
2026-06-29 11:37:26,984 [INFO]: Filtering and saving results...
2026-06-29 11:37:27,052 [INFO]: Search against KOfam done!
2026-06-29 11:37:48,441 [INFO]: Filtering and saving results...
2026-06-29 11:37:48,497 [INFO]: Search against KOfam done!
2026-06-29 11:38:18,230 [INFO]: Filtering and saving results...
2026-06-29 11:38:18,293 [INFO]: Search against KOfam done!
2026-06-29 11:38:38,486 [INFO]: Filtering and saving results...
2026-06-29 11:38:38,536 [INFO]: Search against KOfam done!
2026-06-29 11:39:23,868 [INFO]: Filtering and saving results...
2026-06-29 11:39:23,951 [INFO]: Search against KOfam done!
2026-06-29 11:39:52,982 [INFO]: Filtering and saving results...
2026-06-29 11:39:53,055 [INFO]: Search against KOfam done!
2026-06-29 11:40:17,548 [INFO]: Filtering and saving results...
2026-06-29 11:40:17,626 [INFO]: Search against KOfam done!
2026-06-29 11:40:48,630 [INFO]: Filtering and saving results...
2026-06-29 11:40:48,685 [INFO]: Search against KOfam done!
2026-06-29 11:40:48,746 [INFO]: Searching proteins against Swissprot
2026-06-29 11:42:59,185 [INFO]: Extracting Swissprot annotation data
2026-06-29 11:52:50,876 [INFO]: Searching proteins against RefSeq
2026-06-29 13:52:08,016 [INFO]: Extracting RefSeq annotation data
2026-06-29 14:56:59,030 [INFO]: Searching proteins against Trembl
2026-06-29 17:03:23,926 [INFO]: Extracting Trembl annotation data
2026-06-29 17:03:24,411 [INFO]: Improving annotations by searching matches in other databases
2026-06-29 17:03:26,683 [INFO]: MicrobeAnnotator has finished succefully!
