=====================================================
Start Time  : Mon Jun 29 11:14:03 AM PDT 2026
Job ID/Name : 64666442 / pangenome
======================================================

[2026-06-29 11:14:03] ========== Microbeannotator for Pangenome Analysis started ==========
[2026-06-29 11:14:03] Job ID/Name : 64666442 / pangenome
[2026-06-29 11:14:03] Node: hpc-54-09.cm.cluster, CPUs: 32, Mem: 122880MB
[2026-06-29 11:14:08] Activated conda env: /resnick/groups/enviromics/zahra/miniconda3/envs/microbeannotator
[2026-06-29 11:14:08] Running Microbeannotator
Loading diamond/2.1.7-gcc-13.2.0-cfkl5pd
  Loading requirement: zlib-ng/2.1.3-gcc-13.2.0-jetnfwa
2026-06-29 11:14:13,723 [INFO]:  ---- This is MicrobeAnnotator v2.0.5 ---- 
2026-06-29 11:14:13,724 [INFO]: Validating user inputs
2026-06-29 11:14:13,837 [INFO]: Passed
2026-06-29 11:14:13,837 [INFO]: Processing 50 files. I will run 8 files in parallel with 4 threads per file.
2026-06-29 11:14:13,837 [INFO]: Running in no_plot mode. Skipping plotting KO summaries. 
2026-06-29 11:14:14,740 [INFO]: Searching proteins against KOfam profiles
2026-06-29 11:14:14,740 [INFO]: Parsing HMM profile metadata
2026-06-29 11:14:54,724 [INFO]: Filtering and saving results...
2026-06-29 11:14:54,794 [INFO]: Search against KOfam done!
2026-06-29 11:15:32,000 [INFO]: Filtering and saving results...
2026-06-29 11:15:32,071 [INFO]: Search against KOfam done!
2026-06-29 11:16:40,544 [INFO]: Filtering and saving results...
2026-06-29 11:16:40,674 [INFO]: Search against KOfam done!
2026-06-29 11:17:48,353 [INFO]: Filtering and saving results...
2026-06-29 11:17:48,458 [INFO]: Search against KOfam done!
2026-06-29 11:18:28,876 [INFO]: Filtering and saving results...
2026-06-29 11:18:28,941 [INFO]: Search against KOfam done!
2026-06-29 11:19:36,131 [INFO]: Filtering and saving results...
2026-06-29 11:19:36,247 [INFO]: Search against KOfam done!
2026-06-29 11:20:10,154 [INFO]: Filtering and saving results...
2026-06-29 11:20:10,353 [INFO]: Search against KOfam done!
2026-06-29 11:20:50,231 [INFO]: Filtering and saving results...
2026-06-29 11:20:50,313 [INFO]: Search against KOfam done!
2026-06-29 11:22:00,227 [INFO]: Filtering and saving results...
2026-06-29 11:22:00,379 [INFO]: Search against KOfam done!
2026-06-29 11:22:38,986 [INFO]: Filtering and saving results...
2026-06-29 11:22:39,053 [INFO]: Search against KOfam done!
2026-06-29 11:23:51,419 [INFO]: Filtering and saving results...
2026-06-29 11:23:51,596 [INFO]: Search against KOfam done!
2026-06-29 11:24:27,971 [INFO]: Filtering and saving results...
2026-06-29 11:24:28,047 [INFO]: Search against KOfam done!
2026-06-29 11:25:12,500 [INFO]: Filtering and saving results...
2026-06-29 11:25:12,589 [INFO]: Search against KOfam done!
2026-06-29 11:25:44,244 [INFO]: Filtering and saving results...
2026-06-29 11:25:44,288 [INFO]: Search against KOfam done!
2026-06-29 11:27:51,742 [INFO]: Filtering and saving results...
2026-06-29 11:27:52,008 [INFO]: Search against KOfam done!
2026-06-29 11:28:26,940 [INFO]: Filtering and saving results...
2026-06-29 11:28:27,005 [INFO]: Search against KOfam done!
2026-06-29 11:29:09,556 [INFO]: Filtering and saving results...
2026-06-29 11:29:09,640 [INFO]: Search against KOfam done!
2026-06-29 11:29:54,786 [INFO]: Filtering and saving results...
2026-06-29 11:29:54,879 [INFO]: Search against KOfam done!
2026-06-29 11:30:41,670 [INFO]: Filtering and saving results...
2026-06-29 11:30:41,743 [INFO]: Search against KOfam done!
2026-06-29 11:31:00,098 [INFO]: Filtering and saving results...
2026-06-29 11:31:00,122 [INFO]: Search against KOfam done!
2026-06-29 11:32:35,906 [INFO]: Filtering and saving results...
2026-06-29 11:32:36,000 [INFO]: Search against KOfam done!
2026-06-29 11:33:18,643 [INFO]: Filtering and saving results...
2026-06-29 11:33:18,725 [INFO]: Search against KOfam done!
2026-06-29 11:33:49,616 [INFO]: Filtering and saving results...
2026-06-29 11:33:49,677 [INFO]: Search against KOfam done!
2026-06-29 11:34:14,536 [INFO]: Filtering and saving results...
2026-06-29 11:34:14,591 [INFO]: Search against KOfam done!
2026-06-29 11:34:43,348 [INFO]: Filtering and saving results...
2026-06-29 11:34:43,403 [INFO]: Search against KOfam done!
2026-06-29 11:35:26,495 [INFO]: Filtering and saving results...
2026-06-29 11:35:26,583 [INFO]: Search against KOfam done!
2026-06-29 11:36:06,311 [INFO]: Filtering and saving results...
2026-06-29 11:36:06,384 [INFO]: Search against KOfam done!
2026-06-29 11:36:45,677 [INFO]: Filtering and saving results...
2026-06-29 11:36:45,755 [INFO]: Search against KOfam done!
2026-06-29 11:37:16,656 [INFO]: Filtering and saving results...
2026-06-29 11:37:16,726 [INFO]: Search against KOfam done!
2026-06-29 11:38:02,740 [INFO]: Filtering and saving results...
2026-06-29 11:38:02,831 [INFO]: Search against KOfam done!
2026-06-29 11:38:40,230 [INFO]: Filtering and saving results...
2026-06-29 11:38:40,307 [INFO]: Search against KOfam done!
2026-06-29 11:39:54,210 [INFO]: Filtering and saving results...
2026-06-29 11:39:54,321 [INFO]: Search against KOfam done!
2026-06-29 11:40:22,270 [INFO]: Filtering and saving results...
2026-06-29 11:40:22,312 [INFO]: Search against KOfam done!
2026-06-29 11:41:00,893 [INFO]: Filtering and saving results...
2026-06-29 11:41:00,947 [INFO]: Search against KOfam done!
2026-06-29 11:41:31,860 [INFO]: Filtering and saving results...
2026-06-29 11:41:31,929 [INFO]: Search against KOfam done!
2026-06-29 11:42:07,545 [INFO]: Filtering and saving results...
2026-06-29 11:42:07,614 [INFO]: Search against KOfam done!
2026-06-29 11:42:30,891 [INFO]: Filtering and saving results...
2026-06-29 11:42:30,951 [INFO]: Search against KOfam done!
2026-06-29 11:43:11,268 [INFO]: Filtering and saving results...
2026-06-29 11:43:11,344 [INFO]: Search against KOfam done!
2026-06-29 11:43:38,418 [INFO]: Filtering and saving results...
2026-06-29 11:43:38,463 [INFO]: Search against KOfam done!
2026-06-29 11:44:17,377 [INFO]: Filtering and saving results...
2026-06-29 11:44:17,445 [INFO]: Search against KOfam done!
2026-06-29 11:44:57,466 [INFO]: Filtering and saving results...
2026-06-29 11:44:57,535 [INFO]: Search against KOfam done!
2026-06-29 11:45:37,346 [INFO]: Filtering and saving results...
2026-06-29 11:45:37,421 [INFO]: Search against KOfam done!
2026-06-29 11:45:58,919 [INFO]: Filtering and saving results...
2026-06-29 11:45:58,968 [INFO]: Search against KOfam done!
2026-06-29 11:46:48,746 [INFO]: Filtering and saving results...
2026-06-29 11:46:48,803 [INFO]: Search against KOfam done!
2026-06-29 11:47:12,828 [INFO]: Filtering and saving results...
2026-06-29 11:47:12,872 [INFO]: Search against KOfam done!
2026-06-29 11:47:50,767 [INFO]: Filtering and saving results...
2026-06-29 11:47:50,842 [INFO]: Search against KOfam done!
2026-06-29 11:48:17,132 [INFO]: Filtering and saving results...
2026-06-29 11:48:17,191 [INFO]: Search against KOfam done!
2026-06-29 11:48:37,028 [INFO]: Filtering and saving results...
2026-06-29 11:48:37,079 [INFO]: Search against KOfam done!
2026-06-29 11:49:28,554 [INFO]: Filtering and saving results...
2026-06-29 11:49:28,634 [INFO]: Search against KOfam done!
2026-06-29 11:50:09,288 [INFO]: Filtering and saving results...
2026-06-29 11:50:09,355 [INFO]: Search against KOfam done!
2026-06-29 11:50:09,402 [INFO]: Searching proteins against Swissprot
2026-06-29 11:52:13,747 [INFO]: Extracting Swissprot annotation data
2026-06-29 12:00:12,014 [INFO]: Searching proteins against RefSeq
2026-06-29 14:05:41,842 [INFO]: Extracting RefSeq annotation data
2026-06-29 15:48:18,570 [INFO]: Searching proteins against Trembl
2026-06-29 18:04:41,993 [INFO]: Extracting Trembl annotation data
2026-06-29 18:04:42,426 [INFO]: Improving annotations by searching matches in other databases
2026-06-29 18:04:44,411 [INFO]: MicrobeAnnotator has finished succefully!
