=====================================================
Start Time  : Mon Jun 29 11:14:30 AM PDT 2026
Job ID/Name : 64666450 / pangenome
======================================================

[2026-06-29 11:14:30] ========== Microbeannotator for Pangenome Analysis started ==========
[2026-06-29 11:14:30] Job ID/Name : 64666450 / pangenome
[2026-06-29 11:14:30] Node: hpc-52-36.cm.cluster, CPUs: 32, Mem: 122880MB
[2026-06-29 11:14:33] Activated conda env: /resnick/groups/enviromics/zahra/miniconda3/envs/microbeannotator
[2026-06-29 11:14:33] Running Microbeannotator
Loading diamond/2.1.7-gcc-13.2.0-cfkl5pd
  Loading requirement: zlib-ng/2.1.3-gcc-13.2.0-jetnfwa
2026-06-29 11:14:36,137 [INFO]:  ---- This is MicrobeAnnotator v2.0.5 ---- 
2026-06-29 11:14:36,137 [INFO]: Validating user inputs
2026-06-29 11:14:36,263 [INFO]: Passed
2026-06-29 11:14:36,263 [INFO]: Processing 50 files. I will run 8 files in parallel with 4 threads per file.
2026-06-29 11:14:36,263 [INFO]: Running in no_plot mode. Skipping plotting KO summaries. 
2026-06-29 11:14:37,105 [INFO]: Searching proteins against KOfam profiles
2026-06-29 11:14:37,105 [INFO]: Parsing HMM profile metadata
2026-06-29 11:15:22,973 [INFO]: Filtering and saving results...
2026-06-29 11:15:23,071 [INFO]: Search against KOfam done!
2026-06-29 11:16:05,077 [INFO]: Filtering and saving results...
2026-06-29 11:16:05,164 [INFO]: Search against KOfam done!
2026-06-29 11:16:57,487 [INFO]: Filtering and saving results...
2026-06-29 11:16:57,588 [INFO]: Search against KOfam done!
2026-06-29 11:17:42,408 [INFO]: Filtering and saving results...
2026-06-29 11:17:42,477 [INFO]: Search against KOfam done!
2026-06-29 11:18:47,964 [INFO]: Filtering and saving results...
2026-06-29 11:18:48,101 [INFO]: Search against KOfam done!
2026-06-29 11:20:06,508 [INFO]: Filtering and saving results...
2026-06-29 11:20:06,674 [INFO]: Search against KOfam done!
2026-06-29 11:20:40,563 [INFO]: Filtering and saving results...
2026-06-29 11:20:40,612 [INFO]: Search against KOfam done!
2026-06-29 11:22:01,695 [INFO]: Filtering and saving results...
2026-06-29 11:22:01,830 [INFO]: Search against KOfam done!
2026-06-29 11:22:38,982 [INFO]: Filtering and saving results...
2026-06-29 11:22:39,061 [INFO]: Search against KOfam done!
2026-06-29 11:23:30,091 [INFO]: Filtering and saving results...
2026-06-29 11:23:30,195 [INFO]: Search against KOfam done!
2026-06-29 11:23:56,321 [INFO]: Filtering and saving results...
2026-06-29 11:23:56,380 [INFO]: Search against KOfam done!
2026-06-29 11:24:45,113 [INFO]: Filtering and saving results...
2026-06-29 11:24:45,180 [INFO]: Search against KOfam done!
2026-06-29 11:26:01,375 [INFO]: Filtering and saving results...
2026-06-29 11:26:01,527 [INFO]: Search against KOfam done!
2026-06-29 11:26:44,695 [INFO]: Filtering and saving results...
2026-06-29 11:26:44,757 [INFO]: Search against KOfam done!
2026-06-29 11:27:58,638 [INFO]: Filtering and saving results...
2026-06-29 11:27:58,806 [INFO]: Search against KOfam done!
2026-06-29 11:28:29,946 [INFO]: Filtering and saving results...
2026-06-29 11:28:30,005 [INFO]: Search against KOfam done!
2026-06-29 11:29:15,044 [INFO]: Filtering and saving results...
2026-06-29 11:29:15,139 [INFO]: Search against KOfam done!
2026-06-29 11:30:03,457 [INFO]: Filtering and saving results...
2026-06-29 11:30:03,549 [INFO]: Search against KOfam done!
2026-06-29 11:31:02,039 [INFO]: Filtering and saving results...
2026-06-29 11:31:02,167 [INFO]: Search against KOfam done!
2026-06-29 11:31:48,385 [INFO]: Filtering and saving results...
2026-06-29 11:31:48,461 [INFO]: Search against KOfam done!
2026-06-29 11:32:22,235 [INFO]: Filtering and saving results...
2026-06-29 11:32:22,315 [INFO]: Search against KOfam done!
2026-06-29 11:33:08,310 [INFO]: Filtering and saving results...
2026-06-29 11:33:08,401 [INFO]: Search against KOfam done!
2026-06-29 11:33:50,608 [INFO]: Filtering and saving results...
2026-06-29 11:33:50,694 [INFO]: Search against KOfam done!
2026-06-29 11:34:26,911 [INFO]: Filtering and saving results...
2026-06-29 11:34:26,984 [INFO]: Search against KOfam done!
2026-06-29 11:35:34,377 [INFO]: Filtering and saving results...
2026-06-29 11:35:34,520 [INFO]: Search against KOfam done!
2026-06-29 11:36:26,992 [INFO]: Filtering and saving results...
2026-06-29 11:36:27,081 [INFO]: Search against KOfam done!
2026-06-29 11:37:16,996 [INFO]: Filtering and saving results...
2026-06-29 11:37:17,084 [INFO]: Search against KOfam done!
2026-06-29 11:38:29,300 [INFO]: Filtering and saving results...
2026-06-29 11:38:29,445 [INFO]: Search against KOfam done!
2026-06-29 11:39:18,331 [INFO]: Filtering and saving results...
2026-06-29 11:39:18,398 [INFO]: Search against KOfam done!
2026-06-29 11:39:57,094 [INFO]: Filtering and saving results...
2026-06-29 11:39:57,168 [INFO]: Search against KOfam done!
2026-06-29 11:40:40,002 [INFO]: Filtering and saving results...
2026-06-29 11:40:40,081 [INFO]: Search against KOfam done!
2026-06-29 11:42:00,039 [INFO]: Filtering and saving results...
2026-06-29 11:42:00,217 [INFO]: Search against KOfam done!
2026-06-29 11:42:40,456 [INFO]: Filtering and saving results...
2026-06-29 11:42:40,528 [INFO]: Search against KOfam done!
2026-06-29 11:43:35,447 [INFO]: Filtering and saving results...
2026-06-29 11:43:35,546 [INFO]: Search against KOfam done!
2026-06-29 11:44:38,354 [INFO]: Filtering and saving results...
2026-06-29 11:44:38,467 [INFO]: Search against KOfam done!
2026-06-29 11:46:10,274 [INFO]: Filtering and saving results...
2026-06-29 11:46:10,405 [INFO]: Search against KOfam done!
2026-06-29 11:47:04,704 [INFO]: Filtering and saving results...
2026-06-29 11:47:04,813 [INFO]: Search against KOfam done!
2026-06-29 11:48:03,292 [INFO]: Filtering and saving results...
2026-06-29 11:48:03,420 [INFO]: Search against KOfam done!
2026-06-29 11:48:43,560 [INFO]: Filtering and saving results...
2026-06-29 11:48:43,645 [INFO]: Search against KOfam done!
2026-06-29 11:49:21,207 [INFO]: Filtering and saving results...
2026-06-29 11:49:21,266 [INFO]: Search against KOfam done!
2026-06-29 11:49:58,367 [INFO]: Filtering and saving results...
2026-06-29 11:49:58,458 [INFO]: Search against KOfam done!
2026-06-29 11:51:03,958 [INFO]: Filtering and saving results...
2026-06-29 11:51:04,151 [INFO]: Search against KOfam done!
2026-06-29 11:51:38,318 [INFO]: Filtering and saving results...
2026-06-29 11:51:38,410 [INFO]: Search against KOfam done!
2026-06-29 11:52:39,138 [INFO]: Filtering and saving results...
2026-06-29 11:52:39,322 [INFO]: Search against KOfam done!
2026-06-29 11:53:44,070 [INFO]: Filtering and saving results...
2026-06-29 11:53:44,274 [INFO]: Search against KOfam done!
2026-06-29 11:54:52,140 [INFO]: Filtering and saving results...
2026-06-29 11:54:52,264 [INFO]: Search against KOfam done!
2026-06-29 11:56:04,526 [INFO]: Filtering and saving results...
2026-06-29 11:56:04,687 [INFO]: Search against KOfam done!
2026-06-29 11:56:50,628 [INFO]: Filtering and saving results...
2026-06-29 11:56:50,741 [INFO]: Search against KOfam done!
2026-06-29 11:57:23,146 [INFO]: Filtering and saving results...
2026-06-29 11:57:23,234 [INFO]: Search against KOfam done!
2026-06-29 11:57:58,546 [INFO]: Filtering and saving results...
2026-06-29 11:57:58,632 [INFO]: Search against KOfam done!
2026-06-29 11:57:58,742 [INFO]: Searching proteins against Swissprot
2026-06-29 12:00:05,754 [INFO]: Extracting Swissprot annotation data
2026-06-29 12:05:54,343 [INFO]: Searching proteins against RefSeq
2026-06-29 14:16:02,341 [INFO]: Extracting RefSeq annotation data
2026-06-29 15:48:56,161 [INFO]: Searching proteins against Trembl
2026-06-29 18:05:00,967 [INFO]: Extracting Trembl annotation data
2026-06-29 18:05:01,527 [INFO]: Improving annotations by searching matches in other databases
2026-06-29 18:05:05,140 [INFO]: MicrobeAnnotator has finished succefully!
