=====================================================
Start Time  : Mon Jun 29 11:22:44 AM PDT 2026
Job ID/Name : 64666542 / pangenome
======================================================

[2026-06-29 11:22:44] ========== Microbeannotator for Pangenome Analysis started ==========
[2026-06-29 11:22:44] Job ID/Name : 64666542 / pangenome
[2026-06-29 11:22:44] Node: hpc-35-11.cm.cluster, CPUs: 32, Mem: 122880MB
[2026-06-29 11:22:50] Activated conda env: /resnick/groups/enviromics/zahra/miniconda3/envs/microbeannotator
[2026-06-29 11:22:50] Running Microbeannotator
Loading diamond/2.1.7-gcc-13.2.0-cfkl5pd
  Loading requirement: zlib-ng/2.1.3-gcc-13.2.0-jetnfwa
2026-06-29 11:22:54,794 [INFO]:  ---- This is MicrobeAnnotator v2.0.5 ---- 
2026-06-29 11:22:54,794 [INFO]: Validating user inputs
2026-06-29 11:22:54,867 [INFO]: Passed
2026-06-29 11:22:54,867 [INFO]: Processing 50 files. I will run 8 files in parallel with 4 threads per file.
2026-06-29 11:22:54,867 [INFO]: Running in no_plot mode. Skipping plotting KO summaries. 
2026-06-29 11:22:55,860 [INFO]: Searching proteins against KOfam profiles
2026-06-29 11:22:55,860 [INFO]: Parsing HMM profile metadata
2026-06-29 11:23:36,797 [INFO]: Filtering and saving results...
2026-06-29 11:23:36,892 [INFO]: Search against KOfam done!
2026-06-29 11:25:11,232 [INFO]: Filtering and saving results...
2026-06-29 11:25:11,431 [INFO]: Search against KOfam done!
2026-06-29 11:26:37,374 [INFO]: Filtering and saving results...
2026-06-29 11:26:37,549 [INFO]: Search against KOfam done!
2026-06-29 11:27:37,581 [INFO]: Filtering and saving results...
2026-06-29 11:27:37,731 [INFO]: Search against KOfam done!
2026-06-29 11:28:56,605 [INFO]: Filtering and saving results...
2026-06-29 11:28:56,708 [INFO]: Search against KOfam done!
2026-06-29 11:30:09,658 [INFO]: Filtering and saving results...
2026-06-29 11:30:09,770 [INFO]: Search against KOfam done!
2026-06-29 11:31:13,250 [INFO]: Filtering and saving results...
2026-06-29 11:31:13,393 [INFO]: Search against KOfam done!
2026-06-29 11:32:00,883 [INFO]: Filtering and saving results...
2026-06-29 11:32:00,987 [INFO]: Search against KOfam done!
2026-06-29 11:32:32,788 [INFO]: Filtering and saving results...
2026-06-29 11:32:32,835 [INFO]: Search against KOfam done!
2026-06-29 11:33:09,900 [INFO]: Filtering and saving results...
2026-06-29 11:33:09,973 [INFO]: Search against KOfam done!
2026-06-29 11:33:40,505 [INFO]: Filtering and saving results...
2026-06-29 11:33:40,563 [INFO]: Search against KOfam done!
2026-06-29 11:34:03,901 [INFO]: Filtering and saving results...
2026-06-29 11:34:03,924 [INFO]: Search against KOfam done!
2026-06-29 11:34:50,286 [INFO]: Filtering and saving results...
2026-06-29 11:34:50,364 [INFO]: Search against KOfam done!
2026-06-29 11:35:31,805 [INFO]: Filtering and saving results...
2026-06-29 11:35:31,880 [INFO]: Search against KOfam done!
2026-06-29 11:36:20,144 [INFO]: Filtering and saving results...
2026-06-29 11:36:20,235 [INFO]: Search against KOfam done!
2026-06-29 11:37:02,638 [INFO]: Filtering and saving results...
2026-06-29 11:37:02,724 [INFO]: Search against KOfam done!
2026-06-29 11:38:14,205 [INFO]: Filtering and saving results...
2026-06-29 11:38:14,321 [INFO]: Search against KOfam done!
2026-06-29 11:38:51,977 [INFO]: Filtering and saving results...
2026-06-29 11:38:52,065 [INFO]: Search against KOfam done!
2026-06-29 11:39:29,559 [INFO]: Filtering and saving results...
2026-06-29 11:39:29,648 [INFO]: Search against KOfam done!
2026-06-29 11:40:01,834 [INFO]: Filtering and saving results...
2026-06-29 11:40:01,922 [INFO]: Search against KOfam done!
2026-06-29 11:40:37,541 [INFO]: Filtering and saving results...
2026-06-29 11:40:37,629 [INFO]: Search against KOfam done!
2026-06-29 11:41:21,398 [INFO]: Filtering and saving results...
2026-06-29 11:41:21,498 [INFO]: Search against KOfam done!
2026-06-29 11:42:30,153 [INFO]: Filtering and saving results...
2026-06-29 11:42:30,306 [INFO]: Search against KOfam done!
2026-06-29 11:43:26,877 [INFO]: Filtering and saving results...
2026-06-29 11:43:27,008 [INFO]: Search against KOfam done!
2026-06-29 11:44:32,852 [INFO]: Filtering and saving results...
2026-06-29 11:44:32,974 [INFO]: Search against KOfam done!
2026-06-29 11:45:40,475 [INFO]: Filtering and saving results...
2026-06-29 11:45:40,637 [INFO]: Search against KOfam done!
2026-06-29 11:47:06,392 [INFO]: Filtering and saving results...
2026-06-29 11:47:06,604 [INFO]: Search against KOfam done!
2026-06-29 11:48:33,297 [INFO]: Filtering and saving results...
2026-06-29 11:48:33,498 [INFO]: Search against KOfam done!
2026-06-29 11:50:05,232 [INFO]: Filtering and saving results...
2026-06-29 11:50:05,434 [INFO]: Search against KOfam done!
2026-06-29 11:51:08,256 [INFO]: Filtering and saving results...
2026-06-29 11:51:08,409 [INFO]: Search against KOfam done!
2026-06-29 11:51:50,852 [INFO]: Filtering and saving results...
2026-06-29 11:51:50,960 [INFO]: Search against KOfam done!
2026-06-29 11:52:34,913 [INFO]: Filtering and saving results...
2026-06-29 11:52:34,982 [INFO]: Search against KOfam done!
2026-06-29 11:53:50,682 [INFO]: Filtering and saving results...
2026-06-29 11:53:50,884 [INFO]: Search against KOfam done!
2026-06-29 11:54:13,096 [INFO]: Filtering and saving results...
2026-06-29 11:54:13,152 [INFO]: Search against KOfam done!
2026-06-29 11:54:51,467 [INFO]: Filtering and saving results...
2026-06-29 11:54:51,548 [INFO]: Search against KOfam done!
2026-06-29 11:56:13,075 [INFO]: Filtering and saving results...
2026-06-29 11:56:13,245 [INFO]: Search against KOfam done!
2026-06-29 11:57:25,316 [INFO]: Filtering and saving results...
2026-06-29 11:57:25,479 [INFO]: Search against KOfam done!
2026-06-29 11:58:31,197 [INFO]: Filtering and saving results...
2026-06-29 11:58:31,304 [INFO]: Search against KOfam done!
2026-06-29 11:59:12,032 [INFO]: Filtering and saving results...
2026-06-29 11:59:12,087 [INFO]: Search against KOfam done!
2026-06-29 11:59:48,883 [INFO]: Filtering and saving results...
2026-06-29 11:59:48,953 [INFO]: Search against KOfam done!
2026-06-29 12:00:28,402 [INFO]: Filtering and saving results...
2026-06-29 12:00:28,455 [INFO]: Search against KOfam done!
2026-06-29 12:01:23,793 [INFO]: Filtering and saving results...
2026-06-29 12:01:23,880 [INFO]: Search against KOfam done!
2026-06-29 12:02:05,756 [INFO]: Filtering and saving results...
2026-06-29 12:02:05,830 [INFO]: Search against KOfam done!
2026-06-29 12:03:21,126 [INFO]: Filtering and saving results...
2026-06-29 12:03:21,308 [INFO]: Search against KOfam done!
2026-06-29 12:04:25,412 [INFO]: Filtering and saving results...
2026-06-29 12:04:25,563 [INFO]: Search against KOfam done!
2026-06-29 12:04:55,183 [INFO]: Filtering and saving results...
2026-06-29 12:04:55,255 [INFO]: Search against KOfam done!
2026-06-29 12:05:43,190 [INFO]: Filtering and saving results...
2026-06-29 12:05:43,267 [INFO]: Search against KOfam done!
2026-06-29 12:06:26,865 [INFO]: Filtering and saving results...
2026-06-29 12:06:26,966 [INFO]: Search against KOfam done!
2026-06-29 12:07:05,411 [INFO]: Filtering and saving results...
2026-06-29 12:07:05,482 [INFO]: Search against KOfam done!
2026-06-29 12:08:29,607 [INFO]: Filtering and saving results...
2026-06-29 12:08:29,821 [INFO]: Search against KOfam done!
2026-06-29 12:08:30,082 [INFO]: Searching proteins against Swissprot
2026-06-29 12:10:35,839 [INFO]: Extracting Swissprot annotation data
2026-06-29 12:17:19,874 [INFO]: Searching proteins against RefSeq
2026-06-29 14:43:23,776 [INFO]: Extracting RefSeq annotation data
2026-06-29 15:53:40,300 [INFO]: Searching proteins against Trembl
2026-06-29 18:22:39,473 [INFO]: Extracting Trembl annotation data
2026-06-29 18:22:39,866 [INFO]: Improving annotations by searching matches in other databases
2026-06-29 18:22:43,002 [INFO]: MicrobeAnnotator has finished succefully!
