=====================================================
Start Time  : Mon Jun 29 11:22:13 AM PDT 2026
Job ID/Name : 64666536 / pangenome
======================================================

[2026-06-29 11:22:13] ========== Microbeannotator for Pangenome Analysis started ==========
[2026-06-29 11:22:13] Job ID/Name : 64666536 / pangenome
[2026-06-29 11:22:13] Node: hpc-20-33.cm.cluster, CPUs: 32, Mem: 122880MB
[2026-06-29 11:22:17] Activated conda env: /resnick/groups/enviromics/zahra/miniconda3/envs/microbeannotator
[2026-06-29 11:22:17] Running Microbeannotator
Loading diamond/2.1.7-gcc-13.2.0-cfkl5pd
  Loading requirement: zlib-ng/2.1.3-gcc-13.2.0-jetnfwa
2026-06-29 11:22:21,109 [INFO]:  ---- This is MicrobeAnnotator v2.0.5 ---- 
2026-06-29 11:22:21,109 [INFO]: Validating user inputs
2026-06-29 11:22:21,202 [INFO]: Passed
2026-06-29 11:22:21,202 [INFO]: Processing 50 files. I will run 8 files in parallel with 4 threads per file.
2026-06-29 11:22:21,202 [INFO]: Running in no_plot mode. Skipping plotting KO summaries. 
2026-06-29 11:22:21,828 [INFO]: Searching proteins against KOfam profiles
2026-06-29 11:22:21,829 [INFO]: Parsing HMM profile metadata
2026-06-29 11:22:46,066 [INFO]: Filtering and saving results...
2026-06-29 11:22:46,124 [INFO]: Search against KOfam done!
2026-06-29 11:24:00,588 [INFO]: Filtering and saving results...
2026-06-29 11:24:00,677 [INFO]: Search against KOfam done!
2026-06-29 11:24:47,045 [INFO]: Filtering and saving results...
2026-06-29 11:24:47,124 [INFO]: Search against KOfam done!
2026-06-29 11:25:04,501 [INFO]: Filtering and saving results...
2026-06-29 11:25:04,525 [INFO]: Search against KOfam done!
2026-06-29 11:26:08,798 [INFO]: Filtering and saving results...
2026-06-29 11:26:08,909 [INFO]: Search against KOfam done!
2026-06-29 11:27:02,104 [INFO]: Filtering and saving results...
2026-06-29 11:27:02,193 [INFO]: Search against KOfam done!
2026-06-29 11:27:58,975 [INFO]: Filtering and saving results...
2026-06-29 11:27:59,052 [INFO]: Search against KOfam done!
2026-06-29 11:29:13,945 [INFO]: Filtering and saving results...
2026-06-29 11:29:14,074 [INFO]: Search against KOfam done!
2026-06-29 11:29:45,681 [INFO]: Filtering and saving results...
2026-06-29 11:29:45,728 [INFO]: Search against KOfam done!
2026-06-29 11:31:27,758 [INFO]: Filtering and saving results...
2026-06-29 11:31:27,883 [INFO]: Search against KOfam done!
2026-06-29 11:32:08,187 [INFO]: Filtering and saving results...
2026-06-29 11:32:08,277 [INFO]: Search against KOfam done!
2026-06-29 11:32:56,413 [INFO]: Filtering and saving results...
2026-06-29 11:32:56,496 [INFO]: Search against KOfam done!
2026-06-29 11:33:55,408 [INFO]: Filtering and saving results...
2026-06-29 11:33:55,501 [INFO]: Search against KOfam done!
2026-06-29 11:34:43,723 [INFO]: Filtering and saving results...
2026-06-29 11:34:43,799 [INFO]: Search against KOfam done!
2026-06-29 11:35:30,722 [INFO]: Filtering and saving results...
2026-06-29 11:35:30,799 [INFO]: Search against KOfam done!
2026-06-29 11:36:19,781 [INFO]: Filtering and saving results...
2026-06-29 11:36:19,941 [INFO]: Search against KOfam done!
2026-06-29 11:37:11,730 [INFO]: Filtering and saving results...
2026-06-29 11:37:11,804 [INFO]: Search against KOfam done!
2026-06-29 11:38:03,272 [INFO]: Filtering and saving results...
2026-06-29 11:38:03,359 [INFO]: Search against KOfam done!
2026-06-29 11:40:02,291 [INFO]: Filtering and saving results...
2026-06-29 11:40:02,431 [INFO]: Search against KOfam done!
2026-06-29 11:40:53,951 [INFO]: Filtering and saving results...
2026-06-29 11:40:54,042 [INFO]: Search against KOfam done!
2026-06-29 11:41:57,163 [INFO]: Filtering and saving results...
2026-06-29 11:41:57,268 [INFO]: Search against KOfam done!
2026-06-29 11:42:42,015 [INFO]: Filtering and saving results...
2026-06-29 11:42:42,089 [INFO]: Search against KOfam done!
2026-06-29 11:43:41,530 [INFO]: Filtering and saving results...
2026-06-29 11:43:41,704 [INFO]: Search against KOfam done!
2026-06-29 11:44:22,948 [INFO]: Filtering and saving results...
2026-06-29 11:44:23,023 [INFO]: Search against KOfam done!
2026-06-29 11:45:10,555 [INFO]: Filtering and saving results...
2026-06-29 11:45:10,639 [INFO]: Search against KOfam done!
2026-06-29 11:46:09,331 [INFO]: Filtering and saving results...
2026-06-29 11:46:09,421 [INFO]: Search against KOfam done!
2026-06-29 11:46:44,590 [INFO]: Filtering and saving results...
2026-06-29 11:46:44,638 [INFO]: Search against KOfam done!
2026-06-29 11:47:58,126 [INFO]: Filtering and saving results...
2026-06-29 11:47:58,234 [INFO]: Search against KOfam done!
2026-06-29 11:48:47,610 [INFO]: Filtering and saving results...
2026-06-29 11:48:47,686 [INFO]: Search against KOfam done!
2026-06-29 11:49:04,337 [INFO]: Filtering and saving results...
2026-06-29 11:49:04,362 [INFO]: Search against KOfam done!
2026-06-29 11:49:45,395 [INFO]: Filtering and saving results...
2026-06-29 11:49:45,459 [INFO]: Search against KOfam done!
2026-06-29 11:50:21,636 [INFO]: Filtering and saving results...
2026-06-29 11:50:21,709 [INFO]: Search against KOfam done!
2026-06-29 11:51:24,509 [INFO]: Filtering and saving results...
2026-06-29 11:51:24,585 [INFO]: Search against KOfam done!
2026-06-29 11:52:00,276 [INFO]: Filtering and saving results...
2026-06-29 11:52:00,328 [INFO]: Search against KOfam done!
2026-06-29 11:52:31,984 [INFO]: Filtering and saving results...
2026-06-29 11:52:32,022 [INFO]: Search against KOfam done!
2026-06-29 11:53:18,110 [INFO]: Filtering and saving results...
2026-06-29 11:53:18,186 [INFO]: Search against KOfam done!
2026-06-29 11:53:42,703 [INFO]: Filtering and saving results...
2026-06-29 11:53:42,743 [INFO]: Search against KOfam done!
2026-06-29 11:54:41,134 [INFO]: Filtering and saving results...
2026-06-29 11:54:41,221 [INFO]: Search against KOfam done!
2026-06-29 11:55:30,356 [INFO]: Filtering and saving results...
2026-06-29 11:55:30,430 [INFO]: Search against KOfam done!
2026-06-29 11:57:43,293 [INFO]: Filtering and saving results...
2026-06-29 11:57:43,449 [INFO]: Search against KOfam done!
2026-06-29 11:58:17,080 [INFO]: Filtering and saving results...
2026-06-29 11:58:17,136 [INFO]: Search against KOfam done!
2026-06-29 11:59:07,666 [INFO]: Filtering and saving results...
2026-06-29 11:59:07,737 [INFO]: Search against KOfam done!
2026-06-29 11:59:52,355 [INFO]: Filtering and saving results...
2026-06-29 11:59:52,438 [INFO]: Search against KOfam done!
2026-06-29 12:00:34,569 [INFO]: Filtering and saving results...
2026-06-29 12:00:34,635 [INFO]: Search against KOfam done!
2026-06-29 12:01:27,229 [INFO]: Filtering and saving results...
2026-06-29 12:01:27,322 [INFO]: Search against KOfam done!
2026-06-29 12:02:23,417 [INFO]: Filtering and saving results...
2026-06-29 12:02:23,480 [INFO]: Search against KOfam done!
2026-06-29 12:02:53,620 [INFO]: Filtering and saving results...
2026-06-29 12:02:53,671 [INFO]: Search against KOfam done!
2026-06-29 12:03:57,331 [INFO]: Filtering and saving results...
2026-06-29 12:03:57,425 [INFO]: Search against KOfam done!
2026-06-29 12:04:59,882 [INFO]: Filtering and saving results...
2026-06-29 12:04:59,981 [INFO]: Search against KOfam done!
2026-06-29 12:05:39,134 [INFO]: Filtering and saving results...
2026-06-29 12:05:39,200 [INFO]: Search against KOfam done!
2026-06-29 12:05:39,271 [INFO]: Searching proteins against Swissprot
2026-06-29 12:07:47,785 [INFO]: Extracting Swissprot annotation data
2026-06-29 12:16:00,345 [INFO]: Searching proteins against RefSeq
2026-06-29 14:51:14,666 [INFO]: Extracting RefSeq annotation data
2026-06-29 16:01:27,821 [INFO]: Searching proteins against Trembl
2026-06-29 18:27:08,927 [INFO]: Extracting Trembl annotation data
2026-06-29 18:27:09,282 [INFO]: Improving annotations by searching matches in other databases
2026-06-29 18:27:11,494 [INFO]: MicrobeAnnotator has finished succefully!
