=====================================================
Start Time  : Mon Jun 29 11:24:47 AM PDT 2026
Job ID/Name : 64666554 / pangenome
======================================================

[2026-06-29 11:24:48] ========== Microbeannotator for Pangenome Analysis started ==========
[2026-06-29 11:24:48] Job ID/Name : 64666554 / pangenome
[2026-06-29 11:24:48] Node: hpc-53-28.cm.cluster, CPUs: 32, Mem: 122880MB
[2026-06-29 11:24:51] Activated conda env: /resnick/groups/enviromics/zahra/miniconda3/envs/microbeannotator
[2026-06-29 11:24:51] Running Microbeannotator
Loading diamond/2.1.7-gcc-13.2.0-cfkl5pd
  Loading requirement: zlib-ng/2.1.3-gcc-13.2.0-jetnfwa
2026-06-29 11:24:54,263 [INFO]:  ---- This is MicrobeAnnotator v2.0.5 ---- 
2026-06-29 11:24:54,263 [INFO]: Validating user inputs
2026-06-29 11:24:54,418 [INFO]: Passed
2026-06-29 11:24:54,418 [INFO]: Processing 50 files. I will run 8 files in parallel with 4 threads per file.
2026-06-29 11:24:54,418 [INFO]: Running in no_plot mode. Skipping plotting KO summaries. 
2026-06-29 11:24:55,210 [INFO]: Searching proteins against KOfam profiles
2026-06-29 11:24:55,210 [INFO]: Parsing HMM profile metadata
2026-06-29 11:25:31,124 [INFO]: Filtering and saving results...
2026-06-29 11:25:31,190 [INFO]: Search against KOfam done!
2026-06-29 11:26:06,572 [INFO]: Filtering and saving results...
2026-06-29 11:26:06,637 [INFO]: Search against KOfam done!
2026-06-29 11:26:39,983 [INFO]: Filtering and saving results...
2026-06-29 11:26:40,047 [INFO]: Search against KOfam done!
2026-06-29 11:27:07,783 [INFO]: Filtering and saving results...
2026-06-29 11:27:07,847 [INFO]: Search against KOfam done!
2026-06-29 11:27:46,337 [INFO]: Filtering and saving results...
2026-06-29 11:27:46,415 [INFO]: Search against KOfam done!
2026-06-29 11:28:35,893 [INFO]: Filtering and saving results...
2026-06-29 11:28:35,996 [INFO]: Search against KOfam done!
2026-06-29 11:29:16,415 [INFO]: Filtering and saving results...
2026-06-29 11:29:16,495 [INFO]: Search against KOfam done!
2026-06-29 11:29:53,824 [INFO]: Filtering and saving results...
2026-06-29 11:29:53,896 [INFO]: Search against KOfam done!
2026-06-29 11:31:13,564 [INFO]: Filtering and saving results...
2026-06-29 11:31:13,681 [INFO]: Search against KOfam done!
2026-06-29 11:32:56,780 [INFO]: Filtering and saving results...
2026-06-29 11:32:56,946 [INFO]: Search against KOfam done!
2026-06-29 11:33:43,791 [INFO]: Filtering and saving results...
2026-06-29 11:33:43,884 [INFO]: Search against KOfam done!
2026-06-29 11:34:37,324 [INFO]: Filtering and saving results...
2026-06-29 11:34:37,405 [INFO]: Search against KOfam done!
2026-06-29 11:35:18,288 [INFO]: Filtering and saving results...
2026-06-29 11:35:18,435 [INFO]: Search against KOfam done!
2026-06-29 11:36:41,928 [INFO]: Filtering and saving results...
2026-06-29 11:36:42,097 [INFO]: Search against KOfam done!
2026-06-29 11:37:12,838 [INFO]: Filtering and saving results...
2026-06-29 11:37:12,879 [INFO]: Search against KOfam done!
2026-06-29 11:37:46,254 [INFO]: Filtering and saving results...
2026-06-29 11:37:46,325 [INFO]: Search against KOfam done!
2026-06-29 11:38:18,895 [INFO]: Filtering and saving results...
2026-06-29 11:38:18,954 [INFO]: Search against KOfam done!
2026-06-29 11:39:10,372 [INFO]: Filtering and saving results...
2026-06-29 11:39:10,494 [INFO]: Search against KOfam done!
2026-06-29 11:40:20,757 [INFO]: Filtering and saving results...
2026-06-29 11:40:20,850 [INFO]: Search against KOfam done!
2026-06-29 11:41:03,044 [INFO]: Filtering and saving results...
2026-06-29 11:41:03,141 [INFO]: Search against KOfam done!
2026-06-29 11:41:43,549 [INFO]: Filtering and saving results...
2026-06-29 11:41:43,648 [INFO]: Search against KOfam done!
2026-06-29 11:42:28,330 [INFO]: Filtering and saving results...
2026-06-29 11:42:28,417 [INFO]: Search against KOfam done!
2026-06-29 11:43:12,235 [INFO]: Filtering and saving results...
2026-06-29 11:43:12,313 [INFO]: Search against KOfam done!
2026-06-29 11:43:57,858 [INFO]: Filtering and saving results...
2026-06-29 11:43:57,931 [INFO]: Search against KOfam done!
2026-06-29 11:44:31,774 [INFO]: Filtering and saving results...
2026-06-29 11:44:31,841 [INFO]: Search against KOfam done!
2026-06-29 11:44:52,621 [INFO]: Filtering and saving results...
2026-06-29 11:44:52,680 [INFO]: Search against KOfam done!
2026-06-29 11:45:23,150 [INFO]: Filtering and saving results...
2026-06-29 11:45:23,215 [INFO]: Search against KOfam done!
2026-06-29 11:47:07,516 [INFO]: Filtering and saving results...
2026-06-29 11:47:07,706 [INFO]: Search against KOfam done!
2026-06-29 11:48:08,106 [INFO]: Filtering and saving results...
2026-06-29 11:48:08,229 [INFO]: Search against KOfam done!
2026-06-29 11:48:38,329 [INFO]: Filtering and saving results...
2026-06-29 11:48:38,386 [INFO]: Search against KOfam done!
2026-06-29 11:49:34,756 [INFO]: Filtering and saving results...
2026-06-29 11:49:34,857 [INFO]: Search against KOfam done!
2026-06-29 11:50:12,217 [INFO]: Filtering and saving results...
2026-06-29 11:50:12,285 [INFO]: Search against KOfam done!
2026-06-29 11:50:44,817 [INFO]: Filtering and saving results...
2026-06-29 11:50:44,877 [INFO]: Search against KOfam done!
2026-06-29 11:51:35,196 [INFO]: Filtering and saving results...
2026-06-29 11:51:35,297 [INFO]: Search against KOfam done!
2026-06-29 11:52:14,505 [INFO]: Filtering and saving results...
2026-06-29 11:52:14,575 [INFO]: Search against KOfam done!
2026-06-29 11:52:55,878 [INFO]: Filtering and saving results...
2026-06-29 11:52:55,989 [INFO]: Search against KOfam done!
2026-06-29 11:53:54,692 [INFO]: Filtering and saving results...
2026-06-29 11:53:54,816 [INFO]: Search against KOfam done!
2026-06-29 11:54:54,333 [INFO]: Filtering and saving results...
2026-06-29 11:54:54,438 [INFO]: Search against KOfam done!
2026-06-29 11:55:49,143 [INFO]: Filtering and saving results...
2026-06-29 11:55:49,269 [INFO]: Search against KOfam done!
2026-06-29 11:57:00,543 [INFO]: Filtering and saving results...
2026-06-29 11:57:00,656 [INFO]: Search against KOfam done!
2026-06-29 11:58:10,352 [INFO]: Filtering and saving results...
2026-06-29 11:58:10,466 [INFO]: Search against KOfam done!
2026-06-29 11:58:40,396 [INFO]: Filtering and saving results...
2026-06-29 11:58:40,472 [INFO]: Search against KOfam done!
2026-06-29 11:59:50,325 [INFO]: Filtering and saving results...
2026-06-29 11:59:50,439 [INFO]: Search against KOfam done!
2026-06-29 12:00:54,568 [INFO]: Filtering and saving results...
2026-06-29 12:00:54,704 [INFO]: Search against KOfam done!
2026-06-29 12:01:40,209 [INFO]: Filtering and saving results...
2026-06-29 12:01:40,291 [INFO]: Search against KOfam done!
2026-06-29 12:02:15,255 [INFO]: Filtering and saving results...
2026-06-29 12:02:15,347 [INFO]: Search against KOfam done!
2026-06-29 12:03:53,109 [INFO]: Filtering and saving results...
2026-06-29 12:03:53,254 [INFO]: Search against KOfam done!
2026-06-29 12:04:58,604 [INFO]: Filtering and saving results...
2026-06-29 12:04:58,706 [INFO]: Search against KOfam done!
2026-06-29 12:06:15,535 [INFO]: Filtering and saving results...
2026-06-29 12:06:15,612 [INFO]: Search against KOfam done!
2026-06-29 12:07:25,717 [INFO]: Filtering and saving results...
2026-06-29 12:07:25,832 [INFO]: Search against KOfam done!
2026-06-29 12:07:26,033 [INFO]: Searching proteins against Swissprot
2026-06-29 12:09:35,856 [INFO]: Extracting Swissprot annotation data
2026-06-29 12:19:46,891 [INFO]: Searching proteins against RefSeq
2026-06-29 14:28:30,389 [INFO]: Extracting RefSeq annotation data
2026-06-29 16:04:02,246 [INFO]: Searching proteins against Trembl
2026-06-29 18:23:00,973 [INFO]: Extracting Trembl annotation data
2026-06-29 18:23:01,436 [INFO]: Improving annotations by searching matches in other databases
2026-06-29 18:23:04,019 [INFO]: MicrobeAnnotator has finished succefully!
