=====================================================
Start Time  : Mon Jun 29 11:09:19 AM PDT 2026
Job ID/Name : 64666343 / pangenome
======================================================

[2026-06-29 11:09:19] ========== Microbeannotator for Pangenome Analysis started ==========
[2026-06-29 11:09:19] Job ID/Name : 64666343 / pangenome
[2026-06-29 11:09:19] Node: hpc-34-30.cm.cluster, CPUs: 32, Mem: 122880MB
[2026-06-29 11:09:27] Activated conda env: /resnick/groups/enviromics/zahra/miniconda3/envs/microbeannotator
[2026-06-29 11:09:27] Running Microbeannotator
Loading diamond/2.1.7-gcc-13.2.0-cfkl5pd
  Loading requirement: zlib-ng/2.1.3-gcc-13.2.0-jetnfwa
2026-06-29 11:09:33,983 [INFO]:  ---- This is MicrobeAnnotator v2.0.5 ---- 
2026-06-29 11:09:33,984 [INFO]: Validating user inputs
2026-06-29 11:09:34,092 [INFO]: Passed
2026-06-29 11:09:34,092 [INFO]: Processing 50 files. I will run 8 files in parallel with 4 threads per file.
2026-06-29 11:09:34,093 [INFO]: Running in no_plot mode. Skipping plotting KO summaries. 
2026-06-29 11:09:35,360 [INFO]: Searching proteins against KOfam profiles
2026-06-29 11:09:35,360 [INFO]: Parsing HMM profile metadata
2026-06-29 11:10:40,693 [INFO]: Filtering and saving results...
2026-06-29 11:10:40,805 [INFO]: Search against KOfam done!
2026-06-29 11:11:17,420 [INFO]: Filtering and saving results...
2026-06-29 11:11:17,479 [INFO]: Search against KOfam done!
2026-06-29 11:11:52,346 [INFO]: Filtering and saving results...
2026-06-29 11:11:52,417 [INFO]: Search against KOfam done!
2026-06-29 11:12:39,011 [INFO]: Filtering and saving results...
2026-06-29 11:12:39,118 [INFO]: Search against KOfam done!
2026-06-29 11:13:28,155 [INFO]: Filtering and saving results...
2026-06-29 11:13:28,221 [INFO]: Search against KOfam done!
2026-06-29 11:14:16,184 [INFO]: Filtering and saving results...
2026-06-29 11:14:16,299 [INFO]: Search against KOfam done!
2026-06-29 11:14:53,295 [INFO]: Filtering and saving results...
2026-06-29 11:14:53,373 [INFO]: Search against KOfam done!
2026-06-29 11:15:27,772 [INFO]: Filtering and saving results...
2026-06-29 11:15:27,854 [INFO]: Search against KOfam done!
2026-06-29 11:16:10,545 [INFO]: Filtering and saving results...
2026-06-29 11:16:10,613 [INFO]: Search against KOfam done!
2026-06-29 11:16:48,822 [INFO]: Filtering and saving results...
2026-06-29 11:16:48,894 [INFO]: Search against KOfam done!
2026-06-29 11:18:11,987 [INFO]: Filtering and saving results...
2026-06-29 11:18:12,103 [INFO]: Search against KOfam done!
2026-06-29 11:19:06,238 [INFO]: Filtering and saving results...
2026-06-29 11:19:06,342 [INFO]: Search against KOfam done!
2026-06-29 11:19:40,250 [INFO]: Filtering and saving results...
2026-06-29 11:19:40,324 [INFO]: Search against KOfam done!
2026-06-29 11:20:20,545 [INFO]: Filtering and saving results...
2026-06-29 11:20:20,650 [INFO]: Search against KOfam done!
2026-06-29 11:20:55,682 [INFO]: Filtering and saving results...
2026-06-29 11:20:55,763 [INFO]: Search against KOfam done!
2026-06-29 11:21:46,752 [INFO]: Filtering and saving results...
2026-06-29 11:21:46,822 [INFO]: Search against KOfam done!
2026-06-29 11:22:44,156 [INFO]: Filtering and saving results...
2026-06-29 11:22:44,242 [INFO]: Search against KOfam done!
2026-06-29 11:23:58,379 [INFO]: Filtering and saving results...
2026-06-29 11:23:58,485 [INFO]: Search against KOfam done!
2026-06-29 11:24:25,823 [INFO]: Filtering and saving results...
2026-06-29 11:24:25,888 [INFO]: Search against KOfam done!
2026-06-29 11:25:03,470 [INFO]: Filtering and saving results...
2026-06-29 11:25:03,529 [INFO]: Search against KOfam done!
2026-06-29 11:25:26,550 [INFO]: Filtering and saving results...
2026-06-29 11:25:26,606 [INFO]: Search against KOfam done!
2026-06-29 11:26:11,329 [INFO]: Filtering and saving results...
2026-06-29 11:26:11,420 [INFO]: Search against KOfam done!
2026-06-29 11:26:42,322 [INFO]: Filtering and saving results...
2026-06-29 11:26:42,385 [INFO]: Search against KOfam done!
2026-06-29 11:27:42,177 [INFO]: Filtering and saving results...
2026-06-29 11:27:42,291 [INFO]: Search against KOfam done!
2026-06-29 11:28:17,537 [INFO]: Filtering and saving results...
2026-06-29 11:28:17,592 [INFO]: Search against KOfam done!
2026-06-29 11:29:03,075 [INFO]: Filtering and saving results...
2026-06-29 11:29:03,235 [INFO]: Search against KOfam done!
2026-06-29 11:29:37,732 [INFO]: Filtering and saving results...
2026-06-29 11:29:37,802 [INFO]: Search against KOfam done!
2026-06-29 11:30:12,791 [INFO]: Filtering and saving results...
2026-06-29 11:30:12,865 [INFO]: Search against KOfam done!
2026-06-29 11:30:44,206 [INFO]: Filtering and saving results...
2026-06-29 11:30:44,266 [INFO]: Search against KOfam done!
2026-06-29 11:31:49,761 [INFO]: Filtering and saving results...
2026-06-29 11:31:49,850 [INFO]: Search against KOfam done!
2026-06-29 11:32:20,353 [INFO]: Filtering and saving results...
2026-06-29 11:32:20,416 [INFO]: Search against KOfam done!
2026-06-29 11:32:56,061 [INFO]: Filtering and saving results...
2026-06-29 11:32:56,142 [INFO]: Search against KOfam done!
2026-06-29 11:33:26,504 [INFO]: Filtering and saving results...
2026-06-29 11:33:26,584 [INFO]: Search against KOfam done!
2026-06-29 11:34:08,184 [INFO]: Filtering and saving results...
2026-06-29 11:34:08,272 [INFO]: Search against KOfam done!
2026-06-29 11:34:55,526 [INFO]: Filtering and saving results...
2026-06-29 11:34:55,623 [INFO]: Search against KOfam done!
2026-06-29 11:35:18,539 [INFO]: Filtering and saving results...
2026-06-29 11:35:18,610 [INFO]: Search against KOfam done!
2026-06-29 11:35:42,626 [INFO]: Filtering and saving results...
2026-06-29 11:35:42,673 [INFO]: Search against KOfam done!
2026-06-29 11:36:21,287 [INFO]: Filtering and saving results...
2026-06-29 11:36:21,367 [INFO]: Search against KOfam done!
2026-06-29 11:36:43,323 [INFO]: Filtering and saving results...
2026-06-29 11:36:43,385 [INFO]: Search against KOfam done!
2026-06-29 11:37:03,374 [INFO]: Filtering and saving results...
2026-06-29 11:37:03,418 [INFO]: Search against KOfam done!
2026-06-29 11:37:25,930 [INFO]: Filtering and saving results...
2026-06-29 11:37:25,969 [INFO]: Search against KOfam done!
2026-06-29 11:37:58,585 [INFO]: Filtering and saving results...
2026-06-29 11:37:58,629 [INFO]: Search against KOfam done!
2026-06-29 11:39:06,175 [INFO]: Filtering and saving results...
2026-06-29 11:39:06,296 [INFO]: Search against KOfam done!
2026-06-29 11:39:50,723 [INFO]: Filtering and saving results...
2026-06-29 11:39:50,804 [INFO]: Search against KOfam done!
2026-06-29 11:40:37,870 [INFO]: Filtering and saving results...
2026-06-29 11:40:37,964 [INFO]: Search against KOfam done!
2026-06-29 11:41:00,689 [INFO]: Filtering and saving results...
2026-06-29 11:41:00,765 [INFO]: Search against KOfam done!
2026-06-29 11:41:40,112 [INFO]: Filtering and saving results...
2026-06-29 11:41:40,174 [INFO]: Search against KOfam done!
2026-06-29 11:42:14,082 [INFO]: Filtering and saving results...
2026-06-29 11:42:14,164 [INFO]: Search against KOfam done!
2026-06-29 11:43:19,262 [INFO]: Filtering and saving results...
2026-06-29 11:43:19,373 [INFO]: Search against KOfam done!
2026-06-29 11:44:07,123 [INFO]: Filtering and saving results...
2026-06-29 11:44:07,190 [INFO]: Search against KOfam done!
2026-06-29 11:44:07,262 [INFO]: Searching proteins against Swissprot
2026-06-29 11:46:13,550 [INFO]: Extracting Swissprot annotation data
2026-06-29 11:56:24,067 [INFO]: Searching proteins against RefSeq
2026-06-29 14:02:37,082 [INFO]: Extracting RefSeq annotation data
2026-06-29 15:07:58,841 [INFO]: Searching proteins against Trembl
2026-06-29 17:16:46,293 [INFO]: Extracting Trembl annotation data
2026-06-29 17:16:46,752 [INFO]: Improving annotations by searching matches in other databases
2026-06-29 17:16:48,452 [INFO]: MicrobeAnnotator has finished succefully!
