=====================================================
Start Time  : Mon Jun 29 11:07:15 AM PDT 2026
Job ID/Name : 64666318 / pangenome
======================================================

[2026-06-29 11:07:15] ========== Microbeannotator for Pangenome Analysis started ==========
[2026-06-29 11:07:15] Job ID/Name : 64666318 / pangenome
[2026-06-29 11:07:15] Node: hpc-90-32.cm.cluster, CPUs: 32, Mem: 122880MB
[2026-06-29 11:07:19] Activated conda env: /resnick/groups/enviromics/zahra/miniconda3/envs/microbeannotator
[2026-06-29 11:07:19] Batching input files
[2026-06-29 11:07:20] Running Microbeannotator
Loading diamond/2.1.7-gcc-13.2.0-cfkl5pd
  Loading requirement: zlib-ng/2.1.3-gcc-13.2.0-jetnfwa
2026-06-29 11:07:22,689 [INFO]:  ---- This is MicrobeAnnotator v2.0.5 ---- 
2026-06-29 11:07:22,689 [INFO]: Validating user inputs
2026-06-29 11:07:22,796 [INFO]: Passed
2026-06-29 11:07:22,796 [INFO]: Processing 50 files. I will run 8 files in parallel with 4 threads per file.
2026-06-29 11:07:22,796 [INFO]: Running in no_plot mode. Skipping plotting KO summaries. 
2026-06-29 11:07:23,530 [INFO]: Searching proteins against KOfam profiles
2026-06-29 11:07:23,530 [INFO]: Parsing HMM profile metadata
2026-06-29 11:08:31,231 [INFO]: Filtering and saving results...
2026-06-29 11:08:31,394 [INFO]: Search against KOfam done!
2026-06-29 11:09:24,214 [INFO]: Filtering and saving results...
2026-06-29 11:09:24,292 [INFO]: Search against KOfam done!
2026-06-29 11:10:31,437 [INFO]: Filtering and saving results...
2026-06-29 11:10:31,530 [INFO]: Search against KOfam done!
2026-06-29 11:11:08,823 [INFO]: Filtering and saving results...
2026-06-29 11:11:08,888 [INFO]: Search against KOfam done!
2026-06-29 11:12:06,849 [INFO]: Filtering and saving results...
2026-06-29 11:12:06,929 [INFO]: Search against KOfam done!
2026-06-29 11:13:06,111 [INFO]: Filtering and saving results...
2026-06-29 11:13:06,200 [INFO]: Search against KOfam done!
2026-06-29 11:13:35,211 [INFO]: Filtering and saving results...
2026-06-29 11:13:35,252 [INFO]: Search against KOfam done!
2026-06-29 11:14:21,837 [INFO]: Filtering and saving results...
2026-06-29 11:14:21,912 [INFO]: Search against KOfam done!
2026-06-29 11:14:48,274 [INFO]: Filtering and saving results...
2026-06-29 11:14:48,318 [INFO]: Search against KOfam done!
2026-06-29 11:15:42,230 [INFO]: Filtering and saving results...
2026-06-29 11:15:42,322 [INFO]: Search against KOfam done!
2026-06-29 11:17:19,800 [INFO]: Filtering and saving results...
2026-06-29 11:17:19,905 [INFO]: Search against KOfam done!
2026-06-29 11:18:17,997 [INFO]: Filtering and saving results...
2026-06-29 11:18:18,080 [INFO]: Search against KOfam done!
2026-06-29 11:19:14,585 [INFO]: Filtering and saving results...
2026-06-29 11:19:14,661 [INFO]: Search against KOfam done!
2026-06-29 11:19:47,656 [INFO]: Filtering and saving results...
2026-06-29 11:19:47,730 [INFO]: Search against KOfam done!
2026-06-29 11:20:37,340 [INFO]: Filtering and saving results...
2026-06-29 11:20:37,428 [INFO]: Search against KOfam done!
2026-06-29 11:21:14,513 [INFO]: Filtering and saving results...
2026-06-29 11:21:14,572 [INFO]: Search against KOfam done!
2026-06-29 11:21:37,151 [INFO]: Filtering and saving results...
2026-06-29 11:21:37,185 [INFO]: Search against KOfam done!
2026-06-29 11:22:21,308 [INFO]: Filtering and saving results...
2026-06-29 11:22:21,384 [INFO]: Search against KOfam done!
2026-06-29 11:23:50,030 [INFO]: Filtering and saving results...
2026-06-29 11:23:50,175 [INFO]: Search against KOfam done!
2026-06-29 11:24:13,754 [INFO]: Filtering and saving results...
2026-06-29 11:24:13,800 [INFO]: Search against KOfam done!
2026-06-29 11:24:37,711 [INFO]: Filtering and saving results...
2026-06-29 11:24:37,758 [INFO]: Search against KOfam done!
2026-06-29 11:25:34,674 [INFO]: Filtering and saving results...
2026-06-29 11:25:34,761 [INFO]: Search against KOfam done!
2026-06-29 11:26:18,364 [INFO]: Filtering and saving results...
2026-06-29 11:26:18,429 [INFO]: Search against KOfam done!
2026-06-29 11:26:51,827 [INFO]: Filtering and saving results...
2026-06-29 11:26:51,886 [INFO]: Search against KOfam done!
2026-06-29 11:27:31,369 [INFO]: Filtering and saving results...
2026-06-29 11:27:31,431 [INFO]: Search against KOfam done!
2026-06-29 11:28:01,942 [INFO]: Filtering and saving results...
2026-06-29 11:28:01,995 [INFO]: Search against KOfam done!
2026-06-29 11:29:27,603 [INFO]: Filtering and saving results...
2026-06-29 11:29:27,723 [INFO]: Search against KOfam done!
2026-06-29 11:30:51,656 [INFO]: Filtering and saving results...
2026-06-29 11:30:51,778 [INFO]: Search against KOfam done!
2026-06-29 11:31:26,118 [INFO]: Filtering and saving results...
2026-06-29 11:31:26,172 [INFO]: Search against KOfam done!
2026-06-29 11:32:12,536 [INFO]: Filtering and saving results...
2026-06-29 11:32:12,603 [INFO]: Search against KOfam done!
2026-06-29 11:32:40,899 [INFO]: Filtering and saving results...
2026-06-29 11:32:40,953 [INFO]: Search against KOfam done!
2026-06-29 11:33:53,837 [INFO]: Filtering and saving results...
2026-06-29 11:33:53,924 [INFO]: Search against KOfam done!
2026-06-29 11:35:16,347 [INFO]: Filtering and saving results...
2026-06-29 11:35:16,504 [INFO]: Search against KOfam done!
2026-06-29 11:36:31,035 [INFO]: Filtering and saving results...
2026-06-29 11:36:31,168 [INFO]: Search against KOfam done!
2026-06-29 11:37:41,592 [INFO]: Filtering and saving results...
2026-06-29 11:37:41,729 [INFO]: Search against KOfam done!
2026-06-29 11:38:57,595 [INFO]: Filtering and saving results...
2026-06-29 11:38:57,728 [INFO]: Search against KOfam done!
2026-06-29 11:40:25,540 [INFO]: Filtering and saving results...
2026-06-29 11:40:25,664 [INFO]: Search against KOfam done!
2026-06-29 11:41:32,346 [INFO]: Filtering and saving results...
2026-06-29 11:41:32,417 [INFO]: Search against KOfam done!
2026-06-29 11:42:05,120 [INFO]: Filtering and saving results...
2026-06-29 11:42:05,178 [INFO]: Search against KOfam done!
2026-06-29 11:42:30,601 [INFO]: Filtering and saving results...
2026-06-29 11:42:30,642 [INFO]: Search against KOfam done!
2026-06-29 11:42:55,255 [INFO]: Filtering and saving results...
2026-06-29 11:42:55,297 [INFO]: Search against KOfam done!
2026-06-29 11:43:25,905 [INFO]: Filtering and saving results...
2026-06-29 11:43:25,957 [INFO]: Search against KOfam done!
2026-06-29 11:43:48,442 [INFO]: Filtering and saving results...
2026-06-29 11:43:48,486 [INFO]: Search against KOfam done!
2026-06-29 11:44:32,901 [INFO]: Filtering and saving results...
2026-06-29 11:44:32,973 [INFO]: Search against KOfam done!
2026-06-29 11:45:09,151 [INFO]: Filtering and saving results...
2026-06-29 11:45:09,220 [INFO]: Search against KOfam done!
2026-06-29 11:45:44,928 [INFO]: Filtering and saving results...
2026-06-29 11:45:44,993 [INFO]: Search against KOfam done!
2026-06-29 11:47:01,819 [INFO]: Filtering and saving results...
2026-06-29 11:47:01,929 [INFO]: Search against KOfam done!
2026-06-29 11:48:14,389 [INFO]: Filtering and saving results...
2026-06-29 11:48:14,493 [INFO]: Search against KOfam done!
2026-06-29 11:48:55,611 [INFO]: Filtering and saving results...
2026-06-29 11:48:55,687 [INFO]: Search against KOfam done!
2026-06-29 11:50:09,788 [INFO]: Filtering and saving results...
2026-06-29 11:50:09,921 [INFO]: Search against KOfam done!
2026-06-29 11:50:10,120 [INFO]: Searching proteins against Swissprot
2026-06-29 11:52:32,212 [INFO]: Extracting Swissprot annotation data
2026-06-29 11:59:21,090 [INFO]: Searching proteins against RefSeq
2026-06-29 14:19:26,958 [INFO]: Extracting RefSeq annotation data
2026-06-29 15:47:26,471 [INFO]: Searching proteins against Trembl
2026-06-29 18:13:07,882 [INFO]: Extracting Trembl annotation data
2026-06-29 18:13:08,336 [INFO]: Improving annotations by searching matches in other databases
2026-06-29 18:13:10,940 [INFO]: MicrobeAnnotator has finished succefully!
