=====================================================
Start Time  : Mon Jun 29 11:16:33 AM PDT 2026
Job ID/Name : 64666474 / pangenome
======================================================

[2026-06-29 11:16:33] ========== Microbeannotator for Pangenome Analysis started ==========
[2026-06-29 11:16:33] Job ID/Name : 64666474 / pangenome
[2026-06-29 11:16:33] Node: hpc-20-13.cm.cluster, CPUs: 32, Mem: 122880MB
[2026-06-29 11:16:36] Activated conda env: /resnick/groups/enviromics/zahra/miniconda3/envs/microbeannotator
[2026-06-29 11:16:36] Running Microbeannotator
Loading diamond/2.1.7-gcc-13.2.0-cfkl5pd
  Loading requirement: zlib-ng/2.1.3-gcc-13.2.0-jetnfwa
2026-06-29 11:16:38,361 [INFO]:  ---- This is MicrobeAnnotator v2.0.5 ---- 
2026-06-29 11:16:38,361 [INFO]: Validating user inputs
2026-06-29 11:16:38,529 [INFO]: Passed
2026-06-29 11:16:38,529 [INFO]: Processing 50 files. I will run 8 files in parallel with 4 threads per file.
2026-06-29 11:16:38,529 [INFO]: Running in no_plot mode. Skipping plotting KO summaries. 
2026-06-29 11:16:39,202 [INFO]: Searching proteins against KOfam profiles
2026-06-29 11:16:39,202 [INFO]: Parsing HMM profile metadata
2026-06-29 11:17:32,204 [INFO]: Filtering and saving results...
2026-06-29 11:17:32,289 [INFO]: Search against KOfam done!
2026-06-29 11:19:02,416 [INFO]: Filtering and saving results...
2026-06-29 11:19:02,526 [INFO]: Search against KOfam done!
2026-06-29 11:19:41,311 [INFO]: Filtering and saving results...
2026-06-29 11:19:41,385 [INFO]: Search against KOfam done!
2026-06-29 11:20:23,702 [INFO]: Filtering and saving results...
2026-06-29 11:20:23,763 [INFO]: Search against KOfam done!
2026-06-29 11:21:02,171 [INFO]: Filtering and saving results...
2026-06-29 11:21:02,238 [INFO]: Search against KOfam done!
2026-06-29 11:21:44,275 [INFO]: Filtering and saving results...
2026-06-29 11:21:44,341 [INFO]: Search against KOfam done!
2026-06-29 11:23:16,078 [INFO]: Filtering and saving results...
2026-06-29 11:23:16,240 [INFO]: Search against KOfam done!
2026-06-29 11:24:32,532 [INFO]: Filtering and saving results...
2026-06-29 11:24:32,651 [INFO]: Search against KOfam done!
2026-06-29 11:26:12,798 [INFO]: Filtering and saving results...
2026-06-29 11:26:12,895 [INFO]: Search against KOfam done!
2026-06-29 11:26:55,769 [INFO]: Filtering and saving results...
2026-06-29 11:26:55,863 [INFO]: Search against KOfam done!
2026-06-29 11:27:22,217 [INFO]: Filtering and saving results...
2026-06-29 11:27:22,261 [INFO]: Search against KOfam done!
2026-06-29 11:27:50,025 [INFO]: Filtering and saving results...
2026-06-29 11:27:50,072 [INFO]: Search against KOfam done!
2026-06-29 11:28:21,565 [INFO]: Filtering and saving results...
2026-06-29 11:28:21,624 [INFO]: Search against KOfam done!
2026-06-29 11:28:51,147 [INFO]: Filtering and saving results...
2026-06-29 11:28:51,200 [INFO]: Search against KOfam done!
2026-06-29 11:29:36,539 [INFO]: Filtering and saving results...
2026-06-29 11:29:36,597 [INFO]: Search against KOfam done!
2026-06-29 11:30:43,139 [INFO]: Filtering and saving results...
2026-06-29 11:30:43,233 [INFO]: Search against KOfam done!
2026-06-29 11:31:08,888 [INFO]: Filtering and saving results...
2026-06-29 11:31:08,952 [INFO]: Search against KOfam done!
2026-06-29 11:32:00,710 [INFO]: Filtering and saving results...
2026-06-29 11:32:00,801 [INFO]: Search against KOfam done!
2026-06-29 11:32:32,842 [INFO]: Filtering and saving results...
2026-06-29 11:32:32,899 [INFO]: Search against KOfam done!
2026-06-29 11:33:10,306 [INFO]: Filtering and saving results...
2026-06-29 11:33:10,371 [INFO]: Search against KOfam done!
2026-06-29 11:33:33,361 [INFO]: Filtering and saving results...
2026-06-29 11:33:33,400 [INFO]: Search against KOfam done!
2026-06-29 11:34:29,990 [INFO]: Filtering and saving results...
2026-06-29 11:34:30,066 [INFO]: Search against KOfam done!
2026-06-29 11:36:30,668 [INFO]: Filtering and saving results...
2026-06-29 11:36:30,812 [INFO]: Search against KOfam done!
2026-06-29 11:38:03,544 [INFO]: Filtering and saving results...
2026-06-29 11:38:03,673 [INFO]: Search against KOfam done!
2026-06-29 11:39:06,671 [INFO]: Filtering and saving results...
2026-06-29 11:39:06,793 [INFO]: Search against KOfam done!
2026-06-29 11:40:12,005 [INFO]: Filtering and saving results...
2026-06-29 11:40:12,129 [INFO]: Search against KOfam done!
2026-06-29 11:41:24,382 [INFO]: Filtering and saving results...
2026-06-29 11:41:24,554 [INFO]: Search against KOfam done!
2026-06-29 11:41:56,128 [INFO]: Filtering and saving results...
2026-06-29 11:41:56,186 [INFO]: Search against KOfam done!
2026-06-29 11:42:33,048 [INFO]: Filtering and saving results...
2026-06-29 11:42:33,112 [INFO]: Search against KOfam done!
2026-06-29 11:43:20,268 [INFO]: Filtering and saving results...
2026-06-29 11:43:20,337 [INFO]: Search against KOfam done!
2026-06-29 11:43:58,562 [INFO]: Filtering and saving results...
2026-06-29 11:43:58,637 [INFO]: Search against KOfam done!
2026-06-29 11:44:41,452 [INFO]: Filtering and saving results...
2026-06-29 11:44:41,524 [INFO]: Search against KOfam done!
2026-06-29 11:45:09,764 [INFO]: Filtering and saving results...
2026-06-29 11:45:09,811 [INFO]: Search against KOfam done!
2026-06-29 11:45:37,271 [INFO]: Filtering and saving results...
2026-06-29 11:45:37,322 [INFO]: Search against KOfam done!
2026-06-29 11:46:08,415 [INFO]: Filtering and saving results...
2026-06-29 11:46:08,464 [INFO]: Search against KOfam done!
2026-06-29 11:46:58,429 [INFO]: Filtering and saving results...
2026-06-29 11:46:58,510 [INFO]: Search against KOfam done!
2026-06-29 11:47:38,651 [INFO]: Filtering and saving results...
2026-06-29 11:47:38,746 [INFO]: Search against KOfam done!
2026-06-29 11:48:37,901 [INFO]: Filtering and saving results...
2026-06-29 11:48:38,054 [INFO]: Search against KOfam done!
2026-06-29 11:49:27,833 [INFO]: Filtering and saving results...
2026-06-29 11:49:27,912 [INFO]: Search against KOfam done!
2026-06-29 11:50:34,886 [INFO]: Filtering and saving results...
2026-06-29 11:50:35,002 [INFO]: Search against KOfam done!
2026-06-29 11:51:48,387 [INFO]: Filtering and saving results...
2026-06-29 11:51:48,544 [INFO]: Search against KOfam done!
2026-06-29 11:53:27,109 [INFO]: Filtering and saving results...
2026-06-29 11:53:27,246 [INFO]: Search against KOfam done!
2026-06-29 11:54:13,727 [INFO]: Filtering and saving results...
2026-06-29 11:54:13,811 [INFO]: Search against KOfam done!
2026-06-29 11:54:57,132 [INFO]: Filtering and saving results...
2026-06-29 11:54:57,204 [INFO]: Search against KOfam done!
2026-06-29 11:55:41,253 [INFO]: Filtering and saving results...
2026-06-29 11:55:41,338 [INFO]: Search against KOfam done!
2026-06-29 11:56:14,487 [INFO]: Filtering and saving results...
2026-06-29 11:56:14,543 [INFO]: Search against KOfam done!
2026-06-29 11:57:19,215 [INFO]: Filtering and saving results...
2026-06-29 11:57:19,306 [INFO]: Search against KOfam done!
2026-06-29 11:58:05,717 [INFO]: Filtering and saving results...
2026-06-29 11:58:05,807 [INFO]: Search against KOfam done!
2026-06-29 11:58:30,659 [INFO]: Filtering and saving results...
2026-06-29 11:58:30,702 [INFO]: Search against KOfam done!
2026-06-29 11:58:54,863 [INFO]: Filtering and saving results...
2026-06-29 11:58:54,906 [INFO]: Search against KOfam done!
2026-06-29 11:58:54,951 [INFO]: Searching proteins against Swissprot
2026-06-29 12:00:55,452 [INFO]: Extracting Swissprot annotation data
2026-06-29 12:11:54,671 [INFO]: Searching proteins against RefSeq
2026-06-29 14:12:14,775 [INFO]: Extracting RefSeq annotation data
2026-06-29 16:01:28,450 [INFO]: Searching proteins against Trembl
2026-06-29 18:05:59,586 [INFO]: Extracting Trembl annotation data
2026-06-29 18:05:59,988 [INFO]: Improving annotations by searching matches in other databases
2026-06-29 18:06:01,942 [INFO]: MicrobeAnnotator has finished succefully!
