=====================================================
Start Time  : Mon Jun 29 11:10:53 AM PDT 2026
Job ID/Name : 64666399 / pangenome
======================================================

[2026-06-29 11:10:53] ========== Microbeannotator for Pangenome Analysis started ==========
[2026-06-29 11:10:53] Job ID/Name : 64666399 / pangenome
[2026-06-29 11:10:53] Node: hpc-52-09.cm.cluster, CPUs: 32, Mem: 122880MB
[2026-06-29 11:10:59] Activated conda env: /resnick/groups/enviromics/zahra/miniconda3/envs/microbeannotator
[2026-06-29 11:10:59] Running Microbeannotator
Loading diamond/2.1.7-gcc-13.2.0-cfkl5pd
  Loading requirement: zlib-ng/2.1.3-gcc-13.2.0-jetnfwa
2026-06-29 11:11:05,435 [INFO]:  ---- This is MicrobeAnnotator v2.0.5 ---- 
2026-06-29 11:11:05,435 [INFO]: Validating user inputs
2026-06-29 11:11:05,534 [INFO]: Passed
2026-06-29 11:11:05,535 [INFO]: Processing 50 files. I will run 8 files in parallel with 4 threads per file.
2026-06-29 11:11:05,535 [INFO]: Running in no_plot mode. Skipping plotting KO summaries. 
2026-06-29 11:11:06,386 [INFO]: Searching proteins against KOfam profiles
2026-06-29 11:11:06,387 [INFO]: Parsing HMM profile metadata
2026-06-29 11:11:35,411 [INFO]: Filtering and saving results...
2026-06-29 11:11:35,481 [INFO]: Search against KOfam done!
2026-06-29 11:12:16,103 [INFO]: Filtering and saving results...
2026-06-29 11:12:16,234 [INFO]: Search against KOfam done!
2026-06-29 11:13:04,725 [INFO]: Filtering and saving results...
2026-06-29 11:13:04,786 [INFO]: Search against KOfam done!
2026-06-29 11:13:40,247 [INFO]: Filtering and saving results...
2026-06-29 11:13:40,310 [INFO]: Search against KOfam done!
2026-06-29 11:14:08,343 [INFO]: Filtering and saving results...
2026-06-29 11:14:08,404 [INFO]: Search against KOfam done!
2026-06-29 11:14:43,174 [INFO]: Filtering and saving results...
2026-06-29 11:14:43,247 [INFO]: Search against KOfam done!
2026-06-29 11:15:07,666 [INFO]: Filtering and saving results...
2026-06-29 11:15:07,719 [INFO]: Search against KOfam done!
2026-06-29 11:15:39,792 [INFO]: Filtering and saving results...
2026-06-29 11:15:39,859 [INFO]: Search against KOfam done!
2026-06-29 11:16:40,820 [INFO]: Filtering and saving results...
2026-06-29 11:16:40,925 [INFO]: Search against KOfam done!
2026-06-29 11:17:10,566 [INFO]: Filtering and saving results...
2026-06-29 11:17:10,625 [INFO]: Search against KOfam done!
2026-06-29 11:17:38,163 [INFO]: Filtering and saving results...
2026-06-29 11:17:38,226 [INFO]: Search against KOfam done!
2026-06-29 11:18:09,894 [INFO]: Filtering and saving results...
2026-06-29 11:18:09,938 [INFO]: Search against KOfam done!
2026-06-29 11:18:49,754 [INFO]: Filtering and saving results...
2026-06-29 11:18:49,829 [INFO]: Search against KOfam done!
2026-06-29 11:19:46,516 [INFO]: Filtering and saving results...
2026-06-29 11:19:46,611 [INFO]: Search against KOfam done!
2026-06-29 11:20:28,107 [INFO]: Filtering and saving results...
2026-06-29 11:20:28,187 [INFO]: Search against KOfam done!
2026-06-29 11:21:15,341 [INFO]: Filtering and saving results...
2026-06-29 11:21:15,398 [INFO]: Search against KOfam done!
2026-06-29 11:22:02,475 [INFO]: Filtering and saving results...
2026-06-29 11:22:02,549 [INFO]: Search against KOfam done!
2026-06-29 11:22:53,409 [INFO]: Filtering and saving results...
2026-06-29 11:22:53,515 [INFO]: Search against KOfam done!
2026-06-29 11:23:20,148 [INFO]: Filtering and saving results...
2026-06-29 11:23:20,196 [INFO]: Search against KOfam done!
2026-06-29 11:24:27,104 [INFO]: Filtering and saving results...
2026-06-29 11:24:27,270 [INFO]: Search against KOfam done!
2026-06-29 11:25:51,193 [INFO]: Filtering and saving results...
2026-06-29 11:25:51,341 [INFO]: Search against KOfam done!
2026-06-29 11:26:42,485 [INFO]: Filtering and saving results...
2026-06-29 11:26:42,575 [INFO]: Search against KOfam done!
2026-06-29 11:27:28,771 [INFO]: Filtering and saving results...
2026-06-29 11:27:28,856 [INFO]: Search against KOfam done!
2026-06-29 11:27:56,961 [INFO]: Filtering and saving results...
2026-06-29 11:27:57,008 [INFO]: Search against KOfam done!
2026-06-29 11:28:56,655 [INFO]: Filtering and saving results...
2026-06-29 11:28:56,755 [INFO]: Search against KOfam done!
2026-06-29 11:29:36,704 [INFO]: Filtering and saving results...
2026-06-29 11:29:36,764 [INFO]: Search against KOfam done!
2026-06-29 11:30:40,842 [INFO]: Filtering and saving results...
2026-06-29 11:30:40,936 [INFO]: Search against KOfam done!
2026-06-29 11:31:06,097 [INFO]: Filtering and saving results...
2026-06-29 11:31:06,135 [INFO]: Search against KOfam done!
2026-06-29 11:31:56,181 [INFO]: Filtering and saving results...
2026-06-29 11:31:56,261 [INFO]: Search against KOfam done!
2026-06-29 11:33:07,135 [INFO]: Filtering and saving results...
2026-06-29 11:33:07,273 [INFO]: Search against KOfam done!
2026-06-29 11:34:06,193 [INFO]: Filtering and saving results...
2026-06-29 11:34:06,300 [INFO]: Search against KOfam done!
2026-06-29 11:34:56,919 [INFO]: Filtering and saving results...
2026-06-29 11:34:56,989 [INFO]: Search against KOfam done!
2026-06-29 11:35:24,136 [INFO]: Filtering and saving results...
2026-06-29 11:35:24,175 [INFO]: Search against KOfam done!
2026-06-29 11:35:59,582 [INFO]: Filtering and saving results...
2026-06-29 11:35:59,628 [INFO]: Search against KOfam done!
2026-06-29 11:37:27,179 [INFO]: Filtering and saving results...
2026-06-29 11:37:27,321 [INFO]: Search against KOfam done!
2026-06-29 11:38:11,608 [INFO]: Filtering and saving results...
2026-06-29 11:38:11,695 [INFO]: Search against KOfam done!
2026-06-29 11:39:18,254 [INFO]: Filtering and saving results...
2026-06-29 11:39:18,355 [INFO]: Search against KOfam done!
2026-06-29 11:40:30,214 [INFO]: Filtering and saving results...
2026-06-29 11:40:30,325 [INFO]: Search against KOfam done!
2026-06-29 11:41:14,325 [INFO]: Filtering and saving results...
2026-06-29 11:41:14,415 [INFO]: Search against KOfam done!
2026-06-29 11:42:34,822 [INFO]: Filtering and saving results...
2026-06-29 11:42:34,922 [INFO]: Search against KOfam done!
2026-06-29 11:43:26,528 [INFO]: Filtering and saving results...
2026-06-29 11:43:26,588 [INFO]: Search against KOfam done!
2026-06-29 11:44:11,119 [INFO]: Filtering and saving results...
2026-06-29 11:44:11,187 [INFO]: Search against KOfam done!
2026-06-29 11:44:57,112 [INFO]: Filtering and saving results...
2026-06-29 11:44:57,175 [INFO]: Search against KOfam done!
2026-06-29 11:45:55,283 [INFO]: Filtering and saving results...
2026-06-29 11:45:55,376 [INFO]: Search against KOfam done!
2026-06-29 11:46:47,193 [INFO]: Filtering and saving results...
2026-06-29 11:46:47,273 [INFO]: Search against KOfam done!
2026-06-29 11:47:02,895 [INFO]: Filtering and saving results...
2026-06-29 11:47:02,920 [INFO]: Search against KOfam done!
2026-06-29 11:47:23,987 [INFO]: Filtering and saving results...
2026-06-29 11:47:24,030 [INFO]: Search against KOfam done!
2026-06-29 11:47:39,392 [INFO]: Filtering and saving results...
2026-06-29 11:47:39,422 [INFO]: Search against KOfam done!
2026-06-29 11:48:02,205 [INFO]: Filtering and saving results...
2026-06-29 11:48:02,262 [INFO]: Search against KOfam done!
2026-06-29 11:48:22,242 [INFO]: Filtering and saving results...
2026-06-29 11:48:22,277 [INFO]: Search against KOfam done!
2026-06-29 11:48:22,326 [INFO]: Searching proteins against Swissprot
2026-06-29 11:50:35,040 [INFO]: Extracting Swissprot annotation data
2026-06-29 11:56:28,859 [INFO]: Searching proteins against RefSeq
2026-06-29 14:26:53,176 [INFO]: Extracting RefSeq annotation data
2026-06-29 15:25:55,332 [INFO]: Searching proteins against Trembl
2026-06-29 17:59:43,825 [INFO]: Extracting Trembl annotation data
2026-06-29 17:59:44,254 [INFO]: Improving annotations by searching matches in other databases
2026-06-29 17:59:46,826 [INFO]: MicrobeAnnotator has finished succefully!
