=====================================================
Start Time  : Mon Jun 29 11:08:48 AM PDT 2026
Job ID/Name : 64666339 / pangenome
======================================================

[2026-06-29 11:08:48] ========== Microbeannotator for Pangenome Analysis started ==========
[2026-06-29 11:08:48] Job ID/Name : 64666339 / pangenome
[2026-06-29 11:08:48] Node: hpc-53-11.cm.cluster, CPUs: 32, Mem: 122880MB
[2026-06-29 11:08:52] Activated conda env: /resnick/groups/enviromics/zahra/miniconda3/envs/microbeannotator
[2026-06-29 11:08:52] Running Microbeannotator
Loading diamond/2.1.7-gcc-13.2.0-cfkl5pd
  Loading requirement: zlib-ng/2.1.3-gcc-13.2.0-jetnfwa
2026-06-29 11:08:55,112 [INFO]:  ---- This is MicrobeAnnotator v2.0.5 ---- 
2026-06-29 11:08:55,113 [INFO]: Validating user inputs
2026-06-29 11:08:55,290 [INFO]: Passed
2026-06-29 11:08:55,290 [INFO]: Processing 50 files. I will run 8 files in parallel with 4 threads per file.
2026-06-29 11:08:55,290 [INFO]: Running in no_plot mode. Skipping plotting KO summaries. 
2026-06-29 11:08:56,001 [INFO]: Searching proteins against KOfam profiles
2026-06-29 11:08:56,001 [INFO]: Parsing HMM profile metadata
2026-06-29 11:09:18,943 [INFO]: Filtering and saving results...
2026-06-29 11:09:18,998 [INFO]: Search against KOfam done!
2026-06-29 11:09:46,761 [INFO]: Filtering and saving results...
2026-06-29 11:09:46,811 [INFO]: Search against KOfam done!
2026-06-29 11:10:16,389 [INFO]: Filtering and saving results...
2026-06-29 11:10:16,438 [INFO]: Search against KOfam done!
2026-06-29 11:10:57,649 [INFO]: Filtering and saving results...
2026-06-29 11:10:57,730 [INFO]: Search against KOfam done!
2026-06-29 11:11:41,010 [INFO]: Filtering and saving results...
2026-06-29 11:11:41,111 [INFO]: Search against KOfam done!
2026-06-29 11:12:52,780 [INFO]: Filtering and saving results...
2026-06-29 11:12:52,916 [INFO]: Search against KOfam done!
2026-06-29 11:13:29,538 [INFO]: Filtering and saving results...
2026-06-29 11:13:29,627 [INFO]: Search against KOfam done!
2026-06-29 11:14:01,250 [INFO]: Filtering and saving results...
2026-06-29 11:14:01,321 [INFO]: Search against KOfam done!
2026-06-29 11:14:57,878 [INFO]: Filtering and saving results...
2026-06-29 11:14:57,958 [INFO]: Search against KOfam done!
2026-06-29 11:15:30,880 [INFO]: Filtering and saving results...
2026-06-29 11:15:30,922 [INFO]: Search against KOfam done!
2026-06-29 11:15:57,831 [INFO]: Filtering and saving results...
2026-06-29 11:15:57,914 [INFO]: Search against KOfam done!
2026-06-29 11:16:23,271 [INFO]: Filtering and saving results...
2026-06-29 11:16:23,328 [INFO]: Search against KOfam done!
2026-06-29 11:16:54,601 [INFO]: Filtering and saving results...
2026-06-29 11:16:54,663 [INFO]: Search against KOfam done!
2026-06-29 11:17:22,103 [INFO]: Filtering and saving results...
2026-06-29 11:17:22,162 [INFO]: Search against KOfam done!
2026-06-29 11:17:52,137 [INFO]: Filtering and saving results...
2026-06-29 11:17:52,201 [INFO]: Search against KOfam done!
2026-06-29 11:18:15,488 [INFO]: Filtering and saving results...
2026-06-29 11:18:15,538 [INFO]: Search against KOfam done!
2026-06-29 11:19:17,748 [INFO]: Filtering and saving results...
2026-06-29 11:19:17,992 [INFO]: Search against KOfam done!
2026-06-29 11:20:19,868 [INFO]: Filtering and saving results...
2026-06-29 11:20:19,980 [INFO]: Search against KOfam done!
2026-06-29 11:20:59,178 [INFO]: Filtering and saving results...
2026-06-29 11:20:59,268 [INFO]: Search against KOfam done!
2026-06-29 11:21:33,828 [INFO]: Filtering and saving results...
2026-06-29 11:21:33,897 [INFO]: Search against KOfam done!
2026-06-29 11:21:54,367 [INFO]: Filtering and saving results...
2026-06-29 11:21:54,430 [INFO]: Search against KOfam done!
2026-06-29 11:22:25,669 [INFO]: Filtering and saving results...
2026-06-29 11:22:25,713 [INFO]: Search against KOfam done!
2026-06-29 11:23:03,042 [INFO]: Filtering and saving results...
2026-06-29 11:23:03,114 [INFO]: Search against KOfam done!
2026-06-29 11:23:38,814 [INFO]: Filtering and saving results...
2026-06-29 11:23:38,888 [INFO]: Search against KOfam done!
2026-06-29 11:24:31,531 [INFO]: Filtering and saving results...
2026-06-29 11:24:31,611 [INFO]: Search against KOfam done!
2026-06-29 11:25:03,927 [INFO]: Filtering and saving results...
2026-06-29 11:25:04,004 [INFO]: Search against KOfam done!
2026-06-29 11:25:39,513 [INFO]: Filtering and saving results...
2026-06-29 11:25:39,582 [INFO]: Search against KOfam done!
2026-06-29 11:26:11,708 [INFO]: Filtering and saving results...
2026-06-29 11:26:11,776 [INFO]: Search against KOfam done!
2026-06-29 11:27:14,772 [INFO]: Filtering and saving results...
2026-06-29 11:27:14,995 [INFO]: Search against KOfam done!
2026-06-29 11:27:49,493 [INFO]: Filtering and saving results...
2026-06-29 11:27:49,554 [INFO]: Search against KOfam done!
2026-06-29 11:28:07,802 [INFO]: Filtering and saving results...
2026-06-29 11:28:07,851 [INFO]: Search against KOfam done!
2026-06-29 11:28:45,705 [INFO]: Filtering and saving results...
2026-06-29 11:28:45,819 [INFO]: Search against KOfam done!
2026-06-29 11:29:17,104 [INFO]: Filtering and saving results...
2026-06-29 11:29:17,168 [INFO]: Search against KOfam done!
2026-06-29 11:29:38,609 [INFO]: Filtering and saving results...
2026-06-29 11:29:38,657 [INFO]: Search against KOfam done!
2026-06-29 11:30:09,093 [INFO]: Filtering and saving results...
2026-06-29 11:30:09,167 [INFO]: Search against KOfam done!
2026-06-29 11:30:56,455 [INFO]: Filtering and saving results...
2026-06-29 11:30:56,563 [INFO]: Search against KOfam done!
2026-06-29 11:31:56,958 [INFO]: Filtering and saving results...
2026-06-29 11:31:57,074 [INFO]: Search against KOfam done!
2026-06-29 11:33:24,817 [INFO]: Filtering and saving results...
2026-06-29 11:33:24,932 [INFO]: Search against KOfam done!
2026-06-29 11:33:55,109 [INFO]: Filtering and saving results...
2026-06-29 11:33:55,179 [INFO]: Search against KOfam done!
2026-06-29 11:34:52,222 [INFO]: Filtering and saving results...
2026-06-29 11:34:52,350 [INFO]: Search against KOfam done!
2026-06-29 11:35:15,810 [INFO]: Filtering and saving results...
2026-06-29 11:35:15,880 [INFO]: Search against KOfam done!
2026-06-29 11:35:58,502 [INFO]: Filtering and saving results...
2026-06-29 11:35:58,559 [INFO]: Search against KOfam done!
2026-06-29 11:37:21,314 [INFO]: Filtering and saving results...
2026-06-29 11:37:21,476 [INFO]: Search against KOfam done!
2026-06-29 11:38:41,723 [INFO]: Filtering and saving results...
2026-06-29 11:38:41,889 [INFO]: Search against KOfam done!
2026-06-29 11:39:17,105 [INFO]: Filtering and saving results...
2026-06-29 11:39:17,160 [INFO]: Search against KOfam done!
2026-06-29 11:39:48,452 [INFO]: Filtering and saving results...
2026-06-29 11:39:48,519 [INFO]: Search against KOfam done!
2026-06-29 11:40:15,655 [INFO]: Filtering and saving results...
2026-06-29 11:40:15,705 [INFO]: Search against KOfam done!
2026-06-29 11:40:49,458 [INFO]: Filtering and saving results...
2026-06-29 11:40:49,508 [INFO]: Search against KOfam done!
2026-06-29 11:41:13,270 [INFO]: Filtering and saving results...
2026-06-29 11:41:13,296 [INFO]: Search against KOfam done!
2026-06-29 11:42:46,082 [INFO]: Filtering and saving results...
2026-06-29 11:42:46,261 [INFO]: Search against KOfam done!
2026-06-29 11:42:46,457 [INFO]: Searching proteins against Swissprot
2026-06-29 11:44:46,808 [INFO]: Extracting Swissprot annotation data
2026-06-29 11:57:05,876 [INFO]: Searching proteins against RefSeq
2026-06-29 14:02:33,466 [INFO]: Extracting RefSeq annotation data
2026-06-29 15:22:29,940 [INFO]: Searching proteins against Trembl
2026-06-29 17:35:59,803 [INFO]: Extracting Trembl annotation data
2026-06-29 17:36:00,433 [INFO]: Improving annotations by searching matches in other databases
2026-06-29 17:36:02,272 [INFO]: MicrobeAnnotator has finished succefully!
