=====================================================
Start Time  : Mon Jun 29 11:07:46 AM PDT 2026
Job ID/Name : 64666325 / pangenome
======================================================

[2026-06-29 11:07:46] ========== Microbeannotator for Pangenome Analysis started ==========
[2026-06-29 11:07:46] Job ID/Name : 64666325 / pangenome
[2026-06-29 11:07:46] Node: hpc-53-02.cm.cluster, CPUs: 32, Mem: 122880MB
[2026-06-29 11:07:55] Activated conda env: /resnick/groups/enviromics/zahra/miniconda3/envs/microbeannotator
[2026-06-29 11:07:55] Running Microbeannotator
Loading diamond/2.1.7-gcc-13.2.0-cfkl5pd
  Loading requirement: zlib-ng/2.1.3-gcc-13.2.0-jetnfwa
2026-06-29 11:08:00,434 [INFO]:  ---- This is MicrobeAnnotator v2.0.5 ---- 
2026-06-29 11:08:00,435 [INFO]: Validating user inputs
2026-06-29 11:08:00,555 [INFO]: Passed
2026-06-29 11:08:00,556 [INFO]: Processing 50 files. I will run 8 files in parallel with 4 threads per file.
2026-06-29 11:08:00,556 [INFO]: Running in no_plot mode. Skipping plotting KO summaries. 
2026-06-29 11:08:01,340 [INFO]: Searching proteins against KOfam profiles
2026-06-29 11:08:01,341 [INFO]: Parsing HMM profile metadata
2026-06-29 11:08:39,648 [INFO]: Filtering and saving results...
2026-06-29 11:08:39,726 [INFO]: Search against KOfam done!
2026-06-29 11:09:21,638 [INFO]: Filtering and saving results...
2026-06-29 11:09:21,708 [INFO]: Search against KOfam done!
2026-06-29 11:10:14,636 [INFO]: Filtering and saving results...
2026-06-29 11:10:14,727 [INFO]: Search against KOfam done!
2026-06-29 11:10:44,677 [INFO]: Filtering and saving results...
2026-06-29 11:10:44,748 [INFO]: Search against KOfam done!
2026-06-29 11:11:11,660 [INFO]: Filtering and saving results...
2026-06-29 11:11:11,724 [INFO]: Search against KOfam done!
2026-06-29 11:12:15,765 [INFO]: Filtering and saving results...
2026-06-29 11:12:15,865 [INFO]: Search against KOfam done!
2026-06-29 11:12:50,852 [INFO]: Filtering and saving results...
2026-06-29 11:12:50,938 [INFO]: Search against KOfam done!
2026-06-29 11:13:58,472 [INFO]: Filtering and saving results...
2026-06-29 11:13:58,592 [INFO]: Search against KOfam done!
2026-06-29 11:14:33,018 [INFO]: Filtering and saving results...
2026-06-29 11:14:33,087 [INFO]: Search against KOfam done!
2026-06-29 11:15:00,842 [INFO]: Filtering and saving results...
2026-06-29 11:15:00,903 [INFO]: Search against KOfam done!
2026-06-29 11:15:47,490 [INFO]: Filtering and saving results...
2026-06-29 11:15:47,558 [INFO]: Search against KOfam done!
2026-06-29 11:16:44,016 [INFO]: Filtering and saving results...
2026-06-29 11:16:44,121 [INFO]: Search against KOfam done!
2026-06-29 11:17:08,760 [INFO]: Filtering and saving results...
2026-06-29 11:17:08,811 [INFO]: Search against KOfam done!
2026-06-29 11:17:36,495 [INFO]: Filtering and saving results...
2026-06-29 11:17:36,557 [INFO]: Search against KOfam done!
2026-06-29 11:18:04,058 [INFO]: Filtering and saving results...
2026-06-29 11:18:04,122 [INFO]: Search against KOfam done!
2026-06-29 11:18:43,559 [INFO]: Filtering and saving results...
2026-06-29 11:18:43,645 [INFO]: Search against KOfam done!
2026-06-29 11:19:09,676 [INFO]: Filtering and saving results...
2026-06-29 11:19:09,739 [INFO]: Search against KOfam done!
2026-06-29 11:19:42,993 [INFO]: Filtering and saving results...
2026-06-29 11:19:43,061 [INFO]: Search against KOfam done!
2026-06-29 11:20:10,096 [INFO]: Filtering and saving results...
2026-06-29 11:20:10,221 [INFO]: Search against KOfam done!
2026-06-29 11:20:47,021 [INFO]: Filtering and saving results...
2026-06-29 11:20:47,109 [INFO]: Search against KOfam done!
2026-06-29 11:21:14,318 [INFO]: Filtering and saving results...
2026-06-29 11:21:14,382 [INFO]: Search against KOfam done!
2026-06-29 11:21:40,387 [INFO]: Filtering and saving results...
2026-06-29 11:21:40,446 [INFO]: Search against KOfam done!
2026-06-29 11:22:16,868 [INFO]: Filtering and saving results...
2026-06-29 11:22:16,937 [INFO]: Search against KOfam done!
2026-06-29 11:22:47,801 [INFO]: Filtering and saving results...
2026-06-29 11:22:47,876 [INFO]: Search against KOfam done!
2026-06-29 11:23:23,352 [INFO]: Filtering and saving results...
2026-06-29 11:23:23,431 [INFO]: Search against KOfam done!
2026-06-29 11:23:59,417 [INFO]: Filtering and saving results...
2026-06-29 11:23:59,500 [INFO]: Search against KOfam done!
2026-06-29 11:24:24,598 [INFO]: Filtering and saving results...
2026-06-29 11:24:24,658 [INFO]: Search against KOfam done!
2026-06-29 11:24:57,398 [INFO]: Filtering and saving results...
2026-06-29 11:24:57,450 [INFO]: Search against KOfam done!
2026-06-29 11:25:31,129 [INFO]: Filtering and saving results...
2026-06-29 11:25:31,205 [INFO]: Search against KOfam done!
2026-06-29 11:26:04,171 [INFO]: Filtering and saving results...
2026-06-29 11:26:04,241 [INFO]: Search against KOfam done!
2026-06-29 11:26:42,377 [INFO]: Filtering and saving results...
2026-06-29 11:26:42,486 [INFO]: Search against KOfam done!
2026-06-29 11:27:11,263 [INFO]: Filtering and saving results...
2026-06-29 11:27:11,331 [INFO]: Search against KOfam done!
2026-06-29 11:27:35,653 [INFO]: Filtering and saving results...
2026-06-29 11:27:35,705 [INFO]: Search against KOfam done!
2026-06-29 11:27:59,026 [INFO]: Filtering and saving results...
2026-06-29 11:27:59,073 [INFO]: Search against KOfam done!
2026-06-29 11:28:17,949 [INFO]: Filtering and saving results...
2026-06-29 11:28:17,990 [INFO]: Search against KOfam done!
2026-06-29 11:28:34,837 [INFO]: Filtering and saving results...
2026-06-29 11:28:34,888 [INFO]: Search against KOfam done!
2026-06-29 11:28:57,296 [INFO]: Filtering and saving results...
2026-06-29 11:28:57,354 [INFO]: Search against KOfam done!
2026-06-29 11:29:13,421 [INFO]: Filtering and saving results...
2026-06-29 11:29:13,462 [INFO]: Search against KOfam done!
2026-06-29 11:29:41,216 [INFO]: Filtering and saving results...
2026-06-29 11:29:41,257 [INFO]: Search against KOfam done!
2026-06-29 11:30:37,961 [INFO]: Filtering and saving results...
2026-06-29 11:30:38,059 [INFO]: Search against KOfam done!
2026-06-29 11:31:17,553 [INFO]: Filtering and saving results...
2026-06-29 11:31:17,618 [INFO]: Search against KOfam done!
2026-06-29 11:32:11,654 [INFO]: Filtering and saving results...
2026-06-29 11:32:11,771 [INFO]: Search against KOfam done!
2026-06-29 11:32:54,700 [INFO]: Filtering and saving results...
2026-06-29 11:32:54,780 [INFO]: Search against KOfam done!
2026-06-29 11:33:38,492 [INFO]: Filtering and saving results...
2026-06-29 11:33:38,579 [INFO]: Search against KOfam done!
2026-06-29 11:34:20,771 [INFO]: Filtering and saving results...
2026-06-29 11:34:20,850 [INFO]: Search against KOfam done!
2026-06-29 11:35:02,900 [INFO]: Filtering and saving results...
2026-06-29 11:35:02,981 [INFO]: Search against KOfam done!
2026-06-29 11:35:44,306 [INFO]: Filtering and saving results...
2026-06-29 11:35:44,391 [INFO]: Search against KOfam done!
2026-06-29 11:36:40,966 [INFO]: Filtering and saving results...
2026-06-29 11:36:41,044 [INFO]: Search against KOfam done!
2026-06-29 11:37:13,830 [INFO]: Filtering and saving results...
2026-06-29 11:37:13,905 [INFO]: Search against KOfam done!
2026-06-29 11:37:49,728 [INFO]: Filtering and saving results...
2026-06-29 11:37:49,784 [INFO]: Search against KOfam done!
2026-06-29 11:37:49,887 [INFO]: Searching proteins against Swissprot
2026-06-29 11:39:53,899 [INFO]: Extracting Swissprot annotation data
2026-06-29 11:46:02,003 [INFO]: Searching proteins against RefSeq
2026-06-29 13:46:03,364 [INFO]: Extracting RefSeq annotation data
2026-06-29 14:30:52,186 [INFO]: Searching proteins against Trembl
2026-06-29 16:38:11,766 [INFO]: Extracting Trembl annotation data
2026-06-29 16:38:12,313 [INFO]: Improving annotations by searching matches in other databases
2026-06-29 16:38:14,908 [INFO]: MicrobeAnnotator has finished succefully!
