=====================================================
Start Time  : Mon Jun 29 11:10:22 AM PDT 2026
Job ID/Name : 64666388 / pangenome
======================================================

[2026-06-29 11:10:22] ========== Microbeannotator for Pangenome Analysis started ==========
[2026-06-29 11:10:22] Job ID/Name : 64666388 / pangenome
[2026-06-29 11:10:22] Node: hpc-34-16.cm.cluster, CPUs: 32, Mem: 122880MB
[2026-06-29 11:10:29] Activated conda env: /resnick/groups/enviromics/zahra/miniconda3/envs/microbeannotator
[2026-06-29 11:10:29] Running Microbeannotator
Loading diamond/2.1.7-gcc-13.2.0-cfkl5pd
  Loading requirement: zlib-ng/2.1.3-gcc-13.2.0-jetnfwa
2026-06-29 11:10:35,445 [INFO]:  ---- This is MicrobeAnnotator v2.0.5 ---- 
2026-06-29 11:10:35,446 [INFO]: Validating user inputs
2026-06-29 11:10:35,557 [INFO]: Passed
2026-06-29 11:10:35,557 [INFO]: Processing 50 files. I will run 8 files in parallel with 4 threads per file.
2026-06-29 11:10:35,557 [INFO]: Running in no_plot mode. Skipping plotting KO summaries. 
2026-06-29 11:10:36,296 [INFO]: Searching proteins against KOfam profiles
2026-06-29 11:10:36,296 [INFO]: Parsing HMM profile metadata
2026-06-29 11:10:59,214 [INFO]: Filtering and saving results...
2026-06-29 11:10:59,284 [INFO]: Search against KOfam done!
2026-06-29 11:11:29,518 [INFO]: Filtering and saving results...
2026-06-29 11:11:29,591 [INFO]: Search against KOfam done!
2026-06-29 11:11:54,006 [INFO]: Filtering and saving results...
2026-06-29 11:11:54,073 [INFO]: Search against KOfam done!
2026-06-29 11:12:25,297 [INFO]: Filtering and saving results...
2026-06-29 11:12:25,350 [INFO]: Search against KOfam done!
2026-06-29 11:13:01,581 [INFO]: Filtering and saving results...
2026-06-29 11:13:01,648 [INFO]: Search against KOfam done!
2026-06-29 11:13:36,519 [INFO]: Filtering and saving results...
2026-06-29 11:13:36,592 [INFO]: Search against KOfam done!
2026-06-29 11:13:56,246 [INFO]: Filtering and saving results...
2026-06-29 11:13:56,277 [INFO]: Search against KOfam done!
2026-06-29 11:14:40,637 [INFO]: Filtering and saving results...
2026-06-29 11:14:40,712 [INFO]: Search against KOfam done!
2026-06-29 11:15:19,903 [INFO]: Filtering and saving results...
2026-06-29 11:15:19,980 [INFO]: Search against KOfam done!
2026-06-29 11:16:30,989 [INFO]: Filtering and saving results...
2026-06-29 11:16:31,139 [INFO]: Search against KOfam done!
2026-06-29 11:17:04,183 [INFO]: Filtering and saving results...
2026-06-29 11:17:04,246 [INFO]: Search against KOfam done!
2026-06-29 11:17:29,586 [INFO]: Filtering and saving results...
2026-06-29 11:17:29,638 [INFO]: Search against KOfam done!
2026-06-29 11:17:49,734 [INFO]: Filtering and saving results...
2026-06-29 11:17:49,790 [INFO]: Search against KOfam done!
2026-06-29 11:18:55,019 [INFO]: Filtering and saving results...
2026-06-29 11:18:55,113 [INFO]: Search against KOfam done!
2026-06-29 11:19:38,530 [INFO]: Filtering and saving results...
2026-06-29 11:19:38,611 [INFO]: Search against KOfam done!
2026-06-29 11:20:08,758 [INFO]: Filtering and saving results...
2026-06-29 11:20:08,826 [INFO]: Search against KOfam done!
2026-06-29 11:20:46,338 [INFO]: Filtering and saving results...
2026-06-29 11:20:46,436 [INFO]: Search against KOfam done!
2026-06-29 11:21:24,604 [INFO]: Filtering and saving results...
2026-06-29 11:21:24,667 [INFO]: Search against KOfam done!
2026-06-29 11:22:18,923 [INFO]: Filtering and saving results...
2026-06-29 11:22:19,030 [INFO]: Search against KOfam done!
2026-06-29 11:22:44,315 [INFO]: Filtering and saving results...
2026-06-29 11:22:44,353 [INFO]: Search against KOfam done!
2026-06-29 11:23:08,751 [INFO]: Filtering and saving results...
2026-06-29 11:23:08,808 [INFO]: Search against KOfam done!
2026-06-29 11:23:26,996 [INFO]: Filtering and saving results...
2026-06-29 11:23:27,022 [INFO]: Search against KOfam done!
2026-06-29 11:24:18,090 [INFO]: Filtering and saving results...
2026-06-29 11:24:18,173 [INFO]: Search against KOfam done!
2026-06-29 11:24:44,264 [INFO]: Filtering and saving results...
2026-06-29 11:24:44,314 [INFO]: Search against KOfam done!
2026-06-29 11:25:23,361 [INFO]: Filtering and saving results...
2026-06-29 11:25:23,450 [INFO]: Search against KOfam done!
2026-06-29 11:26:15,621 [INFO]: Filtering and saving results...
2026-06-29 11:26:15,706 [INFO]: Search against KOfam done!
2026-06-29 11:26:57,639 [INFO]: Filtering and saving results...
2026-06-29 11:26:57,709 [INFO]: Search against KOfam done!
2026-06-29 11:27:32,296 [INFO]: Filtering and saving results...
2026-06-29 11:27:32,346 [INFO]: Search against KOfam done!
2026-06-29 11:27:55,158 [INFO]: Filtering and saving results...
2026-06-29 11:27:55,195 [INFO]: Search against KOfam done!
2026-06-29 11:28:37,033 [INFO]: Filtering and saving results...
2026-06-29 11:28:37,119 [INFO]: Search against KOfam done!
2026-06-29 11:29:04,385 [INFO]: Filtering and saving results...
2026-06-29 11:29:04,451 [INFO]: Search against KOfam done!
2026-06-29 11:29:38,498 [INFO]: Filtering and saving results...
2026-06-29 11:29:38,555 [INFO]: Search against KOfam done!
2026-06-29 11:30:06,038 [INFO]: Filtering and saving results...
2026-06-29 11:30:06,088 [INFO]: Search against KOfam done!
2026-06-29 11:30:38,183 [INFO]: Filtering and saving results...
2026-06-29 11:30:38,265 [INFO]: Search against KOfam done!
2026-06-29 11:31:00,017 [INFO]: Filtering and saving results...
2026-06-29 11:31:00,060 [INFO]: Search against KOfam done!
2026-06-29 11:31:43,940 [INFO]: Filtering and saving results...
2026-06-29 11:31:44,024 [INFO]: Search against KOfam done!
2026-06-29 11:32:14,016 [INFO]: Filtering and saving results...
2026-06-29 11:32:14,085 [INFO]: Search against KOfam done!
2026-06-29 11:32:55,163 [INFO]: Filtering and saving results...
2026-06-29 11:32:55,246 [INFO]: Search against KOfam done!
2026-06-29 11:33:43,767 [INFO]: Filtering and saving results...
2026-06-29 11:33:43,839 [INFO]: Search against KOfam done!
2026-06-29 11:34:31,463 [INFO]: Filtering and saving results...
2026-06-29 11:34:31,522 [INFO]: Search against KOfam done!
2026-06-29 11:34:57,833 [INFO]: Filtering and saving results...
2026-06-29 11:34:57,881 [INFO]: Search against KOfam done!
2026-06-29 11:35:36,564 [INFO]: Filtering and saving results...
2026-06-29 11:35:36,628 [INFO]: Search against KOfam done!
2026-06-29 11:36:54,936 [INFO]: Filtering and saving results...
2026-06-29 11:36:55,085 [INFO]: Search against KOfam done!
2026-06-29 11:37:29,941 [INFO]: Filtering and saving results...
2026-06-29 11:37:29,996 [INFO]: Search against KOfam done!
2026-06-29 11:38:39,561 [INFO]: Filtering and saving results...
2026-06-29 11:38:39,680 [INFO]: Search against KOfam done!
2026-06-29 11:39:42,868 [INFO]: Filtering and saving results...
2026-06-29 11:39:42,964 [INFO]: Search against KOfam done!
2026-06-29 11:40:30,982 [INFO]: Filtering and saving results...
2026-06-29 11:40:31,090 [INFO]: Search against KOfam done!
2026-06-29 11:41:30,840 [INFO]: Filtering and saving results...
2026-06-29 11:41:31,032 [INFO]: Search against KOfam done!
2026-06-29 11:42:12,501 [INFO]: Filtering and saving results...
2026-06-29 11:42:12,596 [INFO]: Search against KOfam done!
2026-06-29 11:43:09,837 [INFO]: Filtering and saving results...
2026-06-29 11:43:09,989 [INFO]: Search against KOfam done!
2026-06-29 11:43:10,150 [INFO]: Searching proteins against Swissprot
2026-06-29 11:45:02,815 [INFO]: Extracting Swissprot annotation data
2026-06-29 11:55:02,212 [INFO]: Searching proteins against RefSeq
2026-06-29 13:59:42,971 [INFO]: Extracting RefSeq annotation data
2026-06-29 15:18:33,778 [INFO]: Searching proteins against Trembl
2026-06-29 17:31:02,873 [INFO]: Extracting Trembl annotation data
2026-06-29 17:31:03,438 [INFO]: Improving annotations by searching matches in other databases
2026-06-29 17:31:05,875 [INFO]: MicrobeAnnotator has finished succefully!
