=====================================================
Start Time  : Mon Jun 29 11:11:29 AM PDT 2026
Job ID/Name : 64666409 / pangenome
======================================================

[2026-06-29 11:11:29] ========== Microbeannotator for Pangenome Analysis started ==========
[2026-06-29 11:11:29] Job ID/Name : 64666409 / pangenome
[2026-06-29 11:11:29] Node: hpc-53-08.cm.cluster, CPUs: 32, Mem: 122880MB
[2026-06-29 11:11:35] Activated conda env: /resnick/groups/enviromics/zahra/miniconda3/envs/microbeannotator
[2026-06-29 11:11:35] Running Microbeannotator
Loading diamond/2.1.7-gcc-13.2.0-cfkl5pd
  Loading requirement: zlib-ng/2.1.3-gcc-13.2.0-jetnfwa
2026-06-29 11:11:40,904 [INFO]:  ---- This is MicrobeAnnotator v2.0.5 ---- 
2026-06-29 11:11:40,904 [INFO]: Validating user inputs
2026-06-29 11:11:41,047 [INFO]: Passed
2026-06-29 11:11:41,047 [INFO]: Processing 50 files. I will run 8 files in parallel with 4 threads per file.
2026-06-29 11:11:41,048 [INFO]: Running in no_plot mode. Skipping plotting KO summaries. 
2026-06-29 11:11:41,666 [INFO]: Searching proteins against KOfam profiles
2026-06-29 11:11:41,667 [INFO]: Parsing HMM profile metadata
2026-06-29 11:12:14,663 [INFO]: Filtering and saving results...
2026-06-29 11:12:14,738 [INFO]: Search against KOfam done!
2026-06-29 11:13:21,047 [INFO]: Filtering and saving results...
2026-06-29 11:13:21,161 [INFO]: Search against KOfam done!
2026-06-29 11:13:45,521 [INFO]: Filtering and saving results...
2026-06-29 11:13:45,553 [INFO]: Search against KOfam done!
2026-06-29 11:14:14,067 [INFO]: Filtering and saving results...
2026-06-29 11:14:14,128 [INFO]: Search against KOfam done!
2026-06-29 11:14:43,749 [INFO]: Filtering and saving results...
2026-06-29 11:14:43,836 [INFO]: Search against KOfam done!
2026-06-29 11:15:02,345 [INFO]: Filtering and saving results...
2026-06-29 11:15:02,384 [INFO]: Search against KOfam done!
2026-06-29 11:15:21,857 [INFO]: Filtering and saving results...
2026-06-29 11:15:21,892 [INFO]: Search against KOfam done!
2026-06-29 11:15:43,876 [INFO]: Filtering and saving results...
2026-06-29 11:15:43,914 [INFO]: Search against KOfam done!
2026-06-29 11:16:11,393 [INFO]: Filtering and saving results...
2026-06-29 11:16:11,447 [INFO]: Search against KOfam done!
2026-06-29 11:16:46,691 [INFO]: Filtering and saving results...
2026-06-29 11:16:46,741 [INFO]: Search against KOfam done!
2026-06-29 11:17:07,138 [INFO]: Filtering and saving results...
2026-06-29 11:17:07,174 [INFO]: Search against KOfam done!
2026-06-29 11:17:23,165 [INFO]: Filtering and saving results...
2026-06-29 11:17:23,211 [INFO]: Search against KOfam done!
2026-06-29 11:17:40,250 [INFO]: Filtering and saving results...
2026-06-29 11:17:40,304 [INFO]: Search against KOfam done!
2026-06-29 11:18:10,385 [INFO]: Filtering and saving results...
2026-06-29 11:18:10,416 [INFO]: Search against KOfam done!
2026-06-29 11:18:50,716 [INFO]: Filtering and saving results...
2026-06-29 11:18:50,799 [INFO]: Search against KOfam done!
2026-06-29 11:19:19,172 [INFO]: Filtering and saving results...
2026-06-29 11:19:19,230 [INFO]: Search against KOfam done!
2026-06-29 11:19:45,543 [INFO]: Filtering and saving results...
2026-06-29 11:19:45,608 [INFO]: Search against KOfam done!
2026-06-29 11:20:30,388 [INFO]: Filtering and saving results...
2026-06-29 11:20:30,462 [INFO]: Search against KOfam done!
2026-06-29 11:20:58,698 [INFO]: Filtering and saving results...
2026-06-29 11:20:58,762 [INFO]: Search against KOfam done!
2026-06-29 11:21:29,552 [INFO]: Filtering and saving results...
2026-06-29 11:21:29,592 [INFO]: Search against KOfam done!
2026-06-29 11:22:13,668 [INFO]: Filtering and saving results...
2026-06-29 11:22:13,761 [INFO]: Search against KOfam done!
2026-06-29 11:22:41,791 [INFO]: Filtering and saving results...
2026-06-29 11:22:41,843 [INFO]: Search against KOfam done!
2026-06-29 11:23:13,967 [INFO]: Filtering and saving results...
2026-06-29 11:23:14,035 [INFO]: Search against KOfam done!
2026-06-29 11:23:50,299 [INFO]: Filtering and saving results...
2026-06-29 11:23:50,357 [INFO]: Search against KOfam done!
2026-06-29 11:24:24,054 [INFO]: Filtering and saving results...
2026-06-29 11:24:24,155 [INFO]: Search against KOfam done!
2026-06-29 11:24:54,824 [INFO]: Filtering and saving results...
2026-06-29 11:24:54,869 [INFO]: Search against KOfam done!
2026-06-29 11:26:02,228 [INFO]: Filtering and saving results...
2026-06-29 11:26:02,325 [INFO]: Search against KOfam done!
2026-06-29 11:26:48,723 [INFO]: Filtering and saving results...
2026-06-29 11:26:48,793 [INFO]: Search against KOfam done!
2026-06-29 11:27:21,621 [INFO]: Filtering and saving results...
2026-06-29 11:27:21,679 [INFO]: Search against KOfam done!
2026-06-29 11:27:53,597 [INFO]: Filtering and saving results...
2026-06-29 11:27:53,665 [INFO]: Search against KOfam done!
2026-06-29 11:28:18,350 [INFO]: Filtering and saving results...
2026-06-29 11:28:18,392 [INFO]: Search against KOfam done!
2026-06-29 11:29:10,828 [INFO]: Filtering and saving results...
2026-06-29 11:29:10,923 [INFO]: Search against KOfam done!
2026-06-29 11:29:31,877 [INFO]: Filtering and saving results...
2026-06-29 11:29:31,905 [INFO]: Search against KOfam done!
2026-06-29 11:30:01,830 [INFO]: Filtering and saving results...
2026-06-29 11:30:01,899 [INFO]: Search against KOfam done!
2026-06-29 11:30:33,327 [INFO]: Filtering and saving results...
2026-06-29 11:30:33,386 [INFO]: Search against KOfam done!
2026-06-29 11:31:11,939 [INFO]: Filtering and saving results...
2026-06-29 11:31:12,019 [INFO]: Search against KOfam done!
2026-06-29 11:32:11,342 [INFO]: Filtering and saving results...
2026-06-29 11:32:11,433 [INFO]: Search against KOfam done!
2026-06-29 11:32:53,345 [INFO]: Filtering and saving results...
2026-06-29 11:32:53,425 [INFO]: Search against KOfam done!
2026-06-29 11:33:30,305 [INFO]: Filtering and saving results...
2026-06-29 11:33:30,370 [INFO]: Search against KOfam done!
2026-06-29 11:34:01,691 [INFO]: Filtering and saving results...
2026-06-29 11:34:01,757 [INFO]: Search against KOfam done!
2026-06-29 11:34:21,677 [INFO]: Filtering and saving results...
2026-06-29 11:34:21,722 [INFO]: Search against KOfam done!
2026-06-29 11:34:43,946 [INFO]: Filtering and saving results...
2026-06-29 11:34:44,052 [INFO]: Search against KOfam done!
2026-06-29 11:35:31,295 [INFO]: Filtering and saving results...
2026-06-29 11:35:31,370 [INFO]: Search against KOfam done!
2026-06-29 11:36:00,926 [INFO]: Filtering and saving results...
2026-06-29 11:36:00,973 [INFO]: Search against KOfam done!
2026-06-29 11:36:36,742 [INFO]: Filtering and saving results...
2026-06-29 11:36:36,801 [INFO]: Search against KOfam done!
2026-06-29 11:37:10,139 [INFO]: Filtering and saving results...
2026-06-29 11:37:10,222 [INFO]: Search against KOfam done!
2026-06-29 11:37:42,083 [INFO]: Filtering and saving results...
2026-06-29 11:37:42,143 [INFO]: Search against KOfam done!
2026-06-29 11:38:06,203 [INFO]: Filtering and saving results...
2026-06-29 11:38:06,250 [INFO]: Search against KOfam done!
2026-06-29 11:38:39,833 [INFO]: Filtering and saving results...
2026-06-29 11:38:39,906 [INFO]: Search against KOfam done!
2026-06-29 11:39:15,141 [INFO]: Filtering and saving results...
2026-06-29 11:39:15,191 [INFO]: Search against KOfam done!
2026-06-29 11:39:15,264 [INFO]: Searching proteins against Swissprot
2026-06-29 11:41:21,369 [INFO]: Extracting Swissprot annotation data
2026-06-29 11:47:41,925 [INFO]: Searching proteins against RefSeq
2026-06-29 14:06:48,012 [INFO]: Extracting RefSeq annotation data
2026-06-29 15:14:40,274 [INFO]: Searching proteins against Trembl
2026-06-29 17:38:55,863 [INFO]: Extracting Trembl annotation data
2026-06-29 17:38:56,261 [INFO]: Improving annotations by searching matches in other databases
2026-06-29 17:38:58,641 [INFO]: MicrobeAnnotator has finished succefully!
