=====================================================
Start Time  : Mon Jun 29 11:12:26 AM PDT 2026
Job ID/Name : 64666420 / pangenome
======================================================

[2026-06-29 11:12:26] ========== Microbeannotator for Pangenome Analysis started ==========
[2026-06-29 11:12:26] Job ID/Name : 64666420 / pangenome
[2026-06-29 11:12:26] Node: hpc-54-39.cm.cluster, CPUs: 32, Mem: 122880MB
[2026-06-29 11:12:29] Activated conda env: /resnick/groups/enviromics/zahra/miniconda3/envs/microbeannotator
[2026-06-29 11:12:29] Running Microbeannotator
Loading diamond/2.1.7-gcc-13.2.0-cfkl5pd
  Loading requirement: zlib-ng/2.1.3-gcc-13.2.0-jetnfwa
2026-06-29 11:12:31,909 [INFO]:  ---- This is MicrobeAnnotator v2.0.5 ---- 
2026-06-29 11:12:31,909 [INFO]: Validating user inputs
2026-06-29 11:12:32,029 [INFO]: Passed
2026-06-29 11:12:32,029 [INFO]: Processing 50 files. I will run 8 files in parallel with 4 threads per file.
2026-06-29 11:12:32,029 [INFO]: Running in no_plot mode. Skipping plotting KO summaries. 
2026-06-29 11:12:32,606 [INFO]: Searching proteins against KOfam profiles
2026-06-29 11:12:32,606 [INFO]: Parsing HMM profile metadata
2026-06-29 11:13:04,237 [INFO]: Filtering and saving results...
2026-06-29 11:13:04,311 [INFO]: Search against KOfam done!
2026-06-29 11:13:25,119 [INFO]: Filtering and saving results...
2026-06-29 11:13:25,158 [INFO]: Search against KOfam done!
2026-06-29 11:14:01,029 [INFO]: Filtering and saving results...
2026-06-29 11:14:01,089 [INFO]: Search against KOfam done!
2026-06-29 11:14:31,000 [INFO]: Filtering and saving results...
2026-06-29 11:14:31,070 [INFO]: Search against KOfam done!
2026-06-29 11:15:04,165 [INFO]: Filtering and saving results...
2026-06-29 11:15:04,253 [INFO]: Search against KOfam done!
2026-06-29 11:15:58,048 [INFO]: Filtering and saving results...
2026-06-29 11:15:58,145 [INFO]: Search against KOfam done!
2026-06-29 11:16:47,774 [INFO]: Filtering and saving results...
2026-06-29 11:16:47,872 [INFO]: Search against KOfam done!
2026-06-29 11:17:43,104 [INFO]: Filtering and saving results...
2026-06-29 11:17:43,220 [INFO]: Search against KOfam done!
2026-06-29 11:18:11,394 [INFO]: Filtering and saving results...
2026-06-29 11:18:11,460 [INFO]: Search against KOfam done!
2026-06-29 11:19:06,717 [INFO]: Filtering and saving results...
2026-06-29 11:19:06,808 [INFO]: Search against KOfam done!
2026-06-29 11:19:25,851 [INFO]: Filtering and saving results...
2026-06-29 11:19:25,903 [INFO]: Search against KOfam done!
2026-06-29 11:19:51,052 [INFO]: Filtering and saving results...
2026-06-29 11:19:51,097 [INFO]: Search against KOfam done!
2026-06-29 11:20:09,903 [INFO]: Filtering and saving results...
2026-06-29 11:20:09,941 [INFO]: Search against KOfam done!
2026-06-29 11:20:38,604 [INFO]: Filtering and saving results...
2026-06-29 11:20:38,656 [INFO]: Search against KOfam done!
2026-06-29 11:21:01,623 [INFO]: Filtering and saving results...
2026-06-29 11:21:01,687 [INFO]: Search against KOfam done!
2026-06-29 11:21:50,387 [INFO]: Filtering and saving results...
2026-06-29 11:21:50,498 [INFO]: Search against KOfam done!
2026-06-29 11:22:29,567 [INFO]: Filtering and saving results...
2026-06-29 11:22:29,624 [INFO]: Search against KOfam done!
2026-06-29 11:23:14,410 [INFO]: Filtering and saving results...
2026-06-29 11:23:14,500 [INFO]: Search against KOfam done!
2026-06-29 11:23:43,414 [INFO]: Filtering and saving results...
2026-06-29 11:23:43,477 [INFO]: Search against KOfam done!
2026-06-29 11:24:13,920 [INFO]: Filtering and saving results...
2026-06-29 11:24:13,986 [INFO]: Search against KOfam done!
2026-06-29 11:24:41,131 [INFO]: Filtering and saving results...
2026-06-29 11:24:41,187 [INFO]: Search against KOfam done!
2026-06-29 11:25:14,458 [INFO]: Filtering and saving results...
2026-06-29 11:25:14,528 [INFO]: Search against KOfam done!
2026-06-29 11:25:44,052 [INFO]: Filtering and saving results...
2026-06-29 11:25:44,098 [INFO]: Search against KOfam done!
2026-06-29 11:26:10,404 [INFO]: Filtering and saving results...
2026-06-29 11:26:10,452 [INFO]: Search against KOfam done!
2026-06-29 11:26:35,403 [INFO]: Filtering and saving results...
2026-06-29 11:26:35,454 [INFO]: Search against KOfam done!
2026-06-29 11:27:08,401 [INFO]: Filtering and saving results...
2026-06-29 11:27:08,482 [INFO]: Search against KOfam done!
2026-06-29 11:27:38,658 [INFO]: Filtering and saving results...
2026-06-29 11:27:38,705 [INFO]: Search against KOfam done!
2026-06-29 11:28:03,642 [INFO]: Filtering and saving results...
2026-06-29 11:28:03,689 [INFO]: Search against KOfam done!
2026-06-29 11:28:33,445 [INFO]: Filtering and saving results...
2026-06-29 11:28:33,506 [INFO]: Search against KOfam done!
2026-06-29 11:29:00,184 [INFO]: Filtering and saving results...
2026-06-29 11:29:00,260 [INFO]: Search against KOfam done!
2026-06-29 11:29:29,607 [INFO]: Filtering and saving results...
2026-06-29 11:29:29,654 [INFO]: Search against KOfam done!
2026-06-29 11:30:04,458 [INFO]: Filtering and saving results...
2026-06-29 11:30:04,525 [INFO]: Search against KOfam done!
2026-06-29 11:30:36,942 [INFO]: Filtering and saving results...
2026-06-29 11:30:36,995 [INFO]: Search against KOfam done!
2026-06-29 11:31:08,554 [INFO]: Filtering and saving results...
2026-06-29 11:31:08,636 [INFO]: Search against KOfam done!
2026-06-29 11:31:37,867 [INFO]: Filtering and saving results...
2026-06-29 11:31:37,930 [INFO]: Search against KOfam done!
2026-06-29 11:32:09,819 [INFO]: Filtering and saving results...
2026-06-29 11:32:09,882 [INFO]: Search against KOfam done!
2026-06-29 11:32:47,533 [INFO]: Filtering and saving results...
2026-06-29 11:32:47,600 [INFO]: Search against KOfam done!
2026-06-29 11:33:24,850 [INFO]: Filtering and saving results...
2026-06-29 11:33:24,955 [INFO]: Search against KOfam done!
2026-06-29 11:33:54,983 [INFO]: Filtering and saving results...
2026-06-29 11:33:55,052 [INFO]: Search against KOfam done!
2026-06-29 11:34:21,317 [INFO]: Filtering and saving results...
2026-06-29 11:34:21,403 [INFO]: Search against KOfam done!
2026-06-29 11:34:48,043 [INFO]: Filtering and saving results...
2026-06-29 11:34:48,093 [INFO]: Search against KOfam done!
2026-06-29 11:35:11,827 [INFO]: Filtering and saving results...
2026-06-29 11:35:11,881 [INFO]: Search against KOfam done!
2026-06-29 11:35:40,878 [INFO]: Filtering and saving results...
2026-06-29 11:35:40,925 [INFO]: Search against KOfam done!
2026-06-29 11:36:12,676 [INFO]: Filtering and saving results...
2026-06-29 11:36:12,737 [INFO]: Search against KOfam done!
2026-06-29 11:36:38,972 [INFO]: Filtering and saving results...
2026-06-29 11:36:39,024 [INFO]: Search against KOfam done!
2026-06-29 11:37:02,412 [INFO]: Filtering and saving results...
2026-06-29 11:37:02,453 [INFO]: Search against KOfam done!
2026-06-29 11:37:31,948 [INFO]: Filtering and saving results...
2026-06-29 11:37:32,000 [INFO]: Search against KOfam done!
2026-06-29 11:37:58,464 [INFO]: Filtering and saving results...
2026-06-29 11:37:58,509 [INFO]: Search against KOfam done!
2026-06-29 11:38:34,193 [INFO]: Filtering and saving results...
2026-06-29 11:38:34,250 [INFO]: Search against KOfam done!
2026-06-29 11:39:07,718 [INFO]: Filtering and saving results...
2026-06-29 11:39:07,783 [INFO]: Search against KOfam done!
2026-06-29 11:39:07,851 [INFO]: Searching proteins against Swissprot
2026-06-29 11:41:11,827 [INFO]: Extracting Swissprot annotation data
2026-06-29 11:45:55,358 [INFO]: Searching proteins against RefSeq
2026-06-29 13:54:22,802 [INFO]: Extracting RefSeq annotation data
2026-06-29 14:22:51,499 [INFO]: Searching proteins against Trembl
2026-06-29 16:31:00,028 [INFO]: Extracting Trembl annotation data
2026-06-29 16:31:00,419 [INFO]: Improving annotations by searching matches in other databases
2026-06-29 16:31:02,735 [INFO]: MicrobeAnnotator has finished succefully!
