=====================================================
Start Time  : Mon Jun 29 11:08:18 AM PDT 2026
Job ID/Name : 64666329 / pangenome
======================================================

[2026-06-29 11:08:18] ========== Microbeannotator for Pangenome Analysis started ==========
[2026-06-29 11:08:18] Job ID/Name : 64666329 / pangenome
[2026-06-29 11:08:18] Node: hpc-52-14.cm.cluster, CPUs: 32, Mem: 122880MB
[2026-06-29 11:08:25] Activated conda env: /resnick/groups/enviromics/zahra/miniconda3/envs/microbeannotator
[2026-06-29 11:08:25] Running Microbeannotator
Loading diamond/2.1.7-gcc-13.2.0-cfkl5pd
  Loading requirement: zlib-ng/2.1.3-gcc-13.2.0-jetnfwa
2026-06-29 11:08:32,053 [INFO]:  ---- This is MicrobeAnnotator v2.0.5 ---- 
2026-06-29 11:08:32,054 [INFO]: Validating user inputs
2026-06-29 11:08:32,164 [INFO]: Passed
2026-06-29 11:08:32,164 [INFO]: Processing 50 files. I will run 8 files in parallel with 4 threads per file.
2026-06-29 11:08:32,164 [INFO]: Running in no_plot mode. Skipping plotting KO summaries. 
2026-06-29 11:08:33,145 [INFO]: Searching proteins against KOfam profiles
2026-06-29 11:08:33,147 [INFO]: Parsing HMM profile metadata
2026-06-29 11:09:20,094 [INFO]: Filtering and saving results...
2026-06-29 11:09:20,176 [INFO]: Search against KOfam done!
2026-06-29 11:10:41,789 [INFO]: Filtering and saving results...
2026-06-29 11:10:41,973 [INFO]: Search against KOfam done!
2026-06-29 11:11:47,529 [INFO]: Filtering and saving results...
2026-06-29 11:11:47,637 [INFO]: Search against KOfam done!
2026-06-29 11:12:30,264 [INFO]: Filtering and saving results...
2026-06-29 11:12:30,333 [INFO]: Search against KOfam done!
2026-06-29 11:13:42,984 [INFO]: Filtering and saving results...
2026-06-29 11:13:43,123 [INFO]: Search against KOfam done!
2026-06-29 11:14:26,812 [INFO]: Filtering and saving results...
2026-06-29 11:14:26,921 [INFO]: Search against KOfam done!
2026-06-29 11:14:57,630 [INFO]: Filtering and saving results...
2026-06-29 11:14:57,681 [INFO]: Search against KOfam done!
2026-06-29 11:15:34,193 [INFO]: Filtering and saving results...
2026-06-29 11:15:34,251 [INFO]: Search against KOfam done!
2026-06-29 11:15:54,710 [INFO]: Filtering and saving results...
2026-06-29 11:15:54,765 [INFO]: Search against KOfam done!
2026-06-29 11:16:20,332 [INFO]: Filtering and saving results...
2026-06-29 11:16:20,384 [INFO]: Search against KOfam done!
2026-06-29 11:16:46,213 [INFO]: Filtering and saving results...
2026-06-29 11:16:46,263 [INFO]: Search against KOfam done!
2026-06-29 11:17:10,356 [INFO]: Filtering and saving results...
2026-06-29 11:17:10,410 [INFO]: Search against KOfam done!
2026-06-29 11:17:36,281 [INFO]: Filtering and saving results...
2026-06-29 11:17:36,363 [INFO]: Search against KOfam done!
2026-06-29 11:18:26,035 [INFO]: Filtering and saving results...
2026-06-29 11:18:26,099 [INFO]: Search against KOfam done!
2026-06-29 11:19:01,448 [INFO]: Filtering and saving results...
2026-06-29 11:19:01,516 [INFO]: Search against KOfam done!
2026-06-29 11:19:31,085 [INFO]: Filtering and saving results...
2026-06-29 11:19:31,152 [INFO]: Search against KOfam done!
2026-06-29 11:20:05,956 [INFO]: Filtering and saving results...
2026-06-29 11:20:06,037 [INFO]: Search against KOfam done!
2026-06-29 11:20:34,131 [INFO]: Filtering and saving results...
2026-06-29 11:20:34,196 [INFO]: Search against KOfam done!
2026-06-29 11:20:54,083 [INFO]: Filtering and saving results...
2026-06-29 11:20:54,129 [INFO]: Search against KOfam done!
2026-06-29 11:22:01,816 [INFO]: Filtering and saving results...
2026-06-29 11:22:01,924 [INFO]: Search against KOfam done!
2026-06-29 11:22:21,066 [INFO]: Filtering and saving results...
2026-06-29 11:22:21,109 [INFO]: Search against KOfam done!
2026-06-29 11:22:57,498 [INFO]: Filtering and saving results...
2026-06-29 11:22:57,544 [INFO]: Search against KOfam done!
2026-06-29 11:23:30,989 [INFO]: Filtering and saving results...
2026-06-29 11:23:31,080 [INFO]: Search against KOfam done!
2026-06-29 11:24:02,463 [INFO]: Filtering and saving results...
2026-06-29 11:24:02,532 [INFO]: Search against KOfam done!
2026-06-29 11:24:22,608 [INFO]: Filtering and saving results...
2026-06-29 11:24:22,655 [INFO]: Search against KOfam done!
2026-06-29 11:24:54,921 [INFO]: Filtering and saving results...
2026-06-29 11:24:54,974 [INFO]: Search against KOfam done!
2026-06-29 11:25:26,341 [INFO]: Filtering and saving results...
2026-06-29 11:25:26,427 [INFO]: Search against KOfam done!
2026-06-29 11:25:51,336 [INFO]: Filtering and saving results...
2026-06-29 11:25:51,386 [INFO]: Search against KOfam done!
2026-06-29 11:26:13,218 [INFO]: Filtering and saving results...
2026-06-29 11:26:13,280 [INFO]: Search against KOfam done!
2026-06-29 11:26:45,014 [INFO]: Filtering and saving results...
2026-06-29 11:26:45,081 [INFO]: Search against KOfam done!
2026-06-29 11:27:14,869 [INFO]: Filtering and saving results...
2026-06-29 11:27:14,919 [INFO]: Search against KOfam done!
2026-06-29 11:27:41,515 [INFO]: Filtering and saving results...
2026-06-29 11:27:41,590 [INFO]: Search against KOfam done!
2026-06-29 11:28:08,949 [INFO]: Filtering and saving results...
2026-06-29 11:28:08,997 [INFO]: Search against KOfam done!
2026-06-29 11:28:44,183 [INFO]: Filtering and saving results...
2026-06-29 11:28:44,252 [INFO]: Search against KOfam done!
2026-06-29 11:29:21,954 [INFO]: Filtering and saving results...
2026-06-29 11:29:22,019 [INFO]: Search against KOfam done!
2026-06-29 11:29:56,844 [INFO]: Filtering and saving results...
2026-06-29 11:29:56,971 [INFO]: Search against KOfam done!
2026-06-29 11:30:31,670 [INFO]: Filtering and saving results...
2026-06-29 11:30:31,736 [INFO]: Search against KOfam done!
2026-06-29 11:31:09,471 [INFO]: Filtering and saving results...
2026-06-29 11:31:09,542 [INFO]: Search against KOfam done!
2026-06-29 11:31:58,135 [INFO]: Filtering and saving results...
2026-06-29 11:31:58,249 [INFO]: Search against KOfam done!
2026-06-29 11:32:29,255 [INFO]: Filtering and saving results...
2026-06-29 11:32:29,325 [INFO]: Search against KOfam done!
2026-06-29 11:33:05,218 [INFO]: Filtering and saving results...
2026-06-29 11:33:05,296 [INFO]: Search against KOfam done!
2026-06-29 11:34:06,941 [INFO]: Filtering and saving results...
2026-06-29 11:34:07,033 [INFO]: Search against KOfam done!
2026-06-29 11:34:44,384 [INFO]: Filtering and saving results...
2026-06-29 11:34:44,465 [INFO]: Search against KOfam done!
2026-06-29 11:35:15,472 [INFO]: Filtering and saving results...
2026-06-29 11:35:15,539 [INFO]: Search against KOfam done!
2026-06-29 11:36:58,541 [INFO]: Filtering and saving results...
2026-06-29 11:36:58,653 [INFO]: Search against KOfam done!
2026-06-29 11:38:15,409 [INFO]: Filtering and saving results...
2026-06-29 11:38:15,524 [INFO]: Search against KOfam done!
2026-06-29 11:39:10,554 [INFO]: Filtering and saving results...
2026-06-29 11:39:10,631 [INFO]: Search against KOfam done!
2026-06-29 11:40:01,465 [INFO]: Filtering and saving results...
2026-06-29 11:40:01,554 [INFO]: Search against KOfam done!
2026-06-29 11:40:18,815 [INFO]: Filtering and saving results...
2026-06-29 11:40:18,862 [INFO]: Search against KOfam done!
2026-06-29 11:41:01,519 [INFO]: Filtering and saving results...
2026-06-29 11:41:01,625 [INFO]: Search against KOfam done!
2026-06-29 11:41:01,771 [INFO]: Searching proteins against Swissprot
2026-06-29 11:42:56,340 [INFO]: Extracting Swissprot annotation data
2026-06-29 11:55:26,811 [INFO]: Searching proteins against RefSeq
2026-06-29 14:03:34,971 [INFO]: Extracting RefSeq annotation data
2026-06-29 15:25:08,204 [INFO]: Searching proteins against Trembl
2026-06-29 17:41:55,599 [INFO]: Extracting Trembl annotation data
2026-06-29 17:41:56,285 [INFO]: Improving annotations by searching matches in other databases
2026-06-29 17:41:58,890 [INFO]: MicrobeAnnotator has finished succefully!
