=====================================================
Start Time  : Mon Jun 29 11:21:11 AM PDT 2026
Job ID/Name : 64666531 / pangenome
======================================================

[2026-06-29 11:21:11] ========== Microbeannotator for Pangenome Analysis started ==========
[2026-06-29 11:21:11] Job ID/Name : 64666531 / pangenome
[2026-06-29 11:21:11] Node: hpc-53-26.cm.cluster, CPUs: 32, Mem: 122880MB
[2026-06-29 11:21:19] Activated conda env: /resnick/groups/enviromics/zahra/miniconda3/envs/microbeannotator
[2026-06-29 11:21:19] Running Microbeannotator
Loading diamond/2.1.7-gcc-13.2.0-cfkl5pd
  Loading requirement: zlib-ng/2.1.3-gcc-13.2.0-jetnfwa
2026-06-29 11:21:25,868 [INFO]:  ---- This is MicrobeAnnotator v2.0.5 ---- 
2026-06-29 11:21:25,868 [INFO]: Validating user inputs
2026-06-29 11:21:26,050 [INFO]: Passed
2026-06-29 11:21:26,050 [INFO]: Processing 50 files. I will run 8 files in parallel with 4 threads per file.
2026-06-29 11:21:26,050 [INFO]: Running in no_plot mode. Skipping plotting KO summaries. 
2026-06-29 11:21:26,944 [INFO]: Searching proteins against KOfam profiles
2026-06-29 11:21:26,945 [INFO]: Parsing HMM profile metadata
2026-06-29 11:22:17,222 [INFO]: Filtering and saving results...
2026-06-29 11:22:17,318 [INFO]: Search against KOfam done!
2026-06-29 11:23:10,262 [INFO]: Filtering and saving results...
2026-06-29 11:23:10,380 [INFO]: Search against KOfam done!
2026-06-29 11:24:10,065 [INFO]: Filtering and saving results...
2026-06-29 11:24:10,194 [INFO]: Search against KOfam done!
2026-06-29 11:24:56,787 [INFO]: Filtering and saving results...
2026-06-29 11:24:56,906 [INFO]: Search against KOfam done!
2026-06-29 11:25:38,329 [INFO]: Filtering and saving results...
2026-06-29 11:25:38,383 [INFO]: Search against KOfam done!
2026-06-29 11:26:03,964 [INFO]: Filtering and saving results...
2026-06-29 11:26:04,027 [INFO]: Search against KOfam done!
2026-06-29 11:27:09,836 [INFO]: Filtering and saving results...
2026-06-29 11:27:09,983 [INFO]: Search against KOfam done!
2026-06-29 11:29:08,624 [INFO]: Filtering and saving results...
2026-06-29 11:29:08,735 [INFO]: Search against KOfam done!
2026-06-29 11:29:57,098 [INFO]: Filtering and saving results...
2026-06-29 11:29:57,192 [INFO]: Search against KOfam done!
2026-06-29 11:30:41,303 [INFO]: Filtering and saving results...
2026-06-29 11:30:41,388 [INFO]: Search against KOfam done!
2026-06-29 11:31:25,146 [INFO]: Filtering and saving results...
2026-06-29 11:31:25,232 [INFO]: Search against KOfam done!
2026-06-29 11:32:13,031 [INFO]: Filtering and saving results...
2026-06-29 11:32:13,105 [INFO]: Search against KOfam done!
2026-06-29 11:32:53,146 [INFO]: Filtering and saving results...
2026-06-29 11:32:53,226 [INFO]: Search against KOfam done!
2026-06-29 11:33:41,079 [INFO]: Filtering and saving results...
2026-06-29 11:33:41,170 [INFO]: Search against KOfam done!
2026-06-29 11:34:03,175 [INFO]: Filtering and saving results...
2026-06-29 11:34:03,229 [INFO]: Search against KOfam done!
2026-06-29 11:34:26,127 [INFO]: Filtering and saving results...
2026-06-29 11:34:26,175 [INFO]: Search against KOfam done!
2026-06-29 11:35:04,178 [INFO]: Filtering and saving results...
2026-06-29 11:35:04,258 [INFO]: Search against KOfam done!
2026-06-29 11:35:57,822 [INFO]: Filtering and saving results...
2026-06-29 11:35:57,917 [INFO]: Search against KOfam done!
2026-06-29 11:37:03,613 [INFO]: Filtering and saving results...
2026-06-29 11:37:03,731 [INFO]: Search against KOfam done!
2026-06-29 11:37:38,228 [INFO]: Filtering and saving results...
2026-06-29 11:37:38,305 [INFO]: Search against KOfam done!
2026-06-29 11:38:06,429 [INFO]: Filtering and saving results...
2026-06-29 11:38:06,479 [INFO]: Search against KOfam done!
2026-06-29 11:38:46,427 [INFO]: Filtering and saving results...
2026-06-29 11:38:46,491 [INFO]: Search against KOfam done!
2026-06-29 11:39:55,017 [INFO]: Filtering and saving results...
2026-06-29 11:39:55,275 [INFO]: Search against KOfam done!
2026-06-29 11:40:34,298 [INFO]: Filtering and saving results...
2026-06-29 11:40:34,359 [INFO]: Search against KOfam done!
2026-06-29 11:41:45,118 [INFO]: Filtering and saving results...
2026-06-29 11:41:45,307 [INFO]: Search against KOfam done!
2026-06-29 11:42:53,209 [INFO]: Filtering and saving results...
2026-06-29 11:42:53,385 [INFO]: Search against KOfam done!
2026-06-29 11:44:05,217 [INFO]: Filtering and saving results...
2026-06-29 11:44:05,362 [INFO]: Search against KOfam done!
2026-06-29 11:45:14,699 [INFO]: Filtering and saving results...
2026-06-29 11:45:14,830 [INFO]: Search against KOfam done!
2026-06-29 11:45:56,380 [INFO]: Filtering and saving results...
2026-06-29 11:45:56,462 [INFO]: Search against KOfam done!
2026-06-29 11:46:32,603 [INFO]: Filtering and saving results...
2026-06-29 11:46:32,654 [INFO]: Search against KOfam done!
2026-06-29 11:46:54,950 [INFO]: Filtering and saving results...
2026-06-29 11:46:54,999 [INFO]: Search against KOfam done!
2026-06-29 11:47:26,096 [INFO]: Filtering and saving results...
2026-06-29 11:47:26,165 [INFO]: Search against KOfam done!
2026-06-29 11:49:03,464 [INFO]: Filtering and saving results...
2026-06-29 11:49:03,657 [INFO]: Search against KOfam done!
2026-06-29 11:49:41,719 [INFO]: Filtering and saving results...
2026-06-29 11:49:41,787 [INFO]: Search against KOfam done!
2026-06-29 11:50:37,906 [INFO]: Filtering and saving results...
2026-06-29 11:50:38,001 [INFO]: Search against KOfam done!
2026-06-29 11:51:20,099 [INFO]: Filtering and saving results...
2026-06-29 11:51:20,201 [INFO]: Search against KOfam done!
2026-06-29 11:51:50,821 [INFO]: Filtering and saving results...
2026-06-29 11:51:50,869 [INFO]: Search against KOfam done!
2026-06-29 11:52:22,516 [INFO]: Filtering and saving results...
2026-06-29 11:52:22,569 [INFO]: Search against KOfam done!
2026-06-29 11:53:01,607 [INFO]: Filtering and saving results...
2026-06-29 11:53:01,675 [INFO]: Search against KOfam done!
2026-06-29 11:54:37,506 [INFO]: Filtering and saving results...
2026-06-29 11:54:37,700 [INFO]: Search against KOfam done!
2026-06-29 11:55:08,681 [INFO]: Filtering and saving results...
2026-06-29 11:55:08,743 [INFO]: Search against KOfam done!
2026-06-29 11:55:35,446 [INFO]: Filtering and saving results...
2026-06-29 11:55:35,495 [INFO]: Search against KOfam done!
2026-06-29 11:56:01,547 [INFO]: Filtering and saving results...
2026-06-29 11:56:01,597 [INFO]: Search against KOfam done!
2026-06-29 11:56:30,564 [INFO]: Filtering and saving results...
2026-06-29 11:56:30,621 [INFO]: Search against KOfam done!
2026-06-29 11:56:52,929 [INFO]: Filtering and saving results...
2026-06-29 11:56:52,987 [INFO]: Search against KOfam done!
2026-06-29 11:57:22,979 [INFO]: Filtering and saving results...
2026-06-29 11:57:23,048 [INFO]: Search against KOfam done!
2026-06-29 11:58:42,574 [INFO]: Filtering and saving results...
2026-06-29 11:58:42,691 [INFO]: Search against KOfam done!
2026-06-29 12:00:06,283 [INFO]: Filtering and saving results...
2026-06-29 12:00:06,517 [INFO]: Search against KOfam done!
2026-06-29 12:01:06,069 [INFO]: Filtering and saving results...
2026-06-29 12:01:06,203 [INFO]: Search against KOfam done!
2026-06-29 12:01:32,296 [INFO]: Filtering and saving results...
2026-06-29 12:01:32,346 [INFO]: Search against KOfam done!
2026-06-29 12:01:32,399 [INFO]: Searching proteins against Swissprot
2026-06-29 12:03:35,353 [INFO]: Extracting Swissprot annotation data
2026-06-29 12:11:00,221 [INFO]: Searching proteins against RefSeq
2026-06-29 14:20:37,461 [INFO]: Extracting RefSeq annotation data
2026-06-29 15:54:25,093 [INFO]: Searching proteins against Trembl
2026-06-29 18:12:02,545 [INFO]: Extracting Trembl annotation data
2026-06-29 18:12:02,984 [INFO]: Improving annotations by searching matches in other databases
2026-06-29 18:12:04,589 [INFO]: MicrobeAnnotator has finished succefully!
