=====================================================
Start Time  : Mon Jun 29 11:07:46 AM PDT 2026
Job ID/Name : 64666323 / pangenome
======================================================

[2026-06-29 11:07:46] ========== Microbeannotator for Pangenome Analysis started ==========
[2026-06-29 11:07:46] Job ID/Name : 64666323 / pangenome
[2026-06-29 11:07:46] Node: hpc-21-28.cm.cluster, CPUs: 32, Mem: 122880MB
[2026-06-29 11:07:50] Activated conda env: /resnick/groups/enviromics/zahra/miniconda3/envs/microbeannotator
[2026-06-29 11:07:50] Running Microbeannotator
Loading diamond/2.1.7-gcc-13.2.0-cfkl5pd
  Loading requirement: zlib-ng/2.1.3-gcc-13.2.0-jetnfwa
2026-06-29 11:07:54,675 [INFO]:  ---- This is MicrobeAnnotator v2.0.5 ---- 
2026-06-29 11:07:54,675 [INFO]: Validating user inputs
2026-06-29 11:07:54,789 [INFO]: Passed
2026-06-29 11:07:54,789 [INFO]: Processing 50 files. I will run 8 files in parallel with 4 threads per file.
2026-06-29 11:07:54,789 [INFO]: Running in no_plot mode. Skipping plotting KO summaries. 
2026-06-29 11:07:55,324 [INFO]: Searching proteins against KOfam profiles
2026-06-29 11:07:55,325 [INFO]: Parsing HMM profile metadata
2026-06-29 11:08:47,256 [INFO]: Filtering and saving results...
2026-06-29 11:08:47,340 [INFO]: Search against KOfam done!
2026-06-29 11:09:18,554 [INFO]: Filtering and saving results...
2026-06-29 11:09:18,596 [INFO]: Search against KOfam done!
2026-06-29 11:10:10,230 [INFO]: Filtering and saving results...
2026-06-29 11:10:10,311 [INFO]: Search against KOfam done!
2026-06-29 11:10:45,393 [INFO]: Filtering and saving results...
2026-06-29 11:10:45,430 [INFO]: Search against KOfam done!
2026-06-29 11:11:26,444 [INFO]: Filtering and saving results...
2026-06-29 11:11:26,490 [INFO]: Search against KOfam done!
2026-06-29 11:11:55,640 [INFO]: Filtering and saving results...
2026-06-29 11:11:55,677 [INFO]: Search against KOfam done!
2026-06-29 11:12:39,641 [INFO]: Filtering and saving results...
2026-06-29 11:12:39,707 [INFO]: Search against KOfam done!
2026-06-29 11:13:10,655 [INFO]: Filtering and saving results...
2026-06-29 11:13:10,731 [INFO]: Search against KOfam done!
2026-06-29 11:13:38,307 [INFO]: Filtering and saving results...
2026-06-29 11:13:38,349 [INFO]: Search against KOfam done!
2026-06-29 11:14:21,255 [INFO]: Filtering and saving results...
2026-06-29 11:14:21,349 [INFO]: Search against KOfam done!
2026-06-29 11:14:41,727 [INFO]: Filtering and saving results...
2026-06-29 11:14:41,762 [INFO]: Search against KOfam done!
2026-06-29 11:15:09,093 [INFO]: Filtering and saving results...
2026-06-29 11:15:09,153 [INFO]: Search against KOfam done!
2026-06-29 11:15:29,565 [INFO]: Filtering and saving results...
2026-06-29 11:15:29,598 [INFO]: Search against KOfam done!
2026-06-29 11:16:03,450 [INFO]: Filtering and saving results...
2026-06-29 11:16:03,513 [INFO]: Search against KOfam done!
2026-06-29 11:16:44,059 [INFO]: Filtering and saving results...
2026-06-29 11:16:44,114 [INFO]: Search against KOfam done!
2026-06-29 11:17:40,424 [INFO]: Filtering and saving results...
2026-06-29 11:17:40,522 [INFO]: Search against KOfam done!
2026-06-29 11:18:13,450 [INFO]: Filtering and saving results...
2026-06-29 11:18:13,508 [INFO]: Search against KOfam done!
2026-06-29 11:18:49,248 [INFO]: Filtering and saving results...
2026-06-29 11:18:49,299 [INFO]: Search against KOfam done!
2026-06-29 11:19:05,572 [INFO]: Filtering and saving results...
2026-06-29 11:19:05,597 [INFO]: Search against KOfam done!
2026-06-29 11:19:55,561 [INFO]: Filtering and saving results...
2026-06-29 11:19:55,665 [INFO]: Search against KOfam done!
2026-06-29 11:20:25,327 [INFO]: Filtering and saving results...
2026-06-29 11:20:25,376 [INFO]: Search against KOfam done!
2026-06-29 11:21:09,735 [INFO]: Filtering and saving results...
2026-06-29 11:21:09,830 [INFO]: Search against KOfam done!
2026-06-29 11:21:31,584 [INFO]: Filtering and saving results...
2026-06-29 11:21:31,622 [INFO]: Search against KOfam done!
2026-06-29 11:22:17,879 [INFO]: Filtering and saving results...
2026-06-29 11:22:17,964 [INFO]: Search against KOfam done!
2026-06-29 11:22:39,476 [INFO]: Filtering and saving results...
2026-06-29 11:22:39,508 [INFO]: Search against KOfam done!
2026-06-29 11:23:32,448 [INFO]: Filtering and saving results...
2026-06-29 11:23:32,526 [INFO]: Search against KOfam done!
2026-06-29 11:23:52,130 [INFO]: Filtering and saving results...
2026-06-29 11:23:52,162 [INFO]: Search against KOfam done!
2026-06-29 11:24:21,242 [INFO]: Filtering and saving results...
2026-06-29 11:24:21,297 [INFO]: Search against KOfam done!
2026-06-29 11:24:52,851 [INFO]: Filtering and saving results...
2026-06-29 11:24:52,898 [INFO]: Search against KOfam done!
2026-06-29 11:25:15,917 [INFO]: Filtering and saving results...
2026-06-29 11:25:15,941 [INFO]: Search against KOfam done!
2026-06-29 11:25:53,640 [INFO]: Filtering and saving results...
2026-06-29 11:25:53,721 [INFO]: Search against KOfam done!
2026-06-29 11:26:25,270 [INFO]: Filtering and saving results...
2026-06-29 11:26:25,323 [INFO]: Search against KOfam done!
2026-06-29 11:26:57,809 [INFO]: Filtering and saving results...
2026-06-29 11:26:57,872 [INFO]: Search against KOfam done!
2026-06-29 11:27:40,983 [INFO]: Filtering and saving results...
2026-06-29 11:27:41,072 [INFO]: Search against KOfam done!
2026-06-29 11:28:23,324 [INFO]: Filtering and saving results...
2026-06-29 11:28:23,458 [INFO]: Search against KOfam done!
2026-06-29 11:28:42,170 [INFO]: Filtering and saving results...
2026-06-29 11:28:42,210 [INFO]: Search against KOfam done!
2026-06-29 11:29:14,380 [INFO]: Filtering and saving results...
2026-06-29 11:29:14,444 [INFO]: Search against KOfam done!
2026-06-29 11:29:38,827 [INFO]: Filtering and saving results...
2026-06-29 11:29:38,870 [INFO]: Search against KOfam done!
2026-06-29 11:30:14,533 [INFO]: Filtering and saving results...
2026-06-29 11:30:14,594 [INFO]: Search against KOfam done!
2026-06-29 11:30:47,666 [INFO]: Filtering and saving results...
2026-06-29 11:30:47,704 [INFO]: Search against KOfam done!
2026-06-29 11:31:11,377 [INFO]: Filtering and saving results...
2026-06-29 11:31:11,416 [INFO]: Search against KOfam done!
2026-06-29 11:31:35,961 [INFO]: Filtering and saving results...
2026-06-29 11:31:35,995 [INFO]: Search against KOfam done!
2026-06-29 11:32:22,025 [INFO]: Filtering and saving results...
2026-06-29 11:32:22,133 [INFO]: Search against KOfam done!
2026-06-29 11:33:09,108 [INFO]: Filtering and saving results...
2026-06-29 11:33:09,198 [INFO]: Search against KOfam done!
2026-06-29 11:33:49,691 [INFO]: Filtering and saving results...
2026-06-29 11:33:49,749 [INFO]: Search against KOfam done!
2026-06-29 11:34:34,253 [INFO]: Filtering and saving results...
2026-06-29 11:34:34,408 [INFO]: Search against KOfam done!
2026-06-29 11:35:29,922 [INFO]: Filtering and saving results...
2026-06-29 11:35:30,025 [INFO]: Search against KOfam done!
2026-06-29 11:36:38,628 [INFO]: Filtering and saving results...
2026-06-29 11:36:38,725 [INFO]: Search against KOfam done!
2026-06-29 11:37:37,909 [INFO]: Filtering and saving results...
2026-06-29 11:37:38,004 [INFO]: Search against KOfam done!
2026-06-29 11:38:10,562 [INFO]: Filtering and saving results...
2026-06-29 11:38:10,630 [INFO]: Search against KOfam done!
2026-06-29 11:38:10,705 [INFO]: Searching proteins against Swissprot
2026-06-29 11:40:20,737 [INFO]: Extracting Swissprot annotation data
2026-06-29 11:44:34,824 [INFO]: Searching proteins against RefSeq
2026-06-29 14:10:19,197 [INFO]: Extracting RefSeq annotation data
2026-06-29 15:00:38,499 [INFO]: Searching proteins against Trembl
2026-06-29 17:32:51,037 [INFO]: Extracting Trembl annotation data
2026-06-29 17:32:51,636 [INFO]: Improving annotations by searching matches in other databases
2026-06-29 17:32:54,075 [INFO]: MicrobeAnnotator has finished succefully!
