=====================================================
Start Time  : Mon Jun 29 11:07:46 AM PDT 2026
Job ID/Name : 64666326 / pangenome
======================================================

[2026-06-29 11:07:46] ========== Microbeannotator for Pangenome Analysis started ==========
[2026-06-29 11:07:46] Job ID/Name : 64666326 / pangenome
[2026-06-29 11:07:47] Node: hpc-54-19.cm.cluster, CPUs: 32, Mem: 122880MB
[2026-06-29 11:07:55] Activated conda env: /resnick/groups/enviromics/zahra/miniconda3/envs/microbeannotator
[2026-06-29 11:07:55] Running Microbeannotator
Loading diamond/2.1.7-gcc-13.2.0-cfkl5pd
  Loading requirement: zlib-ng/2.1.3-gcc-13.2.0-jetnfwa
2026-06-29 11:08:01,644 [INFO]:  ---- This is MicrobeAnnotator v2.0.5 ---- 
2026-06-29 11:08:01,645 [INFO]: Validating user inputs
2026-06-29 11:08:01,847 [INFO]: Passed
2026-06-29 11:08:01,847 [INFO]: Processing 50 files. I will run 8 files in parallel with 4 threads per file.
2026-06-29 11:08:01,847 [INFO]: Running in no_plot mode. Skipping plotting KO summaries. 
2026-06-29 11:08:02,749 [INFO]: Searching proteins against KOfam profiles
2026-06-29 11:08:02,750 [INFO]: Parsing HMM profile metadata
2026-06-29 11:08:37,583 [INFO]: Filtering and saving results...
2026-06-29 11:08:37,700 [INFO]: Search against KOfam done!
2026-06-29 11:09:05,317 [INFO]: Filtering and saving results...
2026-06-29 11:09:05,368 [INFO]: Search against KOfam done!
2026-06-29 11:09:49,767 [INFO]: Filtering and saving results...
2026-06-29 11:09:49,839 [INFO]: Search against KOfam done!
2026-06-29 11:10:28,925 [INFO]: Filtering and saving results...
2026-06-29 11:10:29,004 [INFO]: Search against KOfam done!
2026-06-29 11:11:14,192 [INFO]: Filtering and saving results...
2026-06-29 11:11:14,277 [INFO]: Search against KOfam done!
2026-06-29 11:11:42,518 [INFO]: Filtering and saving results...
2026-06-29 11:11:42,561 [INFO]: Search against KOfam done!
2026-06-29 11:12:34,992 [INFO]: Filtering and saving results...
2026-06-29 11:12:35,061 [INFO]: Search against KOfam done!
2026-06-29 11:13:25,863 [INFO]: Filtering and saving results...
2026-06-29 11:13:25,921 [INFO]: Search against KOfam done!
2026-06-29 11:13:51,351 [INFO]: Filtering and saving results...
2026-06-29 11:13:51,400 [INFO]: Search against KOfam done!
2026-06-29 11:14:22,924 [INFO]: Filtering and saving results...
2026-06-29 11:14:22,989 [INFO]: Search against KOfam done!
2026-06-29 11:14:54,818 [INFO]: Filtering and saving results...
2026-06-29 11:14:54,861 [INFO]: Search against KOfam done!
2026-06-29 11:15:20,130 [INFO]: Filtering and saving results...
2026-06-29 11:15:20,190 [INFO]: Search against KOfam done!
2026-06-29 11:15:40,958 [INFO]: Filtering and saving results...
2026-06-29 11:15:41,022 [INFO]: Search against KOfam done!
2026-06-29 11:16:01,241 [INFO]: Filtering and saving results...
2026-06-29 11:16:01,265 [INFO]: Search against KOfam done!
2026-06-29 11:16:38,678 [INFO]: Filtering and saving results...
2026-06-29 11:16:38,753 [INFO]: Search against KOfam done!
2026-06-29 11:17:23,244 [INFO]: Filtering and saving results...
2026-06-29 11:17:23,300 [INFO]: Search against KOfam done!
2026-06-29 11:17:57,634 [INFO]: Filtering and saving results...
2026-06-29 11:17:57,702 [INFO]: Search against KOfam done!
2026-06-29 11:18:31,151 [INFO]: Filtering and saving results...
2026-06-29 11:18:31,206 [INFO]: Search against KOfam done!
2026-06-29 11:18:53,434 [INFO]: Filtering and saving results...
2026-06-29 11:18:53,489 [INFO]: Search against KOfam done!
2026-06-29 11:19:26,154 [INFO]: Filtering and saving results...
2026-06-29 11:19:26,225 [INFO]: Search against KOfam done!
2026-06-29 11:20:10,415 [INFO]: Filtering and saving results...
2026-06-29 11:20:10,502 [INFO]: Search against KOfam done!
2026-06-29 11:20:41,688 [INFO]: Filtering and saving results...
2026-06-29 11:20:41,737 [INFO]: Search against KOfam done!
2026-06-29 11:21:08,977 [INFO]: Filtering and saving results...
2026-06-29 11:21:09,040 [INFO]: Search against KOfam done!
2026-06-29 11:21:26,484 [INFO]: Filtering and saving results...
2026-06-29 11:21:26,514 [INFO]: Search against KOfam done!
2026-06-29 11:21:53,933 [INFO]: Filtering and saving results...
2026-06-29 11:21:54,002 [INFO]: Search against KOfam done!
2026-06-29 11:23:04,536 [INFO]: Filtering and saving results...
2026-06-29 11:23:04,664 [INFO]: Search against KOfam done!
2026-06-29 11:23:30,968 [INFO]: Filtering and saving results...
2026-06-29 11:23:31,014 [INFO]: Search against KOfam done!
2026-06-29 11:24:01,489 [INFO]: Filtering and saving results...
2026-06-29 11:24:01,619 [INFO]: Search against KOfam done!
2026-06-29 11:24:27,282 [INFO]: Filtering and saving results...
2026-06-29 11:24:27,366 [INFO]: Search against KOfam done!
2026-06-29 11:24:47,481 [INFO]: Filtering and saving results...
2026-06-29 11:24:47,525 [INFO]: Search against KOfam done!
2026-06-29 11:25:25,630 [INFO]: Filtering and saving results...
2026-06-29 11:25:25,706 [INFO]: Search against KOfam done!
2026-06-29 11:25:51,535 [INFO]: Filtering and saving results...
2026-06-29 11:25:51,583 [INFO]: Search against KOfam done!
2026-06-29 11:26:51,883 [INFO]: Filtering and saving results...
2026-06-29 11:26:51,984 [INFO]: Search against KOfam done!
2026-06-29 11:27:18,521 [INFO]: Filtering and saving results...
2026-06-29 11:27:18,579 [INFO]: Search against KOfam done!
2026-06-29 11:27:47,102 [INFO]: Filtering and saving results...
2026-06-29 11:27:47,168 [INFO]: Search against KOfam done!
2026-06-29 11:28:58,028 [INFO]: Filtering and saving results...
2026-06-29 11:28:58,134 [INFO]: Search against KOfam done!
2026-06-29 11:29:21,927 [INFO]: Filtering and saving results...
2026-06-29 11:29:21,983 [INFO]: Search against KOfam done!
2026-06-29 11:29:39,992 [INFO]: Filtering and saving results...
2026-06-29 11:29:40,035 [INFO]: Search against KOfam done!
2026-06-29 11:29:56,351 [INFO]: Filtering and saving results...
2026-06-29 11:29:56,395 [INFO]: Search against KOfam done!
2026-06-29 11:31:17,504 [INFO]: Filtering and saving results...
2026-06-29 11:31:17,626 [INFO]: Search against KOfam done!
2026-06-29 11:31:50,278 [INFO]: Filtering and saving results...
2026-06-29 11:31:50,346 [INFO]: Search against KOfam done!
2026-06-29 11:32:20,312 [INFO]: Filtering and saving results...
2026-06-29 11:32:20,377 [INFO]: Search against KOfam done!
2026-06-29 11:33:47,315 [INFO]: Filtering and saving results...
2026-06-29 11:33:47,413 [INFO]: Search against KOfam done!
2026-06-29 11:34:09,154 [INFO]: Filtering and saving results...
2026-06-29 11:34:09,200 [INFO]: Search against KOfam done!
2026-06-29 11:34:35,766 [INFO]: Filtering and saving results...
2026-06-29 11:34:35,869 [INFO]: Search against KOfam done!
2026-06-29 11:35:10,991 [INFO]: Filtering and saving results...
2026-06-29 11:35:11,058 [INFO]: Search against KOfam done!
2026-06-29 11:35:44,625 [INFO]: Filtering and saving results...
2026-06-29 11:35:44,693 [INFO]: Search against KOfam done!
2026-06-29 11:36:05,543 [INFO]: Filtering and saving results...
2026-06-29 11:36:05,597 [INFO]: Search against KOfam done!
2026-06-29 11:36:50,757 [INFO]: Filtering and saving results...
2026-06-29 11:36:50,834 [INFO]: Search against KOfam done!
2026-06-29 11:37:58,950 [INFO]: Filtering and saving results...
2026-06-29 11:37:59,063 [INFO]: Search against KOfam done!
2026-06-29 11:37:59,179 [INFO]: Searching proteins against Swissprot
2026-06-29 11:39:58,225 [INFO]: Extracting Swissprot annotation data
2026-06-29 11:45:42,303 [INFO]: Searching proteins against RefSeq
2026-06-29 13:48:36,602 [INFO]: Extracting RefSeq annotation data
2026-06-29 14:48:26,307 [INFO]: Searching proteins against Trembl
2026-06-29 16:58:56,263 [INFO]: Extracting Trembl annotation data
2026-06-29 16:58:56,738 [INFO]: Improving annotations by searching matches in other databases
2026-06-29 16:58:58,509 [INFO]: MicrobeAnnotator has finished succefully!
