=====================================================
Start Time  : Mon Jun 29 11:16:33 AM PDT 2026
Job ID/Name : 64666475 / pangenome
======================================================

[2026-06-29 11:16:33] ========== Microbeannotator for Pangenome Analysis started ==========
[2026-06-29 11:16:33] Job ID/Name : 64666475 / pangenome
[2026-06-29 11:16:33] Node: hpc-35-20.cm.cluster, CPUs: 32, Mem: 122880MB
[2026-06-29 11:16:39] Activated conda env: /resnick/groups/enviromics/zahra/miniconda3/envs/microbeannotator
[2026-06-29 11:16:39] Running Microbeannotator
Loading diamond/2.1.7-gcc-13.2.0-cfkl5pd
  Loading requirement: zlib-ng/2.1.3-gcc-13.2.0-jetnfwa
2026-06-29 11:16:44,853 [INFO]:  ---- This is MicrobeAnnotator v2.0.5 ---- 
2026-06-29 11:16:44,853 [INFO]: Validating user inputs
2026-06-29 11:16:45,012 [INFO]: Passed
2026-06-29 11:16:45,012 [INFO]: Processing 50 files. I will run 8 files in parallel with 4 threads per file.
2026-06-29 11:16:45,012 [INFO]: Running in no_plot mode. Skipping plotting KO summaries. 
2026-06-29 11:16:45,788 [INFO]: Searching proteins against KOfam profiles
2026-06-29 11:16:45,788 [INFO]: Parsing HMM profile metadata
2026-06-29 11:18:26,430 [INFO]: Filtering and saving results...
2026-06-29 11:18:26,652 [INFO]: Search against KOfam done!
2026-06-29 11:19:08,154 [INFO]: Filtering and saving results...
2026-06-29 11:19:08,231 [INFO]: Search against KOfam done!
2026-06-29 11:19:34,203 [INFO]: Filtering and saving results...
2026-06-29 11:19:34,265 [INFO]: Search against KOfam done!
2026-06-29 11:20:35,188 [INFO]: Filtering and saving results...
2026-06-29 11:20:35,323 [INFO]: Search against KOfam done!
2026-06-29 11:21:17,553 [INFO]: Filtering and saving results...
2026-06-29 11:21:17,631 [INFO]: Search against KOfam done!
2026-06-29 11:22:13,603 [INFO]: Filtering and saving results...
2026-06-29 11:22:13,700 [INFO]: Search against KOfam done!
2026-06-29 11:22:45,959 [INFO]: Filtering and saving results...
2026-06-29 11:22:46,034 [INFO]: Search against KOfam done!
2026-06-29 11:24:06,248 [INFO]: Filtering and saving results...
2026-06-29 11:24:06,379 [INFO]: Search against KOfam done!
2026-06-29 11:25:17,266 [INFO]: Filtering and saving results...
2026-06-29 11:25:17,358 [INFO]: Search against KOfam done!
2026-06-29 11:26:34,035 [INFO]: Filtering and saving results...
2026-06-29 11:26:34,247 [INFO]: Search against KOfam done!
2026-06-29 11:27:52,658 [INFO]: Filtering and saving results...
2026-06-29 11:27:52,896 [INFO]: Search against KOfam done!
2026-06-29 11:28:37,107 [INFO]: Filtering and saving results...
2026-06-29 11:28:37,215 [INFO]: Search against KOfam done!
2026-06-29 11:29:02,908 [INFO]: Filtering and saving results...
2026-06-29 11:29:02,955 [INFO]: Search against KOfam done!
2026-06-29 11:30:00,419 [INFO]: Filtering and saving results...
2026-06-29 11:30:00,529 [INFO]: Search against KOfam done!
2026-06-29 11:30:48,666 [INFO]: Filtering and saving results...
2026-06-29 11:30:48,772 [INFO]: Search against KOfam done!
2026-06-29 11:31:39,003 [INFO]: Filtering and saving results...
2026-06-29 11:31:39,094 [INFO]: Search against KOfam done!
2026-06-29 11:32:40,638 [INFO]: Filtering and saving results...
2026-06-29 11:32:40,741 [INFO]: Search against KOfam done!
2026-06-29 11:33:02,070 [INFO]: Filtering and saving results...
2026-06-29 11:33:02,109 [INFO]: Search against KOfam done!
2026-06-29 11:33:24,148 [INFO]: Filtering and saving results...
2026-06-29 11:33:24,203 [INFO]: Search against KOfam done!
2026-06-29 11:34:01,705 [INFO]: Filtering and saving results...
2026-06-29 11:34:01,785 [INFO]: Search against KOfam done!
2026-06-29 11:34:45,919 [INFO]: Filtering and saving results...
2026-06-29 11:34:46,008 [INFO]: Search against KOfam done!
2026-06-29 11:35:58,138 [INFO]: Filtering and saving results...
2026-06-29 11:35:58,301 [INFO]: Search against KOfam done!
2026-06-29 11:36:45,114 [INFO]: Filtering and saving results...
2026-06-29 11:36:45,200 [INFO]: Search against KOfam done!
2026-06-29 11:37:31,016 [INFO]: Filtering and saving results...
2026-06-29 11:37:31,106 [INFO]: Search against KOfam done!
2026-06-29 11:38:09,907 [INFO]: Filtering and saving results...
2026-06-29 11:38:09,988 [INFO]: Search against KOfam done!
2026-06-29 11:39:18,455 [INFO]: Filtering and saving results...
2026-06-29 11:39:18,597 [INFO]: Search against KOfam done!
2026-06-29 11:40:00,104 [INFO]: Filtering and saving results...
2026-06-29 11:40:00,207 [INFO]: Search against KOfam done!
2026-06-29 11:41:04,280 [INFO]: Filtering and saving results...
2026-06-29 11:41:04,410 [INFO]: Search against KOfam done!
2026-06-29 11:41:53,088 [INFO]: Filtering and saving results...
2026-06-29 11:41:53,186 [INFO]: Search against KOfam done!
2026-06-29 11:42:48,219 [INFO]: Filtering and saving results...
2026-06-29 11:42:48,307 [INFO]: Search against KOfam done!
2026-06-29 11:43:58,385 [INFO]: Filtering and saving results...
2026-06-29 11:43:58,542 [INFO]: Search against KOfam done!
2026-06-29 11:44:55,303 [INFO]: Filtering and saving results...
2026-06-29 11:44:55,418 [INFO]: Search against KOfam done!
2026-06-29 11:45:26,049 [INFO]: Filtering and saving results...
2026-06-29 11:45:26,096 [INFO]: Search against KOfam done!
2026-06-29 11:45:57,555 [INFO]: Filtering and saving results...
2026-06-29 11:45:57,620 [INFO]: Search against KOfam done!
2026-06-29 11:46:36,740 [INFO]: Filtering and saving results...
2026-06-29 11:46:36,823 [INFO]: Search against KOfam done!
2026-06-29 11:48:27,126 [INFO]: Filtering and saving results...
2026-06-29 11:48:27,315 [INFO]: Search against KOfam done!
2026-06-29 11:49:14,587 [INFO]: Filtering and saving results...
2026-06-29 11:49:14,688 [INFO]: Search against KOfam done!
2026-06-29 11:49:33,285 [INFO]: Filtering and saving results...
2026-06-29 11:49:33,315 [INFO]: Search against KOfam done!
2026-06-29 11:50:04,889 [INFO]: Filtering and saving results...
2026-06-29 11:50:04,960 [INFO]: Search against KOfam done!
2026-06-29 11:50:37,604 [INFO]: Filtering and saving results...
2026-06-29 11:50:37,674 [INFO]: Search against KOfam done!
2026-06-29 11:51:59,097 [INFO]: Filtering and saving results...
2026-06-29 11:51:59,249 [INFO]: Search against KOfam done!
2026-06-29 11:52:38,355 [INFO]: Filtering and saving results...
2026-06-29 11:52:38,410 [INFO]: Search against KOfam done!
2026-06-29 11:53:14,139 [INFO]: Filtering and saving results...
2026-06-29 11:53:14,205 [INFO]: Search against KOfam done!
2026-06-29 11:53:39,557 [INFO]: Filtering and saving results...
2026-06-29 11:53:39,601 [INFO]: Search against KOfam done!
2026-06-29 11:55:10,394 [INFO]: Filtering and saving results...
2026-06-29 11:55:10,531 [INFO]: Search against KOfam done!
2026-06-29 11:55:39,523 [INFO]: Filtering and saving results...
2026-06-29 11:55:39,567 [INFO]: Search against KOfam done!
2026-06-29 11:56:51,180 [INFO]: Filtering and saving results...
2026-06-29 11:56:51,297 [INFO]: Search against KOfam done!
2026-06-29 11:57:27,024 [INFO]: Filtering and saving results...
2026-06-29 11:57:27,080 [INFO]: Search against KOfam done!
2026-06-29 11:57:58,924 [INFO]: Filtering and saving results...
2026-06-29 11:57:58,988 [INFO]: Search against KOfam done!
2026-06-29 11:58:51,785 [INFO]: Filtering and saving results...
2026-06-29 11:58:52,058 [INFO]: Search against KOfam done!
2026-06-29 11:58:52,213 [INFO]: Searching proteins against Swissprot
2026-06-29 12:00:59,808 [INFO]: Extracting Swissprot annotation data
2026-06-29 12:09:34,666 [INFO]: Searching proteins against RefSeq
2026-06-29 14:28:37,740 [INFO]: Extracting RefSeq annotation data
2026-06-29 15:54:18,787 [INFO]: Searching proteins against Trembl
2026-06-29 18:19:38,776 [INFO]: Extracting Trembl annotation data
2026-06-29 18:19:39,269 [INFO]: Improving annotations by searching matches in other databases
2026-06-29 18:19:42,215 [INFO]: MicrobeAnnotator has finished succefully!
