=====================================================
Start Time  : Mon Jun 29 11:07:21 AM PDT 2026
Job ID/Name : 64666320 / pangenome
======================================================

[2026-06-29 11:07:21] ========== Microbeannotator for Pangenome Analysis started ==========
[2026-06-29 11:07:21] Job ID/Name : 64666320 / pangenome
[2026-06-29 11:07:21] Node: hpc-34-02.cm.cluster, CPUs: 32, Mem: 122880MB
[2026-06-29 11:07:31] Activated conda env: /resnick/groups/enviromics/zahra/miniconda3/envs/microbeannotator
[2026-06-29 11:07:31] Running Microbeannotator
Loading diamond/2.1.7-gcc-13.2.0-cfkl5pd
  Loading requirement: zlib-ng/2.1.3-gcc-13.2.0-jetnfwa
2026-06-29 11:07:38,788 [INFO]:  ---- This is MicrobeAnnotator v2.0.5 ---- 
2026-06-29 11:07:38,789 [INFO]: Validating user inputs
2026-06-29 11:07:38,907 [INFO]: Passed
2026-06-29 11:07:38,907 [INFO]: Processing 50 files. I will run 8 files in parallel with 4 threads per file.
2026-06-29 11:07:38,907 [INFO]: Running in no_plot mode. Skipping plotting KO summaries. 
2026-06-29 11:07:39,976 [INFO]: Searching proteins against KOfam profiles
2026-06-29 11:07:39,977 [INFO]: Parsing HMM profile metadata
2026-06-29 11:08:16,845 [INFO]: Filtering and saving results...
2026-06-29 11:08:16,931 [INFO]: Search against KOfam done!
2026-06-29 11:08:47,824 [INFO]: Filtering and saving results...
2026-06-29 11:08:47,898 [INFO]: Search against KOfam done!
2026-06-29 11:09:28,693 [INFO]: Filtering and saving results...
2026-06-29 11:09:28,755 [INFO]: Search against KOfam done!
2026-06-29 11:10:26,578 [INFO]: Filtering and saving results...
2026-06-29 11:10:26,721 [INFO]: Search against KOfam done!
2026-06-29 11:11:26,494 [INFO]: Filtering and saving results...
2026-06-29 11:11:26,606 [INFO]: Search against KOfam done!
2026-06-29 11:12:03,700 [INFO]: Filtering and saving results...
2026-06-29 11:12:03,763 [INFO]: Search against KOfam done!
2026-06-29 11:12:38,024 [INFO]: Filtering and saving results...
2026-06-29 11:12:38,103 [INFO]: Search against KOfam done!
2026-06-29 11:13:36,305 [INFO]: Filtering and saving results...
2026-06-29 11:13:36,385 [INFO]: Search against KOfam done!
2026-06-29 11:14:26,021 [INFO]: Filtering and saving results...
2026-06-29 11:14:26,107 [INFO]: Search against KOfam done!
2026-06-29 11:15:06,933 [INFO]: Filtering and saving results...
2026-06-29 11:15:07,024 [INFO]: Search against KOfam done!
2026-06-29 11:15:49,101 [INFO]: Filtering and saving results...
2026-06-29 11:15:49,177 [INFO]: Search against KOfam done!
2026-06-29 11:16:17,134 [INFO]: Filtering and saving results...
2026-06-29 11:16:17,184 [INFO]: Search against KOfam done!
2026-06-29 11:17:15,186 [INFO]: Filtering and saving results...
2026-06-29 11:17:15,291 [INFO]: Search against KOfam done!
2026-06-29 11:18:03,101 [INFO]: Filtering and saving results...
2026-06-29 11:18:03,179 [INFO]: Search against KOfam done!
2026-06-29 11:18:39,388 [INFO]: Filtering and saving results...
2026-06-29 11:18:39,458 [INFO]: Search against KOfam done!
2026-06-29 11:19:29,873 [INFO]: Filtering and saving results...
2026-06-29 11:19:29,965 [INFO]: Search against KOfam done!
2026-06-29 11:20:13,232 [INFO]: Filtering and saving results...
2026-06-29 11:20:13,313 [INFO]: Search against KOfam done!
2026-06-29 11:20:44,485 [INFO]: Filtering and saving results...
2026-06-29 11:20:44,536 [INFO]: Search against KOfam done!
2026-06-29 11:21:17,631 [INFO]: Filtering and saving results...
2026-06-29 11:21:17,704 [INFO]: Search against KOfam done!
2026-06-29 11:22:03,397 [INFO]: Filtering and saving results...
2026-06-29 11:22:03,477 [INFO]: Search against KOfam done!
2026-06-29 11:23:01,685 [INFO]: Filtering and saving results...
2026-06-29 11:23:01,766 [INFO]: Search against KOfam done!
2026-06-29 11:23:33,751 [INFO]: Filtering and saving results...
2026-06-29 11:23:33,876 [INFO]: Search against KOfam done!
2026-06-29 11:24:06,182 [INFO]: Filtering and saving results...
2026-06-29 11:24:06,260 [INFO]: Search against KOfam done!
2026-06-29 11:24:38,355 [INFO]: Filtering and saving results...
2026-06-29 11:24:38,389 [INFO]: Search against KOfam done!
2026-06-29 11:25:06,174 [INFO]: Filtering and saving results...
2026-06-29 11:25:06,210 [INFO]: Search against KOfam done!
2026-06-29 11:25:35,199 [INFO]: Filtering and saving results...
2026-06-29 11:25:35,254 [INFO]: Search against KOfam done!
2026-06-29 11:26:42,606 [INFO]: Filtering and saving results...
2026-06-29 11:26:42,860 [INFO]: Search against KOfam done!
2026-06-29 11:27:16,498 [INFO]: Filtering and saving results...
2026-06-29 11:27:16,590 [INFO]: Search against KOfam done!
2026-06-29 11:27:43,102 [INFO]: Filtering and saving results...
2026-06-29 11:27:43,180 [INFO]: Search against KOfam done!
2026-06-29 11:28:11,032 [INFO]: Filtering and saving results...
2026-06-29 11:28:11,125 [INFO]: Search against KOfam done!
2026-06-29 11:28:42,331 [INFO]: Filtering and saving results...
2026-06-29 11:28:42,389 [INFO]: Search against KOfam done!
2026-06-29 11:29:28,870 [INFO]: Filtering and saving results...
2026-06-29 11:29:28,941 [INFO]: Search against KOfam done!
2026-06-29 11:30:22,507 [INFO]: Filtering and saving results...
2026-06-29 11:30:22,584 [INFO]: Search against KOfam done!
2026-06-29 11:30:41,050 [INFO]: Filtering and saving results...
2026-06-29 11:30:41,094 [INFO]: Search against KOfam done!
2026-06-29 11:31:50,756 [INFO]: Filtering and saving results...
2026-06-29 11:31:50,854 [INFO]: Search against KOfam done!
2026-06-29 11:32:32,160 [INFO]: Filtering and saving results...
2026-06-29 11:32:32,231 [INFO]: Search against KOfam done!
2026-06-29 11:33:44,985 [INFO]: Filtering and saving results...
2026-06-29 11:33:45,105 [INFO]: Search against KOfam done!
2026-06-29 11:34:56,591 [INFO]: Filtering and saving results...
2026-06-29 11:34:56,715 [INFO]: Search against KOfam done!
2026-06-29 11:35:19,007 [INFO]: Filtering and saving results...
2026-06-29 11:35:19,064 [INFO]: Search against KOfam done!
2026-06-29 11:35:54,964 [INFO]: Filtering and saving results...
2026-06-29 11:35:55,060 [INFO]: Search against KOfam done!
2026-06-29 11:36:36,234 [INFO]: Filtering and saving results...
2026-06-29 11:36:36,330 [INFO]: Search against KOfam done!
2026-06-29 11:37:05,489 [INFO]: Filtering and saving results...
2026-06-29 11:37:05,542 [INFO]: Search against KOfam done!
2026-06-29 11:37:38,481 [INFO]: Filtering and saving results...
2026-06-29 11:37:38,549 [INFO]: Search against KOfam done!
2026-06-29 11:39:05,696 [INFO]: Filtering and saving results...
2026-06-29 11:39:05,847 [INFO]: Search against KOfam done!
2026-06-29 11:39:49,805 [INFO]: Filtering and saving results...
2026-06-29 11:39:49,875 [INFO]: Search against KOfam done!
2026-06-29 11:40:40,825 [INFO]: Filtering and saving results...
2026-06-29 11:40:40,924 [INFO]: Search against KOfam done!
2026-06-29 11:41:20,188 [INFO]: Filtering and saving results...
2026-06-29 11:41:20,382 [INFO]: Search against KOfam done!
2026-06-29 11:42:17,736 [INFO]: Filtering and saving results...
2026-06-29 11:42:17,850 [INFO]: Search against KOfam done!
2026-06-29 11:43:06,834 [INFO]: Filtering and saving results...
2026-06-29 11:43:06,922 [INFO]: Search against KOfam done!
2026-06-29 11:43:52,848 [INFO]: Filtering and saving results...
2026-06-29 11:43:52,924 [INFO]: Search against KOfam done!
2026-06-29 11:43:52,988 [INFO]: Searching proteins against Swissprot
2026-06-29 11:46:10,242 [INFO]: Extracting Swissprot annotation data
2026-06-29 11:53:34,530 [INFO]: Searching proteins against RefSeq
2026-06-29 14:30:58,079 [INFO]: Extracting RefSeq annotation data
2026-06-29 15:35:56,427 [INFO]: Searching proteins against Trembl
2026-06-29 17:59:56,601 [INFO]: Extracting Trembl annotation data
2026-06-29 17:59:57,044 [INFO]: Improving annotations by searching matches in other databases
2026-06-29 17:59:59,702 [INFO]: MicrobeAnnotator has finished succefully!
