=====================================================
Start Time  : Mon Jun 29 11:07:15 AM PDT 2026
Job ID/Name : 64666319 / pangenome
======================================================

[2026-06-29 11:07:15] ========== Microbeannotator for Pangenome Analysis started ==========
[2026-06-29 11:07:15] Job ID/Name : 64666319 / pangenome
[2026-06-29 11:07:15] Node: hpc-20-15.cm.cluster, CPUs: 32, Mem: 122880MB
[2026-06-29 11:07:21] Activated conda env: /resnick/groups/enviromics/zahra/miniconda3/envs/microbeannotator
[2026-06-29 11:07:21] Running Microbeannotator
Loading diamond/2.1.7-gcc-13.2.0-cfkl5pd
  Loading requirement: zlib-ng/2.1.3-gcc-13.2.0-jetnfwa
2026-06-29 11:07:26,172 [INFO]:  ---- This is MicrobeAnnotator v2.0.5 ---- 
2026-06-29 11:07:26,172 [INFO]: Validating user inputs
2026-06-29 11:07:26,309 [INFO]: Passed
2026-06-29 11:07:26,309 [INFO]: Processing 50 files. I will run 8 files in parallel with 4 threads per file.
2026-06-29 11:07:26,309 [INFO]: Running in no_plot mode. Skipping plotting KO summaries. 
2026-06-29 11:07:27,042 [INFO]: Searching proteins against KOfam profiles
2026-06-29 11:07:27,042 [INFO]: Parsing HMM profile metadata
2026-06-29 11:07:48,058 [INFO]: Filtering and saving results...
2026-06-29 11:07:48,114 [INFO]: Search against KOfam done!
2026-06-29 11:08:43,164 [INFO]: Filtering and saving results...
2026-06-29 11:08:43,291 [INFO]: Search against KOfam done!
2026-06-29 11:09:15,777 [INFO]: Filtering and saving results...
2026-06-29 11:09:15,849 [INFO]: Search against KOfam done!
2026-06-29 11:10:12,239 [INFO]: Filtering and saving results...
2026-06-29 11:10:12,389 [INFO]: Search against KOfam done!
2026-06-29 11:11:25,801 [INFO]: Filtering and saving results...
2026-06-29 11:11:25,883 [INFO]: Search against KOfam done!
2026-06-29 11:12:37,576 [INFO]: Filtering and saving results...
2026-06-29 11:12:37,662 [INFO]: Search against KOfam done!
2026-06-29 11:13:53,458 [INFO]: Filtering and saving results...
2026-06-29 11:13:53,552 [INFO]: Search against KOfam done!
2026-06-29 11:14:27,369 [INFO]: Filtering and saving results...
2026-06-29 11:14:27,408 [INFO]: Search against KOfam done!
2026-06-29 11:14:44,213 [INFO]: Filtering and saving results...
2026-06-29 11:14:44,244 [INFO]: Search against KOfam done!
2026-06-29 11:15:06,525 [INFO]: Filtering and saving results...
2026-06-29 11:15:06,561 [INFO]: Search against KOfam done!
2026-06-29 11:16:29,470 [INFO]: Filtering and saving results...
2026-06-29 11:16:29,606 [INFO]: Search against KOfam done!
2026-06-29 11:17:31,044 [INFO]: Filtering and saving results...
2026-06-29 11:17:31,177 [INFO]: Search against KOfam done!
2026-06-29 11:18:17,583 [INFO]: Filtering and saving results...
2026-06-29 11:18:17,668 [INFO]: Search against KOfam done!
2026-06-29 11:18:40,848 [INFO]: Filtering and saving results...
2026-06-29 11:18:40,882 [INFO]: Search against KOfam done!
2026-06-29 11:19:07,743 [INFO]: Filtering and saving results...
2026-06-29 11:19:07,806 [INFO]: Search against KOfam done!
2026-06-29 11:19:40,948 [INFO]: Filtering and saving results...
2026-06-29 11:19:40,996 [INFO]: Search against KOfam done!
2026-06-29 11:20:18,176 [INFO]: Filtering and saving results...
2026-06-29 11:20:18,242 [INFO]: Search against KOfam done!
2026-06-29 11:20:47,601 [INFO]: Filtering and saving results...
2026-06-29 11:20:47,662 [INFO]: Search against KOfam done!
2026-06-29 11:21:39,285 [INFO]: Filtering and saving results...
2026-06-29 11:21:39,359 [INFO]: Search against KOfam done!
2026-06-29 11:22:08,422 [INFO]: Filtering and saving results...
2026-06-29 11:22:08,497 [INFO]: Search against KOfam done!
2026-06-29 11:22:42,011 [INFO]: Filtering and saving results...
2026-06-29 11:22:42,081 [INFO]: Search against KOfam done!
2026-06-29 11:23:25,435 [INFO]: Filtering and saving results...
2026-06-29 11:23:25,541 [INFO]: Search against KOfam done!
2026-06-29 11:23:56,847 [INFO]: Filtering and saving results...
2026-06-29 11:23:56,903 [INFO]: Search against KOfam done!
2026-06-29 11:24:31,606 [INFO]: Filtering and saving results...
2026-06-29 11:24:31,672 [INFO]: Search against KOfam done!
2026-06-29 11:25:13,411 [INFO]: Filtering and saving results...
2026-06-29 11:25:13,480 [INFO]: Search against KOfam done!
2026-06-29 11:25:40,152 [INFO]: Filtering and saving results...
2026-06-29 11:25:40,195 [INFO]: Search against KOfam done!
2026-06-29 11:26:10,789 [INFO]: Filtering and saving results...
2026-06-29 11:26:10,857 [INFO]: Search against KOfam done!
2026-06-29 11:26:37,531 [INFO]: Filtering and saving results...
2026-06-29 11:26:37,599 [INFO]: Search against KOfam done!
2026-06-29 11:27:27,840 [INFO]: Filtering and saving results...
2026-06-29 11:27:27,923 [INFO]: Search against KOfam done!
2026-06-29 11:28:29,699 [INFO]: Filtering and saving results...
2026-06-29 11:28:29,801 [INFO]: Search against KOfam done!
2026-06-29 11:30:04,077 [INFO]: Filtering and saving results...
2026-06-29 11:30:04,167 [INFO]: Search against KOfam done!
2026-06-29 11:30:37,810 [INFO]: Filtering and saving results...
2026-06-29 11:30:37,850 [INFO]: Search against KOfam done!
2026-06-29 11:31:13,439 [INFO]: Filtering and saving results...
2026-06-29 11:31:13,495 [INFO]: Search against KOfam done!
2026-06-29 11:32:23,038 [INFO]: Filtering and saving results...
2026-06-29 11:32:23,113 [INFO]: Search against KOfam done!
2026-06-29 11:33:42,503 [INFO]: Filtering and saving results...
2026-06-29 11:33:42,675 [INFO]: Search against KOfam done!
2026-06-29 11:34:44,371 [INFO]: Filtering and saving results...
2026-06-29 11:34:44,465 [INFO]: Search against KOfam done!
2026-06-29 11:35:23,823 [INFO]: Filtering and saving results...
2026-06-29 11:35:23,860 [INFO]: Search against KOfam done!
2026-06-29 11:36:18,701 [INFO]: Filtering and saving results...
2026-06-29 11:36:18,826 [INFO]: Search against KOfam done!
2026-06-29 11:36:41,631 [INFO]: Filtering and saving results...
2026-06-29 11:36:41,670 [INFO]: Search against KOfam done!
2026-06-29 11:37:38,763 [INFO]: Filtering and saving results...
2026-06-29 11:37:38,869 [INFO]: Search against KOfam done!
2026-06-29 11:38:24,964 [INFO]: Filtering and saving results...
2026-06-29 11:38:25,054 [INFO]: Search against KOfam done!
2026-06-29 11:38:59,560 [INFO]: Filtering and saving results...
2026-06-29 11:38:59,632 [INFO]: Search against KOfam done!
2026-06-29 11:39:34,241 [INFO]: Filtering and saving results...
2026-06-29 11:39:34,307 [INFO]: Search against KOfam done!
2026-06-29 11:39:59,563 [INFO]: Filtering and saving results...
2026-06-29 11:39:59,610 [INFO]: Search against KOfam done!
2026-06-29 11:40:33,486 [INFO]: Filtering and saving results...
2026-06-29 11:40:33,554 [INFO]: Search against KOfam done!
2026-06-29 11:41:27,630 [INFO]: Filtering and saving results...
2026-06-29 11:41:27,777 [INFO]: Search against KOfam done!
2026-06-29 11:42:32,573 [INFO]: Filtering and saving results...
2026-06-29 11:42:32,677 [INFO]: Search against KOfam done!
2026-06-29 11:43:02,785 [INFO]: Filtering and saving results...
2026-06-29 11:43:02,848 [INFO]: Search against KOfam done!
2026-06-29 11:43:34,855 [INFO]: Filtering and saving results...
2026-06-29 11:43:34,932 [INFO]: Search against KOfam done!
2026-06-29 11:43:56,604 [INFO]: Filtering and saving results...
2026-06-29 11:43:56,636 [INFO]: Search against KOfam done!
2026-06-29 11:43:56,671 [INFO]: Searching proteins against Swissprot
2026-06-29 11:46:26,762 [INFO]: Extracting Swissprot annotation data
2026-06-29 11:57:15,868 [INFO]: Searching proteins against RefSeq
2026-06-29 14:37:28,710 [INFO]: Extracting RefSeq annotation data
2026-06-29 15:55:25,789 [INFO]: Searching proteins against Trembl
2026-06-29 18:17:44,522 [INFO]: Extracting Trembl annotation data
2026-06-29 18:17:44,979 [INFO]: Improving annotations by searching matches in other databases
2026-06-29 18:17:46,852 [INFO]: MicrobeAnnotator has finished succefully!
