=====================================================
Start Time  : Mon Jun 29 11:21:11 AM PDT 2026
Job ID/Name : 64666530 / pangenome
======================================================

[2026-06-29 11:21:11] ========== Microbeannotator for Pangenome Analysis started ==========
[2026-06-29 11:21:11] Job ID/Name : 64666530 / pangenome
[2026-06-29 11:21:11] Node: hpc-19-36.cm.cluster, CPUs: 32, Mem: 122880MB
[2026-06-29 11:21:17] Activated conda env: /resnick/groups/enviromics/zahra/miniconda3/envs/microbeannotator
[2026-06-29 11:21:17] Running Microbeannotator
Loading diamond/2.1.7-gcc-13.2.0-cfkl5pd
  Loading requirement: zlib-ng/2.1.3-gcc-13.2.0-jetnfwa
2026-06-29 11:21:21,822 [INFO]:  ---- This is MicrobeAnnotator v2.0.5 ---- 
2026-06-29 11:21:21,822 [INFO]: Validating user inputs
2026-06-29 11:21:21,921 [INFO]: Passed
2026-06-29 11:21:21,921 [INFO]: Processing 50 files. I will run 8 files in parallel with 4 threads per file.
2026-06-29 11:21:21,921 [INFO]: Running in no_plot mode. Skipping plotting KO summaries. 
2026-06-29 11:21:23,113 [INFO]: Searching proteins against KOfam profiles
2026-06-29 11:21:23,113 [INFO]: Parsing HMM profile metadata
2026-06-29 11:22:12,194 [INFO]: Filtering and saving results...
2026-06-29 11:22:12,269 [INFO]: Search against KOfam done!
2026-06-29 11:22:43,807 [INFO]: Filtering and saving results...
2026-06-29 11:22:43,861 [INFO]: Search against KOfam done!
2026-06-29 11:23:14,169 [INFO]: Filtering and saving results...
2026-06-29 11:23:14,213 [INFO]: Search against KOfam done!
2026-06-29 11:24:08,788 [INFO]: Filtering and saving results...
2026-06-29 11:24:08,879 [INFO]: Search against KOfam done!
2026-06-29 11:24:51,557 [INFO]: Filtering and saving results...
2026-06-29 11:24:51,624 [INFO]: Search against KOfam done!
2026-06-29 11:25:36,666 [INFO]: Filtering and saving results...
2026-06-29 11:25:36,732 [INFO]: Search against KOfam done!
2026-06-29 11:26:09,309 [INFO]: Filtering and saving results...
2026-06-29 11:26:09,376 [INFO]: Search against KOfam done!
2026-06-29 11:26:55,000 [INFO]: Filtering and saving results...
2026-06-29 11:26:55,071 [INFO]: Search against KOfam done!
2026-06-29 11:27:35,269 [INFO]: Filtering and saving results...
2026-06-29 11:27:35,379 [INFO]: Search against KOfam done!
2026-06-29 11:28:00,915 [INFO]: Filtering and saving results...
2026-06-29 11:28:00,964 [INFO]: Search against KOfam done!
2026-06-29 11:28:47,685 [INFO]: Filtering and saving results...
2026-06-29 11:28:47,756 [INFO]: Search against KOfam done!
2026-06-29 11:29:25,514 [INFO]: Filtering and saving results...
2026-06-29 11:29:25,574 [INFO]: Search against KOfam done!
2026-06-29 11:29:54,120 [INFO]: Filtering and saving results...
2026-06-29 11:29:54,174 [INFO]: Search against KOfam done!
2026-06-29 11:31:05,665 [INFO]: Filtering and saving results...
2026-06-29 11:31:05,792 [INFO]: Search against KOfam done!
2026-06-29 11:31:53,654 [INFO]: Filtering and saving results...
2026-06-29 11:31:53,732 [INFO]: Search against KOfam done!
2026-06-29 11:33:28,656 [INFO]: Filtering and saving results...
2026-06-29 11:33:28,813 [INFO]: Search against KOfam done!
2026-06-29 11:34:46,983 [INFO]: Filtering and saving results...
2026-06-29 11:34:47,114 [INFO]: Search against KOfam done!
2026-06-29 11:35:23,906 [INFO]: Filtering and saving results...
2026-06-29 11:35:23,965 [INFO]: Search against KOfam done!
2026-06-29 11:36:13,180 [INFO]: Filtering and saving results...
2026-06-29 11:36:13,248 [INFO]: Search against KOfam done!
2026-06-29 11:37:11,545 [INFO]: Filtering and saving results...
2026-06-29 11:37:11,642 [INFO]: Search against KOfam done!
2026-06-29 11:37:42,414 [INFO]: Filtering and saving results...
2026-06-29 11:37:42,469 [INFO]: Search against KOfam done!
2026-06-29 11:38:29,699 [INFO]: Filtering and saving results...
2026-06-29 11:38:29,768 [INFO]: Search against KOfam done!
2026-06-29 11:39:19,612 [INFO]: Filtering and saving results...
2026-06-29 11:39:19,686 [INFO]: Search against KOfam done!
2026-06-29 11:40:39,744 [INFO]: Filtering and saving results...
2026-06-29 11:40:39,869 [INFO]: Search against KOfam done!
2026-06-29 11:41:27,688 [INFO]: Filtering and saving results...
2026-06-29 11:41:27,764 [INFO]: Search against KOfam done!
2026-06-29 11:42:25,600 [INFO]: Filtering and saving results...
2026-06-29 11:42:25,699 [INFO]: Search against KOfam done!
2026-06-29 11:43:42,037 [INFO]: Filtering and saving results...
2026-06-29 11:43:42,174 [INFO]: Search against KOfam done!
2026-06-29 11:44:33,536 [INFO]: Filtering and saving results...
2026-06-29 11:44:33,602 [INFO]: Search against KOfam done!
2026-06-29 11:45:53,830 [INFO]: Filtering and saving results...
2026-06-29 11:45:53,992 [INFO]: Search against KOfam done!
2026-06-29 11:47:06,638 [INFO]: Filtering and saving results...
2026-06-29 11:47:06,772 [INFO]: Search against KOfam done!
2026-06-29 11:48:16,913 [INFO]: Filtering and saving results...
2026-06-29 11:48:17,056 [INFO]: Search against KOfam done!
2026-06-29 11:49:50,234 [INFO]: Filtering and saving results...
2026-06-29 11:49:50,401 [INFO]: Search against KOfam done!
2026-06-29 11:50:29,808 [INFO]: Filtering and saving results...
2026-06-29 11:50:29,874 [INFO]: Search against KOfam done!
2026-06-29 11:51:08,135 [INFO]: Filtering and saving results...
2026-06-29 11:51:08,192 [INFO]: Search against KOfam done!
2026-06-29 11:52:59,876 [INFO]: Filtering and saving results...
2026-06-29 11:53:00,029 [INFO]: Search against KOfam done!
2026-06-29 11:53:38,553 [INFO]: Filtering and saving results...
2026-06-29 11:53:38,620 [INFO]: Search against KOfam done!
2026-06-29 11:54:56,518 [INFO]: Filtering and saving results...
2026-06-29 11:54:56,654 [INFO]: Search against KOfam done!
2026-06-29 11:56:11,922 [INFO]: Filtering and saving results...
2026-06-29 11:56:12,056 [INFO]: Search against KOfam done!
2026-06-29 11:57:25,233 [INFO]: Filtering and saving results...
2026-06-29 11:57:25,364 [INFO]: Search against KOfam done!
2026-06-29 11:58:10,135 [INFO]: Filtering and saving results...
2026-06-29 11:58:10,230 [INFO]: Search against KOfam done!
2026-06-29 11:58:57,920 [INFO]: Filtering and saving results...
2026-06-29 11:58:57,985 [INFO]: Search against KOfam done!
2026-06-29 11:59:44,778 [INFO]: Filtering and saving results...
2026-06-29 11:59:44,854 [INFO]: Search against KOfam done!
2026-06-29 12:00:52,735 [INFO]: Filtering and saving results...
2026-06-29 12:00:52,861 [INFO]: Search against KOfam done!
2026-06-29 12:01:46,491 [INFO]: Filtering and saving results...
2026-06-29 12:01:46,568 [INFO]: Search against KOfam done!
2026-06-29 12:02:29,851 [INFO]: Filtering and saving results...
2026-06-29 12:02:29,928 [INFO]: Search against KOfam done!
2026-06-29 12:02:55,814 [INFO]: Filtering and saving results...
2026-06-29 12:02:55,861 [INFO]: Search against KOfam done!
2026-06-29 12:03:32,712 [INFO]: Filtering and saving results...
2026-06-29 12:03:32,782 [INFO]: Search against KOfam done!
2026-06-29 12:04:07,093 [INFO]: Filtering and saving results...
2026-06-29 12:04:07,149 [INFO]: Search against KOfam done!
2026-06-29 12:04:43,300 [INFO]: Filtering and saving results...
2026-06-29 12:04:43,357 [INFO]: Search against KOfam done!
2026-06-29 12:05:25,068 [INFO]: Filtering and saving results...
2026-06-29 12:05:25,131 [INFO]: Search against KOfam done!
2026-06-29 12:05:25,217 [INFO]: Searching proteins against Swissprot
2026-06-29 12:07:27,727 [INFO]: Extracting Swissprot annotation data
2026-06-29 12:14:36,119 [INFO]: Searching proteins against RefSeq
2026-06-29 14:37:38,221 [INFO]: Extracting RefSeq annotation data
2026-06-29 15:30:43,854 [INFO]: Searching proteins against Trembl
2026-06-29 17:59:12,930 [INFO]: Extracting Trembl annotation data
2026-06-29 17:59:13,477 [INFO]: Improving annotations by searching matches in other databases
2026-06-29 17:59:15,918 [INFO]: MicrobeAnnotator has finished succefully!
