=====================================================
Start Time  : Mon Jun 29 11:10:53 AM PDT 2026
Job ID/Name : 64666398 / pangenome
======================================================

[2026-06-29 11:10:53] ========== Microbeannotator for Pangenome Analysis started ==========
[2026-06-29 11:10:53] Job ID/Name : 64666398 / pangenome
[2026-06-29 11:10:53] Node: hpc-35-27.cm.cluster, CPUs: 32, Mem: 122880MB
[2026-06-29 11:11:01] Activated conda env: /resnick/groups/enviromics/zahra/miniconda3/envs/microbeannotator
[2026-06-29 11:11:01] Running Microbeannotator
Loading diamond/2.1.7-gcc-13.2.0-cfkl5pd
  Loading requirement: zlib-ng/2.1.3-gcc-13.2.0-jetnfwa
2026-06-29 11:11:08,138 [INFO]:  ---- This is MicrobeAnnotator v2.0.5 ---- 
2026-06-29 11:11:08,139 [INFO]: Validating user inputs
2026-06-29 11:11:08,358 [INFO]: Passed
2026-06-29 11:11:08,359 [INFO]: Processing 50 files. I will run 8 files in parallel with 4 threads per file.
2026-06-29 11:11:08,359 [INFO]: Running in no_plot mode. Skipping plotting KO summaries. 
2026-06-29 11:11:09,142 [INFO]: Searching proteins against KOfam profiles
2026-06-29 11:11:09,142 [INFO]: Parsing HMM profile metadata
2026-06-29 11:11:37,580 [INFO]: Filtering and saving results...
2026-06-29 11:11:37,639 [INFO]: Search against KOfam done!
2026-06-29 11:12:32,440 [INFO]: Filtering and saving results...
2026-06-29 11:12:32,543 [INFO]: Search against KOfam done!
2026-06-29 11:12:54,932 [INFO]: Filtering and saving results...
2026-06-29 11:12:54,991 [INFO]: Search against KOfam done!
2026-06-29 11:13:22,797 [INFO]: Filtering and saving results...
2026-06-29 11:13:22,869 [INFO]: Search against KOfam done!
2026-06-29 11:13:59,484 [INFO]: Filtering and saving results...
2026-06-29 11:13:59,553 [INFO]: Search against KOfam done!
2026-06-29 11:14:45,615 [INFO]: Filtering and saving results...
2026-06-29 11:14:45,733 [INFO]: Search against KOfam done!
2026-06-29 11:15:12,091 [INFO]: Filtering and saving results...
2026-06-29 11:15:12,154 [INFO]: Search against KOfam done!
2026-06-29 11:15:31,569 [INFO]: Filtering and saving results...
2026-06-29 11:15:31,600 [INFO]: Search against KOfam done!
2026-06-29 11:15:50,444 [INFO]: Filtering and saving results...
2026-06-29 11:15:50,545 [INFO]: Search against KOfam done!
2026-06-29 11:16:18,129 [INFO]: Filtering and saving results...
2026-06-29 11:16:18,187 [INFO]: Search against KOfam done!
2026-06-29 11:16:58,681 [INFO]: Filtering and saving results...
2026-06-29 11:16:58,756 [INFO]: Search against KOfam done!
2026-06-29 11:17:33,754 [INFO]: Filtering and saving results...
2026-06-29 11:17:33,847 [INFO]: Search against KOfam done!
2026-06-29 11:17:57,161 [INFO]: Filtering and saving results...
2026-06-29 11:17:57,214 [INFO]: Search against KOfam done!
2026-06-29 11:18:14,875 [INFO]: Filtering and saving results...
2026-06-29 11:18:14,925 [INFO]: Search against KOfam done!
2026-06-29 11:18:34,150 [INFO]: Filtering and saving results...
2026-06-29 11:18:34,181 [INFO]: Search against KOfam done!
2026-06-29 11:18:57,051 [INFO]: Filtering and saving results...
2026-06-29 11:18:57,112 [INFO]: Search against KOfam done!
2026-06-29 11:19:17,382 [INFO]: Filtering and saving results...
2026-06-29 11:19:17,438 [INFO]: Search against KOfam done!
2026-06-29 11:19:57,510 [INFO]: Filtering and saving results...
2026-06-29 11:19:57,595 [INFO]: Search against KOfam done!
2026-06-29 11:20:26,728 [INFO]: Filtering and saving results...
2026-06-29 11:20:26,797 [INFO]: Search against KOfam done!
2026-06-29 11:20:46,022 [INFO]: Filtering and saving results...
2026-06-29 11:20:46,085 [INFO]: Search against KOfam done!
2026-06-29 11:21:30,633 [INFO]: Filtering and saving results...
2026-06-29 11:21:30,721 [INFO]: Search against KOfam done!
2026-06-29 11:21:55,352 [INFO]: Filtering and saving results...
2026-06-29 11:21:55,395 [INFO]: Search against KOfam done!
2026-06-29 11:22:28,299 [INFO]: Filtering and saving results...
2026-06-29 11:22:28,348 [INFO]: Search against KOfam done!
2026-06-29 11:22:44,618 [INFO]: Filtering and saving results...
2026-06-29 11:22:44,657 [INFO]: Search against KOfam done!
2026-06-29 11:23:09,788 [INFO]: Filtering and saving results...
2026-06-29 11:23:09,850 [INFO]: Search against KOfam done!
2026-06-29 11:23:45,936 [INFO]: Filtering and saving results...
2026-06-29 11:23:46,013 [INFO]: Search against KOfam done!
2026-06-29 11:24:04,167 [INFO]: Filtering and saving results...
2026-06-29 11:24:04,195 [INFO]: Search against KOfam done!
2026-06-29 11:24:39,200 [INFO]: Filtering and saving results...
2026-06-29 11:24:39,279 [INFO]: Search against KOfam done!
2026-06-29 11:25:11,934 [INFO]: Filtering and saving results...
2026-06-29 11:25:12,024 [INFO]: Search against KOfam done!
2026-06-29 11:25:40,083 [INFO]: Filtering and saving results...
2026-06-29 11:25:40,148 [INFO]: Search against KOfam done!
2026-06-29 11:25:55,860 [INFO]: Filtering and saving results...
2026-06-29 11:25:55,909 [INFO]: Search against KOfam done!
2026-06-29 11:26:14,078 [INFO]: Filtering and saving results...
2026-06-29 11:26:14,130 [INFO]: Search against KOfam done!
2026-06-29 11:26:30,225 [INFO]: Filtering and saving results...
2026-06-29 11:26:30,270 [INFO]: Search against KOfam done!
2026-06-29 11:26:51,191 [INFO]: Filtering and saving results...
2026-06-29 11:26:51,273 [INFO]: Search against KOfam done!
2026-06-29 11:27:21,186 [INFO]: Filtering and saving results...
2026-06-29 11:27:21,306 [INFO]: Search against KOfam done!
2026-06-29 11:27:40,127 [INFO]: Filtering and saving results...
2026-06-29 11:27:40,191 [INFO]: Search against KOfam done!
2026-06-29 11:28:04,808 [INFO]: Filtering and saving results...
2026-06-29 11:28:04,942 [INFO]: Search against KOfam done!
2026-06-29 11:28:32,043 [INFO]: Filtering and saving results...
2026-06-29 11:28:32,125 [INFO]: Search against KOfam done!
2026-06-29 11:28:55,892 [INFO]: Filtering and saving results...
2026-06-29 11:28:55,961 [INFO]: Search against KOfam done!
2026-06-29 11:29:31,106 [INFO]: Filtering and saving results...
2026-06-29 11:29:31,196 [INFO]: Search against KOfam done!
2026-06-29 11:29:47,159 [INFO]: Filtering and saving results...
2026-06-29 11:29:47,204 [INFO]: Search against KOfam done!
2026-06-29 11:30:06,306 [INFO]: Filtering and saving results...
2026-06-29 11:30:06,362 [INFO]: Search against KOfam done!
2026-06-29 11:30:25,129 [INFO]: Filtering and saving results...
2026-06-29 11:30:25,166 [INFO]: Search against KOfam done!
2026-06-29 11:30:46,378 [INFO]: Filtering and saving results...
2026-06-29 11:30:46,438 [INFO]: Search against KOfam done!
2026-06-29 11:31:12,115 [INFO]: Filtering and saving results...
2026-06-29 11:31:12,177 [INFO]: Search against KOfam done!
2026-06-29 11:31:34,812 [INFO]: Filtering and saving results...
2026-06-29 11:31:34,867 [INFO]: Search against KOfam done!
2026-06-29 11:32:00,722 [INFO]: Filtering and saving results...
2026-06-29 11:32:00,776 [INFO]: Search against KOfam done!
2026-06-29 11:32:24,183 [INFO]: Filtering and saving results...
2026-06-29 11:32:24,243 [INFO]: Search against KOfam done!
2026-06-29 11:32:49,156 [INFO]: Filtering and saving results...
2026-06-29 11:32:49,204 [INFO]: Search against KOfam done!
2026-06-29 11:33:37,378 [INFO]: Filtering and saving results...
2026-06-29 11:33:37,462 [INFO]: Search against KOfam done!
2026-06-29 11:33:37,586 [INFO]: Searching proteins against Swissprot
2026-06-29 11:35:42,771 [INFO]: Extracting Swissprot annotation data
2026-06-29 11:37:05,902 [INFO]: Searching proteins against RefSeq
2026-06-29 13:41:43,753 [INFO]: Extracting RefSeq annotation data
2026-06-29 13:55:46,331 [INFO]: Searching proteins against Trembl
2026-06-29 15:55:34,414 [INFO]: Extracting Trembl annotation data
2026-06-29 15:55:34,961 [INFO]: Improving annotations by searching matches in other databases
2026-06-29 15:55:37,126 [INFO]: MicrobeAnnotator has finished succefully!
