=====================================================
Start Time  : Mon Jun 29 11:16:02 AM PDT 2026
Job ID/Name : 64666467 / pangenome
======================================================

[2026-06-29 11:16:02] ========== Microbeannotator for Pangenome Analysis started ==========
[2026-06-29 11:16:02] Job ID/Name : 64666467 / pangenome
[2026-06-29 11:16:02] Node: hpc-34-17.cm.cluster, CPUs: 32, Mem: 122880MB
[2026-06-29 11:16:10] Activated conda env: /resnick/groups/enviromics/zahra/miniconda3/envs/microbeannotator
[2026-06-29 11:16:10] Running Microbeannotator
Loading diamond/2.1.7-gcc-13.2.0-cfkl5pd
  Loading requirement: zlib-ng/2.1.3-gcc-13.2.0-jetnfwa
2026-06-29 11:16:15,825 [INFO]:  ---- This is MicrobeAnnotator v2.0.5 ---- 
2026-06-29 11:16:15,825 [INFO]: Validating user inputs
2026-06-29 11:16:15,982 [INFO]: Passed
2026-06-29 11:16:15,982 [INFO]: Processing 50 files. I will run 8 files in parallel with 4 threads per file.
2026-06-29 11:16:15,982 [INFO]: Running in no_plot mode. Skipping plotting KO summaries. 
2026-06-29 11:16:16,851 [INFO]: Searching proteins against KOfam profiles
2026-06-29 11:16:16,852 [INFO]: Parsing HMM profile metadata
2026-06-29 11:16:52,757 [INFO]: Filtering and saving results...
2026-06-29 11:16:52,840 [INFO]: Search against KOfam done!
2026-06-29 11:17:45,611 [INFO]: Filtering and saving results...
2026-06-29 11:17:45,709 [INFO]: Search against KOfam done!
2026-06-29 11:18:42,395 [INFO]: Filtering and saving results...
2026-06-29 11:18:42,487 [INFO]: Search against KOfam done!
2026-06-29 11:19:28,485 [INFO]: Filtering and saving results...
2026-06-29 11:19:28,597 [INFO]: Search against KOfam done!
2026-06-29 11:20:05,109 [INFO]: Filtering and saving results...
2026-06-29 11:20:05,204 [INFO]: Search against KOfam done!
2026-06-29 11:20:46,346 [INFO]: Filtering and saving results...
2026-06-29 11:20:46,446 [INFO]: Search against KOfam done!
2026-06-29 11:21:16,416 [INFO]: Filtering and saving results...
2026-06-29 11:21:16,456 [INFO]: Search against KOfam done!
2026-06-29 11:22:03,216 [INFO]: Filtering and saving results...
2026-06-29 11:22:03,298 [INFO]: Search against KOfam done!
2026-06-29 11:22:27,528 [INFO]: Filtering and saving results...
2026-06-29 11:22:27,583 [INFO]: Search against KOfam done!
2026-06-29 11:23:21,107 [INFO]: Filtering and saving results...
2026-06-29 11:23:21,202 [INFO]: Search against KOfam done!
2026-06-29 11:23:55,222 [INFO]: Filtering and saving results...
2026-06-29 11:23:55,292 [INFO]: Search against KOfam done!
2026-06-29 11:24:41,109 [INFO]: Filtering and saving results...
2026-06-29 11:24:41,222 [INFO]: Search against KOfam done!
2026-06-29 11:26:13,909 [INFO]: Filtering and saving results...
2026-06-29 11:26:14,061 [INFO]: Search against KOfam done!
2026-06-29 11:26:53,351 [INFO]: Filtering and saving results...
2026-06-29 11:26:53,440 [INFO]: Search against KOfam done!
2026-06-29 11:28:08,989 [INFO]: Filtering and saving results...
2026-06-29 11:28:09,102 [INFO]: Search against KOfam done!
2026-06-29 11:28:33,979 [INFO]: Filtering and saving results...
2026-06-29 11:28:34,004 [INFO]: Search against KOfam done!
2026-06-29 11:28:55,527 [INFO]: Filtering and saving results...
2026-06-29 11:28:55,567 [INFO]: Search against KOfam done!
2026-06-29 11:29:15,358 [INFO]: Filtering and saving results...
2026-06-29 11:29:15,388 [INFO]: Search against KOfam done!
2026-06-29 11:30:45,903 [INFO]: Filtering and saving results...
2026-06-29 11:30:46,050 [INFO]: Search against KOfam done!
2026-06-29 11:32:27,335 [INFO]: Filtering and saving results...
2026-06-29 11:32:27,492 [INFO]: Search against KOfam done!
2026-06-29 11:33:50,068 [INFO]: Filtering and saving results...
2026-06-29 11:33:50,200 [INFO]: Search against KOfam done!
2026-06-29 11:34:14,337 [INFO]: Filtering and saving results...
2026-06-29 11:34:14,399 [INFO]: Search against KOfam done!
2026-06-29 11:34:54,406 [INFO]: Filtering and saving results...
2026-06-29 11:34:54,483 [INFO]: Search against KOfam done!
2026-06-29 11:35:42,499 [INFO]: Filtering and saving results...
2026-06-29 11:35:42,582 [INFO]: Search against KOfam done!
2026-06-29 11:36:27,778 [INFO]: Filtering and saving results...
2026-06-29 11:36:27,848 [INFO]: Search against KOfam done!
2026-06-29 11:37:48,522 [INFO]: Filtering and saving results...
2026-06-29 11:37:48,641 [INFO]: Search against KOfam done!
2026-06-29 11:38:31,061 [INFO]: Filtering and saving results...
2026-06-29 11:38:31,144 [INFO]: Search against KOfam done!
2026-06-29 11:39:19,189 [INFO]: Filtering and saving results...
2026-06-29 11:39:19,295 [INFO]: Search against KOfam done!
2026-06-29 11:40:30,689 [INFO]: Filtering and saving results...
2026-06-29 11:40:30,826 [INFO]: Search against KOfam done!
2026-06-29 11:41:31,176 [INFO]: Filtering and saving results...
2026-06-29 11:41:31,299 [INFO]: Search against KOfam done!
2026-06-29 11:42:32,256 [INFO]: Filtering and saving results...
2026-06-29 11:42:32,384 [INFO]: Search against KOfam done!
2026-06-29 11:43:49,538 [INFO]: Filtering and saving results...
2026-06-29 11:43:49,693 [INFO]: Search against KOfam done!
2026-06-29 11:44:13,892 [INFO]: Filtering and saving results...
2026-06-29 11:44:13,942 [INFO]: Search against KOfam done!
2026-06-29 11:45:01,049 [INFO]: Filtering and saving results...
2026-06-29 11:45:01,141 [INFO]: Search against KOfam done!
2026-06-29 11:45:41,473 [INFO]: Filtering and saving results...
2026-06-29 11:45:41,536 [INFO]: Search against KOfam done!
2026-06-29 11:46:55,634 [INFO]: Filtering and saving results...
2026-06-29 11:46:55,841 [INFO]: Search against KOfam done!
2026-06-29 11:47:50,807 [INFO]: Filtering and saving results...
2026-06-29 11:47:50,919 [INFO]: Search against KOfam done!
2026-06-29 11:48:38,382 [INFO]: Filtering and saving results...
2026-06-29 11:48:38,452 [INFO]: Search against KOfam done!
2026-06-29 11:49:24,916 [INFO]: Filtering and saving results...
2026-06-29 11:49:24,988 [INFO]: Search against KOfam done!
2026-06-29 11:50:32,716 [INFO]: Filtering and saving results...
2026-06-29 11:50:32,835 [INFO]: Search against KOfam done!
2026-06-29 11:51:03,805 [INFO]: Filtering and saving results...
2026-06-29 11:51:03,850 [INFO]: Search against KOfam done!
2026-06-29 11:52:12,986 [INFO]: Filtering and saving results...
2026-06-29 11:52:13,232 [INFO]: Search against KOfam done!
2026-06-29 11:52:54,344 [INFO]: Filtering and saving results...
2026-06-29 11:52:54,435 [INFO]: Search against KOfam done!
2026-06-29 11:54:36,619 [INFO]: Filtering and saving results...
2026-06-29 11:54:36,830 [INFO]: Search against KOfam done!
2026-06-29 11:55:20,893 [INFO]: Filtering and saving results...
2026-06-29 11:55:20,972 [INFO]: Search against KOfam done!
2026-06-29 11:56:17,185 [INFO]: Filtering and saving results...
2026-06-29 11:56:17,298 [INFO]: Search against KOfam done!
2026-06-29 11:56:42,537 [INFO]: Filtering and saving results...
2026-06-29 11:56:42,613 [INFO]: Search against KOfam done!
2026-06-29 11:57:08,451 [INFO]: Filtering and saving results...
2026-06-29 11:57:08,522 [INFO]: Search against KOfam done!
2026-06-29 11:57:37,065 [INFO]: Filtering and saving results...
2026-06-29 11:57:37,132 [INFO]: Search against KOfam done!
2026-06-29 11:58:42,520 [INFO]: Filtering and saving results...
2026-06-29 11:58:42,699 [INFO]: Search against KOfam done!
2026-06-29 11:58:42,872 [INFO]: Searching proteins against Swissprot
2026-06-29 12:00:35,858 [INFO]: Extracting Swissprot annotation data
2026-06-29 12:10:27,603 [INFO]: Searching proteins against RefSeq
2026-06-29 14:14:13,429 [INFO]: Extracting RefSeq annotation data
2026-06-29 15:50:15,188 [INFO]: Searching proteins against Trembl
2026-06-29 17:59:09,127 [INFO]: Extracting Trembl annotation data
2026-06-29 17:59:09,594 [INFO]: Improving annotations by searching matches in other databases
2026-06-29 17:59:12,652 [INFO]: MicrobeAnnotator has finished succefully!
