=====================================================
Start Time  : Mon Jun 29 11:08:48 AM PDT 2026
Job ID/Name : 64666338 / pangenome
======================================================

[2026-06-29 11:08:48] ========== Microbeannotator for Pangenome Analysis started ==========
[2026-06-29 11:08:48] Job ID/Name : 64666338 / pangenome
[2026-06-29 11:08:48] Node: hpc-54-16.cm.cluster, CPUs: 32, Mem: 122880MB
[2026-06-29 11:08:52] Activated conda env: /resnick/groups/enviromics/zahra/miniconda3/envs/microbeannotator
[2026-06-29 11:08:52] Running Microbeannotator
Loading diamond/2.1.7-gcc-13.2.0-cfkl5pd
  Loading requirement: zlib-ng/2.1.3-gcc-13.2.0-jetnfwa
2026-06-29 11:08:54,393 [INFO]:  ---- This is MicrobeAnnotator v2.0.5 ---- 
2026-06-29 11:08:54,394 [INFO]: Validating user inputs
2026-06-29 11:08:54,514 [INFO]: Passed
2026-06-29 11:08:54,514 [INFO]: Processing 50 files. I will run 8 files in parallel with 4 threads per file.
2026-06-29 11:08:54,515 [INFO]: Running in no_plot mode. Skipping plotting KO summaries. 
2026-06-29 11:08:55,111 [INFO]: Searching proteins against KOfam profiles
2026-06-29 11:08:55,112 [INFO]: Parsing HMM profile metadata
2026-06-29 11:09:32,048 [INFO]: Filtering and saving results...
2026-06-29 11:09:32,114 [INFO]: Search against KOfam done!
2026-06-29 11:10:22,983 [INFO]: Filtering and saving results...
2026-06-29 11:10:23,072 [INFO]: Search against KOfam done!
2026-06-29 11:11:20,341 [INFO]: Filtering and saving results...
2026-06-29 11:11:20,459 [INFO]: Search against KOfam done!
2026-06-29 11:11:39,707 [INFO]: Filtering and saving results...
2026-06-29 11:11:39,748 [INFO]: Search against KOfam done!
2026-06-29 11:12:29,029 [INFO]: Filtering and saving results...
2026-06-29 11:12:29,132 [INFO]: Search against KOfam done!
2026-06-29 11:13:22,886 [INFO]: Filtering and saving results...
2026-06-29 11:13:22,996 [INFO]: Search against KOfam done!
2026-06-29 11:13:57,581 [INFO]: Filtering and saving results...
2026-06-29 11:13:57,646 [INFO]: Search against KOfam done!
2026-06-29 11:14:43,576 [INFO]: Filtering and saving results...
2026-06-29 11:14:43,676 [INFO]: Search against KOfam done!
2026-06-29 11:15:15,517 [INFO]: Filtering and saving results...
2026-06-29 11:15:15,596 [INFO]: Search against KOfam done!
2026-06-29 11:16:23,009 [INFO]: Filtering and saving results...
2026-06-29 11:16:23,141 [INFO]: Search against KOfam done!
2026-06-29 11:18:06,325 [INFO]: Filtering and saving results...
2026-06-29 11:18:06,527 [INFO]: Search against KOfam done!
2026-06-29 11:18:46,493 [INFO]: Filtering and saving results...
2026-06-29 11:18:46,571 [INFO]: Search against KOfam done!
2026-06-29 11:19:14,542 [INFO]: Filtering and saving results...
2026-06-29 11:19:14,607 [INFO]: Search against KOfam done!
2026-06-29 11:19:40,513 [INFO]: Filtering and saving results...
2026-06-29 11:19:40,584 [INFO]: Search against KOfam done!
2026-06-29 11:20:07,500 [INFO]: Filtering and saving results...
2026-06-29 11:20:07,570 [INFO]: Search against KOfam done!
2026-06-29 11:20:31,196 [INFO]: Filtering and saving results...
2026-06-29 11:20:31,258 [INFO]: Search against KOfam done!
2026-06-29 11:20:58,475 [INFO]: Filtering and saving results...
2026-06-29 11:20:58,592 [INFO]: Search against KOfam done!
2026-06-29 11:21:30,189 [INFO]: Filtering and saving results...
2026-06-29 11:21:30,252 [INFO]: Search against KOfam done!
2026-06-29 11:21:48,716 [INFO]: Filtering and saving results...
2026-06-29 11:21:48,734 [INFO]: Search against KOfam done!
2026-06-29 11:22:39,524 [INFO]: Filtering and saving results...
2026-06-29 11:22:39,606 [INFO]: Search against KOfam done!
2026-06-29 11:23:12,075 [INFO]: Filtering and saving results...
2026-06-29 11:23:12,144 [INFO]: Search against KOfam done!
2026-06-29 11:24:16,248 [INFO]: Filtering and saving results...
2026-06-29 11:24:16,391 [INFO]: Search against KOfam done!
2026-06-29 11:24:50,614 [INFO]: Filtering and saving results...
2026-06-29 11:24:50,776 [INFO]: Search against KOfam done!
2026-06-29 11:25:42,818 [INFO]: Filtering and saving results...
2026-06-29 11:25:43,005 [INFO]: Search against KOfam done!
2026-06-29 11:26:24,118 [INFO]: Filtering and saving results...
2026-06-29 11:26:24,266 [INFO]: Search against KOfam done!
2026-06-29 11:27:19,657 [INFO]: Filtering and saving results...
2026-06-29 11:27:19,788 [INFO]: Search against KOfam done!
2026-06-29 11:28:14,213 [INFO]: Filtering and saving results...
2026-06-29 11:28:14,413 [INFO]: Search against KOfam done!
2026-06-29 11:28:37,837 [INFO]: Filtering and saving results...
2026-06-29 11:28:37,885 [INFO]: Search against KOfam done!
2026-06-29 11:28:58,479 [INFO]: Filtering and saving results...
2026-06-29 11:28:58,594 [INFO]: Search against KOfam done!
2026-06-29 11:29:30,415 [INFO]: Filtering and saving results...
2026-06-29 11:29:30,518 [INFO]: Search against KOfam done!
2026-06-29 11:30:00,301 [INFO]: Filtering and saving results...
2026-06-29 11:30:00,370 [INFO]: Search against KOfam done!
2026-06-29 11:30:43,245 [INFO]: Filtering and saving results...
2026-06-29 11:30:43,371 [INFO]: Search against KOfam done!
2026-06-29 11:31:15,761 [INFO]: Filtering and saving results...
2026-06-29 11:31:15,825 [INFO]: Search against KOfam done!
2026-06-29 11:31:47,781 [INFO]: Filtering and saving results...
2026-06-29 11:31:47,847 [INFO]: Search against KOfam done!
2026-06-29 11:32:33,127 [INFO]: Filtering and saving results...
2026-06-29 11:32:33,215 [INFO]: Search against KOfam done!
2026-06-29 11:33:05,652 [INFO]: Filtering and saving results...
2026-06-29 11:33:05,721 [INFO]: Search against KOfam done!
2026-06-29 11:33:47,314 [INFO]: Filtering and saving results...
2026-06-29 11:33:47,372 [INFO]: Search against KOfam done!
2026-06-29 11:34:16,837 [INFO]: Filtering and saving results...
2026-06-29 11:34:16,893 [INFO]: Search against KOfam done!
2026-06-29 11:34:41,730 [INFO]: Filtering and saving results...
2026-06-29 11:34:41,791 [INFO]: Search against KOfam done!
2026-06-29 11:35:09,298 [INFO]: Filtering and saving results...
2026-06-29 11:35:09,361 [INFO]: Search against KOfam done!
2026-06-29 11:35:33,305 [INFO]: Filtering and saving results...
2026-06-29 11:35:33,354 [INFO]: Search against KOfam done!
2026-06-29 11:36:13,146 [INFO]: Filtering and saving results...
2026-06-29 11:36:13,241 [INFO]: Search against KOfam done!
2026-06-29 11:36:56,413 [INFO]: Filtering and saving results...
2026-06-29 11:36:56,497 [INFO]: Search against KOfam done!
2026-06-29 11:37:25,230 [INFO]: Filtering and saving results...
2026-06-29 11:37:25,287 [INFO]: Search against KOfam done!
2026-06-29 11:38:04,688 [INFO]: Filtering and saving results...
2026-06-29 11:38:04,754 [INFO]: Search against KOfam done!
2026-06-29 11:38:30,308 [INFO]: Filtering and saving results...
2026-06-29 11:38:30,346 [INFO]: Search against KOfam done!
2026-06-29 11:38:54,371 [INFO]: Filtering and saving results...
2026-06-29 11:38:54,431 [INFO]: Search against KOfam done!
2026-06-29 11:39:24,451 [INFO]: Filtering and saving results...
2026-06-29 11:39:24,526 [INFO]: Search against KOfam done!
2026-06-29 11:39:48,033 [INFO]: Filtering and saving results...
2026-06-29 11:39:48,081 [INFO]: Search against KOfam done!
2026-06-29 11:40:08,963 [INFO]: Filtering and saving results...
2026-06-29 11:40:09,007 [INFO]: Search against KOfam done!
2026-06-29 11:40:09,046 [INFO]: Searching proteins against Swissprot
2026-06-29 11:42:15,350 [INFO]: Extracting Swissprot annotation data
2026-06-29 11:53:23,603 [INFO]: Searching proteins against RefSeq
2026-06-29 13:54:41,829 [INFO]: Extracting RefSeq annotation data
2026-06-29 15:02:08,661 [INFO]: Searching proteins against Trembl
2026-06-29 17:15:26,092 [INFO]: Extracting Trembl annotation data
2026-06-29 17:15:26,541 [INFO]: Improving annotations by searching matches in other databases
2026-06-29 17:15:28,893 [INFO]: MicrobeAnnotator has finished succefully!
