=====================================================
Start Time  : Mon Jun 29 11:14:30 AM PDT 2026
Job ID/Name : 64666449 / pangenome
======================================================

[2026-06-29 11:14:30] ========== Microbeannotator for Pangenome Analysis started ==========
[2026-06-29 11:14:30] Job ID/Name : 64666449 / pangenome
[2026-06-29 11:14:30] Node: hpc-35-27.cm.cluster, CPUs: 32, Mem: 122880MB
[2026-06-29 11:14:34] Activated conda env: /resnick/groups/enviromics/zahra/miniconda3/envs/microbeannotator
[2026-06-29 11:14:34] Running Microbeannotator
Loading diamond/2.1.7-gcc-13.2.0-cfkl5pd
  Loading requirement: zlib-ng/2.1.3-gcc-13.2.0-jetnfwa
2026-06-29 11:14:37,346 [INFO]:  ---- This is MicrobeAnnotator v2.0.5 ---- 
2026-06-29 11:14:37,346 [INFO]: Validating user inputs
2026-06-29 11:14:37,469 [INFO]: Passed
2026-06-29 11:14:37,469 [INFO]: Processing 50 files. I will run 8 files in parallel with 4 threads per file.
2026-06-29 11:14:37,469 [INFO]: Running in no_plot mode. Skipping plotting KO summaries. 
2026-06-29 11:14:38,263 [INFO]: Searching proteins against KOfam profiles
2026-06-29 11:14:38,263 [INFO]: Parsing HMM profile metadata
2026-06-29 11:15:13,055 [INFO]: Filtering and saving results...
2026-06-29 11:15:13,135 [INFO]: Search against KOfam done!
2026-06-29 11:16:21,502 [INFO]: Filtering and saving results...
2026-06-29 11:16:21,697 [INFO]: Search against KOfam done!
2026-06-29 11:16:54,241 [INFO]: Filtering and saving results...
2026-06-29 11:16:54,294 [INFO]: Search against KOfam done!
2026-06-29 11:17:58,850 [INFO]: Filtering and saving results...
2026-06-29 11:17:58,970 [INFO]: Search against KOfam done!
2026-06-29 11:19:05,510 [INFO]: Filtering and saving results...
2026-06-29 11:19:05,651 [INFO]: Search against KOfam done!
2026-06-29 11:19:39,531 [INFO]: Filtering and saving results...
2026-06-29 11:19:39,598 [INFO]: Search against KOfam done!
2026-06-29 11:20:31,099 [INFO]: Filtering and saving results...
2026-06-29 11:20:31,191 [INFO]: Search against KOfam done!
2026-06-29 11:21:59,951 [INFO]: Filtering and saving results...
2026-06-29 11:22:00,061 [INFO]: Search against KOfam done!
2026-06-29 11:22:24,014 [INFO]: Filtering and saving results...
2026-06-29 11:22:24,061 [INFO]: Search against KOfam done!
2026-06-29 11:23:17,336 [INFO]: Filtering and saving results...
2026-06-29 11:23:17,413 [INFO]: Search against KOfam done!
2026-06-29 11:23:56,606 [INFO]: Filtering and saving results...
2026-06-29 11:23:56,688 [INFO]: Search against KOfam done!
2026-06-29 11:25:06,144 [INFO]: Filtering and saving results...
2026-06-29 11:25:06,269 [INFO]: Search against KOfam done!
2026-06-29 11:25:54,055 [INFO]: Filtering and saving results...
2026-06-29 11:25:54,136 [INFO]: Search against KOfam done!
2026-06-29 11:26:41,260 [INFO]: Filtering and saving results...
2026-06-29 11:26:41,348 [INFO]: Search against KOfam done!
2026-06-29 11:27:25,035 [INFO]: Filtering and saving results...
2026-06-29 11:27:25,113 [INFO]: Search against KOfam done!
2026-06-29 11:28:01,729 [INFO]: Filtering and saving results...
2026-06-29 11:28:01,873 [INFO]: Search against KOfam done!
2026-06-29 11:28:39,726 [INFO]: Filtering and saving results...
2026-06-29 11:28:39,885 [INFO]: Search against KOfam done!
2026-06-29 11:29:24,031 [INFO]: Filtering and saving results...
2026-06-29 11:29:24,115 [INFO]: Search against KOfam done!
2026-06-29 11:30:10,530 [INFO]: Filtering and saving results...
2026-06-29 11:30:10,650 [INFO]: Search against KOfam done!
2026-06-29 11:31:29,019 [INFO]: Filtering and saving results...
2026-06-29 11:31:29,133 [INFO]: Search against KOfam done!
2026-06-29 11:32:05,409 [INFO]: Filtering and saving results...
2026-06-29 11:32:05,482 [INFO]: Search against KOfam done!
2026-06-29 11:33:10,790 [INFO]: Filtering and saving results...
2026-06-29 11:33:10,903 [INFO]: Search against KOfam done!
2026-06-29 11:34:16,961 [INFO]: Filtering and saving results...
2026-06-29 11:34:17,070 [INFO]: Search against KOfam done!
2026-06-29 11:35:10,867 [INFO]: Filtering and saving results...
2026-06-29 11:35:10,988 [INFO]: Search against KOfam done!
2026-06-29 11:35:56,519 [INFO]: Filtering and saving results...
2026-06-29 11:35:56,653 [INFO]: Search against KOfam done!
2026-06-29 11:37:02,940 [INFO]: Filtering and saving results...
2026-06-29 11:37:03,137 [INFO]: Search against KOfam done!
2026-06-29 11:38:04,831 [INFO]: Filtering and saving results...
2026-06-29 11:38:05,012 [INFO]: Search against KOfam done!
2026-06-29 11:38:45,754 [INFO]: Filtering and saving results...
2026-06-29 11:38:45,824 [INFO]: Search against KOfam done!
2026-06-29 11:39:25,312 [INFO]: Filtering and saving results...
2026-06-29 11:39:25,394 [INFO]: Search against KOfam done!
2026-06-29 11:40:10,618 [INFO]: Filtering and saving results...
2026-06-29 11:40:10,694 [INFO]: Search against KOfam done!
2026-06-29 11:40:50,424 [INFO]: Filtering and saving results...
2026-06-29 11:40:50,506 [INFO]: Search against KOfam done!
2026-06-29 11:41:33,295 [INFO]: Filtering and saving results...
2026-06-29 11:41:33,378 [INFO]: Search against KOfam done!
2026-06-29 11:42:07,082 [INFO]: Filtering and saving results...
2026-06-29 11:42:07,164 [INFO]: Search against KOfam done!
2026-06-29 11:43:05,498 [INFO]: Filtering and saving results...
2026-06-29 11:43:05,622 [INFO]: Search against KOfam done!
2026-06-29 11:43:39,555 [INFO]: Filtering and saving results...
2026-06-29 11:43:39,631 [INFO]: Search against KOfam done!
2026-06-29 11:44:04,160 [INFO]: Filtering and saving results...
2026-06-29 11:44:04,232 [INFO]: Search against KOfam done!
2026-06-29 11:45:32,304 [INFO]: Filtering and saving results...
2026-06-29 11:45:32,418 [INFO]: Search against KOfam done!
2026-06-29 11:46:12,192 [INFO]: Filtering and saving results...
2026-06-29 11:46:12,288 [INFO]: Search against KOfam done!
2026-06-29 11:46:44,684 [INFO]: Filtering and saving results...
2026-06-29 11:46:44,776 [INFO]: Search against KOfam done!
2026-06-29 11:47:26,854 [INFO]: Filtering and saving results...
2026-06-29 11:47:26,932 [INFO]: Search against KOfam done!
2026-06-29 11:48:07,125 [INFO]: Filtering and saving results...
2026-06-29 11:48:07,240 [INFO]: Search against KOfam done!
2026-06-29 11:48:59,095 [INFO]: Filtering and saving results...
2026-06-29 11:48:59,216 [INFO]: Search against KOfam done!
2026-06-29 11:49:50,653 [INFO]: Filtering and saving results...
2026-06-29 11:49:50,758 [INFO]: Search against KOfam done!
2026-06-29 11:50:32,478 [INFO]: Filtering and saving results...
2026-06-29 11:50:32,597 [INFO]: Search against KOfam done!
2026-06-29 11:51:02,250 [INFO]: Filtering and saving results...
2026-06-29 11:51:02,322 [INFO]: Search against KOfam done!
2026-06-29 11:51:49,550 [INFO]: Filtering and saving results...
2026-06-29 11:51:49,625 [INFO]: Search against KOfam done!
2026-06-29 11:52:29,105 [INFO]: Filtering and saving results...
2026-06-29 11:52:29,184 [INFO]: Search against KOfam done!
2026-06-29 11:53:09,154 [INFO]: Filtering and saving results...
2026-06-29 11:53:09,229 [INFO]: Search against KOfam done!
2026-06-29 11:53:46,270 [INFO]: Filtering and saving results...
2026-06-29 11:53:46,338 [INFO]: Search against KOfam done!
2026-06-29 11:54:17,052 [INFO]: Filtering and saving results...
2026-06-29 11:54:17,122 [INFO]: Search against KOfam done!
2026-06-29 11:54:17,172 [INFO]: Searching proteins against Swissprot
2026-06-29 11:56:23,353 [INFO]: Extracting Swissprot annotation data
2026-06-29 12:01:48,915 [INFO]: Searching proteins against RefSeq
2026-06-29 14:06:19,189 [INFO]: Extracting RefSeq annotation data
2026-06-29 15:34:52,895 [INFO]: Searching proteins against Trembl
2026-06-29 17:37:32,783 [INFO]: Extracting Trembl annotation data
2026-06-29 17:37:33,379 [INFO]: Improving annotations by searching matches in other databases
2026-06-29 17:37:36,259 [INFO]: MicrobeAnnotator has finished succefully!
