=====================================================
Start Time  : Mon Jun 29 11:24:17 AM PDT 2026
Job ID/Name : 64666552 / pangenome
======================================================

[2026-06-29 11:24:17] ========== Microbeannotator for Pangenome Analysis started ==========
[2026-06-29 11:24:17] Job ID/Name : 64666552 / pangenome
[2026-06-29 11:24:17] Node: hpc-52-34.cm.cluster, CPUs: 32, Mem: 122880MB
[2026-06-29 11:24:23] Activated conda env: /resnick/groups/enviromics/zahra/miniconda3/envs/microbeannotator
[2026-06-29 11:24:23] Running Microbeannotator
Loading diamond/2.1.7-gcc-13.2.0-cfkl5pd
  Loading requirement: zlib-ng/2.1.3-gcc-13.2.0-jetnfwa
2026-06-29 11:24:29,147 [INFO]:  ---- This is MicrobeAnnotator v2.0.5 ---- 
2026-06-29 11:24:29,147 [INFO]: Validating user inputs
2026-06-29 11:24:29,298 [INFO]: Passed
2026-06-29 11:24:29,298 [INFO]: Processing 50 files. I will run 8 files in parallel with 4 threads per file.
2026-06-29 11:24:29,298 [INFO]: Running in no_plot mode. Skipping plotting KO summaries. 
2026-06-29 11:24:30,122 [INFO]: Searching proteins against KOfam profiles
2026-06-29 11:24:30,124 [INFO]: Parsing HMM profile metadata
2026-06-29 11:24:57,266 [INFO]: Filtering and saving results...
2026-06-29 11:24:57,336 [INFO]: Search against KOfam done!
2026-06-29 11:25:29,364 [INFO]: Filtering and saving results...
2026-06-29 11:25:29,435 [INFO]: Search against KOfam done!
2026-06-29 11:26:00,336 [INFO]: Filtering and saving results...
2026-06-29 11:26:00,389 [INFO]: Search against KOfam done!
2026-06-29 11:26:53,026 [INFO]: Filtering and saving results...
2026-06-29 11:26:53,101 [INFO]: Search against KOfam done!
2026-06-29 11:27:40,231 [INFO]: Filtering and saving results...
2026-06-29 11:27:40,342 [INFO]: Search against KOfam done!
2026-06-29 11:28:26,820 [INFO]: Filtering and saving results...
2026-06-29 11:28:26,904 [INFO]: Search against KOfam done!
2026-06-29 11:29:03,707 [INFO]: Filtering and saving results...
2026-06-29 11:29:03,760 [INFO]: Search against KOfam done!
2026-06-29 11:29:55,354 [INFO]: Filtering and saving results...
2026-06-29 11:29:55,431 [INFO]: Search against KOfam done!
2026-06-29 11:30:55,648 [INFO]: Filtering and saving results...
2026-06-29 11:30:55,725 [INFO]: Search against KOfam done!
2026-06-29 11:31:36,608 [INFO]: Filtering and saving results...
2026-06-29 11:31:36,661 [INFO]: Search against KOfam done!
2026-06-29 11:32:12,172 [INFO]: Filtering and saving results...
2026-06-29 11:32:12,236 [INFO]: Search against KOfam done!
2026-06-29 11:32:49,219 [INFO]: Filtering and saving results...
2026-06-29 11:32:49,317 [INFO]: Search against KOfam done!
2026-06-29 11:33:28,219 [INFO]: Filtering and saving results...
2026-06-29 11:33:28,292 [INFO]: Search against KOfam done!
2026-06-29 11:33:52,937 [INFO]: Filtering and saving results...
2026-06-29 11:33:52,996 [INFO]: Search against KOfam done!
2026-06-29 11:34:26,835 [INFO]: Filtering and saving results...
2026-06-29 11:34:26,880 [INFO]: Search against KOfam done!
2026-06-29 11:34:56,348 [INFO]: Filtering and saving results...
2026-06-29 11:34:56,417 [INFO]: Search against KOfam done!
2026-06-29 11:35:40,612 [INFO]: Filtering and saving results...
2026-06-29 11:35:40,685 [INFO]: Search against KOfam done!
2026-06-29 11:36:34,369 [INFO]: Filtering and saving results...
2026-06-29 11:36:34,466 [INFO]: Search against KOfam done!
2026-06-29 11:37:22,060 [INFO]: Filtering and saving results...
2026-06-29 11:37:22,145 [INFO]: Search against KOfam done!
2026-06-29 11:38:03,478 [INFO]: Filtering and saving results...
2026-06-29 11:38:03,591 [INFO]: Search against KOfam done!
2026-06-29 11:38:55,715 [INFO]: Filtering and saving results...
2026-06-29 11:38:55,810 [INFO]: Search against KOfam done!
2026-06-29 11:39:40,691 [INFO]: Filtering and saving results...
2026-06-29 11:39:40,766 [INFO]: Search against KOfam done!
2026-06-29 11:40:27,377 [INFO]: Filtering and saving results...
2026-06-29 11:40:27,455 [INFO]: Search against KOfam done!
2026-06-29 11:41:06,818 [INFO]: Filtering and saving results...
2026-06-29 11:41:06,906 [INFO]: Search against KOfam done!
2026-06-29 11:41:33,863 [INFO]: Filtering and saving results...
2026-06-29 11:41:33,915 [INFO]: Search against KOfam done!
2026-06-29 11:42:12,171 [INFO]: Filtering and saving results...
2026-06-29 11:42:12,250 [INFO]: Search against KOfam done!
2026-06-29 11:42:45,298 [INFO]: Filtering and saving results...
2026-06-29 11:42:45,347 [INFO]: Search against KOfam done!
2026-06-29 11:43:15,248 [INFO]: Filtering and saving results...
2026-06-29 11:43:15,312 [INFO]: Search against KOfam done!
2026-06-29 11:44:00,070 [INFO]: Filtering and saving results...
2026-06-29 11:44:00,162 [INFO]: Search against KOfam done!
2026-06-29 11:45:16,658 [INFO]: Filtering and saving results...
2026-06-29 11:45:16,798 [INFO]: Search against KOfam done!
2026-06-29 11:46:22,588 [INFO]: Filtering and saving results...
2026-06-29 11:46:22,736 [INFO]: Search against KOfam done!
2026-06-29 11:47:03,180 [INFO]: Filtering and saving results...
2026-06-29 11:47:03,280 [INFO]: Search against KOfam done!
2026-06-29 11:47:34,934 [INFO]: Filtering and saving results...
2026-06-29 11:47:34,993 [INFO]: Search against KOfam done!
2026-06-29 11:48:07,601 [INFO]: Filtering and saving results...
2026-06-29 11:48:07,646 [INFO]: Search against KOfam done!
2026-06-29 11:48:45,712 [INFO]: Filtering and saving results...
2026-06-29 11:48:45,772 [INFO]: Search against KOfam done!
2026-06-29 11:49:55,985 [INFO]: Filtering and saving results...
2026-06-29 11:49:56,110 [INFO]: Search against KOfam done!
2026-06-29 11:50:27,834 [INFO]: Filtering and saving results...
2026-06-29 11:50:27,890 [INFO]: Search against KOfam done!
2026-06-29 11:51:04,845 [INFO]: Filtering and saving results...
2026-06-29 11:51:04,927 [INFO]: Search against KOfam done!
2026-06-29 11:52:05,397 [INFO]: Filtering and saving results...
2026-06-29 11:52:05,520 [INFO]: Search against KOfam done!
2026-06-29 11:53:22,448 [INFO]: Filtering and saving results...
2026-06-29 11:53:22,589 [INFO]: Search against KOfam done!
2026-06-29 11:54:30,474 [INFO]: Filtering and saving results...
2026-06-29 11:54:30,618 [INFO]: Search against KOfam done!
2026-06-29 11:55:46,049 [INFO]: Filtering and saving results...
2026-06-29 11:55:46,228 [INFO]: Search against KOfam done!
2026-06-29 11:57:09,261 [INFO]: Filtering and saving results...
2026-06-29 11:57:09,352 [INFO]: Search against KOfam done!
2026-06-29 11:57:57,176 [INFO]: Filtering and saving results...
2026-06-29 11:57:57,296 [INFO]: Search against KOfam done!
2026-06-29 11:58:53,867 [INFO]: Filtering and saving results...
2026-06-29 11:58:53,991 [INFO]: Search against KOfam done!
2026-06-29 11:59:52,122 [INFO]: Filtering and saving results...
2026-06-29 11:59:52,233 [INFO]: Search against KOfam done!
2026-06-29 12:00:46,236 [INFO]: Filtering and saving results...
2026-06-29 12:00:46,335 [INFO]: Search against KOfam done!
2026-06-29 12:01:25,611 [INFO]: Filtering and saving results...
2026-06-29 12:01:25,664 [INFO]: Search against KOfam done!
2026-06-29 12:02:00,485 [INFO]: Filtering and saving results...
2026-06-29 12:02:00,555 [INFO]: Search against KOfam done!
2026-06-29 12:03:10,447 [INFO]: Filtering and saving results...
2026-06-29 12:03:10,619 [INFO]: Search against KOfam done!
2026-06-29 12:03:10,850 [INFO]: Searching proteins against Swissprot
2026-06-29 12:05:11,799 [INFO]: Extracting Swissprot annotation data
2026-06-29 12:15:16,073 [INFO]: Searching proteins against RefSeq
2026-06-29 14:33:57,343 [INFO]: Extracting RefSeq annotation data
2026-06-29 15:50:54,275 [INFO]: Searching proteins against Trembl
2026-06-29 18:16:21,823 [INFO]: Extracting Trembl annotation data
2026-06-29 18:16:22,228 [INFO]: Improving annotations by searching matches in other databases
2026-06-29 18:16:24,342 [INFO]: MicrobeAnnotator has finished succefully!
