=====================================================
Start Time  : Mon Jun 29 11:13:33 AM PDT 2026
Job ID/Name : 64666435 / pangenome
======================================================

[2026-06-29 11:13:33] ========== Microbeannotator for Pangenome Analysis started ==========
[2026-06-29 11:13:33] Job ID/Name : 64666435 / pangenome
[2026-06-29 11:13:33] Node: hpc-21-35.cm.cluster, CPUs: 32, Mem: 122880MB
[2026-06-29 11:13:39] Activated conda env: /resnick/groups/enviromics/zahra/miniconda3/envs/microbeannotator
[2026-06-29 11:13:39] Running Microbeannotator
Loading diamond/2.1.7-gcc-13.2.0-cfkl5pd
  Loading requirement: zlib-ng/2.1.3-gcc-13.2.0-jetnfwa
2026-06-29 11:13:43,680 [INFO]:  ---- This is MicrobeAnnotator v2.0.5 ---- 
2026-06-29 11:13:43,680 [INFO]: Validating user inputs
2026-06-29 11:13:43,772 [INFO]: Passed
2026-06-29 11:13:43,772 [INFO]: Processing 50 files. I will run 8 files in parallel with 4 threads per file.
2026-06-29 11:13:43,772 [INFO]: Running in no_plot mode. Skipping plotting KO summaries. 
2026-06-29 11:13:44,605 [INFO]: Searching proteins against KOfam profiles
2026-06-29 11:13:44,605 [INFO]: Parsing HMM profile metadata
2026-06-29 11:15:04,210 [INFO]: Filtering and saving results...
2026-06-29 11:15:04,391 [INFO]: Search against KOfam done!
2026-06-29 11:15:57,760 [INFO]: Filtering and saving results...
2026-06-29 11:15:57,899 [INFO]: Search against KOfam done!
2026-06-29 11:16:53,346 [INFO]: Filtering and saving results...
2026-06-29 11:16:53,445 [INFO]: Search against KOfam done!
2026-06-29 11:17:13,384 [INFO]: Filtering and saving results...
2026-06-29 11:17:13,411 [INFO]: Search against KOfam done!
2026-06-29 11:17:54,038 [INFO]: Filtering and saving results...
2026-06-29 11:17:54,189 [INFO]: Search against KOfam done!
2026-06-29 11:18:19,748 [INFO]: Filtering and saving results...
2026-06-29 11:18:20,696 [INFO]: Search against KOfam done!
2026-06-29 11:18:48,023 [INFO]: Filtering and saving results...
2026-06-29 11:18:48,087 [INFO]: Search against KOfam done!
2026-06-29 11:19:07,464 [INFO]: Filtering and saving results...
2026-06-29 11:19:07,532 [INFO]: Search against KOfam done!
2026-06-29 11:19:56,522 [INFO]: Filtering and saving results...
2026-06-29 11:19:56,615 [INFO]: Search against KOfam done!
2026-06-29 11:20:43,010 [INFO]: Filtering and saving results...
2026-06-29 11:20:43,125 [INFO]: Search against KOfam done!
2026-06-29 11:21:16,388 [INFO]: Filtering and saving results...
2026-06-29 11:21:16,562 [INFO]: Search against KOfam done!
2026-06-29 11:21:41,703 [INFO]: Filtering and saving results...
2026-06-29 11:21:41,732 [INFO]: Search against KOfam done!
2026-06-29 11:22:09,706 [INFO]: Filtering and saving results...
2026-06-29 11:22:09,831 [INFO]: Search against KOfam done!
2026-06-29 11:22:45,820 [INFO]: Filtering and saving results...
2026-06-29 11:22:45,915 [INFO]: Search against KOfam done!
2026-06-29 11:23:20,634 [INFO]: Filtering and saving results...
2026-06-29 11:23:20,723 [INFO]: Search against KOfam done!
2026-06-29 11:23:53,224 [INFO]: Filtering and saving results...
2026-06-29 11:23:53,275 [INFO]: Search against KOfam done!
2026-06-29 11:24:29,346 [INFO]: Filtering and saving results...
2026-06-29 11:24:29,576 [INFO]: Search against KOfam done!
2026-06-29 11:25:50,373 [INFO]: Filtering and saving results...
2026-06-29 11:25:50,460 [INFO]: Search against KOfam done!
2026-06-29 11:26:21,587 [INFO]: Filtering and saving results...
2026-06-29 11:26:21,656 [INFO]: Search against KOfam done!
2026-06-29 11:26:41,033 [INFO]: Filtering and saving results...
2026-06-29 11:26:41,070 [INFO]: Search against KOfam done!
2026-06-29 11:28:09,641 [INFO]: Filtering and saving results...
2026-06-29 11:28:09,789 [INFO]: Search against KOfam done!
2026-06-29 11:28:52,234 [INFO]: Filtering and saving results...
2026-06-29 11:28:52,415 [INFO]: Search against KOfam done!
2026-06-29 11:29:44,853 [INFO]: Filtering and saving results...
2026-06-29 11:29:44,940 [INFO]: Search against KOfam done!
2026-06-29 11:30:31,716 [INFO]: Filtering and saving results...
2026-06-29 11:30:31,942 [INFO]: Search against KOfam done!
2026-06-29 11:31:45,906 [INFO]: Filtering and saving results...
2026-06-29 11:31:46,130 [INFO]: Search against KOfam done!
2026-06-29 11:32:34,113 [INFO]: Filtering and saving results...
2026-06-29 11:32:34,230 [INFO]: Search against KOfam done!
2026-06-29 11:33:31,035 [INFO]: Filtering and saving results...
2026-06-29 11:33:31,174 [INFO]: Search against KOfam done!
2026-06-29 11:34:22,761 [INFO]: Filtering and saving results...
2026-06-29 11:34:22,858 [INFO]: Search against KOfam done!
2026-06-29 11:35:27,177 [INFO]: Filtering and saving results...
2026-06-29 11:35:27,294 [INFO]: Search against KOfam done!
2026-06-29 11:36:05,929 [INFO]: Filtering and saving results...
2026-06-29 11:36:06,051 [INFO]: Search against KOfam done!
2026-06-29 11:36:46,023 [INFO]: Filtering and saving results...
2026-06-29 11:36:47,395 [INFO]: Search against KOfam done!
2026-06-29 11:37:28,390 [INFO]: Filtering and saving results...
2026-06-29 11:37:28,473 [INFO]: Search against KOfam done!
2026-06-29 11:38:37,862 [INFO]: Filtering and saving results...
2026-06-29 11:38:37,973 [INFO]: Search against KOfam done!
2026-06-29 11:39:27,225 [INFO]: Filtering and saving results...
2026-06-29 11:39:27,448 [INFO]: Search against KOfam done!
2026-06-29 11:39:53,103 [INFO]: Filtering and saving results...
2026-06-29 11:39:53,906 [INFO]: Search against KOfam done!
2026-06-29 11:41:42,741 [INFO]: Filtering and saving results...
2026-06-29 11:41:42,829 [INFO]: Search against KOfam done!
2026-06-29 11:42:32,302 [INFO]: Filtering and saving results...
2026-06-29 11:42:32,404 [INFO]: Search against KOfam done!
2026-06-29 11:43:24,332 [INFO]: Filtering and saving results...
2026-06-29 11:43:24,425 [INFO]: Search against KOfam done!
2026-06-29 11:44:28,587 [INFO]: Filtering and saving results...
2026-06-29 11:44:28,684 [INFO]: Search against KOfam done!
2026-06-29 11:45:15,428 [INFO]: Filtering and saving results...
2026-06-29 11:45:15,676 [INFO]: Search against KOfam done!
2026-06-29 11:46:12,511 [INFO]: Filtering and saving results...
2026-06-29 11:46:12,638 [INFO]: Search against KOfam done!
2026-06-29 11:47:46,744 [INFO]: Filtering and saving results...
2026-06-29 11:47:46,890 [INFO]: Search against KOfam done!
2026-06-29 11:48:28,341 [INFO]: Filtering and saving results...
2026-06-29 11:48:28,514 [INFO]: Search against KOfam done!
2026-06-29 11:49:23,130 [INFO]: Filtering and saving results...
2026-06-29 11:49:23,209 [INFO]: Search against KOfam done!
2026-06-29 11:49:51,592 [INFO]: Filtering and saving results...
2026-06-29 11:49:51,691 [INFO]: Search against KOfam done!
2026-06-29 11:50:13,376 [INFO]: Filtering and saving results...
2026-06-29 11:50:13,410 [INFO]: Search against KOfam done!
2026-06-29 11:51:14,322 [INFO]: Filtering and saving results...
2026-06-29 11:51:14,456 [INFO]: Search against KOfam done!
2026-06-29 11:52:03,280 [INFO]: Filtering and saving results...
2026-06-29 11:52:03,386 [INFO]: Search against KOfam done!
2026-06-29 11:53:49,897 [INFO]: Filtering and saving results...
2026-06-29 11:53:50,071 [INFO]: Search against KOfam done!
2026-06-29 11:54:38,719 [INFO]: Filtering and saving results...
2026-06-29 11:54:38,875 [INFO]: Search against KOfam done!
2026-06-29 11:54:39,055 [INFO]: Searching proteins against Swissprot
2026-06-29 11:56:48,121 [INFO]: Extracting Swissprot annotation data
2026-06-29 12:00:24,665 [INFO]: Searching proteins against RefSeq
2026-06-29 15:01:31,029 [INFO]: Extracting RefSeq annotation data
2026-06-29 15:33:35,347 [INFO]: Searching proteins against Trembl
2026-06-29 18:45:09,216 [INFO]: Extracting Trembl annotation data
2026-06-29 18:45:09,643 [INFO]: Improving annotations by searching matches in other databases
2026-06-29 18:45:11,827 [INFO]: MicrobeAnnotator has finished succefully!
