=====================================================
Start Time  : Mon Jun 29 11:14:30 AM PDT 2026
Job ID/Name : 64666448 / pangenome
======================================================

[2026-06-29 11:14:30] ========== Microbeannotator for Pangenome Analysis started ==========
[2026-06-29 11:14:30] Job ID/Name : 64666448 / pangenome
[2026-06-29 11:14:30] Node: hpc-20-25.cm.cluster, CPUs: 32, Mem: 122880MB
[2026-06-29 11:14:35] Activated conda env: /resnick/groups/enviromics/zahra/miniconda3/envs/microbeannotator
[2026-06-29 11:14:35] Running Microbeannotator
Loading diamond/2.1.7-gcc-13.2.0-cfkl5pd
  Loading requirement: zlib-ng/2.1.3-gcc-13.2.0-jetnfwa
2026-06-29 11:14:39,553 [INFO]:  ---- This is MicrobeAnnotator v2.0.5 ---- 
2026-06-29 11:14:39,554 [INFO]: Validating user inputs
2026-06-29 11:14:39,729 [INFO]: Passed
2026-06-29 11:14:39,729 [INFO]: Processing 50 files. I will run 8 files in parallel with 4 threads per file.
2026-06-29 11:14:39,729 [INFO]: Running in no_plot mode. Skipping plotting KO summaries. 
2026-06-29 11:14:40,609 [INFO]: Searching proteins against KOfam profiles
2026-06-29 11:14:40,609 [INFO]: Parsing HMM profile metadata
2026-06-29 11:15:20,242 [INFO]: Filtering and saving results...
2026-06-29 11:15:20,306 [INFO]: Search against KOfam done!
2026-06-29 11:15:51,179 [INFO]: Filtering and saving results...
2026-06-29 11:15:51,235 [INFO]: Search against KOfam done!
2026-06-29 11:16:26,738 [INFO]: Filtering and saving results...
2026-06-29 11:16:26,794 [INFO]: Search against KOfam done!
2026-06-29 11:17:25,497 [INFO]: Filtering and saving results...
2026-06-29 11:17:25,574 [INFO]: Search against KOfam done!
2026-06-29 11:17:53,906 [INFO]: Filtering and saving results...
2026-06-29 11:17:53,938 [INFO]: Search against KOfam done!
2026-06-29 11:19:06,348 [INFO]: Filtering and saving results...
2026-06-29 11:19:06,466 [INFO]: Search against KOfam done!
2026-06-29 11:19:33,925 [INFO]: Filtering and saving results...
2026-06-29 11:19:33,973 [INFO]: Search against KOfam done!
2026-06-29 11:20:02,608 [INFO]: Filtering and saving results...
2026-06-29 11:20:02,653 [INFO]: Search against KOfam done!
2026-06-29 11:21:10,955 [INFO]: Filtering and saving results...
2026-06-29 11:21:11,062 [INFO]: Search against KOfam done!
2026-06-29 11:22:06,670 [INFO]: Filtering and saving results...
2026-06-29 11:22:06,761 [INFO]: Search against KOfam done!
2026-06-29 11:23:35,462 [INFO]: Filtering and saving results...
2026-06-29 11:23:35,568 [INFO]: Search against KOfam done!
2026-06-29 11:24:53,114 [INFO]: Filtering and saving results...
2026-06-29 11:24:53,245 [INFO]: Search against KOfam done!
2026-06-29 11:25:55,327 [INFO]: Filtering and saving results...
2026-06-29 11:25:55,414 [INFO]: Search against KOfam done!
2026-06-29 11:27:20,950 [INFO]: Filtering and saving results...
2026-06-29 11:27:21,069 [INFO]: Search against KOfam done!
2026-06-29 11:28:39,725 [INFO]: Filtering and saving results...
2026-06-29 11:28:39,816 [INFO]: Search against KOfam done!
2026-06-29 11:29:22,105 [INFO]: Filtering and saving results...
2026-06-29 11:29:22,170 [INFO]: Search against KOfam done!
2026-06-29 11:29:57,204 [INFO]: Filtering and saving results...
2026-06-29 11:29:57,282 [INFO]: Search against KOfam done!
2026-06-29 11:31:07,611 [INFO]: Filtering and saving results...
2026-06-29 11:31:07,734 [INFO]: Search against KOfam done!
2026-06-29 11:32:15,885 [INFO]: Filtering and saving results...
2026-06-29 11:32:15,977 [INFO]: Search against KOfam done!
2026-06-29 11:33:07,168 [INFO]: Filtering and saving results...
2026-06-29 11:33:07,252 [INFO]: Search against KOfam done!
2026-06-29 11:34:33,708 [INFO]: Filtering and saving results...
2026-06-29 11:34:33,803 [INFO]: Search against KOfam done!
2026-06-29 11:35:26,006 [INFO]: Filtering and saving results...
2026-06-29 11:35:26,088 [INFO]: Search against KOfam done!
2026-06-29 11:36:56,939 [INFO]: Filtering and saving results...
2026-06-29 11:36:57,067 [INFO]: Search against KOfam done!
2026-06-29 11:38:20,183 [INFO]: Filtering and saving results...
2026-06-29 11:38:20,297 [INFO]: Search against KOfam done!
2026-06-29 11:39:19,299 [INFO]: Filtering and saving results...
2026-06-29 11:39:19,427 [INFO]: Search against KOfam done!
2026-06-29 11:40:47,671 [INFO]: Filtering and saving results...
2026-06-29 11:40:47,832 [INFO]: Search against KOfam done!
2026-06-29 11:42:02,158 [INFO]: Filtering and saving results...
2026-06-29 11:42:02,257 [INFO]: Search against KOfam done!
2026-06-29 11:42:45,108 [INFO]: Filtering and saving results...
2026-06-29 11:42:45,190 [INFO]: Search against KOfam done!
2026-06-29 11:43:36,896 [INFO]: Filtering and saving results...
2026-06-29 11:43:36,996 [INFO]: Search against KOfam done!
2026-06-29 11:44:20,312 [INFO]: Filtering and saving results...
2026-06-29 11:44:20,396 [INFO]: Search against KOfam done!
2026-06-29 11:45:00,189 [INFO]: Filtering and saving results...
2026-06-29 11:45:00,251 [INFO]: Search against KOfam done!
2026-06-29 11:45:49,683 [INFO]: Filtering and saving results...
2026-06-29 11:45:49,792 [INFO]: Search against KOfam done!
2026-06-29 11:47:36,212 [INFO]: Filtering and saving results...
2026-06-29 11:47:36,350 [INFO]: Search against KOfam done!
2026-06-29 11:48:45,088 [INFO]: Filtering and saving results...
2026-06-29 11:48:45,219 [INFO]: Search against KOfam done!
2026-06-29 11:49:51,818 [INFO]: Filtering and saving results...
2026-06-29 11:49:51,946 [INFO]: Search against KOfam done!
2026-06-29 11:51:33,566 [INFO]: Filtering and saving results...
2026-06-29 11:51:33,733 [INFO]: Search against KOfam done!
2026-06-29 11:53:03,750 [INFO]: Filtering and saving results...
2026-06-29 11:53:03,855 [INFO]: Search against KOfam done!
2026-06-29 11:54:26,157 [INFO]: Filtering and saving results...
2026-06-29 11:54:26,315 [INFO]: Search against KOfam done!
2026-06-29 11:55:00,478 [INFO]: Filtering and saving results...
2026-06-29 11:55:00,534 [INFO]: Search against KOfam done!
2026-06-29 11:56:15,335 [INFO]: Filtering and saving results...
2026-06-29 11:56:15,477 [INFO]: Search against KOfam done!
2026-06-29 11:57:17,494 [INFO]: Filtering and saving results...
2026-06-29 11:57:17,585 [INFO]: Search against KOfam done!
2026-06-29 11:58:03,624 [INFO]: Filtering and saving results...
2026-06-29 11:58:03,697 [INFO]: Search against KOfam done!
2026-06-29 11:59:17,442 [INFO]: Filtering and saving results...
2026-06-29 11:59:17,566 [INFO]: Search against KOfam done!
2026-06-29 12:00:09,574 [INFO]: Filtering and saving results...
2026-06-29 12:00:09,637 [INFO]: Search against KOfam done!
2026-06-29 12:02:20,445 [INFO]: Filtering and saving results...
2026-06-29 12:02:20,591 [INFO]: Search against KOfam done!
2026-06-29 12:03:15,896 [INFO]: Filtering and saving results...
2026-06-29 12:03:15,978 [INFO]: Search against KOfam done!
2026-06-29 12:04:41,469 [INFO]: Filtering and saving results...
2026-06-29 12:04:41,559 [INFO]: Search against KOfam done!
2026-06-29 12:06:38,245 [INFO]: Filtering and saving results...
2026-06-29 12:06:38,400 [INFO]: Search against KOfam done!
2026-06-29 12:08:40,679 [INFO]: Filtering and saving results...
2026-06-29 12:08:40,832 [INFO]: Search against KOfam done!
2026-06-29 12:09:12,295 [INFO]: Filtering and saving results...
2026-06-29 12:09:12,354 [INFO]: Search against KOfam done!
2026-06-29 12:09:12,424 [INFO]: Searching proteins against Swissprot
2026-06-29 12:11:10,918 [INFO]: Extracting Swissprot annotation data
2026-06-29 12:20:01,877 [INFO]: Searching proteins against RefSeq
2026-06-29 14:37:34,238 [INFO]: Extracting RefSeq annotation data
2026-06-29 16:06:10,408 [INFO]: Searching proteins against Trembl
2026-06-29 18:30:03,994 [INFO]: Extracting Trembl annotation data
2026-06-29 18:30:04,495 [INFO]: Improving annotations by searching matches in other databases
2026-06-29 18:30:06,893 [INFO]: MicrobeAnnotator has finished succefully!
