=====================================================
Start Time  : Mon Jun 29 11:20:41 AM PDT 2026
Job ID/Name : 64666527 / pangenome
======================================================

[2026-06-29 11:20:41] ========== Microbeannotator for Pangenome Analysis started ==========
[2026-06-29 11:20:41] Job ID/Name : 64666527 / pangenome
[2026-06-29 11:20:41] Node: hpc-52-33.cm.cluster, CPUs: 32, Mem: 122880MB
[2026-06-29 11:20:46] Activated conda env: /resnick/groups/enviromics/zahra/miniconda3/envs/microbeannotator
[2026-06-29 11:20:46] Running Microbeannotator
Loading diamond/2.1.7-gcc-13.2.0-cfkl5pd
  Loading requirement: zlib-ng/2.1.3-gcc-13.2.0-jetnfwa
2026-06-29 11:20:51,550 [INFO]:  ---- This is MicrobeAnnotator v2.0.5 ---- 
2026-06-29 11:20:51,551 [INFO]: Validating user inputs
2026-06-29 11:20:51,669 [INFO]: Passed
2026-06-29 11:20:51,669 [INFO]: Processing 50 files. I will run 8 files in parallel with 4 threads per file.
2026-06-29 11:20:51,669 [INFO]: Running in no_plot mode. Skipping plotting KO summaries. 
2026-06-29 11:20:52,376 [INFO]: Searching proteins against KOfam profiles
2026-06-29 11:20:52,376 [INFO]: Parsing HMM profile metadata
2026-06-29 11:21:44,823 [INFO]: Filtering and saving results...
2026-06-29 11:21:44,939 [INFO]: Search against KOfam done!
2026-06-29 11:22:54,103 [INFO]: Filtering and saving results...
2026-06-29 11:22:54,272 [INFO]: Search against KOfam done!
2026-06-29 11:24:08,433 [INFO]: Filtering and saving results...
2026-06-29 11:24:08,589 [INFO]: Search against KOfam done!
2026-06-29 11:24:28,638 [INFO]: Filtering and saving results...
2026-06-29 11:24:28,687 [INFO]: Search against KOfam done!
2026-06-29 11:25:43,762 [INFO]: Filtering and saving results...
2026-06-29 11:25:43,859 [INFO]: Search against KOfam done!
2026-06-29 11:26:37,289 [INFO]: Filtering and saving results...
2026-06-29 11:26:37,390 [INFO]: Search against KOfam done!
2026-06-29 11:27:15,157 [INFO]: Filtering and saving results...
2026-06-29 11:27:15,219 [INFO]: Search against KOfam done!
2026-06-29 11:28:02,095 [INFO]: Filtering and saving results...
2026-06-29 11:28:02,191 [INFO]: Search against KOfam done!
2026-06-29 11:28:20,898 [INFO]: Filtering and saving results...
2026-06-29 11:28:20,937 [INFO]: Search against KOfam done!
2026-06-29 11:30:18,627 [INFO]: Filtering and saving results...
2026-06-29 11:30:18,793 [INFO]: Search against KOfam done!
2026-06-29 11:30:43,585 [INFO]: Filtering and saving results...
2026-06-29 11:30:43,627 [INFO]: Search against KOfam done!
2026-06-29 11:31:13,175 [INFO]: Filtering and saving results...
2026-06-29 11:31:13,245 [INFO]: Search against KOfam done!
2026-06-29 11:32:08,115 [INFO]: Filtering and saving results...
2026-06-29 11:32:08,223 [INFO]: Search against KOfam done!
2026-06-29 11:33:08,680 [INFO]: Filtering and saving results...
2026-06-29 11:33:08,783 [INFO]: Search against KOfam done!
2026-06-29 11:34:45,355 [INFO]: Filtering and saving results...
2026-06-29 11:34:45,483 [INFO]: Search against KOfam done!
2026-06-29 11:35:40,680 [INFO]: Filtering and saving results...
2026-06-29 11:35:40,774 [INFO]: Search against KOfam done!
2026-06-29 11:36:45,711 [INFO]: Filtering and saving results...
2026-06-29 11:36:45,822 [INFO]: Search against KOfam done!
2026-06-29 11:37:31,263 [INFO]: Filtering and saving results...
2026-06-29 11:37:31,339 [INFO]: Search against KOfam done!
2026-06-29 11:38:06,958 [INFO]: Filtering and saving results...
2026-06-29 11:38:07,049 [INFO]: Search against KOfam done!
2026-06-29 11:38:33,565 [INFO]: Filtering and saving results...
2026-06-29 11:38:33,612 [INFO]: Search against KOfam done!
2026-06-29 11:38:59,741 [INFO]: Filtering and saving results...
2026-06-29 11:38:59,796 [INFO]: Search against KOfam done!
2026-06-29 11:40:25,363 [INFO]: Filtering and saving results...
2026-06-29 11:40:25,551 [INFO]: Search against KOfam done!
2026-06-29 11:42:44,538 [INFO]: Filtering and saving results...
2026-06-29 11:42:44,735 [INFO]: Search against KOfam done!
2026-06-29 11:43:11,914 [INFO]: Filtering and saving results...
2026-06-29 11:43:11,968 [INFO]: Search against KOfam done!
2026-06-29 11:43:58,001 [INFO]: Filtering and saving results...
2026-06-29 11:43:58,095 [INFO]: Search against KOfam done!
2026-06-29 11:44:25,135 [INFO]: Filtering and saving results...
2026-06-29 11:44:25,175 [INFO]: Search against KOfam done!
2026-06-29 11:44:42,590 [INFO]: Filtering and saving results...
2026-06-29 11:44:42,622 [INFO]: Search against KOfam done!
2026-06-29 11:45:23,756 [INFO]: Filtering and saving results...
2026-06-29 11:45:23,833 [INFO]: Search against KOfam done!
2026-06-29 11:46:20,335 [INFO]: Filtering and saving results...
2026-06-29 11:46:20,443 [INFO]: Search against KOfam done!
2026-06-29 11:47:16,426 [INFO]: Filtering and saving results...
2026-06-29 11:47:16,533 [INFO]: Search against KOfam done!
2026-06-29 11:47:56,090 [INFO]: Filtering and saving results...
2026-06-29 11:47:56,140 [INFO]: Search against KOfam done!
2026-06-29 11:48:38,807 [INFO]: Filtering and saving results...
2026-06-29 11:48:38,884 [INFO]: Search against KOfam done!
2026-06-29 11:49:12,726 [INFO]: Filtering and saving results...
2026-06-29 11:49:12,800 [INFO]: Search against KOfam done!
2026-06-29 11:49:38,998 [INFO]: Filtering and saving results...
2026-06-29 11:49:39,054 [INFO]: Search against KOfam done!
2026-06-29 11:50:08,794 [INFO]: Filtering and saving results...
2026-06-29 11:50:08,865 [INFO]: Search against KOfam done!
2026-06-29 11:50:52,337 [INFO]: Filtering and saving results...
2026-06-29 11:50:52,431 [INFO]: Search against KOfam done!
2026-06-29 11:51:45,888 [INFO]: Filtering and saving results...
2026-06-29 11:51:46,023 [INFO]: Search against KOfam done!
2026-06-29 11:52:25,165 [INFO]: Filtering and saving results...
2026-06-29 11:52:25,247 [INFO]: Search against KOfam done!
2026-06-29 11:54:08,653 [INFO]: Filtering and saving results...
2026-06-29 11:54:08,793 [INFO]: Search against KOfam done!
2026-06-29 11:54:38,726 [INFO]: Filtering and saving results...
2026-06-29 11:54:38,777 [INFO]: Search against KOfam done!
2026-06-29 11:55:38,785 [INFO]: Filtering and saving results...
2026-06-29 11:55:38,880 [INFO]: Search against KOfam done!
2026-06-29 11:56:05,259 [INFO]: Filtering and saving results...
2026-06-29 11:56:05,300 [INFO]: Search against KOfam done!
2026-06-29 11:56:31,458 [INFO]: Filtering and saving results...
2026-06-29 11:56:31,520 [INFO]: Search against KOfam done!
2026-06-29 11:56:53,521 [INFO]: Filtering and saving results...
2026-06-29 11:56:53,576 [INFO]: Search against KOfam done!
2026-06-29 11:57:30,807 [INFO]: Filtering and saving results...
2026-06-29 11:57:30,867 [INFO]: Search against KOfam done!
2026-06-29 11:58:19,106 [INFO]: Filtering and saving results...
2026-06-29 11:58:19,223 [INFO]: Search against KOfam done!
2026-06-29 11:59:14,694 [INFO]: Filtering and saving results...
2026-06-29 11:59:14,803 [INFO]: Search against KOfam done!
2026-06-29 12:00:11,993 [INFO]: Filtering and saving results...
2026-06-29 12:00:12,125 [INFO]: Search against KOfam done!
2026-06-29 12:01:09,159 [INFO]: Filtering and saving results...
2026-06-29 12:01:09,271 [INFO]: Search against KOfam done!
2026-06-29 12:01:58,845 [INFO]: Filtering and saving results...
2026-06-29 12:01:58,948 [INFO]: Search against KOfam done!
2026-06-29 12:01:59,108 [INFO]: Searching proteins against Swissprot
2026-06-29 12:04:03,100 [INFO]: Extracting Swissprot annotation data
2026-06-29 12:10:25,093 [INFO]: Searching proteins against RefSeq
2026-06-29 14:27:15,899 [INFO]: Extracting RefSeq annotation data
2026-06-29 15:26:57,181 [INFO]: Searching proteins against Trembl
2026-06-29 17:52:25,125 [INFO]: Extracting Trembl annotation data
2026-06-29 17:52:25,575 [INFO]: Improving annotations by searching matches in other databases
2026-06-29 17:52:28,629 [INFO]: MicrobeAnnotator has finished succefully!
