=====================================================
Start Time  : Mon Jun 29 11:24:17 AM PDT 2026
Job ID/Name : 64666551 / pangenome
======================================================

[2026-06-29 11:24:17] ========== Microbeannotator for Pangenome Analysis started ==========
[2026-06-29 11:24:17] Job ID/Name : 64666551 / pangenome
[2026-06-29 11:24:17] Node: hpc-52-08.cm.cluster, CPUs: 32, Mem: 122880MB
[2026-06-29 11:24:23] Activated conda env: /resnick/groups/enviromics/zahra/miniconda3/envs/microbeannotator
[2026-06-29 11:24:23] Running Microbeannotator
Loading diamond/2.1.7-gcc-13.2.0-cfkl5pd
  Loading requirement: zlib-ng/2.1.3-gcc-13.2.0-jetnfwa
2026-06-29 11:24:27,955 [INFO]:  ---- This is MicrobeAnnotator v2.0.5 ---- 
2026-06-29 11:24:27,956 [INFO]: Validating user inputs
2026-06-29 11:24:28,082 [INFO]: Passed
2026-06-29 11:24:28,082 [INFO]: Processing 50 files. I will run 8 files in parallel with 4 threads per file.
2026-06-29 11:24:28,082 [INFO]: Running in no_plot mode. Skipping plotting KO summaries. 
2026-06-29 11:24:28,826 [INFO]: Searching proteins against KOfam profiles
2026-06-29 11:24:28,827 [INFO]: Parsing HMM profile metadata
2026-06-29 11:26:23,664 [INFO]: Filtering and saving results...
2026-06-29 11:26:23,850 [INFO]: Search against KOfam done!
2026-06-29 11:27:43,263 [INFO]: Filtering and saving results...
2026-06-29 11:27:43,446 [INFO]: Search against KOfam done!
2026-06-29 11:28:37,083 [INFO]: Filtering and saving results...
2026-06-29 11:28:37,162 [INFO]: Search against KOfam done!
2026-06-29 11:29:17,132 [INFO]: Filtering and saving results...
2026-06-29 11:29:17,232 [INFO]: Search against KOfam done!
2026-06-29 11:30:15,849 [INFO]: Filtering and saving results...
2026-06-29 11:30:15,929 [INFO]: Search against KOfam done!
2026-06-29 11:31:28,095 [INFO]: Filtering and saving results...
2026-06-29 11:31:28,192 [INFO]: Search against KOfam done!
2026-06-29 11:32:03,605 [INFO]: Filtering and saving results...
2026-06-29 11:32:03,655 [INFO]: Search against KOfam done!
2026-06-29 11:32:54,611 [INFO]: Filtering and saving results...
2026-06-29 11:32:54,690 [INFO]: Search against KOfam done!
2026-06-29 11:34:16,504 [INFO]: Filtering and saving results...
2026-06-29 11:34:16,657 [INFO]: Search against KOfam done!
2026-06-29 11:35:21,102 [INFO]: Filtering and saving results...
2026-06-29 11:35:21,250 [INFO]: Search against KOfam done!
2026-06-29 11:36:21,175 [INFO]: Filtering and saving results...
2026-06-29 11:36:21,308 [INFO]: Search against KOfam done!
2026-06-29 11:37:13,084 [INFO]: Filtering and saving results...
2026-06-29 11:37:13,149 [INFO]: Search against KOfam done!
2026-06-29 11:38:07,783 [INFO]: Filtering and saving results...
2026-06-29 11:38:07,869 [INFO]: Search against KOfam done!
2026-06-29 11:38:41,824 [INFO]: Filtering and saving results...
2026-06-29 11:38:41,890 [INFO]: Search against KOfam done!
2026-06-29 11:39:48,530 [INFO]: Filtering and saving results...
2026-06-29 11:39:48,652 [INFO]: Search against KOfam done!
2026-06-29 11:40:35,819 [INFO]: Filtering and saving results...
2026-06-29 11:40:35,898 [INFO]: Search against KOfam done!
2026-06-29 11:41:18,534 [INFO]: Filtering and saving results...
2026-06-29 11:41:18,613 [INFO]: Search against KOfam done!
2026-06-29 11:42:12,955 [INFO]: Filtering and saving results...
2026-06-29 11:42:13,039 [INFO]: Search against KOfam done!
2026-06-29 11:43:15,251 [INFO]: Filtering and saving results...
2026-06-29 11:43:15,346 [INFO]: Search against KOfam done!
2026-06-29 11:44:25,905 [INFO]: Filtering and saving results...
2026-06-29 11:44:26,017 [INFO]: Search against KOfam done!
2026-06-29 11:45:19,598 [INFO]: Filtering and saving results...
2026-06-29 11:45:19,679 [INFO]: Search against KOfam done!
2026-06-29 11:46:04,746 [INFO]: Filtering and saving results...
2026-06-29 11:46:04,813 [INFO]: Search against KOfam done!
2026-06-29 11:47:45,287 [INFO]: Filtering and saving results...
2026-06-29 11:47:45,493 [INFO]: Search against KOfam done!
2026-06-29 11:48:23,750 [INFO]: Filtering and saving results...
2026-06-29 11:48:23,815 [INFO]: Search against KOfam done!
2026-06-29 11:49:01,809 [INFO]: Filtering and saving results...
2026-06-29 11:49:01,880 [INFO]: Search against KOfam done!
2026-06-29 11:49:46,153 [INFO]: Filtering and saving results...
2026-06-29 11:49:46,335 [INFO]: Search against KOfam done!
2026-06-29 11:51:02,616 [INFO]: Filtering and saving results...
2026-06-29 11:51:02,761 [INFO]: Search against KOfam done!
2026-06-29 11:52:06,891 [INFO]: Filtering and saving results...
2026-06-29 11:52:06,998 [INFO]: Search against KOfam done!
2026-06-29 11:52:50,202 [INFO]: Filtering and saving results...
2026-06-29 11:52:50,305 [INFO]: Search against KOfam done!
2026-06-29 11:53:42,307 [INFO]: Filtering and saving results...
2026-06-29 11:53:42,391 [INFO]: Search against KOfam done!
2026-06-29 11:54:15,263 [INFO]: Filtering and saving results...
2026-06-29 11:54:15,329 [INFO]: Search against KOfam done!
2026-06-29 11:55:10,561 [INFO]: Filtering and saving results...
2026-06-29 11:55:10,656 [INFO]: Search against KOfam done!
2026-06-29 11:56:04,195 [INFO]: Filtering and saving results...
2026-06-29 11:56:04,289 [INFO]: Search against KOfam done!
2026-06-29 11:56:51,638 [INFO]: Filtering and saving results...
2026-06-29 11:56:51,726 [INFO]: Search against KOfam done!
2026-06-29 11:57:27,894 [INFO]: Filtering and saving results...
2026-06-29 11:57:27,963 [INFO]: Search against KOfam done!
2026-06-29 11:58:27,670 [INFO]: Filtering and saving results...
2026-06-29 11:58:27,880 [INFO]: Search against KOfam done!
2026-06-29 11:59:26,494 [INFO]: Filtering and saving results...
2026-06-29 11:59:26,578 [INFO]: Search against KOfam done!
2026-06-29 12:00:10,251 [INFO]: Filtering and saving results...
2026-06-29 12:00:10,427 [INFO]: Search against KOfam done!
2026-06-29 12:00:51,482 [INFO]: Filtering and saving results...
2026-06-29 12:00:51,549 [INFO]: Search against KOfam done!
2026-06-29 12:01:44,342 [INFO]: Filtering and saving results...
2026-06-29 12:01:44,414 [INFO]: Search against KOfam done!
2026-06-29 12:02:39,984 [INFO]: Filtering and saving results...
2026-06-29 12:02:40,083 [INFO]: Search against KOfam done!
2026-06-29 12:04:21,565 [INFO]: Filtering and saving results...
2026-06-29 12:04:21,671 [INFO]: Search against KOfam done!
2026-06-29 12:05:09,017 [INFO]: Filtering and saving results...
2026-06-29 12:05:09,087 [INFO]: Search against KOfam done!
2026-06-29 12:06:10,477 [INFO]: Filtering and saving results...
2026-06-29 12:06:10,595 [INFO]: Search against KOfam done!
2026-06-29 12:07:01,662 [INFO]: Filtering and saving results...
2026-06-29 12:07:01,749 [INFO]: Search against KOfam done!
2026-06-29 12:08:09,724 [INFO]: Filtering and saving results...
2026-06-29 12:08:09,880 [INFO]: Search against KOfam done!
2026-06-29 12:09:03,461 [INFO]: Filtering and saving results...
2026-06-29 12:09:03,551 [INFO]: Search against KOfam done!
2026-06-29 12:09:39,083 [INFO]: Filtering and saving results...
2026-06-29 12:09:39,157 [INFO]: Search against KOfam done!
2026-06-29 12:10:40,737 [INFO]: Filtering and saving results...
2026-06-29 12:10:40,849 [INFO]: Search against KOfam done!
2026-06-29 12:11:13,521 [INFO]: Filtering and saving results...
2026-06-29 12:11:13,575 [INFO]: Search against KOfam done!
2026-06-29 12:11:13,645 [INFO]: Searching proteins against Swissprot
2026-06-29 12:13:26,048 [INFO]: Extracting Swissprot annotation data
2026-06-29 12:19:08,542 [INFO]: Searching proteins against RefSeq
2026-06-29 15:00:54,022 [INFO]: Extracting RefSeq annotation data
2026-06-29 15:58:21,439 [INFO]: Searching proteins against Trembl
2026-06-29 18:46:23,221 [INFO]: Extracting Trembl annotation data
2026-06-29 18:46:23,615 [INFO]: Improving annotations by searching matches in other databases
2026-06-29 18:46:26,681 [INFO]: MicrobeAnnotator has finished succefully!
