=====================================================
Start Time  : Mon Jun 29 11:21:12 AM PDT 2026
Job ID/Name : 64666532 / pangenome
======================================================

[2026-06-29 11:21:12] ========== Microbeannotator for Pangenome Analysis started ==========
[2026-06-29 11:21:12] Job ID/Name : 64666532 / pangenome
[2026-06-29 11:21:12] Node: hpc-35-09.cm.cluster, CPUs: 32, Mem: 122880MB
[2026-06-29 11:21:19] Activated conda env: /resnick/groups/enviromics/zahra/miniconda3/envs/microbeannotator
[2026-06-29 11:21:19] Running Microbeannotator
Loading diamond/2.1.7-gcc-13.2.0-cfkl5pd
  Loading requirement: zlib-ng/2.1.3-gcc-13.2.0-jetnfwa
2026-06-29 11:21:27,217 [INFO]:  ---- This is MicrobeAnnotator v2.0.5 ---- 
2026-06-29 11:21:27,218 [INFO]: Validating user inputs
2026-06-29 11:21:27,364 [INFO]: Passed
2026-06-29 11:21:27,364 [INFO]: Processing 50 files. I will run 8 files in parallel with 4 threads per file.
2026-06-29 11:21:27,364 [INFO]: Running in no_plot mode. Skipping plotting KO summaries. 
2026-06-29 11:21:28,473 [INFO]: Searching proteins against KOfam profiles
2026-06-29 11:21:28,473 [INFO]: Parsing HMM profile metadata
2026-06-29 11:23:20,144 [INFO]: Filtering and saving results...
2026-06-29 11:23:20,337 [INFO]: Search against KOfam done!
2026-06-29 11:24:34,609 [INFO]: Filtering and saving results...
2026-06-29 11:24:34,762 [INFO]: Search against KOfam done!
2026-06-29 11:26:10,019 [INFO]: Filtering and saving results...
2026-06-29 11:26:10,194 [INFO]: Search against KOfam done!
2026-06-29 11:27:15,422 [INFO]: Filtering and saving results...
2026-06-29 11:27:15,577 [INFO]: Search against KOfam done!
2026-06-29 11:28:14,384 [INFO]: Filtering and saving results...
2026-06-29 11:28:14,560 [INFO]: Search against KOfam done!
2026-06-29 11:29:33,275 [INFO]: Filtering and saving results...
2026-06-29 11:29:33,454 [INFO]: Search against KOfam done!
2026-06-29 11:30:18,694 [INFO]: Filtering and saving results...
2026-06-29 11:30:18,782 [INFO]: Search against KOfam done!
2026-06-29 11:30:53,586 [INFO]: Filtering and saving results...
2026-06-29 11:30:53,671 [INFO]: Search against KOfam done!
2026-06-29 11:31:32,646 [INFO]: Filtering and saving results...
2026-06-29 11:31:32,720 [INFO]: Search against KOfam done!
2026-06-29 11:32:16,156 [INFO]: Filtering and saving results...
2026-06-29 11:32:16,220 [INFO]: Search against KOfam done!
2026-06-29 11:32:46,267 [INFO]: Filtering and saving results...
2026-06-29 11:32:46,310 [INFO]: Search against KOfam done!
2026-06-29 11:33:52,863 [INFO]: Filtering and saving results...
2026-06-29 11:33:53,077 [INFO]: Search against KOfam done!
2026-06-29 11:34:25,311 [INFO]: Filtering and saving results...
2026-06-29 11:34:25,375 [INFO]: Search against KOfam done!
2026-06-29 11:35:51,322 [INFO]: Filtering and saving results...
2026-06-29 11:35:51,468 [INFO]: Search against KOfam done!
2026-06-29 11:36:19,759 [INFO]: Filtering and saving results...
2026-06-29 11:36:19,829 [INFO]: Search against KOfam done!
2026-06-29 11:37:52,748 [INFO]: Filtering and saving results...
2026-06-29 11:37:52,926 [INFO]: Search against KOfam done!
2026-06-29 11:38:46,809 [INFO]: Filtering and saving results...
2026-06-29 11:38:46,920 [INFO]: Search against KOfam done!
2026-06-29 11:39:50,744 [INFO]: Filtering and saving results...
2026-06-29 11:39:50,860 [INFO]: Search against KOfam done!
2026-06-29 11:40:38,402 [INFO]: Filtering and saving results...
2026-06-29 11:40:38,504 [INFO]: Search against KOfam done!
2026-06-29 11:41:22,191 [INFO]: Filtering and saving results...
2026-06-29 11:41:22,302 [INFO]: Search against KOfam done!
2026-06-29 11:42:28,593 [INFO]: Filtering and saving results...
2026-06-29 11:42:28,782 [INFO]: Search against KOfam done!
2026-06-29 11:42:49,158 [INFO]: Filtering and saving results...
2026-06-29 11:42:49,198 [INFO]: Search against KOfam done!
2026-06-29 11:43:14,946 [INFO]: Filtering and saving results...
2026-06-29 11:43:15,015 [INFO]: Search against KOfam done!
2026-06-29 11:44:37,542 [INFO]: Filtering and saving results...
2026-06-29 11:44:37,679 [INFO]: Search against KOfam done!
2026-06-29 11:45:13,860 [INFO]: Filtering and saving results...
2026-06-29 11:45:13,919 [INFO]: Search against KOfam done!
2026-06-29 11:46:06,680 [INFO]: Filtering and saving results...
2026-06-29 11:46:06,847 [INFO]: Search against KOfam done!
2026-06-29 11:47:11,676 [INFO]: Filtering and saving results...
2026-06-29 11:47:11,778 [INFO]: Search against KOfam done!
2026-06-29 11:48:02,009 [INFO]: Filtering and saving results...
2026-06-29 11:48:02,092 [INFO]: Search against KOfam done!
2026-06-29 11:48:32,360 [INFO]: Filtering and saving results...
2026-06-29 11:48:32,421 [INFO]: Search against KOfam done!
2026-06-29 11:49:07,181 [INFO]: Filtering and saving results...
2026-06-29 11:49:07,257 [INFO]: Search against KOfam done!
2026-06-29 11:49:50,310 [INFO]: Filtering and saving results...
2026-06-29 11:49:50,397 [INFO]: Search against KOfam done!
2026-06-29 11:50:44,391 [INFO]: Filtering and saving results...
2026-06-29 11:50:44,480 [INFO]: Search against KOfam done!
2026-06-29 11:51:24,926 [INFO]: Filtering and saving results...
2026-06-29 11:51:24,993 [INFO]: Search against KOfam done!
2026-06-29 11:51:52,062 [INFO]: Filtering and saving results...
2026-06-29 11:51:52,113 [INFO]: Search against KOfam done!
2026-06-29 11:52:50,720 [INFO]: Filtering and saving results...
2026-06-29 11:52:50,846 [INFO]: Search against KOfam done!
2026-06-29 11:53:41,782 [INFO]: Filtering and saving results...
2026-06-29 11:53:41,876 [INFO]: Search against KOfam done!
2026-06-29 11:54:16,191 [INFO]: Filtering and saving results...
2026-06-29 11:54:16,257 [INFO]: Search against KOfam done!
2026-06-29 11:54:56,475 [INFO]: Filtering and saving results...
2026-06-29 11:54:56,562 [INFO]: Search against KOfam done!
2026-06-29 11:55:28,775 [INFO]: Filtering and saving results...
2026-06-29 11:55:28,854 [INFO]: Search against KOfam done!
2026-06-29 11:56:23,992 [INFO]: Filtering and saving results...
2026-06-29 11:56:24,108 [INFO]: Search against KOfam done!
2026-06-29 11:56:58,639 [INFO]: Filtering and saving results...
2026-06-29 11:56:58,727 [INFO]: Search against KOfam done!
2026-06-29 11:57:59,109 [INFO]: Filtering and saving results...
2026-06-29 11:57:59,239 [INFO]: Search against KOfam done!
2026-06-29 11:59:09,040 [INFO]: Filtering and saving results...
2026-06-29 11:59:09,222 [INFO]: Search against KOfam done!
2026-06-29 11:59:54,640 [INFO]: Filtering and saving results...
2026-06-29 11:59:54,756 [INFO]: Search against KOfam done!
2026-06-29 12:00:23,842 [INFO]: Filtering and saving results...
2026-06-29 12:00:23,907 [INFO]: Search against KOfam done!
2026-06-29 12:01:24,708 [INFO]: Filtering and saving results...
2026-06-29 12:01:24,856 [INFO]: Search against KOfam done!
2026-06-29 12:01:56,565 [INFO]: Filtering and saving results...
2026-06-29 12:01:56,633 [INFO]: Search against KOfam done!
2026-06-29 12:02:53,527 [INFO]: Filtering and saving results...
2026-06-29 12:02:53,774 [INFO]: Search against KOfam done!
2026-06-29 12:03:37,525 [INFO]: Filtering and saving results...
2026-06-29 12:03:37,625 [INFO]: Search against KOfam done!
2026-06-29 12:04:36,699 [INFO]: Filtering and saving results...
2026-06-29 12:04:36,814 [INFO]: Search against KOfam done!
2026-06-29 12:04:36,966 [INFO]: Searching proteins against Swissprot
2026-06-29 12:06:50,744 [INFO]: Extracting Swissprot annotation data
2026-06-29 12:18:14,725 [INFO]: Searching proteins against RefSeq
2026-06-29 14:48:46,696 [INFO]: Extracting RefSeq annotation data
2026-06-29 16:04:01,516 [INFO]: Searching proteins against Trembl
2026-06-29 18:39:56,767 [INFO]: Extracting Trembl annotation data
2026-06-29 18:39:57,300 [INFO]: Improving annotations by searching matches in other databases
2026-06-29 18:40:00,885 [INFO]: MicrobeAnnotator has finished succefully!
