=====================================================
Start Time  : Mon Jun 29 11:12:26 AM PDT 2026
Job ID/Name : 64666419 / pangenome
======================================================

[2026-06-29 11:12:26] ========== Microbeannotator for Pangenome Analysis started ==========
[2026-06-29 11:12:26] Job ID/Name : 64666419 / pangenome
[2026-06-29 11:12:26] Node: hpc-54-12.cm.cluster, CPUs: 32, Mem: 122880MB
[2026-06-29 11:12:29] Activated conda env: /resnick/groups/enviromics/zahra/miniconda3/envs/microbeannotator
[2026-06-29 11:12:29] Running Microbeannotator
Loading diamond/2.1.7-gcc-13.2.0-cfkl5pd
  Loading requirement: zlib-ng/2.1.3-gcc-13.2.0-jetnfwa
2026-06-29 11:12:31,655 [INFO]:  ---- This is MicrobeAnnotator v2.0.5 ---- 
2026-06-29 11:12:31,655 [INFO]: Validating user inputs
2026-06-29 11:12:31,789 [INFO]: Passed
2026-06-29 11:12:31,789 [INFO]: Processing 50 files. I will run 8 files in parallel with 4 threads per file.
2026-06-29 11:12:31,789 [INFO]: Running in no_plot mode. Skipping plotting KO summaries. 
2026-06-29 11:12:32,438 [INFO]: Searching proteins against KOfam profiles
2026-06-29 11:12:32,438 [INFO]: Parsing HMM profile metadata
2026-06-29 11:12:56,759 [INFO]: Filtering and saving results...
2026-06-29 11:12:56,812 [INFO]: Search against KOfam done!
2026-06-29 11:13:26,227 [INFO]: Filtering and saving results...
2026-06-29 11:13:26,289 [INFO]: Search against KOfam done!
2026-06-29 11:13:51,345 [INFO]: Filtering and saving results...
2026-06-29 11:13:51,409 [INFO]: Search against KOfam done!
2026-06-29 11:14:34,936 [INFO]: Filtering and saving results...
2026-06-29 11:14:35,012 [INFO]: Search against KOfam done!
2026-06-29 11:15:09,040 [INFO]: Filtering and saving results...
2026-06-29 11:15:09,116 [INFO]: Search against KOfam done!
2026-06-29 11:16:02,256 [INFO]: Filtering and saving results...
2026-06-29 11:16:02,342 [INFO]: Search against KOfam done!
2026-06-29 11:16:36,214 [INFO]: Filtering and saving results...
2026-06-29 11:16:36,262 [INFO]: Search against KOfam done!
2026-06-29 11:17:00,038 [INFO]: Filtering and saving results...
2026-06-29 11:17:00,093 [INFO]: Search against KOfam done!
2026-06-29 11:17:45,642 [INFO]: Filtering and saving results...
2026-06-29 11:17:45,696 [INFO]: Search against KOfam done!
2026-06-29 11:18:23,499 [INFO]: Filtering and saving results...
2026-06-29 11:18:23,554 [INFO]: Search against KOfam done!
2026-06-29 11:19:04,646 [INFO]: Filtering and saving results...
2026-06-29 11:19:04,776 [INFO]: Search against KOfam done!
2026-06-29 11:19:42,627 [INFO]: Filtering and saving results...
2026-06-29 11:19:42,715 [INFO]: Search against KOfam done!
2026-06-29 11:20:14,270 [INFO]: Filtering and saving results...
2026-06-29 11:20:14,339 [INFO]: Search against KOfam done!
2026-06-29 11:20:43,603 [INFO]: Filtering and saving results...
2026-06-29 11:20:43,672 [INFO]: Search against KOfam done!
2026-06-29 11:21:18,962 [INFO]: Filtering and saving results...
2026-06-29 11:21:19,034 [INFO]: Search against KOfam done!
2026-06-29 11:21:57,908 [INFO]: Filtering and saving results...
2026-06-29 11:21:57,992 [INFO]: Search against KOfam done!
2026-06-29 11:22:54,937 [INFO]: Filtering and saving results...
2026-06-29 11:22:55,045 [INFO]: Search against KOfam done!
2026-06-29 11:23:21,778 [INFO]: Filtering and saving results...
2026-06-29 11:23:21,821 [INFO]: Search against KOfam done!
2026-06-29 11:23:52,968 [INFO]: Filtering and saving results...
2026-06-29 11:23:53,031 [INFO]: Search against KOfam done!
2026-06-29 11:24:46,438 [INFO]: Filtering and saving results...
2026-06-29 11:24:46,545 [INFO]: Search against KOfam done!
2026-06-29 11:25:19,620 [INFO]: Filtering and saving results...
2026-06-29 11:25:19,667 [INFO]: Search against KOfam done!
2026-06-29 11:25:52,911 [INFO]: Filtering and saving results...
2026-06-29 11:25:52,957 [INFO]: Search against KOfam done!
2026-06-29 11:26:35,340 [INFO]: Filtering and saving results...
2026-06-29 11:26:35,412 [INFO]: Search against KOfam done!
2026-06-29 11:27:07,199 [INFO]: Filtering and saving results...
2026-06-29 11:27:07,268 [INFO]: Search against KOfam done!
2026-06-29 11:27:57,939 [INFO]: Filtering and saving results...
2026-06-29 11:27:58,072 [INFO]: Search against KOfam done!
2026-06-29 11:28:47,736 [INFO]: Filtering and saving results...
2026-06-29 11:28:47,803 [INFO]: Search against KOfam done!
2026-06-29 11:29:08,959 [INFO]: Filtering and saving results...
2026-06-29 11:29:08,998 [INFO]: Search against KOfam done!
2026-06-29 11:29:48,566 [INFO]: Filtering and saving results...
2026-06-29 11:29:48,622 [INFO]: Search against KOfam done!
2026-06-29 11:30:09,647 [INFO]: Filtering and saving results...
2026-06-29 11:30:09,698 [INFO]: Search against KOfam done!
2026-06-29 11:30:40,973 [INFO]: Filtering and saving results...
2026-06-29 11:30:41,036 [INFO]: Search against KOfam done!
2026-06-29 11:31:10,599 [INFO]: Filtering and saving results...
2026-06-29 11:31:10,662 [INFO]: Search against KOfam done!
2026-06-29 11:31:38,471 [INFO]: Filtering and saving results...
2026-06-29 11:31:38,529 [INFO]: Search against KOfam done!
2026-06-29 11:32:10,061 [INFO]: Filtering and saving results...
2026-06-29 11:32:10,127 [INFO]: Search against KOfam done!
2026-06-29 11:32:48,324 [INFO]: Filtering and saving results...
2026-06-29 11:32:48,389 [INFO]: Search against KOfam done!
2026-06-29 11:33:30,561 [INFO]: Filtering and saving results...
2026-06-29 11:33:30,635 [INFO]: Search against KOfam done!
2026-06-29 11:33:54,888 [INFO]: Filtering and saving results...
2026-06-29 11:33:54,927 [INFO]: Search against KOfam done!
2026-06-29 11:34:21,446 [INFO]: Filtering and saving results...
2026-06-29 11:34:21,480 [INFO]: Search against KOfam done!
2026-06-29 11:34:48,822 [INFO]: Filtering and saving results...
2026-06-29 11:34:48,872 [INFO]: Search against KOfam done!
2026-06-29 11:35:13,945 [INFO]: Filtering and saving results...
2026-06-29 11:35:13,998 [INFO]: Search against KOfam done!
2026-06-29 11:35:48,409 [INFO]: Filtering and saving results...
2026-06-29 11:35:48,483 [INFO]: Search against KOfam done!
2026-06-29 11:36:18,875 [INFO]: Filtering and saving results...
2026-06-29 11:36:18,936 [INFO]: Search against KOfam done!
2026-06-29 11:36:46,988 [INFO]: Filtering and saving results...
2026-06-29 11:36:47,048 [INFO]: Search against KOfam done!
2026-06-29 11:37:13,499 [INFO]: Filtering and saving results...
2026-06-29 11:37:13,553 [INFO]: Search against KOfam done!
2026-06-29 11:37:40,843 [INFO]: Filtering and saving results...
2026-06-29 11:37:40,899 [INFO]: Search against KOfam done!
2026-06-29 11:38:07,870 [INFO]: Filtering and saving results...
2026-06-29 11:38:07,930 [INFO]: Search against KOfam done!
2026-06-29 11:39:02,664 [INFO]: Filtering and saving results...
2026-06-29 11:39:02,763 [INFO]: Search against KOfam done!
2026-06-29 11:40:01,656 [INFO]: Filtering and saving results...
2026-06-29 11:40:01,787 [INFO]: Search against KOfam done!
2026-06-29 11:40:28,687 [INFO]: Filtering and saving results...
2026-06-29 11:40:28,733 [INFO]: Search against KOfam done!
2026-06-29 11:41:03,503 [INFO]: Filtering and saving results...
2026-06-29 11:41:03,584 [INFO]: Search against KOfam done!
2026-06-29 11:41:36,102 [INFO]: Filtering and saving results...
2026-06-29 11:41:36,172 [INFO]: Search against KOfam done!
2026-06-29 11:41:36,235 [INFO]: Searching proteins against Swissprot
2026-06-29 11:43:39,190 [INFO]: Extracting Swissprot annotation data
2026-06-29 11:54:05,603 [INFO]: Searching proteins against RefSeq
2026-06-29 13:55:19,918 [INFO]: Extracting RefSeq annotation data
2026-06-29 14:43:50,662 [INFO]: Searching proteins against Trembl
2026-06-29 16:54:26,542 [INFO]: Extracting Trembl annotation data
2026-06-29 16:54:26,978 [INFO]: Improving annotations by searching matches in other databases
2026-06-29 16:54:28,729 [INFO]: MicrobeAnnotator has finished succefully!
