=====================================================
Start Time  : Mon Jun 29 11:10:53 AM PDT 2026
Job ID/Name : 64666397 / pangenome
======================================================

[2026-06-29 11:10:53] ========== Microbeannotator for Pangenome Analysis started ==========
[2026-06-29 11:10:53] Job ID/Name : 64666397 / pangenome
[2026-06-29 11:10:53] Node: hpc-35-15.cm.cluster, CPUs: 32, Mem: 122880MB
[2026-06-29 11:10:56] Activated conda env: /resnick/groups/enviromics/zahra/miniconda3/envs/microbeannotator
[2026-06-29 11:10:56] Running Microbeannotator
Loading diamond/2.1.7-gcc-13.2.0-cfkl5pd
  Loading requirement: zlib-ng/2.1.3-gcc-13.2.0-jetnfwa
2026-06-29 11:10:59,442 [INFO]:  ---- This is MicrobeAnnotator v2.0.5 ---- 
2026-06-29 11:10:59,442 [INFO]: Validating user inputs
2026-06-29 11:10:59,594 [INFO]: Passed
2026-06-29 11:10:59,595 [INFO]: Processing 50 files. I will run 8 files in parallel with 4 threads per file.
2026-06-29 11:10:59,595 [INFO]: Running in no_plot mode. Skipping plotting KO summaries. 
2026-06-29 11:11:00,247 [INFO]: Searching proteins against KOfam profiles
2026-06-29 11:11:00,248 [INFO]: Parsing HMM profile metadata
2026-06-29 11:11:51,216 [INFO]: Filtering and saving results...
2026-06-29 11:11:51,322 [INFO]: Search against KOfam done!
2026-06-29 11:12:52,722 [INFO]: Filtering and saving results...
2026-06-29 11:12:52,833 [INFO]: Search against KOfam done!
2026-06-29 11:14:12,176 [INFO]: Filtering and saving results...
2026-06-29 11:14:12,293 [INFO]: Search against KOfam done!
2026-06-29 11:15:41,322 [INFO]: Filtering and saving results...
2026-06-29 11:15:41,522 [INFO]: Search against KOfam done!
2026-06-29 11:17:06,753 [INFO]: Filtering and saving results...
2026-06-29 11:17:06,893 [INFO]: Search against KOfam done!
2026-06-29 11:17:49,611 [INFO]: Filtering and saving results...
2026-06-29 11:17:49,693 [INFO]: Search against KOfam done!
2026-06-29 11:18:08,004 [INFO]: Filtering and saving results...
2026-06-29 11:18:08,041 [INFO]: Search against KOfam done!
2026-06-29 11:18:57,477 [INFO]: Filtering and saving results...
2026-06-29 11:18:57,559 [INFO]: Search against KOfam done!
2026-06-29 11:19:40,687 [INFO]: Filtering and saving results...
2026-06-29 11:19:40,755 [INFO]: Search against KOfam done!
2026-06-29 11:20:15,891 [INFO]: Filtering and saving results...
2026-06-29 11:20:15,961 [INFO]: Search against KOfam done!
2026-06-29 11:20:52,872 [INFO]: Filtering and saving results...
2026-06-29 11:20:52,951 [INFO]: Search against KOfam done!
2026-06-29 11:21:34,911 [INFO]: Filtering and saving results...
2026-06-29 11:21:34,969 [INFO]: Search against KOfam done!
2026-06-29 11:22:08,186 [INFO]: Filtering and saving results...
2026-06-29 11:22:08,262 [INFO]: Search against KOfam done!
2026-06-29 11:22:41,811 [INFO]: Filtering and saving results...
2026-06-29 11:22:41,876 [INFO]: Search against KOfam done!
2026-06-29 11:23:12,267 [INFO]: Filtering and saving results...
2026-06-29 11:23:12,334 [INFO]: Search against KOfam done!
2026-06-29 11:23:34,253 [INFO]: Filtering and saving results...
2026-06-29 11:23:34,305 [INFO]: Search against KOfam done!
2026-06-29 11:24:13,660 [INFO]: Filtering and saving results...
2026-06-29 11:24:13,735 [INFO]: Search against KOfam done!
2026-06-29 11:24:34,119 [INFO]: Filtering and saving results...
2026-06-29 11:24:34,169 [INFO]: Search against KOfam done!
2026-06-29 11:24:59,780 [INFO]: Filtering and saving results...
2026-06-29 11:24:59,843 [INFO]: Search against KOfam done!
2026-06-29 11:25:20,994 [INFO]: Filtering and saving results...
2026-06-29 11:25:21,015 [INFO]: Search against KOfam done!
2026-06-29 11:25:44,507 [INFO]: Filtering and saving results...
2026-06-29 11:25:44,542 [INFO]: Search against KOfam done!
2026-06-29 11:26:10,301 [INFO]: Filtering and saving results...
2026-06-29 11:26:10,350 [INFO]: Search against KOfam done!
2026-06-29 11:26:37,660 [INFO]: Filtering and saving results...
2026-06-29 11:26:37,703 [INFO]: Search against KOfam done!
2026-06-29 11:27:02,234 [INFO]: Filtering and saving results...
2026-06-29 11:27:02,301 [INFO]: Search against KOfam done!
2026-06-29 11:27:42,062 [INFO]: Filtering and saving results...
2026-06-29 11:27:42,125 [INFO]: Search against KOfam done!
2026-06-29 11:28:12,104 [INFO]: Filtering and saving results...
2026-06-29 11:28:12,154 [INFO]: Search against KOfam done!
2026-06-29 11:28:40,756 [INFO]: Filtering and saving results...
2026-06-29 11:28:40,827 [INFO]: Search against KOfam done!
2026-06-29 11:29:16,543 [INFO]: Filtering and saving results...
2026-06-29 11:29:16,605 [INFO]: Search against KOfam done!
2026-06-29 11:29:42,775 [INFO]: Filtering and saving results...
2026-06-29 11:29:42,843 [INFO]: Search against KOfam done!
2026-06-29 11:30:02,099 [INFO]: Filtering and saving results...
2026-06-29 11:30:02,152 [INFO]: Search against KOfam done!
2026-06-29 11:30:28,134 [INFO]: Filtering and saving results...
2026-06-29 11:30:28,183 [INFO]: Search against KOfam done!
2026-06-29 11:30:49,508 [INFO]: Filtering and saving results...
2026-06-29 11:30:49,544 [INFO]: Search against KOfam done!
2026-06-29 11:31:08,045 [INFO]: Filtering and saving results...
2026-06-29 11:31:08,072 [INFO]: Search against KOfam done!
2026-06-29 11:31:45,924 [INFO]: Filtering and saving results...
2026-06-29 11:31:45,967 [INFO]: Search against KOfam done!
2026-06-29 11:32:20,376 [INFO]: Filtering and saving results...
2026-06-29 11:32:20,432 [INFO]: Search against KOfam done!
2026-06-29 11:33:35,285 [INFO]: Filtering and saving results...
2026-06-29 11:33:35,386 [INFO]: Search against KOfam done!
2026-06-29 11:34:33,299 [INFO]: Filtering and saving results...
2026-06-29 11:34:33,429 [INFO]: Search against KOfam done!
2026-06-29 11:35:01,377 [INFO]: Filtering and saving results...
2026-06-29 11:35:01,449 [INFO]: Search against KOfam done!
2026-06-29 11:37:07,873 [INFO]: Filtering and saving results...
2026-06-29 11:37:07,963 [INFO]: Search against KOfam done!
2026-06-29 11:37:32,996 [INFO]: Filtering and saving results...
2026-06-29 11:37:33,031 [INFO]: Search against KOfam done!
2026-06-29 11:37:58,923 [INFO]: Filtering and saving results...
2026-06-29 11:37:58,989 [INFO]: Search against KOfam done!
2026-06-29 11:38:22,178 [INFO]: Filtering and saving results...
2026-06-29 11:38:22,218 [INFO]: Search against KOfam done!
2026-06-29 11:38:50,489 [INFO]: Filtering and saving results...
2026-06-29 11:38:50,585 [INFO]: Search against KOfam done!
2026-06-29 11:39:06,040 [INFO]: Filtering and saving results...
2026-06-29 11:39:06,089 [INFO]: Search against KOfam done!
2026-06-29 11:41:22,876 [INFO]: Filtering and saving results...
2026-06-29 11:41:22,993 [INFO]: Search against KOfam done!
2026-06-29 11:41:50,677 [INFO]: Filtering and saving results...
2026-06-29 11:41:50,738 [INFO]: Search against KOfam done!
2026-06-29 11:42:14,941 [INFO]: Filtering and saving results...
2026-06-29 11:42:15,074 [INFO]: Search against KOfam done!
2026-06-29 11:42:57,415 [INFO]: Filtering and saving results...
2026-06-29 11:42:57,505 [INFO]: Search against KOfam done!
2026-06-29 11:44:13,565 [INFO]: Filtering and saving results...
2026-06-29 11:44:13,679 [INFO]: Search against KOfam done!
2026-06-29 11:44:30,467 [INFO]: Filtering and saving results...
2026-06-29 11:44:30,521 [INFO]: Search against KOfam done!
2026-06-29 11:44:30,550 [INFO]: Searching proteins against Swissprot
2026-06-29 11:46:21,410 [INFO]: Extracting Swissprot annotation data
2026-06-29 11:57:31,263 [INFO]: Searching proteins against RefSeq
2026-06-29 14:02:02,901 [INFO]: Extracting RefSeq annotation data
2026-06-29 15:20:57,049 [INFO]: Searching proteins against Trembl
2026-06-29 17:36:21,614 [INFO]: Extracting Trembl annotation data
2026-06-29 17:36:22,282 [INFO]: Improving annotations by searching matches in other databases
2026-06-29 17:36:25,132 [INFO]: MicrobeAnnotator has finished succefully!
