=====================================================
Start Time  : Mon Jun 29 11:18:06 AM PDT 2026
Job ID/Name : 64666509 / pangenome
======================================================

[2026-06-29 11:18:06] ========== Microbeannotator for Pangenome Analysis started ==========
[2026-06-29 11:18:06] Job ID/Name : 64666509 / pangenome
[2026-06-29 11:18:06] Node: hpc-53-16.cm.cluster, CPUs: 32, Mem: 122880MB
[2026-06-29 11:18:09] Activated conda env: /resnick/groups/enviromics/zahra/miniconda3/envs/microbeannotator
[2026-06-29 11:18:09] Running Microbeannotator
Loading diamond/2.1.7-gcc-13.2.0-cfkl5pd
  Loading requirement: zlib-ng/2.1.3-gcc-13.2.0-jetnfwa
2026-06-29 11:18:12,261 [INFO]:  ---- This is MicrobeAnnotator v2.0.5 ---- 
2026-06-29 11:18:12,261 [INFO]: Validating user inputs
2026-06-29 11:18:12,402 [INFO]: Passed
2026-06-29 11:18:12,402 [INFO]: Processing 50 files. I will run 8 files in parallel with 4 threads per file.
2026-06-29 11:18:12,402 [INFO]: Running in no_plot mode. Skipping plotting KO summaries. 
2026-06-29 11:18:13,247 [INFO]: Searching proteins against KOfam profiles
2026-06-29 11:18:13,247 [INFO]: Parsing HMM profile metadata
2026-06-29 11:18:50,549 [INFO]: Filtering and saving results...
2026-06-29 11:18:50,607 [INFO]: Search against KOfam done!
2026-06-29 11:19:21,738 [INFO]: Filtering and saving results...
2026-06-29 11:19:21,806 [INFO]: Search against KOfam done!
2026-06-29 11:19:55,841 [INFO]: Filtering and saving results...
2026-06-29 11:19:55,912 [INFO]: Search against KOfam done!
2026-06-29 11:20:34,936 [INFO]: Filtering and saving results...
2026-06-29 11:20:35,016 [INFO]: Search against KOfam done!
2026-06-29 11:21:42,284 [INFO]: Filtering and saving results...
2026-06-29 11:21:42,416 [INFO]: Search against KOfam done!
2026-06-29 11:22:57,589 [INFO]: Filtering and saving results...
2026-06-29 11:22:57,746 [INFO]: Search against KOfam done!
2026-06-29 11:24:17,160 [INFO]: Filtering and saving results...
2026-06-29 11:24:17,284 [INFO]: Search against KOfam done!
2026-06-29 11:25:29,416 [INFO]: Filtering and saving results...
2026-06-29 11:25:29,568 [INFO]: Search against KOfam done!
2026-06-29 11:26:43,054 [INFO]: Filtering and saving results...
2026-06-29 11:26:43,220 [INFO]: Search against KOfam done!
2026-06-29 11:27:19,586 [INFO]: Filtering and saving results...
2026-06-29 11:27:19,669 [INFO]: Search against KOfam done!
2026-06-29 11:28:13,778 [INFO]: Filtering and saving results...
2026-06-29 11:28:13,848 [INFO]: Search against KOfam done!
2026-06-29 11:29:44,405 [INFO]: Filtering and saving results...
2026-06-29 11:29:44,551 [INFO]: Search against KOfam done!
2026-06-29 11:30:42,398 [INFO]: Filtering and saving results...
2026-06-29 11:30:42,520 [INFO]: Search against KOfam done!
2026-06-29 11:31:36,513 [INFO]: Filtering and saving results...
2026-06-29 11:31:36,602 [INFO]: Search against KOfam done!
2026-06-29 11:32:21,452 [INFO]: Filtering and saving results...
2026-06-29 11:32:21,536 [INFO]: Search against KOfam done!
2026-06-29 11:32:59,066 [INFO]: Filtering and saving results...
2026-06-29 11:32:59,139 [INFO]: Search against KOfam done!
2026-06-29 11:33:36,263 [INFO]: Filtering and saving results...
2026-06-29 11:33:36,341 [INFO]: Search against KOfam done!
2026-06-29 11:34:17,324 [INFO]: Filtering and saving results...
2026-06-29 11:34:17,431 [INFO]: Search against KOfam done!
2026-06-29 11:34:53,572 [INFO]: Filtering and saving results...
2026-06-29 11:34:53,645 [INFO]: Search against KOfam done!
2026-06-29 11:35:49,034 [INFO]: Filtering and saving results...
2026-06-29 11:35:49,145 [INFO]: Search against KOfam done!
2026-06-29 11:36:50,428 [INFO]: Filtering and saving results...
2026-06-29 11:36:50,553 [INFO]: Search against KOfam done!
2026-06-29 11:37:21,619 [INFO]: Filtering and saving results...
2026-06-29 11:37:21,695 [INFO]: Search against KOfam done!
2026-06-29 11:38:54,749 [INFO]: Filtering and saving results...
2026-06-29 11:38:54,918 [INFO]: Search against KOfam done!
2026-06-29 11:39:31,421 [INFO]: Filtering and saving results...
2026-06-29 11:39:31,502 [INFO]: Search against KOfam done!
2026-06-29 11:39:58,130 [INFO]: Filtering and saving results...
2026-06-29 11:39:58,185 [INFO]: Search against KOfam done!
2026-06-29 11:41:11,522 [INFO]: Filtering and saving results...
2026-06-29 11:41:11,658 [INFO]: Search against KOfam done!
2026-06-29 11:42:42,710 [INFO]: Filtering and saving results...
2026-06-29 11:42:42,914 [INFO]: Search against KOfam done!
2026-06-29 11:43:19,329 [INFO]: Filtering and saving results...
2026-06-29 11:43:19,440 [INFO]: Search against KOfam done!
2026-06-29 11:43:54,836 [INFO]: Filtering and saving results...
2026-06-29 11:43:54,900 [INFO]: Search against KOfam done!
2026-06-29 11:44:32,212 [INFO]: Filtering and saving results...
2026-06-29 11:44:32,285 [INFO]: Search against KOfam done!
2026-06-29 11:45:02,219 [INFO]: Filtering and saving results...
2026-06-29 11:45:02,270 [INFO]: Search against KOfam done!
2026-06-29 11:45:46,690 [INFO]: Filtering and saving results...
2026-06-29 11:45:46,764 [INFO]: Search against KOfam done!
2026-06-29 11:46:57,597 [INFO]: Filtering and saving results...
2026-06-29 11:46:57,708 [INFO]: Search against KOfam done!
2026-06-29 11:47:53,042 [INFO]: Filtering and saving results...
2026-06-29 11:47:53,124 [INFO]: Search against KOfam done!
2026-06-29 11:48:23,549 [INFO]: Filtering and saving results...
2026-06-29 11:48:23,627 [INFO]: Search against KOfam done!
2026-06-29 11:49:01,317 [INFO]: Filtering and saving results...
2026-06-29 11:49:01,398 [INFO]: Search against KOfam done!
2026-06-29 11:49:36,730 [INFO]: Filtering and saving results...
2026-06-29 11:49:36,797 [INFO]: Search against KOfam done!
2026-06-29 11:50:06,782 [INFO]: Filtering and saving results...
2026-06-29 11:50:06,829 [INFO]: Search against KOfam done!
2026-06-29 11:51:58,963 [INFO]: Filtering and saving results...
2026-06-29 11:51:59,130 [INFO]: Search against KOfam done!
2026-06-29 11:53:17,410 [INFO]: Filtering and saving results...
2026-06-29 11:53:17,673 [INFO]: Search against KOfam done!
2026-06-29 11:54:35,765 [INFO]: Filtering and saving results...
2026-06-29 11:54:35,936 [INFO]: Search against KOfam done!
2026-06-29 11:55:54,643 [INFO]: Filtering and saving results...
2026-06-29 11:55:54,764 [INFO]: Search against KOfam done!
2026-06-29 11:56:32,367 [INFO]: Filtering and saving results...
2026-06-29 11:56:32,432 [INFO]: Search against KOfam done!
2026-06-29 11:57:02,950 [INFO]: Filtering and saving results...
2026-06-29 11:57:03,002 [INFO]: Search against KOfam done!
2026-06-29 11:57:45,109 [INFO]: Filtering and saving results...
2026-06-29 11:57:45,190 [INFO]: Search against KOfam done!
2026-06-29 11:58:24,038 [INFO]: Filtering and saving results...
2026-06-29 11:58:24,100 [INFO]: Search against KOfam done!
2026-06-29 11:58:55,496 [INFO]: Filtering and saving results...
2026-06-29 11:58:55,571 [INFO]: Search against KOfam done!
2026-06-29 11:59:40,109 [INFO]: Filtering and saving results...
2026-06-29 11:59:40,230 [INFO]: Search against KOfam done!
2026-06-29 12:02:27,588 [INFO]: Filtering and saving results...
2026-06-29 12:02:27,817 [INFO]: Search against KOfam done!
2026-06-29 12:03:18,622 [INFO]: Filtering and saving results...
2026-06-29 12:03:18,752 [INFO]: Search against KOfam done!
2026-06-29 12:03:18,893 [INFO]: Searching proteins against Swissprot
2026-06-29 12:05:13,261 [INFO]: Extracting Swissprot annotation data
2026-06-29 12:16:30,090 [INFO]: Searching proteins against RefSeq
2026-06-29 14:31:58,039 [INFO]: Extracting RefSeq annotation data
2026-06-29 16:07:21,651 [INFO]: Searching proteins against Trembl
2026-06-29 18:30:02,899 [INFO]: Extracting Trembl annotation data
2026-06-29 18:30:03,431 [INFO]: Improving annotations by searching matches in other databases
2026-06-29 18:30:09,093 [INFO]: MicrobeAnnotator has finished succefully!
