=====================================================
Start Time  : Mon Jun 29 11:13:59 AM PDT 2026
Job ID/Name : 64666443 / pangenome
======================================================

[2026-06-29 11:13:59] ========== Microbeannotator for Pangenome Analysis started ==========
[2026-06-29 11:13:59] Job ID/Name : 64666443 / pangenome
[2026-06-29 11:13:59] Node: hpc-53-16.cm.cluster, CPUs: 32, Mem: 122880MB
[2026-06-29 11:14:06] Activated conda env: /resnick/groups/enviromics/zahra/miniconda3/envs/microbeannotator
[2026-06-29 11:14:06] Running Microbeannotator
Loading diamond/2.1.7-gcc-13.2.0-cfkl5pd
  Loading requirement: zlib-ng/2.1.3-gcc-13.2.0-jetnfwa
2026-06-29 11:14:11,961 [INFO]:  ---- This is MicrobeAnnotator v2.0.5 ---- 
2026-06-29 11:14:11,962 [INFO]: Validating user inputs
2026-06-29 11:14:12,089 [INFO]: Passed
2026-06-29 11:14:12,089 [INFO]: Processing 50 files. I will run 8 files in parallel with 4 threads per file.
2026-06-29 11:14:12,089 [INFO]: Running in no_plot mode. Skipping plotting KO summaries. 
2026-06-29 11:14:12,923 [INFO]: Searching proteins against KOfam profiles
2026-06-29 11:14:12,923 [INFO]: Parsing HMM profile metadata
2026-06-29 11:15:25,213 [INFO]: Filtering and saving results...
2026-06-29 11:15:25,342 [INFO]: Search against KOfam done!
2026-06-29 11:16:24,832 [INFO]: Filtering and saving results...
2026-06-29 11:16:24,943 [INFO]: Search against KOfam done!
2026-06-29 11:17:16,449 [INFO]: Filtering and saving results...
2026-06-29 11:17:16,538 [INFO]: Search against KOfam done!
2026-06-29 11:17:57,866 [INFO]: Filtering and saving results...
2026-06-29 11:17:57,927 [INFO]: Search against KOfam done!
2026-06-29 11:18:42,334 [INFO]: Filtering and saving results...
2026-06-29 11:18:42,415 [INFO]: Search against KOfam done!
2026-06-29 11:19:30,468 [INFO]: Filtering and saving results...
2026-06-29 11:19:30,555 [INFO]: Search against KOfam done!
2026-06-29 11:20:33,785 [INFO]: Filtering and saving results...
2026-06-29 11:20:33,896 [INFO]: Search against KOfam done!
2026-06-29 11:21:41,066 [INFO]: Filtering and saving results...
2026-06-29 11:21:41,221 [INFO]: Search against KOfam done!
2026-06-29 11:22:32,023 [INFO]: Filtering and saving results...
2026-06-29 11:22:32,146 [INFO]: Search against KOfam done!
2026-06-29 11:23:10,684 [INFO]: Filtering and saving results...
2026-06-29 11:23:10,757 [INFO]: Search against KOfam done!
2026-06-29 11:23:58,050 [INFO]: Filtering and saving results...
2026-06-29 11:23:58,120 [INFO]: Search against KOfam done!
2026-06-29 11:25:29,721 [INFO]: Filtering and saving results...
2026-06-29 11:25:29,876 [INFO]: Search against KOfam done!
2026-06-29 11:26:31,761 [INFO]: Filtering and saving results...
2026-06-29 11:26:31,875 [INFO]: Search against KOfam done!
2026-06-29 11:27:18,226 [INFO]: Filtering and saving results...
2026-06-29 11:27:18,298 [INFO]: Search against KOfam done!
2026-06-29 11:28:12,263 [INFO]: Filtering and saving results...
2026-06-29 11:28:12,378 [INFO]: Search against KOfam done!
2026-06-29 11:28:51,762 [INFO]: Filtering and saving results...
2026-06-29 11:28:51,902 [INFO]: Search against KOfam done!
2026-06-29 11:29:13,779 [INFO]: Filtering and saving results...
2026-06-29 11:29:13,813 [INFO]: Search against KOfam done!
2026-06-29 11:30:38,662 [INFO]: Filtering and saving results...
2026-06-29 11:30:38,766 [INFO]: Search against KOfam done!
2026-06-29 11:31:35,994 [INFO]: Filtering and saving results...
2026-06-29 11:31:36,138 [INFO]: Search against KOfam done!
2026-06-29 11:32:22,823 [INFO]: Filtering and saving results...
2026-06-29 11:32:22,902 [INFO]: Search against KOfam done!
2026-06-29 11:33:01,204 [INFO]: Filtering and saving results...
2026-06-29 11:33:01,286 [INFO]: Search against KOfam done!
2026-06-29 11:33:42,534 [INFO]: Filtering and saving results...
2026-06-29 11:33:42,646 [INFO]: Search against KOfam done!
2026-06-29 11:34:08,867 [INFO]: Filtering and saving results...
2026-06-29 11:34:08,900 [INFO]: Search against KOfam done!
2026-06-29 11:34:52,192 [INFO]: Filtering and saving results...
2026-06-29 11:34:52,285 [INFO]: Search against KOfam done!
2026-06-29 11:35:39,201 [INFO]: Filtering and saving results...
2026-06-29 11:35:39,291 [INFO]: Search against KOfam done!
2026-06-29 11:36:10,467 [INFO]: Filtering and saving results...
2026-06-29 11:36:10,521 [INFO]: Search against KOfam done!
2026-06-29 11:36:55,316 [INFO]: Filtering and saving results...
2026-06-29 11:36:55,634 [INFO]: Search against KOfam done!
2026-06-29 11:38:02,772 [INFO]: Filtering and saving results...
2026-06-29 11:38:02,904 [INFO]: Search against KOfam done!
2026-06-29 11:39:25,273 [INFO]: Filtering and saving results...
2026-06-29 11:39:25,431 [INFO]: Search against KOfam done!
2026-06-29 11:40:32,764 [INFO]: Filtering and saving results...
2026-06-29 11:40:32,886 [INFO]: Search against KOfam done!
2026-06-29 11:41:01,951 [INFO]: Filtering and saving results...
2026-06-29 11:41:02,013 [INFO]: Search against KOfam done!
2026-06-29 11:42:10,519 [INFO]: Filtering and saving results...
2026-06-29 11:42:10,643 [INFO]: Search against KOfam done!
2026-06-29 11:43:14,397 [INFO]: Filtering and saving results...
2026-06-29 11:43:14,528 [INFO]: Search against KOfam done!
2026-06-29 11:44:35,982 [INFO]: Filtering and saving results...
2026-06-29 11:44:36,207 [INFO]: Search against KOfam done!
2026-06-29 11:45:13,655 [INFO]: Filtering and saving results...
2026-06-29 11:45:13,732 [INFO]: Search against KOfam done!
2026-06-29 11:45:38,347 [INFO]: Filtering and saving results...
2026-06-29 11:45:38,396 [INFO]: Search against KOfam done!
2026-06-29 11:46:38,441 [INFO]: Filtering and saving results...
2026-06-29 11:46:38,559 [INFO]: Search against KOfam done!
2026-06-29 11:47:47,002 [INFO]: Filtering and saving results...
2026-06-29 11:47:47,129 [INFO]: Search against KOfam done!
2026-06-29 11:48:21,278 [INFO]: Filtering and saving results...
2026-06-29 11:48:21,335 [INFO]: Search against KOfam done!
2026-06-29 11:48:42,287 [INFO]: Filtering and saving results...
2026-06-29 11:48:42,330 [INFO]: Search against KOfam done!
2026-06-29 11:49:20,238 [INFO]: Filtering and saving results...
2026-06-29 11:49:20,315 [INFO]: Search against KOfam done!
2026-06-29 11:50:29,694 [INFO]: Filtering and saving results...
2026-06-29 11:50:29,834 [INFO]: Search against KOfam done!
2026-06-29 11:51:14,231 [INFO]: Filtering and saving results...
2026-06-29 11:51:14,320 [INFO]: Search against KOfam done!
2026-06-29 11:51:57,298 [INFO]: Filtering and saving results...
2026-06-29 11:51:57,382 [INFO]: Search against KOfam done!
2026-06-29 11:52:36,199 [INFO]: Filtering and saving results...
2026-06-29 11:52:36,286 [INFO]: Search against KOfam done!
2026-06-29 11:53:43,314 [INFO]: Filtering and saving results...
2026-06-29 11:53:43,451 [INFO]: Search against KOfam done!
2026-06-29 11:54:16,557 [INFO]: Filtering and saving results...
2026-06-29 11:54:16,627 [INFO]: Search against KOfam done!
2026-06-29 11:55:05,825 [INFO]: Filtering and saving results...
2026-06-29 11:55:05,937 [INFO]: Search against KOfam done!
2026-06-29 11:56:05,119 [INFO]: Filtering and saving results...
2026-06-29 11:56:05,257 [INFO]: Search against KOfam done!
2026-06-29 11:56:31,680 [INFO]: Filtering and saving results...
2026-06-29 11:56:31,763 [INFO]: Search against KOfam done!
2026-06-29 11:56:31,830 [INFO]: Searching proteins against Swissprot
2026-06-29 11:58:39,350 [INFO]: Extracting Swissprot annotation data
2026-06-29 12:07:57,519 [INFO]: Searching proteins against RefSeq
2026-06-29 14:14:56,212 [INFO]: Extracting RefSeq annotation data
2026-06-29 16:03:54,752 [INFO]: Searching proteins against Trembl
2026-06-29 18:23:07,182 [INFO]: Extracting Trembl annotation data
2026-06-29 18:23:07,508 [INFO]: Improving annotations by searching matches in other databases
2026-06-29 18:23:10,001 [INFO]: MicrobeAnnotator has finished succefully!
