=====================================================
Start Time  : Mon Jun 29 11:11:24 AM PDT 2026
Job ID/Name : 64666406 / pangenome
======================================================

[2026-06-29 11:11:24] ========== Microbeannotator for Pangenome Analysis started ==========
[2026-06-29 11:11:24] Job ID/Name : 64666406 / pangenome
[2026-06-29 11:11:24] Node: hpc-20-27.cm.cluster, CPUs: 32, Mem: 122880MB
[2026-06-29 11:11:28] Activated conda env: /resnick/groups/enviromics/zahra/miniconda3/envs/microbeannotator
[2026-06-29 11:11:28] Running Microbeannotator
Loading diamond/2.1.7-gcc-13.2.0-cfkl5pd
  Loading requirement: zlib-ng/2.1.3-gcc-13.2.0-jetnfwa
2026-06-29 11:11:32,756 [INFO]:  ---- This is MicrobeAnnotator v2.0.5 ---- 
2026-06-29 11:11:32,757 [INFO]: Validating user inputs
2026-06-29 11:11:32,838 [INFO]: Passed
2026-06-29 11:11:32,838 [INFO]: Processing 50 files. I will run 8 files in parallel with 4 threads per file.
2026-06-29 11:11:32,838 [INFO]: Running in no_plot mode. Skipping plotting KO summaries. 
2026-06-29 11:11:33,484 [INFO]: Searching proteins against KOfam profiles
2026-06-29 11:11:33,484 [INFO]: Parsing HMM profile metadata
2026-06-29 11:12:07,072 [INFO]: Filtering and saving results...
2026-06-29 11:12:07,134 [INFO]: Search against KOfam done!
2026-06-29 11:12:57,554 [INFO]: Filtering and saving results...
2026-06-29 11:12:57,611 [INFO]: Search against KOfam done!
2026-06-29 11:13:39,567 [INFO]: Filtering and saving results...
2026-06-29 11:13:39,636 [INFO]: Search against KOfam done!
2026-06-29 11:14:05,919 [INFO]: Filtering and saving results...
2026-06-29 11:14:05,966 [INFO]: Search against KOfam done!
2026-06-29 11:14:44,561 [INFO]: Filtering and saving results...
2026-06-29 11:14:44,612 [INFO]: Search against KOfam done!
2026-06-29 11:15:18,549 [INFO]: Filtering and saving results...
2026-06-29 11:15:18,598 [INFO]: Search against KOfam done!
2026-06-29 11:15:57,927 [INFO]: Filtering and saving results...
2026-06-29 11:15:57,991 [INFO]: Search against KOfam done!
2026-06-29 11:16:38,861 [INFO]: Filtering and saving results...
2026-06-29 11:16:38,931 [INFO]: Search against KOfam done!
2026-06-29 11:17:14,191 [INFO]: Filtering and saving results...
2026-06-29 11:17:14,244 [INFO]: Search against KOfam done!
2026-06-29 11:17:42,697 [INFO]: Filtering and saving results...
2026-06-29 11:17:42,740 [INFO]: Search against KOfam done!
2026-06-29 11:17:59,803 [INFO]: Filtering and saving results...
2026-06-29 11:17:59,832 [INFO]: Search against KOfam done!
2026-06-29 11:18:34,270 [INFO]: Filtering and saving results...
2026-06-29 11:18:34,328 [INFO]: Search against KOfam done!
2026-06-29 11:19:10,468 [INFO]: Filtering and saving results...
2026-06-29 11:19:10,523 [INFO]: Search against KOfam done!
2026-06-29 11:19:38,839 [INFO]: Filtering and saving results...
2026-06-29 11:19:38,885 [INFO]: Search against KOfam done!
2026-06-29 11:19:55,039 [INFO]: Filtering and saving results...
2026-06-29 11:19:55,068 [INFO]: Search against KOfam done!
2026-06-29 11:20:31,463 [INFO]: Filtering and saving results...
2026-06-29 11:20:31,518 [INFO]: Search against KOfam done!
2026-06-29 11:20:52,429 [INFO]: Filtering and saving results...
2026-06-29 11:20:52,466 [INFO]: Search against KOfam done!
2026-06-29 11:21:12,213 [INFO]: Filtering and saving results...
2026-06-29 11:21:12,252 [INFO]: Search against KOfam done!
2026-06-29 11:21:38,490 [INFO]: Filtering and saving results...
2026-06-29 11:21:38,534 [INFO]: Search against KOfam done!
2026-06-29 11:22:09,695 [INFO]: Filtering and saving results...
2026-06-29 11:22:09,749 [INFO]: Search against KOfam done!
2026-06-29 11:23:13,441 [INFO]: Filtering and saving results...
2026-06-29 11:23:13,548 [INFO]: Search against KOfam done!
2026-06-29 11:24:11,765 [INFO]: Filtering and saving results...
2026-06-29 11:24:11,857 [INFO]: Search against KOfam done!
2026-06-29 11:24:39,429 [INFO]: Filtering and saving results...
2026-06-29 11:24:39,483 [INFO]: Search against KOfam done!
2026-06-29 11:25:02,162 [INFO]: Filtering and saving results...
2026-06-29 11:25:02,203 [INFO]: Search against KOfam done!
2026-06-29 11:25:44,913 [INFO]: Filtering and saving results...
2026-06-29 11:25:44,975 [INFO]: Search against KOfam done!
2026-06-29 11:26:20,125 [INFO]: Filtering and saving results...
2026-06-29 11:26:20,192 [INFO]: Search against KOfam done!
2026-06-29 11:26:54,482 [INFO]: Filtering and saving results...
2026-06-29 11:26:54,548 [INFO]: Search against KOfam done!
2026-06-29 11:27:35,341 [INFO]: Filtering and saving results...
2026-06-29 11:27:35,410 [INFO]: Search against KOfam done!
2026-06-29 11:28:01,929 [INFO]: Filtering and saving results...
2026-06-29 11:28:01,979 [INFO]: Search against KOfam done!
2026-06-29 11:28:35,203 [INFO]: Filtering and saving results...
2026-06-29 11:28:35,296 [INFO]: Search against KOfam done!
2026-06-29 11:29:01,122 [INFO]: Filtering and saving results...
2026-06-29 11:29:01,184 [INFO]: Search against KOfam done!
2026-06-29 11:29:47,931 [INFO]: Filtering and saving results...
2026-06-29 11:29:48,027 [INFO]: Search against KOfam done!
2026-06-29 11:31:00,277 [INFO]: Filtering and saving results...
2026-06-29 11:31:00,404 [INFO]: Search against KOfam done!
2026-06-29 11:31:40,534 [INFO]: Filtering and saving results...
2026-06-29 11:31:40,617 [INFO]: Search against KOfam done!
2026-06-29 11:32:04,836 [INFO]: Filtering and saving results...
2026-06-29 11:32:04,883 [INFO]: Search against KOfam done!
2026-06-29 11:32:37,179 [INFO]: Filtering and saving results...
2026-06-29 11:32:37,308 [INFO]: Search against KOfam done!
2026-06-29 11:33:33,100 [INFO]: Filtering and saving results...
2026-06-29 11:33:33,189 [INFO]: Search against KOfam done!
2026-06-29 11:33:52,994 [INFO]: Filtering and saving results...
2026-06-29 11:33:53,027 [INFO]: Search against KOfam done!
2026-06-29 11:34:17,509 [INFO]: Filtering and saving results...
2026-06-29 11:34:17,558 [INFO]: Search against KOfam done!
2026-06-29 11:34:48,664 [INFO]: Filtering and saving results...
2026-06-29 11:34:48,717 [INFO]: Search against KOfam done!
2026-06-29 11:35:13,219 [INFO]: Filtering and saving results...
2026-06-29 11:35:13,268 [INFO]: Search against KOfam done!
2026-06-29 11:35:33,425 [INFO]: Filtering and saving results...
2026-06-29 11:35:33,461 [INFO]: Search against KOfam done!
2026-06-29 11:35:53,789 [INFO]: Filtering and saving results...
2026-06-29 11:35:53,819 [INFO]: Search against KOfam done!
2026-06-29 11:36:31,883 [INFO]: Filtering and saving results...
2026-06-29 11:36:31,949 [INFO]: Search against KOfam done!
2026-06-29 11:37:30,935 [INFO]: Filtering and saving results...
2026-06-29 11:37:31,025 [INFO]: Search against KOfam done!
2026-06-29 11:37:58,174 [INFO]: Filtering and saving results...
2026-06-29 11:37:58,229 [INFO]: Search against KOfam done!
2026-06-29 11:38:29,034 [INFO]: Filtering and saving results...
2026-06-29 11:38:29,094 [INFO]: Search against KOfam done!
2026-06-29 11:38:55,389 [INFO]: Filtering and saving results...
2026-06-29 11:38:55,434 [INFO]: Search against KOfam done!
2026-06-29 11:39:27,444 [INFO]: Filtering and saving results...
2026-06-29 11:39:27,509 [INFO]: Search against KOfam done!
2026-06-29 11:40:03,768 [INFO]: Filtering and saving results...
2026-06-29 11:40:03,832 [INFO]: Search against KOfam done!
2026-06-29 11:40:03,902 [INFO]: Searching proteins against Swissprot
2026-06-29 11:42:02,991 [INFO]: Extracting Swissprot annotation data
2026-06-29 11:48:41,484 [INFO]: Searching proteins against RefSeq
2026-06-29 14:03:49,363 [INFO]: Extracting RefSeq annotation data
2026-06-29 14:39:29,516 [INFO]: Searching proteins against Trembl
2026-06-29 17:00:17,390 [INFO]: Extracting Trembl annotation data
2026-06-29 17:00:17,749 [INFO]: Improving annotations by searching matches in other databases
2026-06-29 17:00:19,646 [INFO]: MicrobeAnnotator has finished succefully!
