=====================================================
Start Time  : Mon Jun 29 11:11:24 AM PDT 2026
Job ID/Name : 64666411 / pangenome
======================================================

[2026-06-29 11:11:24] ========== Microbeannotator for Pangenome Analysis started ==========
[2026-06-29 11:11:24] Job ID/Name : 64666411 / pangenome
[2026-06-29 11:11:24] Node: hpc-54-39.cm.cluster, CPUs: 32, Mem: 122880MB
[2026-06-29 11:11:31] Activated conda env: /resnick/groups/enviromics/zahra/miniconda3/envs/microbeannotator
[2026-06-29 11:11:31] Running Microbeannotator
Loading diamond/2.1.7-gcc-13.2.0-cfkl5pd
  Loading requirement: zlib-ng/2.1.3-gcc-13.2.0-jetnfwa
2026-06-29 11:11:38,157 [INFO]:  ---- This is MicrobeAnnotator v2.0.5 ---- 
2026-06-29 11:11:38,158 [INFO]: Validating user inputs
2026-06-29 11:11:38,247 [INFO]: Passed
2026-06-29 11:11:38,247 [INFO]: Processing 50 files. I will run 8 files in parallel with 4 threads per file.
2026-06-29 11:11:38,247 [INFO]: Running in no_plot mode. Skipping plotting KO summaries. 
2026-06-29 11:11:39,009 [INFO]: Searching proteins against KOfam profiles
2026-06-29 11:11:39,010 [INFO]: Parsing HMM profile metadata
2026-06-29 11:12:00,637 [INFO]: Filtering and saving results...
2026-06-29 11:12:00,690 [INFO]: Search against KOfam done!
2026-06-29 11:12:24,448 [INFO]: Filtering and saving results...
2026-06-29 11:12:24,549 [INFO]: Search against KOfam done!
2026-06-29 11:12:48,566 [INFO]: Filtering and saving results...
2026-06-29 11:12:48,623 [INFO]: Search against KOfam done!
2026-06-29 11:13:11,741 [INFO]: Filtering and saving results...
2026-06-29 11:13:11,779 [INFO]: Search against KOfam done!
2026-06-29 11:13:33,973 [INFO]: Filtering and saving results...
2026-06-29 11:13:34,030 [INFO]: Search against KOfam done!
2026-06-29 11:13:56,106 [INFO]: Filtering and saving results...
2026-06-29 11:13:56,151 [INFO]: Search against KOfam done!
2026-06-29 11:14:27,896 [INFO]: Filtering and saving results...
2026-06-29 11:14:28,012 [INFO]: Search against KOfam done!
2026-06-29 11:14:50,517 [INFO]: Filtering and saving results...
2026-06-29 11:14:50,575 [INFO]: Search against KOfam done!
2026-06-29 11:15:22,022 [INFO]: Filtering and saving results...
2026-06-29 11:15:22,080 [INFO]: Search against KOfam done!
2026-06-29 11:15:49,933 [INFO]: Filtering and saving results...
2026-06-29 11:15:49,994 [INFO]: Search against KOfam done!
2026-06-29 11:16:10,167 [INFO]: Filtering and saving results...
2026-06-29 11:16:10,196 [INFO]: Search against KOfam done!
2026-06-29 11:16:29,558 [INFO]: Filtering and saving results...
2026-06-29 11:16:29,603 [INFO]: Search against KOfam done!
2026-06-29 11:16:48,062 [INFO]: Filtering and saving results...
2026-06-29 11:16:48,107 [INFO]: Search against KOfam done!
2026-06-29 11:17:05,324 [INFO]: Filtering and saving results...
2026-06-29 11:17:05,358 [INFO]: Search against KOfam done!
2026-06-29 11:17:26,895 [INFO]: Filtering and saving results...
2026-06-29 11:17:26,964 [INFO]: Search against KOfam done!
2026-06-29 11:17:51,699 [INFO]: Filtering and saving results...
2026-06-29 11:17:51,758 [INFO]: Search against KOfam done!
2026-06-29 11:18:19,559 [INFO]: Filtering and saving results...
2026-06-29 11:18:19,604 [INFO]: Search against KOfam done!
2026-06-29 11:18:44,691 [INFO]: Filtering and saving results...
2026-06-29 11:18:44,734 [INFO]: Search against KOfam done!
2026-06-29 11:19:06,657 [INFO]: Filtering and saving results...
2026-06-29 11:19:06,726 [INFO]: Search against KOfam done!
2026-06-29 11:19:33,542 [INFO]: Filtering and saving results...
2026-06-29 11:19:33,591 [INFO]: Search against KOfam done!
2026-06-29 11:19:58,285 [INFO]: Filtering and saving results...
2026-06-29 11:19:58,344 [INFO]: Search against KOfam done!
2026-06-29 11:20:27,024 [INFO]: Filtering and saving results...
2026-06-29 11:20:27,093 [INFO]: Search against KOfam done!
2026-06-29 11:20:51,167 [INFO]: Filtering and saving results...
2026-06-29 11:20:51,229 [INFO]: Search against KOfam done!
2026-06-29 11:21:14,063 [INFO]: Filtering and saving results...
2026-06-29 11:21:14,115 [INFO]: Search against KOfam done!
2026-06-29 11:21:46,683 [INFO]: Filtering and saving results...
2026-06-29 11:21:46,737 [INFO]: Search against KOfam done!
2026-06-29 11:22:10,534 [INFO]: Filtering and saving results...
2026-06-29 11:22:10,578 [INFO]: Search against KOfam done!
2026-06-29 11:22:35,151 [INFO]: Filtering and saving results...
2026-06-29 11:22:35,207 [INFO]: Search against KOfam done!
2026-06-29 11:23:03,221 [INFO]: Filtering and saving results...
2026-06-29 11:23:03,289 [INFO]: Search against KOfam done!
2026-06-29 11:23:27,778 [INFO]: Filtering and saving results...
2026-06-29 11:23:27,823 [INFO]: Search against KOfam done!
2026-06-29 11:23:44,206 [INFO]: Filtering and saving results...
2026-06-29 11:23:44,237 [INFO]: Search against KOfam done!
2026-06-29 11:24:10,252 [INFO]: Filtering and saving results...
2026-06-29 11:24:10,289 [INFO]: Search against KOfam done!
2026-06-29 11:24:34,913 [INFO]: Filtering and saving results...
2026-06-29 11:24:34,971 [INFO]: Search against KOfam done!
2026-06-29 11:25:01,130 [INFO]: Filtering and saving results...
2026-06-29 11:25:01,200 [INFO]: Search against KOfam done!
2026-06-29 11:25:31,029 [INFO]: Filtering and saving results...
2026-06-29 11:25:31,091 [INFO]: Search against KOfam done!
2026-06-29 11:25:50,486 [INFO]: Filtering and saving results...
2026-06-29 11:25:50,527 [INFO]: Search against KOfam done!
2026-06-29 11:26:15,459 [INFO]: Filtering and saving results...
2026-06-29 11:26:15,507 [INFO]: Search against KOfam done!
2026-06-29 11:26:46,430 [INFO]: Filtering and saving results...
2026-06-29 11:26:46,472 [INFO]: Search against KOfam done!
2026-06-29 11:27:17,938 [INFO]: Filtering and saving results...
2026-06-29 11:27:17,999 [INFO]: Search against KOfam done!
2026-06-29 11:27:47,652 [INFO]: Filtering and saving results...
2026-06-29 11:27:47,713 [INFO]: Search against KOfam done!
2026-06-29 11:28:16,563 [INFO]: Filtering and saving results...
2026-06-29 11:28:16,612 [INFO]: Search against KOfam done!
2026-06-29 11:28:46,035 [INFO]: Filtering and saving results...
2026-06-29 11:28:46,111 [INFO]: Search against KOfam done!
2026-06-29 11:29:04,467 [INFO]: Filtering and saving results...
2026-06-29 11:29:04,507 [INFO]: Search against KOfam done!
2026-06-29 11:29:38,356 [INFO]: Filtering and saving results...
2026-06-29 11:29:38,419 [INFO]: Search against KOfam done!
2026-06-29 11:29:54,807 [INFO]: Filtering and saving results...
2026-06-29 11:29:54,843 [INFO]: Search against KOfam done!
2026-06-29 11:30:15,686 [INFO]: Filtering and saving results...
2026-06-29 11:30:15,751 [INFO]: Search against KOfam done!
2026-06-29 11:30:34,563 [INFO]: Filtering and saving results...
2026-06-29 11:30:34,583 [INFO]: Search against KOfam done!
2026-06-29 11:30:59,989 [INFO]: Filtering and saving results...
2026-06-29 11:31:00,050 [INFO]: Search against KOfam done!
2026-06-29 11:31:21,709 [INFO]: Filtering and saving results...
2026-06-29 11:31:21,745 [INFO]: Search against KOfam done!
2026-06-29 11:31:51,989 [INFO]: Filtering and saving results...
2026-06-29 11:31:52,055 [INFO]: Search against KOfam done!
2026-06-29 11:32:17,613 [INFO]: Filtering and saving results...
2026-06-29 11:32:17,675 [INFO]: Search against KOfam done!
2026-06-29 11:32:17,719 [INFO]: Searching proteins against Swissprot
2026-06-29 11:34:22,526 [INFO]: Extracting Swissprot annotation data
2026-06-29 11:35:10,310 [INFO]: Searching proteins against RefSeq
2026-06-29 13:35:37,220 [INFO]: Extracting RefSeq annotation data
2026-06-29 13:41:32,224 [INFO]: Searching proteins against Trembl
2026-06-29 15:45:27,716 [INFO]: Extracting Trembl annotation data
2026-06-29 15:45:28,064 [INFO]: Improving annotations by searching matches in other databases
2026-06-29 15:45:29,800 [INFO]: MicrobeAnnotator has finished succefully!
