=====================================================
Start Time  : Mon Jun 29 11:23:47 AM PDT 2026
Job ID/Name : 64666548 / pangenome
======================================================

[2026-06-29 11:23:47] ========== Microbeannotator for Pangenome Analysis started ==========
[2026-06-29 11:23:47] Job ID/Name : 64666548 / pangenome
[2026-06-29 11:23:47] Node: hpc-54-13.cm.cluster, CPUs: 32, Mem: 122880MB
[2026-06-29 11:23:54] Activated conda env: /resnick/groups/enviromics/zahra/miniconda3/envs/microbeannotator
[2026-06-29 11:23:54] Running Microbeannotator
Loading diamond/2.1.7-gcc-13.2.0-cfkl5pd
  Loading requirement: zlib-ng/2.1.3-gcc-13.2.0-jetnfwa
2026-06-29 11:24:01,729 [INFO]:  ---- This is MicrobeAnnotator v2.0.5 ---- 
2026-06-29 11:24:01,730 [INFO]: Validating user inputs
2026-06-29 11:24:01,874 [INFO]: Passed
2026-06-29 11:24:01,875 [INFO]: Processing 50 files. I will run 8 files in parallel with 4 threads per file.
2026-06-29 11:24:01,875 [INFO]: Running in no_plot mode. Skipping plotting KO summaries. 
2026-06-29 11:24:02,785 [INFO]: Searching proteins against KOfam profiles
2026-06-29 11:24:02,785 [INFO]: Parsing HMM profile metadata
2026-06-29 11:24:53,681 [INFO]: Filtering and saving results...
2026-06-29 11:24:53,797 [INFO]: Search against KOfam done!
2026-06-29 11:26:02,054 [INFO]: Filtering and saving results...
2026-06-29 11:26:02,228 [INFO]: Search against KOfam done!
2026-06-29 11:27:12,576 [INFO]: Filtering and saving results...
2026-06-29 11:27:12,738 [INFO]: Search against KOfam done!
2026-06-29 11:27:31,804 [INFO]: Filtering and saving results...
2026-06-29 11:27:31,851 [INFO]: Search against KOfam done!
2026-06-29 11:28:09,066 [INFO]: Filtering and saving results...
2026-06-29 11:28:09,194 [INFO]: Search against KOfam done!
2026-06-29 11:28:56,481 [INFO]: Filtering and saving results...
2026-06-29 11:28:56,564 [INFO]: Search against KOfam done!
2026-06-29 11:29:56,215 [INFO]: Filtering and saving results...
2026-06-29 11:29:56,308 [INFO]: Search against KOfam done!
2026-06-29 11:31:09,514 [INFO]: Filtering and saving results...
2026-06-29 11:31:09,656 [INFO]: Search against KOfam done!
2026-06-29 11:32:17,108 [INFO]: Filtering and saving results...
2026-06-29 11:32:17,256 [INFO]: Search against KOfam done!
2026-06-29 11:33:56,971 [INFO]: Filtering and saving results...
2026-06-29 11:33:57,155 [INFO]: Search against KOfam done!
2026-06-29 11:35:10,977 [INFO]: Filtering and saving results...
2026-06-29 11:35:11,114 [INFO]: Search against KOfam done!
2026-06-29 11:36:45,942 [INFO]: Filtering and saving results...
2026-06-29 11:36:46,147 [INFO]: Search against KOfam done!
2026-06-29 11:37:38,755 [INFO]: Filtering and saving results...
2026-06-29 11:37:38,869 [INFO]: Search against KOfam done!
2026-06-29 11:38:56,768 [INFO]: Filtering and saving results...
2026-06-29 11:38:56,976 [INFO]: Search against KOfam done!
2026-06-29 11:39:40,147 [INFO]: Filtering and saving results...
2026-06-29 11:39:40,233 [INFO]: Search against KOfam done!
2026-06-29 11:40:26,775 [INFO]: Filtering and saving results...
2026-06-29 11:40:26,866 [INFO]: Search against KOfam done!
2026-06-29 11:41:05,370 [INFO]: Filtering and saving results...
2026-06-29 11:41:05,452 [INFO]: Search against KOfam done!
2026-06-29 11:41:54,023 [INFO]: Filtering and saving results...
2026-06-29 11:41:54,185 [INFO]: Search against KOfam done!
2026-06-29 11:43:14,181 [INFO]: Filtering and saving results...
2026-06-29 11:43:14,359 [INFO]: Search against KOfam done!
2026-06-29 11:44:37,277 [INFO]: Filtering and saving results...
2026-06-29 11:44:37,461 [INFO]: Search against KOfam done!
2026-06-29 11:45:10,368 [INFO]: Filtering and saving results...
2026-06-29 11:45:10,454 [INFO]: Search against KOfam done!
2026-06-29 11:45:38,747 [INFO]: Filtering and saving results...
2026-06-29 11:45:38,801 [INFO]: Search against KOfam done!
2026-06-29 11:46:00,668 [INFO]: Filtering and saving results...
2026-06-29 11:46:00,739 [INFO]: Search against KOfam done!
2026-06-29 11:46:42,673 [INFO]: Filtering and saving results...
2026-06-29 11:46:42,745 [INFO]: Search against KOfam done!
2026-06-29 11:48:19,111 [INFO]: Filtering and saving results...
2026-06-29 11:48:19,302 [INFO]: Search against KOfam done!
2026-06-29 11:49:02,188 [INFO]: Filtering and saving results...
2026-06-29 11:49:02,306 [INFO]: Search against KOfam done!
2026-06-29 11:50:42,700 [INFO]: Filtering and saving results...
2026-06-29 11:50:42,932 [INFO]: Search against KOfam done!
2026-06-29 11:51:59,539 [INFO]: Filtering and saving results...
2026-06-29 11:51:59,727 [INFO]: Search against KOfam done!
2026-06-29 11:52:40,821 [INFO]: Filtering and saving results...
2026-06-29 11:52:40,898 [INFO]: Search against KOfam done!
2026-06-29 11:53:28,756 [INFO]: Filtering and saving results...
2026-06-29 11:53:28,868 [INFO]: Search against KOfam done!
2026-06-29 11:53:58,852 [INFO]: Filtering and saving results...
2026-06-29 11:53:58,925 [INFO]: Search against KOfam done!
2026-06-29 11:54:23,391 [INFO]: Filtering and saving results...
2026-06-29 11:54:23,448 [INFO]: Search against KOfam done!
2026-06-29 11:54:59,273 [INFO]: Filtering and saving results...
2026-06-29 11:54:59,363 [INFO]: Search against KOfam done!
2026-06-29 11:55:37,210 [INFO]: Filtering and saving results...
2026-06-29 11:55:37,294 [INFO]: Search against KOfam done!
2026-06-29 11:55:58,358 [INFO]: Filtering and saving results...
2026-06-29 11:55:58,390 [INFO]: Search against KOfam done!
2026-06-29 11:56:33,023 [INFO]: Filtering and saving results...
2026-06-29 11:56:33,188 [INFO]: Search against KOfam done!
2026-06-29 11:57:14,798 [INFO]: Filtering and saving results...
2026-06-29 11:57:14,875 [INFO]: Search against KOfam done!
2026-06-29 11:58:37,920 [INFO]: Filtering and saving results...
2026-06-29 11:58:38,017 [INFO]: Search against KOfam done!
2026-06-29 11:59:15,498 [INFO]: Filtering and saving results...
2026-06-29 11:59:15,613 [INFO]: Search against KOfam done!
2026-06-29 11:59:36,555 [INFO]: Filtering and saving results...
2026-06-29 11:59:36,606 [INFO]: Search against KOfam done!
2026-06-29 12:00:29,141 [INFO]: Filtering and saving results...
2026-06-29 12:00:29,278 [INFO]: Search against KOfam done!
2026-06-29 12:01:51,211 [INFO]: Filtering and saving results...
2026-06-29 12:01:51,399 [INFO]: Search against KOfam done!
2026-06-29 12:02:34,661 [INFO]: Filtering and saving results...
2026-06-29 12:02:34,716 [INFO]: Search against KOfam done!
2026-06-29 12:03:00,442 [INFO]: Filtering and saving results...
2026-06-29 12:03:00,479 [INFO]: Search against KOfam done!
2026-06-29 12:03:35,678 [INFO]: Filtering and saving results...
2026-06-29 12:03:35,737 [INFO]: Search against KOfam done!
2026-06-29 12:04:01,853 [INFO]: Filtering and saving results...
2026-06-29 12:04:01,902 [INFO]: Search against KOfam done!
2026-06-29 12:04:48,314 [INFO]: Filtering and saving results...
2026-06-29 12:04:48,424 [INFO]: Search against KOfam done!
2026-06-29 12:05:27,783 [INFO]: Filtering and saving results...
2026-06-29 12:05:27,851 [INFO]: Search against KOfam done!
2026-06-29 12:06:24,797 [INFO]: Filtering and saving results...
2026-06-29 12:06:24,989 [INFO]: Search against KOfam done!
2026-06-29 12:07:02,778 [INFO]: Filtering and saving results...
2026-06-29 12:07:02,848 [INFO]: Search against KOfam done!
2026-06-29 12:07:02,906 [INFO]: Searching proteins against Swissprot
2026-06-29 12:09:10,275 [INFO]: Extracting Swissprot annotation data
2026-06-29 12:16:42,327 [INFO]: Searching proteins against RefSeq
2026-06-29 14:38:06,415 [INFO]: Extracting RefSeq annotation data
2026-06-29 15:54:21,295 [INFO]: Searching proteins against Trembl
2026-06-29 18:20:21,992 [INFO]: Extracting Trembl annotation data
2026-06-29 18:20:22,471 [INFO]: Improving annotations by searching matches in other databases
2026-06-29 18:20:25,539 [INFO]: MicrobeAnnotator has finished succefully!
