=====================================================
Start Time  : Mon Jun 29 11:20:10 AM PDT 2026
Job ID/Name : 64666521 / pangenome
======================================================

[2026-06-29 11:20:10] ========== Microbeannotator for Pangenome Analysis started ==========
[2026-06-29 11:20:10] Job ID/Name : 64666521 / pangenome
[2026-06-29 11:20:10] Node: hpc-20-25.cm.cluster, CPUs: 32, Mem: 122880MB
[2026-06-29 11:20:13] Activated conda env: /resnick/groups/enviromics/zahra/miniconda3/envs/microbeannotator
[2026-06-29 11:20:13] Running Microbeannotator
Loading diamond/2.1.7-gcc-13.2.0-cfkl5pd
  Loading requirement: zlib-ng/2.1.3-gcc-13.2.0-jetnfwa
2026-06-29 11:20:15,552 [INFO]:  ---- This is MicrobeAnnotator v2.0.5 ---- 
2026-06-29 11:20:15,553 [INFO]: Validating user inputs
2026-06-29 11:20:15,712 [INFO]: Passed
2026-06-29 11:20:15,713 [INFO]: Processing 50 files. I will run 8 files in parallel with 4 threads per file.
2026-06-29 11:20:15,713 [INFO]: Running in no_plot mode. Skipping plotting KO summaries. 
2026-06-29 11:20:16,438 [INFO]: Searching proteins against KOfam profiles
2026-06-29 11:20:16,439 [INFO]: Parsing HMM profile metadata
2026-06-29 11:20:42,646 [INFO]: Filtering and saving results...
2026-06-29 11:20:42,707 [INFO]: Search against KOfam done!
2026-06-29 11:21:18,332 [INFO]: Filtering and saving results...
2026-06-29 11:21:18,378 [INFO]: Search against KOfam done!
2026-06-29 11:22:25,307 [INFO]: Filtering and saving results...
2026-06-29 11:22:25,449 [INFO]: Search against KOfam done!
2026-06-29 11:22:53,064 [INFO]: Filtering and saving results...
2026-06-29 11:22:53,109 [INFO]: Search against KOfam done!
2026-06-29 11:23:29,173 [INFO]: Filtering and saving results...
2026-06-29 11:23:29,216 [INFO]: Search against KOfam done!
2026-06-29 11:24:11,045 [INFO]: Filtering and saving results...
2026-06-29 11:24:11,105 [INFO]: Search against KOfam done!
2026-06-29 11:24:48,234 [INFO]: Filtering and saving results...
2026-06-29 11:24:48,309 [INFO]: Search against KOfam done!
2026-06-29 11:25:37,879 [INFO]: Filtering and saving results...
2026-06-29 11:25:37,945 [INFO]: Search against KOfam done!
2026-06-29 11:26:17,058 [INFO]: Filtering and saving results...
2026-06-29 11:26:17,152 [INFO]: Search against KOfam done!
2026-06-29 11:26:48,362 [INFO]: Filtering and saving results...
2026-06-29 11:26:48,443 [INFO]: Search against KOfam done!
2026-06-29 11:27:35,695 [INFO]: Filtering and saving results...
2026-06-29 11:27:35,770 [INFO]: Search against KOfam done!
2026-06-29 11:28:49,222 [INFO]: Filtering and saving results...
2026-06-29 11:28:49,406 [INFO]: Search against KOfam done!
2026-06-29 11:30:10,078 [INFO]: Filtering and saving results...
2026-06-29 11:30:10,241 [INFO]: Search against KOfam done!
2026-06-29 11:30:45,266 [INFO]: Filtering and saving results...
2026-06-29 11:30:45,339 [INFO]: Search against KOfam done!
2026-06-29 11:31:53,772 [INFO]: Filtering and saving results...
2026-06-29 11:31:53,881 [INFO]: Search against KOfam done!
2026-06-29 11:32:54,487 [INFO]: Filtering and saving results...
2026-06-29 11:32:54,562 [INFO]: Search against KOfam done!
2026-06-29 11:33:15,825 [INFO]: Filtering and saving results...
2026-06-29 11:33:15,857 [INFO]: Search against KOfam done!
2026-06-29 11:34:33,522 [INFO]: Filtering and saving results...
2026-06-29 11:34:33,671 [INFO]: Search against KOfam done!
2026-06-29 11:35:15,849 [INFO]: Filtering and saving results...
2026-06-29 11:35:15,932 [INFO]: Search against KOfam done!
2026-06-29 11:35:53,494 [INFO]: Filtering and saving results...
2026-06-29 11:35:53,551 [INFO]: Search against KOfam done!
2026-06-29 11:36:55,554 [INFO]: Filtering and saving results...
2026-06-29 11:36:55,642 [INFO]: Search against KOfam done!
2026-06-29 11:37:57,836 [INFO]: Filtering and saving results...
2026-06-29 11:37:57,940 [INFO]: Search against KOfam done!
2026-06-29 11:38:49,581 [INFO]: Filtering and saving results...
2026-06-29 11:38:49,720 [INFO]: Search against KOfam done!
2026-06-29 11:39:48,088 [INFO]: Filtering and saving results...
2026-06-29 11:39:48,251 [INFO]: Search against KOfam done!
2026-06-29 11:40:54,413 [INFO]: Filtering and saving results...
2026-06-29 11:40:54,521 [INFO]: Search against KOfam done!
2026-06-29 11:41:50,646 [INFO]: Filtering and saving results...
2026-06-29 11:41:50,756 [INFO]: Search against KOfam done!
2026-06-29 11:42:34,530 [INFO]: Filtering and saving results...
2026-06-29 11:42:34,617 [INFO]: Search against KOfam done!
2026-06-29 11:43:25,254 [INFO]: Filtering and saving results...
2026-06-29 11:43:25,340 [INFO]: Search against KOfam done!
2026-06-29 11:45:06,405 [INFO]: Filtering and saving results...
2026-06-29 11:45:06,528 [INFO]: Search against KOfam done!
2026-06-29 11:46:14,779 [INFO]: Filtering and saving results...
2026-06-29 11:46:14,899 [INFO]: Search against KOfam done!
2026-06-29 11:47:14,859 [INFO]: Filtering and saving results...
2026-06-29 11:47:14,986 [INFO]: Search against KOfam done!
2026-06-29 11:48:06,988 [INFO]: Filtering and saving results...
2026-06-29 11:48:07,103 [INFO]: Search against KOfam done!
2026-06-29 11:48:50,478 [INFO]: Filtering and saving results...
2026-06-29 11:48:50,551 [INFO]: Search against KOfam done!
2026-06-29 11:49:36,195 [INFO]: Filtering and saving results...
2026-06-29 11:49:36,284 [INFO]: Search against KOfam done!
2026-06-29 11:50:19,941 [INFO]: Filtering and saving results...
2026-06-29 11:50:20,038 [INFO]: Search against KOfam done!
2026-06-29 11:51:10,818 [INFO]: Filtering and saving results...
2026-06-29 11:51:10,909 [INFO]: Search against KOfam done!
2026-06-29 11:52:10,795 [INFO]: Filtering and saving results...
2026-06-29 11:52:10,867 [INFO]: Search against KOfam done!
2026-06-29 11:52:36,880 [INFO]: Filtering and saving results...
2026-06-29 11:52:36,944 [INFO]: Search against KOfam done!
2026-06-29 11:53:27,294 [INFO]: Filtering and saving results...
2026-06-29 11:53:27,385 [INFO]: Search against KOfam done!
2026-06-29 11:55:29,660 [INFO]: Filtering and saving results...
2026-06-29 11:55:29,821 [INFO]: Search against KOfam done!
2026-06-29 11:56:15,494 [INFO]: Filtering and saving results...
2026-06-29 11:56:15,556 [INFO]: Search against KOfam done!
2026-06-29 11:57:05,564 [INFO]: Filtering and saving results...
2026-06-29 11:57:05,646 [INFO]: Search against KOfam done!
2026-06-29 11:58:06,467 [INFO]: Filtering and saving results...
2026-06-29 11:58:06,574 [INFO]: Search against KOfam done!
2026-06-29 11:59:24,970 [INFO]: Filtering and saving results...
2026-06-29 11:59:25,114 [INFO]: Search against KOfam done!
2026-06-29 12:00:42,883 [INFO]: Filtering and saving results...
2026-06-29 12:00:43,036 [INFO]: Search against KOfam done!
2026-06-29 12:02:09,427 [INFO]: Filtering and saving results...
2026-06-29 12:02:09,581 [INFO]: Search against KOfam done!
2026-06-29 12:03:31,718 [INFO]: Filtering and saving results...
2026-06-29 12:03:31,895 [INFO]: Search against KOfam done!
2026-06-29 12:04:41,754 [INFO]: Filtering and saving results...
2026-06-29 12:04:41,843 [INFO]: Search against KOfam done!
2026-06-29 12:05:12,955 [INFO]: Filtering and saving results...
2026-06-29 12:05:13,036 [INFO]: Search against KOfam done!
2026-06-29 12:06:20,607 [INFO]: Filtering and saving results...
2026-06-29 12:06:20,726 [INFO]: Search against KOfam done!
2026-06-29 12:06:20,846 [INFO]: Searching proteins against Swissprot
2026-06-29 12:08:51,415 [INFO]: Extracting Swissprot annotation data
2026-06-29 12:19:11,602 [INFO]: Searching proteins against RefSeq
2026-06-29 14:42:21,529 [INFO]: Extracting RefSeq annotation data
2026-06-29 16:04:26,432 [INFO]: Searching proteins against Trembl
2026-06-29 18:38:58,961 [INFO]: Extracting Trembl annotation data
2026-06-29 18:38:59,438 [INFO]: Improving annotations by searching matches in other databases
2026-06-29 18:39:01,662 [INFO]: MicrobeAnnotator has finished succefully!
