2026-08-16 15:35:01,768 INFO Runner started
2026-08-16 15:35:01,862 INFO API response status: 200
2026-08-16 15:35:01,862 INFO API response body: []
2026-08-16 15:35:01,864 INFO Polled — 0 job(s) ready
2026-08-16 15:40:01,602 INFO Runner started
2026-08-16 15:40:01,642 INFO API response status: 200
2026-08-16 15:40:01,642 INFO API response body: []
2026-08-16 15:40:01,642 INFO Polled — 0 job(s) ready
2026-08-16 15:45:02,062 INFO Runner started
2026-08-16 15:45:02,124 INFO API response status: 200
2026-08-16 15:45:02,124 INFO API response body: [{"id":"03e8fda2-dab6-4707-9d01-6c67d71d6cdd","filename":"RS_GCF_001571105.1_protein.faa","hpc_path":"/data/uploads/03e8fda2-dab6-4707-9d01-6c67d71d6cdd/RS_GCF_001571105.1_protein.faa","use_prodigal":false}]
2026-08-16 15:45:02,125 INFO Polled — 1 job(s) ready
2026-08-16 15:45:02,444 INFO [03e8fda2-dab6-4707-9d01-6c67d71d6cdd] processing /resnick/scratch/zshivji/diazoDB-HPC/jobs/03e8fda2-dab6-4707-9d01-6c67d71d6cdd/input/RS_GCF_001571105.1_protein.faa
931849
2026-08-16 15:45:47,266 ERROR [03e8fda2-dab6-4707-9d01-6c67d71d6cdd] tool failed: Command '['sbatch', '--wait', '--parsable', '--job-name', 'diazodb_03e8fda2', '--output', '/resnick/scratch/zshivji/diazoDB-HPC/jobs/03e8fda2-dab6-4707-9d01-6c67d71d6cdd/logs/%x-%j.out', '--export', 'ALL,DIAZODB_JOB_ID=03e8fda2-dab6-4707-9d01-6c67d71d6cdd,DIAZODB_INPUT=/resnick/scratch/zshivji/diazoDB-HPC/jobs/03e8fda2-dab6-4707-9d01-6c67d71d6cdd/input/RS_GCF_001571105.1_protein.faa,DIAZODB_OUTDIR=/resnick/scratch/zshivji/diazoDB-HPC/jobs/03e8fda2-dab6-4707-9d01-6c67d71d6cdd/intermediate,DIAZODB_OUTPUT=/resnick/scratch/zshivji/diazoDB-HPC/jobs/03e8fda2-dab6-4707-9d01-6c67d71d6cdd/results/nif_clusters.csv,DIAZODB_USE_PRODIGAL=false', '/resnick/groups/enviromics/zahra/diazoDB-HPC/bin/diazodb_classify.sh']' returned non-zero exit status 2.
Traceback (most recent call last):
  File "/resnick/groups/enviromics/zahra/diazoDB-HPC/runner/runner.py", line 181, in process
    run_analysis(job_id, input_path, intermediate_dir, result_path, log_dir)
  File "/resnick/groups/enviromics/zahra/diazoDB-HPC/runner/runner.py", line 147, in run_analysis
    run_slurm(job_id, input_path, intermediate_dir, result_path, log_dir)
  File "/resnick/groups/enviromics/zahra/diazoDB-HPC/runner/runner.py", line 112, in run_slurm
    subprocess.run(
  File "/usr/lib64/python3.9/subprocess.py", line 528, in run
    raise CalledProcessError(retcode, process.args,
subprocess.CalledProcessError: Command '['sbatch', '--wait', '--parsable', '--job-name', 'diazodb_03e8fda2', '--output', '/resnick/scratch/zshivji/diazoDB-HPC/jobs/03e8fda2-dab6-4707-9d01-6c67d71d6cdd/logs/%x-%j.out', '--export', 'ALL,DIAZODB_JOB_ID=03e8fda2-dab6-4707-9d01-6c67d71d6cdd,DIAZODB_INPUT=/resnick/scratch/zshivji/diazoDB-HPC/jobs/03e8fda2-dab6-4707-9d01-6c67d71d6cdd/input/RS_GCF_001571105.1_protein.faa,DIAZODB_OUTDIR=/resnick/scratch/zshivji/diazoDB-HPC/jobs/03e8fda2-dab6-4707-9d01-6c67d71d6cdd/intermediate,DIAZODB_OUTPUT=/resnick/scratch/zshivji/diazoDB-HPC/jobs/03e8fda2-dab6-4707-9d01-6c67d71d6cdd/results/nif_clusters.csv,DIAZODB_USE_PRODIGAL=false', '/resnick/groups/enviromics/zahra/diazoDB-HPC/bin/diazodb_classify.sh']' returned non-zero exit status 2.
2026-08-16 15:50:02,114 INFO Runner started
2026-08-16 15:50:02,155 INFO API response status: 200
2026-08-16 15:50:02,155 INFO API response body: []
2026-08-16 15:50:02,156 INFO Polled — 0 job(s) ready
2026-08-16 15:55:01,957 INFO Runner started
2026-08-16 15:55:02,013 INFO API response status: 200
2026-08-16 15:55:02,013 INFO API response body: [{"id":"a8903757-b718-4396-8616-678704e22cb8","filename":"RS_GCF_001571105.1_protein.faa","hpc_path":"/data/uploads/a8903757-b718-4396-8616-678704e22cb8/RS_GCF_001571105.1_protein.faa","use_prodigal":false},{"id":"7e275703-cb56-4a0c-bbe8-d7688ec69f8f","filename":"RS_GCF_001571105.1_protein.faa","hpc_path":"/data/uploads/7e275703-cb56-4a0c-bbe8-d7688ec69f8f/RS_GCF_001571105.1_protein.faa","use_prodigal":false}]
2026-08-16 15:55:02,014 INFO Polled — 2 job(s) ready
2026-08-16 15:55:02,223 INFO [a8903757-b718-4396-8616-678704e22cb8] processing /resnick/scratch/zshivji/diazoDB-HPC/jobs/a8903757-b718-4396-8616-678704e22cb8/input/RS_GCF_001571105.1_protein.faa
932147
2026-08-16 15:55:44,618 ERROR [a8903757-b718-4396-8616-678704e22cb8] tool failed: Command '['sbatch', '--wait', '--parsable', '--job-name', 'diazodb_a8903757', '--output', '/resnick/scratch/zshivji/diazoDB-HPC/jobs/a8903757-b718-4396-8616-678704e22cb8/logs/%x-%j.out', '--export', 'ALL,DIAZODB_JOB_ID=a8903757-b718-4396-8616-678704e22cb8,DIAZODB_INPUT=/resnick/scratch/zshivji/diazoDB-HPC/jobs/a8903757-b718-4396-8616-678704e22cb8/input/RS_GCF_001571105.1_protein.faa,DIAZODB_OUTDIR=/resnick/scratch/zshivji/diazoDB-HPC/jobs/a8903757-b718-4396-8616-678704e22cb8/intermediate,DIAZODB_OUTPUT=/resnick/scratch/zshivji/diazoDB-HPC/jobs/a8903757-b718-4396-8616-678704e22cb8/results/nif_clusters.csv,DIAZODB_USE_PRODIGAL=false', '/resnick/groups/enviromics/zahra/diazoDB-HPC/bin/diazodb_classify.sh']' returned non-zero exit status 127.
Traceback (most recent call last):
  File "/resnick/groups/enviromics/zahra/diazoDB-HPC/runner/runner.py", line 181, in process
    run_analysis(job_id, input_path, intermediate_dir, result_path, log_dir)
  File "/resnick/groups/enviromics/zahra/diazoDB-HPC/runner/runner.py", line 147, in run_analysis
    run_slurm(job_id, input_path, intermediate_dir, result_path, log_dir)
  File "/resnick/groups/enviromics/zahra/diazoDB-HPC/runner/runner.py", line 112, in run_slurm
    subprocess.run(
  File "/usr/lib64/python3.9/subprocess.py", line 528, in run
    raise CalledProcessError(retcode, process.args,
subprocess.CalledProcessError: Command '['sbatch', '--wait', '--parsable', '--job-name', 'diazodb_a8903757', '--output', '/resnick/scratch/zshivji/diazoDB-HPC/jobs/a8903757-b718-4396-8616-678704e22cb8/logs/%x-%j.out', '--export', 'ALL,DIAZODB_JOB_ID=a8903757-b718-4396-8616-678704e22cb8,DIAZODB_INPUT=/resnick/scratch/zshivji/diazoDB-HPC/jobs/a8903757-b718-4396-8616-678704e22cb8/input/RS_GCF_001571105.1_protein.faa,DIAZODB_OUTDIR=/resnick/scratch/zshivji/diazoDB-HPC/jobs/a8903757-b718-4396-8616-678704e22cb8/intermediate,DIAZODB_OUTPUT=/resnick/scratch/zshivji/diazoDB-HPC/jobs/a8903757-b718-4396-8616-678704e22cb8/results/nif_clusters.csv,DIAZODB_USE_PRODIGAL=false', '/resnick/groups/enviromics/zahra/diazoDB-HPC/bin/diazodb_classify.sh']' returned non-zero exit status 127.
2026-08-16 15:55:44,785 INFO [7e275703-cb56-4a0c-bbe8-d7688ec69f8f] processing /resnick/scratch/zshivji/diazoDB-HPC/jobs/7e275703-cb56-4a0c-bbe8-d7688ec69f8f/input/RS_GCF_001571105.1_protein.faa
932169
2026-08-16 15:56:27,123 ERROR [7e275703-cb56-4a0c-bbe8-d7688ec69f8f] tool failed: Command '['sbatch', '--wait', '--parsable', '--job-name', 'diazodb_7e275703', '--output', '/resnick/scratch/zshivji/diazoDB-HPC/jobs/7e275703-cb56-4a0c-bbe8-d7688ec69f8f/logs/%x-%j.out', '--export', 'ALL,DIAZODB_JOB_ID=7e275703-cb56-4a0c-bbe8-d7688ec69f8f,DIAZODB_INPUT=/resnick/scratch/zshivji/diazoDB-HPC/jobs/7e275703-cb56-4a0c-bbe8-d7688ec69f8f/input/RS_GCF_001571105.1_protein.faa,DIAZODB_OUTDIR=/resnick/scratch/zshivji/diazoDB-HPC/jobs/7e275703-cb56-4a0c-bbe8-d7688ec69f8f/intermediate,DIAZODB_OUTPUT=/resnick/scratch/zshivji/diazoDB-HPC/jobs/7e275703-cb56-4a0c-bbe8-d7688ec69f8f/results/nif_clusters.csv,DIAZODB_USE_PRODIGAL=false', '/resnick/groups/enviromics/zahra/diazoDB-HPC/bin/diazodb_classify.sh']' returned non-zero exit status 127.
Traceback (most recent call last):
  File "/resnick/groups/enviromics/zahra/diazoDB-HPC/runner/runner.py", line 181, in process
    run_analysis(job_id, input_path, intermediate_dir, result_path, log_dir)
  File "/resnick/groups/enviromics/zahra/diazoDB-HPC/runner/runner.py", line 147, in run_analysis
    run_slurm(job_id, input_path, intermediate_dir, result_path, log_dir)
  File "/resnick/groups/enviromics/zahra/diazoDB-HPC/runner/runner.py", line 112, in run_slurm
    subprocess.run(
  File "/usr/lib64/python3.9/subprocess.py", line 528, in run
    raise CalledProcessError(retcode, process.args,
subprocess.CalledProcessError: Command '['sbatch', '--wait', '--parsable', '--job-name', 'diazodb_7e275703', '--output', '/resnick/scratch/zshivji/diazoDB-HPC/jobs/7e275703-cb56-4a0c-bbe8-d7688ec69f8f/logs/%x-%j.out', '--export', 'ALL,DIAZODB_JOB_ID=7e275703-cb56-4a0c-bbe8-d7688ec69f8f,DIAZODB_INPUT=/resnick/scratch/zshivji/diazoDB-HPC/jobs/7e275703-cb56-4a0c-bbe8-d7688ec69f8f/input/RS_GCF_001571105.1_protein.faa,DIAZODB_OUTDIR=/resnick/scratch/zshivji/diazoDB-HPC/jobs/7e275703-cb56-4a0c-bbe8-d7688ec69f8f/intermediate,DIAZODB_OUTPUT=/resnick/scratch/zshivji/diazoDB-HPC/jobs/7e275703-cb56-4a0c-bbe8-d7688ec69f8f/results/nif_clusters.csv,DIAZODB_USE_PRODIGAL=false', '/resnick/groups/enviromics/zahra/diazoDB-HPC/bin/diazodb_classify.sh']' returned non-zero exit status 127.
2026-08-16 20:25:01,248 INFO Runner started
2026-08-16 20:25:01,288 INFO API response status: 200
2026-08-16 20:25:01,288 INFO API response body: []
2026-08-16 20:25:01,289 INFO Polled — 0 job(s) ready
2026-08-16 20:30:02,126 INFO Runner started
2026-08-16 20:30:02,187 INFO API response status: 200
2026-08-16 20:30:02,187 INFO API response body: [{"id":"8d7a239b-ae55-444d-8fde-96edd04287fe","filename":"RS_GCF_001571105.1_protein.faa","hpc_path":"/data/uploads/8d7a239b-ae55-444d-8fde-96edd04287fe/RS_GCF_001571105.1_protein.faa","use_prodigal":false},{"id":"94384356-80b9-42e8-bc74-50bf013611d4","filename":"MSH54_regolith__binette_bin1.faa","hpc_path":"/data/uploads/94384356-80b9-42e8-bc74-50bf013611d4/MSH54_regolith__binette_bin1.faa","use_prodigal":false}]
2026-08-16 20:30:02,189 INFO Polled — 2 job(s) ready
2026-08-16 20:30:02,372 INFO [8d7a239b-ae55-444d-8fde-96edd04287fe] processing /resnick/scratch/zshivji/diazoDB-HPC/jobs/8d7a239b-ae55-444d-8fde-96edd04287fe/input/RS_GCF_001571105.1_protein.faa
937290
2026-08-16 20:30:44,809 ERROR [8d7a239b-ae55-444d-8fde-96edd04287fe] tool failed: Command '['sbatch', '--wait', '--parsable', '--job-name', 'diazodb_8d7a239b', '--output', '/resnick/scratch/zshivji/diazoDB-HPC/jobs/8d7a239b-ae55-444d-8fde-96edd04287fe/logs/%x-%j.out', '--export', 'ALL,DIAZODB_JOB_ID=8d7a239b-ae55-444d-8fde-96edd04287fe,DIAZODB_INPUT=/resnick/scratch/zshivji/diazoDB-HPC/jobs/8d7a239b-ae55-444d-8fde-96edd04287fe/input/RS_GCF_001571105.1_protein.faa,DIAZODB_OUTDIR=/resnick/scratch/zshivji/diazoDB-HPC/jobs/8d7a239b-ae55-444d-8fde-96edd04287fe/intermediate,DIAZODB_OUTPUT=/resnick/scratch/zshivji/diazoDB-HPC/jobs/8d7a239b-ae55-444d-8fde-96edd04287fe/results/nif_clusters.csv,DIAZODB_USE_PRODIGAL=false', '/resnick/groups/enviromics/zahra/diazoDB-HPC/bin/diazodb_classify.sh']' returned non-zero exit status 1.
Traceback (most recent call last):
  File "/resnick/groups/enviromics/zahra/diazoDB-HPC/runner/runner.py", line 181, in process
    run_analysis(job_id, input_path, intermediate_dir, result_path, log_dir)
  File "/resnick/groups/enviromics/zahra/diazoDB-HPC/runner/runner.py", line 147, in run_analysis
    run_slurm(job_id, input_path, intermediate_dir, result_path, log_dir)
  File "/resnick/groups/enviromics/zahra/diazoDB-HPC/runner/runner.py", line 112, in run_slurm
    subprocess.run(
  File "/usr/lib64/python3.9/subprocess.py", line 528, in run
    raise CalledProcessError(retcode, process.args,
subprocess.CalledProcessError: Command '['sbatch', '--wait', '--parsable', '--job-name', 'diazodb_8d7a239b', '--output', '/resnick/scratch/zshivji/diazoDB-HPC/jobs/8d7a239b-ae55-444d-8fde-96edd04287fe/logs/%x-%j.out', '--export', 'ALL,DIAZODB_JOB_ID=8d7a239b-ae55-444d-8fde-96edd04287fe,DIAZODB_INPUT=/resnick/scratch/zshivji/diazoDB-HPC/jobs/8d7a239b-ae55-444d-8fde-96edd04287fe/input/RS_GCF_001571105.1_protein.faa,DIAZODB_OUTDIR=/resnick/scratch/zshivji/diazoDB-HPC/jobs/8d7a239b-ae55-444d-8fde-96edd04287fe/intermediate,DIAZODB_OUTPUT=/resnick/scratch/zshivji/diazoDB-HPC/jobs/8d7a239b-ae55-444d-8fde-96edd04287fe/results/nif_clusters.csv,DIAZODB_USE_PRODIGAL=false', '/resnick/groups/enviromics/zahra/diazoDB-HPC/bin/diazodb_classify.sh']' returned non-zero exit status 1.
2026-08-16 20:30:45,003 INFO [94384356-80b9-42e8-bc74-50bf013611d4] processing /resnick/scratch/zshivji/diazoDB-HPC/jobs/94384356-80b9-42e8-bc74-50bf013611d4/input/MSH54_regolith__binette_bin1.faa
937296
2026-08-16 20:31:59,667 INFO [94384356-80b9-42e8-bc74-50bf013611d4] complete
2026-08-16 20:35:02,090 INFO Runner started
2026-08-16 20:35:02,131 INFO API response status: 200
2026-08-16 20:35:02,131 INFO API response body: []
2026-08-16 20:35:02,132 INFO Polled — 0 job(s) ready
2026-08-16 20:40:01,936 INFO Runner started
2026-08-16 20:40:01,977 INFO API response status: 200
2026-08-16 20:40:01,977 INFO API response body: []
2026-08-16 20:40:01,977 INFO Polled — 0 job(s) ready
2026-08-16 20:45:01,479 INFO Runner started
2026-08-16 20:45:01,522 INFO API response status: 200
2026-08-16 20:45:01,522 INFO API response body: [{"id":"400872f7-0a5d-4d74-ba54-7f472dbfd04d","filename":"RS_GCF_001571105.1_protein.faa","hpc_path":"/data/uploads/400872f7-0a5d-4d74-ba54-7f472dbfd04d/RS_GCF_001571105.1_protein.faa","use_prodigal":false}]
2026-08-16 20:45:01,523 INFO Polled — 1 job(s) ready
2026-08-16 20:45:01,669 INFO [400872f7-0a5d-4d74-ba54-7f472dbfd04d] processing /resnick/scratch/zshivji/diazoDB-HPC/jobs/400872f7-0a5d-4d74-ba54-7f472dbfd04d/input/RS_GCF_001571105.1_protein.faa
937347
2026-08-16 20:45:44,072 ERROR [400872f7-0a5d-4d74-ba54-7f472dbfd04d] tool failed: Command '['sbatch', '--wait', '--parsable', '--job-name', 'diazodb_400872f7', '--output', '/resnick/scratch/zshivji/diazoDB-HPC/jobs/400872f7-0a5d-4d74-ba54-7f472dbfd04d/logs/%x-%j.out', '--export', 'ALL,DIAZODB_JOB_ID=400872f7-0a5d-4d74-ba54-7f472dbfd04d,DIAZODB_INPUT=/resnick/scratch/zshivji/diazoDB-HPC/jobs/400872f7-0a5d-4d74-ba54-7f472dbfd04d/input/RS_GCF_001571105.1_protein.faa,DIAZODB_OUTDIR=/resnick/scratch/zshivji/diazoDB-HPC/jobs/400872f7-0a5d-4d74-ba54-7f472dbfd04d/intermediate,DIAZODB_OUTPUT=/resnick/scratch/zshivji/diazoDB-HPC/jobs/400872f7-0a5d-4d74-ba54-7f472dbfd04d/results/nif_clusters.csv,DIAZODB_USE_PRODIGAL=false', '/resnick/groups/enviromics/zahra/diazoDB-HPC/bin/diazodb_classify.sh']' returned non-zero exit status 1.
Traceback (most recent call last):
  File "/resnick/groups/enviromics/zahra/diazoDB-HPC/runner/runner.py", line 181, in process
    run_analysis(job_id, input_path, intermediate_dir, result_path, log_dir)
  File "/resnick/groups/enviromics/zahra/diazoDB-HPC/runner/runner.py", line 147, in run_analysis
    run_slurm(job_id, input_path, intermediate_dir, result_path, log_dir)
  File "/resnick/groups/enviromics/zahra/diazoDB-HPC/runner/runner.py", line 112, in run_slurm
    subprocess.run(
  File "/usr/lib64/python3.9/subprocess.py", line 528, in run
    raise CalledProcessError(retcode, process.args,
subprocess.CalledProcessError: Command '['sbatch', '--wait', '--parsable', '--job-name', 'diazodb_400872f7', '--output', '/resnick/scratch/zshivji/diazoDB-HPC/jobs/400872f7-0a5d-4d74-ba54-7f472dbfd04d/logs/%x-%j.out', '--export', 'ALL,DIAZODB_JOB_ID=400872f7-0a5d-4d74-ba54-7f472dbfd04d,DIAZODB_INPUT=/resnick/scratch/zshivji/diazoDB-HPC/jobs/400872f7-0a5d-4d74-ba54-7f472dbfd04d/input/RS_GCF_001571105.1_protein.faa,DIAZODB_OUTDIR=/resnick/scratch/zshivji/diazoDB-HPC/jobs/400872f7-0a5d-4d74-ba54-7f472dbfd04d/intermediate,DIAZODB_OUTPUT=/resnick/scratch/zshivji/diazoDB-HPC/jobs/400872f7-0a5d-4d74-ba54-7f472dbfd04d/results/nif_clusters.csv,DIAZODB_USE_PRODIGAL=false', '/resnick/groups/enviromics/zahra/diazoDB-HPC/bin/diazodb_classify.sh']' returned non-zero exit status 1.
2026-08-16 20:50:01,837 INFO Runner started
2026-08-16 20:50:01,893 INFO API response status: 200
2026-08-16 20:50:01,893 INFO API response body: []
2026-08-16 20:50:01,895 INFO Polled — 0 job(s) ready
2026-08-16 20:55:02,174 INFO Runner started
2026-08-16 20:55:02,213 INFO API response status: 200
2026-08-16 20:55:02,213 INFO API response body: []
2026-08-16 20:55:02,214 INFO Polled — 0 job(s) ready
2026-08-16 21:00:02,088 INFO Runner started
2026-08-16 21:00:02,128 INFO API response status: 200
2026-08-16 21:00:02,128 INFO API response body: []
2026-08-16 21:00:02,128 INFO Polled — 0 job(s) ready
2026-08-16 21:05:01,724 INFO Runner started
2026-08-16 21:05:01,772 INFO API response status: 200
2026-08-16 21:05:01,773 INFO API response body: []
2026-08-16 21:05:01,773 INFO Polled — 0 job(s) ready
2026-08-16 21:10:01,692 INFO Runner started
2026-08-16 21:10:01,731 INFO API response status: 200
2026-08-16 21:10:01,732 INFO API response body: []
2026-08-16 21:10:01,732 INFO Polled — 0 job(s) ready
2026-08-16 21:15:02,125 INFO Runner started
2026-08-16 21:15:02,165 INFO API response status: 200
2026-08-16 21:15:02,166 INFO API response body: []
2026-08-16 21:15:02,167 INFO Polled — 0 job(s) ready
2026-08-16 21:20:02,061 INFO Runner started
2026-08-16 21:20:02,109 INFO API response status: 200
2026-08-16 21:20:02,109 INFO API response body: []
2026-08-16 21:20:02,110 INFO Polled — 0 job(s) ready
2026-08-16 21:25:01,632 INFO Runner started
2026-08-16 21:25:01,672 INFO API response status: 200
2026-08-16 21:25:01,672 INFO API response body: []
2026-08-16 21:25:01,673 INFO Polled — 0 job(s) ready
2026-08-16 21:30:01,565 INFO Runner started
2026-08-16 21:30:01,604 INFO API response status: 200
2026-08-16 21:30:01,604 INFO API response body: []
2026-08-16 21:30:01,606 INFO Polled — 0 job(s) ready
2026-08-16 21:35:02,187 INFO Runner started
2026-08-16 21:35:02,238 INFO API response status: 200
2026-08-16 21:35:02,239 INFO API response body: []
2026-08-16 21:35:02,239 INFO Polled — 0 job(s) ready
2026-08-16 21:40:02,106 INFO Runner started
2026-08-16 21:40:02,145 INFO API response status: 200
2026-08-16 21:40:02,145 INFO API response body: []
2026-08-16 21:40:02,146 INFO Polled — 0 job(s) ready
2026-08-16 21:45:01,629 INFO Runner started
2026-08-16 21:45:01,668 INFO API response status: 200
2026-08-16 21:45:01,668 INFO API response body: []
2026-08-16 21:45:01,669 INFO Polled — 0 job(s) ready
2026-08-16 21:50:01,534 INFO Runner started
2026-08-16 21:50:01,566 INFO API response status: 200
2026-08-16 21:50:01,566 INFO API response body: []
2026-08-16 21:50:01,567 INFO Polled — 0 job(s) ready
2026-08-16 21:55:01,244 INFO Runner started
2026-08-16 21:55:01,295 INFO API response status: 200
2026-08-16 21:55:01,295 INFO API response body: []
2026-08-16 21:55:01,296 INFO Polled — 0 job(s) ready
2026-08-16 22:00:02,184 INFO Runner started
2026-08-16 22:00:02,229 INFO API response status: 200
2026-08-16 22:00:02,229 INFO API response body: []
2026-08-16 22:00:02,231 INFO Polled — 0 job(s) ready
2026-08-16 22:05:01,778 INFO Runner started
2026-08-16 22:05:01,818 INFO API response status: 200
2026-08-16 22:05:01,818 INFO API response body: []
2026-08-16 22:05:01,819 INFO Polled — 0 job(s) ready
2026-08-16 22:10:01,689 INFO Runner started
2026-08-16 22:10:01,733 INFO API response status: 200
2026-08-16 22:10:01,733 INFO API response body: []
2026-08-16 22:10:01,735 INFO Polled — 0 job(s) ready
2026-08-16 22:15:01,765 INFO Runner started
2026-08-16 22:15:01,809 INFO API response status: 200
2026-08-16 22:15:01,809 INFO API response body: []
2026-08-16 22:15:01,811 INFO Polled — 0 job(s) ready
2026-08-16 22:20:01,657 INFO Runner started
2026-08-16 22:20:01,696 INFO API response status: 200
2026-08-16 22:20:01,696 INFO API response body: []
2026-08-16 22:20:01,697 INFO Polled — 0 job(s) ready
2026-08-16 22:25:01,283 INFO Runner started
2026-08-16 22:25:01,341 INFO API response status: 200
2026-08-16 22:25:01,342 INFO API response body: []
2026-08-16 22:25:01,343 INFO Polled — 0 job(s) ready
2026-08-16 22:30:02,159 INFO Runner started
2026-08-16 22:30:02,198 INFO API response status: 200
2026-08-16 22:30:02,198 INFO API response body: []
2026-08-16 22:30:02,199 INFO Polled — 0 job(s) ready
2026-08-16 22:35:01,285 INFO Runner started
2026-08-16 22:35:01,325 INFO API response status: 200
2026-08-16 22:35:01,325 INFO API response body: []
2026-08-16 22:35:01,326 INFO Polled — 0 job(s) ready
2026-08-16 22:40:02,183 INFO Runner started
2026-08-16 22:40:02,230 INFO API response status: 200
2026-08-16 22:40:02,231 INFO API response body: []
2026-08-16 22:40:02,232 INFO Polled — 0 job(s) ready
2026-08-16 22:45:02,192 INFO Runner started
2026-08-16 22:45:02,232 INFO API response status: 200
2026-08-16 22:45:02,232 INFO API response body: []
2026-08-16 22:45:02,233 INFO Polled — 0 job(s) ready
2026-08-16 22:50:02,164 INFO Runner started
2026-08-16 22:50:02,204 INFO API response status: 200
2026-08-16 22:50:02,205 INFO API response body: []
2026-08-16 22:50:02,206 INFO Polled — 0 job(s) ready
2026-08-16 22:55:02,038 INFO Runner started
2026-08-16 22:55:02,086 INFO API response status: 200
2026-08-16 22:55:02,087 INFO API response body: []
2026-08-16 22:55:02,087 INFO Polled — 0 job(s) ready
2026-08-16 23:00:01,951 INFO Runner started
2026-08-16 23:00:01,991 INFO API response status: 200
2026-08-16 23:00:01,991 INFO API response body: []
2026-08-16 23:00:01,992 INFO Polled — 0 job(s) ready
2026-08-16 23:05:01,487 INFO Runner started
2026-08-16 23:05:01,530 INFO API response status: 200
2026-08-16 23:05:01,530 INFO API response body: []
2026-08-16 23:05:01,532 INFO Polled — 0 job(s) ready
2026-08-16 23:10:01,443 INFO Runner started
2026-08-16 23:10:01,484 INFO API response status: 200
2026-08-16 23:10:01,485 INFO API response body: []
2026-08-16 23:10:01,486 INFO Polled — 0 job(s) ready
2026-08-16 23:15:01,926 INFO Runner started
2026-08-16 23:15:01,995 INFO API response status: 200
2026-08-16 23:15:01,996 INFO API response body: []
2026-08-16 23:15:01,997 INFO Polled — 0 job(s) ready
2026-08-16 23:20:01,853 INFO Runner started
2026-08-16 23:20:01,892 INFO API response status: 200
2026-08-16 23:20:01,892 INFO API response body: []
2026-08-16 23:20:01,893 INFO Polled — 0 job(s) ready
2026-08-16 23:25:01,309 INFO Runner started
2026-08-16 23:25:01,348 INFO API response status: 200
2026-08-16 23:25:01,349 INFO API response body: []
2026-08-16 23:25:01,349 INFO Polled — 0 job(s) ready
2026-08-16 23:30:02,238 INFO Runner started
2026-08-16 23:30:02,287 INFO API response status: 200
2026-08-16 23:30:02,287 INFO API response body: []
2026-08-16 23:30:02,288 INFO Polled — 0 job(s) ready
2026-08-16 23:35:01,718 INFO Runner started
2026-08-16 23:35:01,757 INFO API response status: 200
2026-08-16 23:35:01,757 INFO API response body: []
2026-08-16 23:35:01,758 INFO Polled — 0 job(s) ready
2026-08-16 23:40:01,594 INFO Runner started
2026-08-16 23:40:01,634 INFO API response status: 200
2026-08-16 23:40:01,634 INFO API response body: []
2026-08-16 23:40:01,635 INFO Polled — 0 job(s) ready
2026-08-16 23:45:02,089 INFO Runner started
2026-08-16 23:45:02,135 INFO API response status: 200
2026-08-16 23:45:02,135 INFO API response body: []
2026-08-16 23:45:02,136 INFO Polled — 0 job(s) ready
2026-08-16 23:50:01,955 INFO Runner started
2026-08-16 23:50:01,994 INFO API response status: 200
2026-08-16 23:50:01,994 INFO API response body: []
2026-08-16 23:50:01,995 INFO Polled — 0 job(s) ready
2026-08-16 23:55:01,514 INFO Runner started
2026-08-16 23:55:01,554 INFO API response status: 200
2026-08-16 23:55:01,554 INFO API response body: []
2026-08-16 23:55:01,555 INFO Polled — 0 job(s) ready
2026-08-17 00:00:01,493 INFO Runner started
2026-08-17 00:00:01,532 INFO API response status: 200
2026-08-17 00:00:01,532 INFO API response body: []
2026-08-17 00:00:01,533 INFO Polled — 0 job(s) ready
2026-08-17 00:05:02,041 INFO Runner started
2026-08-17 00:05:02,084 INFO API response status: 200
2026-08-17 00:05:02,084 INFO API response body: []
2026-08-17 00:05:02,085 INFO Polled — 0 job(s) ready
2026-08-17 00:10:01,323 INFO Runner started
2026-08-17 00:10:01,364 INFO API response status: 200
2026-08-17 00:10:01,364 INFO API response body: []
2026-08-17 00:10:01,365 INFO Polled — 0 job(s) ready
2026-08-17 00:15:01,883 INFO Runner started
2026-08-17 00:15:01,923 INFO API response status: 200
2026-08-17 00:15:01,923 INFO API response body: []
2026-08-17 00:15:01,924 INFO Polled — 0 job(s) ready
2026-08-17 00:20:01,769 INFO Runner started
2026-08-17 00:20:01,808 INFO API response status: 200
2026-08-17 00:20:01,809 INFO API response body: []
2026-08-17 00:20:01,809 INFO Polled — 0 job(s) ready
2026-08-17 00:25:01,250 INFO Runner started
2026-08-17 00:25:01,306 INFO API response status: 200
2026-08-17 00:25:01,307 INFO API response body: []
2026-08-17 00:25:01,308 INFO Polled — 0 job(s) ready
2026-08-17 00:30:02,211 INFO Runner started
2026-08-17 00:30:02,251 INFO API response status: 200
2026-08-17 00:30:02,251 INFO API response body: []
2026-08-17 00:30:02,252 INFO Polled — 0 job(s) ready
2026-08-17 00:35:01,960 INFO Runner started
2026-08-17 00:35:02,000 INFO API response status: 200
2026-08-17 00:35:02,000 INFO API response body: []
2026-08-17 00:35:02,001 INFO Polled — 0 job(s) ready
2026-08-17 00:40:01,825 INFO Runner started
2026-08-17 00:40:01,872 INFO API response status: 200
2026-08-17 00:40:01,873 INFO API response body: []
2026-08-17 00:40:01,873 INFO Polled — 0 job(s) ready
2026-08-17 00:45:01,352 INFO Runner started
2026-08-17 00:45:01,392 INFO API response status: 200
2026-08-17 00:45:01,392 INFO API response body: []
2026-08-17 00:45:01,393 INFO Polled — 0 job(s) ready
2026-08-17 00:50:02,211 INFO Runner started
2026-08-17 00:50:02,251 INFO API response status: 200
2026-08-17 00:50:02,251 INFO API response body: []
2026-08-17 00:50:02,252 INFO Polled — 0 job(s) ready
2026-08-17 00:55:01,907 INFO Runner started
2026-08-17 00:55:01,953 INFO API response status: 200
2026-08-17 00:55:01,953 INFO API response body: []
2026-08-17 00:55:01,954 INFO Polled — 0 job(s) ready
2026-08-17 01:00:01,766 INFO Runner started
2026-08-17 01:00:01,806 INFO API response status: 200
2026-08-17 01:00:01,806 INFO API response body: []
2026-08-17 01:00:01,807 INFO Polled — 0 job(s) ready
2026-08-17 01:05:01,273 INFO Runner started
2026-08-17 01:05:01,313 INFO API response status: 200
2026-08-17 01:05:01,313 INFO API response body: []
2026-08-17 01:05:01,314 INFO Polled — 0 job(s) ready
2026-08-17 01:10:02,385 INFO Runner started
2026-08-17 01:10:02,432 INFO API response status: 200
2026-08-17 01:10:02,432 INFO API response body: []
2026-08-17 01:10:02,433 INFO Polled — 0 job(s) ready
2026-08-17 01:15:01,506 INFO Runner started
2026-08-17 01:15:01,546 INFO API response status: 200
2026-08-17 01:15:01,546 INFO API response body: []
2026-08-17 01:15:01,547 INFO Polled — 0 job(s) ready
2026-08-17 01:20:01,305 INFO Runner started
2026-08-17 01:20:01,345 INFO API response status: 200
2026-08-17 01:20:01,345 INFO API response body: []
2026-08-17 01:20:01,346 INFO Polled — 0 job(s) ready
2026-08-17 01:25:01,606 INFO Runner started
2026-08-17 01:25:01,650 INFO API response status: 200
2026-08-17 01:25:01,650 INFO API response body: []
2026-08-17 01:25:01,652 INFO Polled — 0 job(s) ready
2026-08-17 01:30:01,514 INFO Runner started
2026-08-17 01:30:01,561 INFO API response status: 200
2026-08-17 01:30:01,561 INFO API response body: []
2026-08-17 01:30:01,563 INFO Polled — 0 job(s) ready
2026-08-17 01:35:01,826 INFO Runner started
2026-08-17 01:35:01,866 INFO API response status: 200
2026-08-17 01:35:01,866 INFO API response body: []
2026-08-17 01:35:01,867 INFO Polled — 0 job(s) ready
2026-08-17 01:40:01,706 INFO Runner started
2026-08-17 01:40:01,745 INFO API response status: 200
2026-08-17 01:40:01,745 INFO API response body: []
2026-08-17 01:40:01,746 INFO Polled — 0 job(s) ready
2026-08-17 01:45:02,118 INFO Runner started
2026-08-17 01:45:02,167 INFO API response status: 200
2026-08-17 01:45:02,167 INFO API response body: []
2026-08-17 01:45:02,169 INFO Polled — 0 job(s) ready
2026-08-17 01:50:02,004 INFO Runner started
2026-08-17 01:50:02,045 INFO API response status: 200
2026-08-17 01:50:02,045 INFO API response body: [{"id":"09e83667-5387-408e-b6a8-a4fbace36550","filename":"RS_GCF_000179635.2_protein.faa","hpc_path":"/data/uploads/09e83667-5387-408e-b6a8-a4fbace36550/RS_GCF_000179635.2_protein.faa","use_prodigal":false}]
2026-08-17 01:50:02,046 INFO Polled — 1 job(s) ready
2026-08-17 01:50:02,363 INFO [09e83667-5387-408e-b6a8-a4fbace36550] processing /resnick/scratch/zshivji/diazoDB-HPC/jobs/09e83667-5387-408e-b6a8-a4fbace36550/input/RS_GCF_000179635.2_protein.faa
942919
2026-08-17 01:51:17,177 INFO [09e83667-5387-408e-b6a8-a4fbace36550] complete
2026-08-17 01:55:01,609 INFO Runner started
2026-08-17 01:55:01,648 INFO API response status: 200
2026-08-17 01:55:01,648 INFO API response body: []
2026-08-17 01:55:01,649 INFO Polled — 0 job(s) ready
